2026-09-26T19:05:08+02:00 spark-2751 systemd[3489]: Started sfora-sop-true-freeze-full-179026-v1.service - /bin/bash /home/riomus/runs/run_sop_siglip2_true_freeze_seed_gate.sh full 179026.
2026-09-26T19:05:08+02:00 spark-2751 bash[237801]: START mode=full arm=control updates=1000
2026-09-26T19:05:17+02:00 spark-2751 bash[237827]: [transformers] Model config: bos_token_id must be `None` or an integer within the vocabulary (between 0 and 31999), got 49406. This may result in unexpected behavior.
2026-09-26T19:05:17+02:00 spark-2751 bash[237827]: [transformers] Model config: eos_token_id must be `None` or an integer within the vocabulary (between 0 and 31999), got 49407. This may result in unexpected behavior.
2026-09-26T19:05:18+02:00 spark-2751 bash[237827]: [389B blob data]
2026-09-26T19:06:17+02:00 spark-2751 bash[237827]: {"step": 50, "loss": 8.8287353515625, "arcface": 6.354204177856445, "rank": 0.3093164563179016, "elapsed_seconds": 59.09513579402119}
2026-09-26T19:07:14+02:00 spark-2751 bash[237827]: {"step": 100, "loss": 8.275632858276367, "arcface": 6.000781059265137, "rank": 0.2843565344810486, "elapsed_seconds": 116.12291259597987}
2026-09-26T19:08:11+02:00 spark-2751 bash[237827]: {"step": 150, "loss": 8.731817245483398, "arcface": 6.068460464477539, "rank": 0.3329196572303772, "elapsed_seconds": 173.40394149906933}
2026-09-26T19:09:09+02:00 spark-2751 bash[237827]: {"step": 200, "loss": 8.563055992126465, "arcface": 5.893284797668457, "rank": 0.333721399307251, "elapsed_seconds": 230.7656663293019}
2026-09-26T19:10:06+02:00 spark-2751 bash[237827]: {"step": 250, "loss": 10.12091064453125, "arcface": 7.786534786224365, "rank": 0.2917969822883606, "elapsed_seconds": 288.1214002240449}
2026-09-26T19:11:04+02:00 spark-2751 bash[237827]: {"step": 300, "loss": 6.587679386138916, "arcface": 4.647777557373047, "rank": 0.24248772859573364, "elapsed_seconds": 345.4678722983226}
2026-09-26T19:12:01+02:00 spark-2751 bash[237827]: {"step": 350, "loss": 5.352747917175293, "arcface": 4.014671325683594, "rank": 0.1672595739364624, "elapsed_seconds": 402.80137584125623}
2026-09-26T19:12:58+02:00 spark-2751 bash[237827]: {"step": 400, "loss": 8.26791763305664, "arcface": 6.079092025756836, "rank": 0.27360326051712036, "elapsed_seconds": 460.1746398322284}
2026-09-26T19:13:56+02:00 spark-2751 bash[237827]: {"step": 450, "loss": 11.292631149291992, "arcface": 8.313263893127441, "rank": 0.3724208474159241, "elapsed_seconds": 517.5711542693898}
2026-09-26T19:14:53+02:00 spark-2751 bash[237827]: {"step": 500, "loss": 7.690667629241943, "arcface": 5.743951320648193, "rank": 0.24333953857421875, "elapsed_seconds": 574.9336153073236}
2026-09-26T19:15:50+02:00 spark-2751 bash[237827]: {"step": 550, "loss": 8.638081550598145, "arcface": 6.238938331604004, "rank": 0.2998929023742676, "elapsed_seconds": 632.2947813402861}
2026-09-26T19:16:48+02:00 spark-2751 bash[237827]: {"step": 600, "loss": 10.461231231689453, "arcface": 7.503534317016602, "rank": 0.36971211433410645, "elapsed_seconds": 689.7003706763498}
2026-09-26T19:17:45+02:00 spark-2751 bash[237827]: {"step": 650, "loss": 10.452949523925781, "arcface": 7.66049337387085, "rank": 0.34905707836151123, "elapsed_seconds": 747.0953094963916}
2026-09-26T19:18:43+02:00 spark-2751 bash[237827]: {"step": 700, "loss": 8.043516159057617, "arcface": 5.841682434082031, "rank": 0.27522921562194824, "elapsed_seconds": 804.5389573504217}
2026-09-26T19:19:40+02:00 spark-2751 bash[237827]: {"step": 750, "loss": 11.391092300415039, "arcface": 8.678218841552734, "rank": 0.3391091823577881, "elapsed_seconds": 861.9668045011349}
2026-09-26T19:20:37+02:00 spark-2751 bash[237827]: {"step": 800, "loss": 7.797916889190674, "arcface": 5.886767387390137, "rank": 0.23889368772506714, "elapsed_seconds": 919.3279166272841}
2026-09-26T19:21:35+02:00 spark-2751 bash[237827]: {"step": 850, "loss": 9.045591354370117, "arcface": 6.662258148193359, "rank": 0.2979166507720947, "elapsed_seconds": 976.6983124883845}
2026-09-26T19:22:32+02:00 spark-2751 bash[237827]: {"step": 900, "loss": 10.634637832641602, "arcface": 7.611269474029541, "rank": 0.3779209852218628, "elapsed_seconds": 1034.063771895133}
2026-09-26T19:23:29+02:00 spark-2751 bash[237827]: {"step": 950, "loss": 6.491885662078857, "arcface": 4.9974141120910645, "rank": 0.18680894374847412, "elapsed_seconds": 1091.3886510212906}
2026-09-26T19:24:27+02:00 spark-2751 bash[237827]: {"step": 1000, "loss": 7.9366068840026855, "arcface": 6.197359561920166, "rank": 0.21740591526031494, "elapsed_seconds": 1148.7064418173395}
2026-09-26T19:25:06+02:00 spark-2751 bash[237827]: {"export_batches": 100}
2026-09-26T19:25:40+02:00 spark-2751 bash[237827]: {"export_batches": 200}
2026-09-26T19:26:13+02:00 spark-2751 bash[237827]: {"export_batches": 300}
2026-09-26T19:26:47+02:00 spark-2751 bash[237827]: {"export_batches": 400}
2026-09-26T19:27:20+02:00 spark-2751 bash[237827]: {"export_batches": 500}
2026-09-26T19:27:54+02:00 spark-2751 bash[237827]: {"export_batches": 600}
2026-09-26T19:28:31+02:00 spark-2751 bash[237827]: {"export_batches": 700}
2026-09-26T19:29:04+02:00 spark-2751 bash[237827]: {"export_batches": 800}
2026-09-26T19:29:38+02:00 spark-2751 bash[237827]: {"export_batches": 900}
2026-09-26T19:29:52+02:00 spark-2751 bash[237827]: {"arm": "float_rank_member_bank", "training_seconds": 1148.7835898380727, "quality_r1": 0.9198427619210391}
2026-09-26T19:29:54+02:00 spark-2751 bash[237801]: DONE arm=control receipt_sha256=c69de5e542d2d919de5875b4313904efafd8d03d5a0271a0bc0199b45dbd14e0
2026-09-26T19:29:54+02:00 spark-2751 bash[237801]: START mode=full arm=freeze updates=1000
2026-09-26T19:30:03+02:00 spark-2751 bash[243337]: [transformers] Model config: bos_token_id must be `None` or an integer within the vocabulary (between 0 and 31999), got 49406. This may result in unexpected behavior.
2026-09-26T19:30:03+02:00 spark-2751 bash[243337]: [transformers] Model config: eos_token_id must be `None` or an integer within the vocabulary (between 0 and 31999), got 49407. This may result in unexpected behavior.
2026-09-26T19:30:03+02:00 spark-2751 bash[243337]: [294B blob data]
2026-09-26T19:30:43+02:00 spark-2751 bash[243337]: {"step": 50, "loss": 8.785808563232422, "arcface": 6.309459209442139, "rank": 0.3095436096191406, "elapsed_seconds": 39.42567445104942}
2026-09-26T19:31:21+02:00 spark-2751 bash[243337]: {"step": 100, "loss": 7.4350905418396, "arcface": 5.216578960418701, "rank": 0.2773139476776123, "elapsed_seconds": 76.98822706006467}
2026-09-26T19:31:58+02:00 spark-2751 bash[243337]: {"step": 150, "loss": 8.154669761657715, "arcface": 5.562543869018555, "rank": 0.324015736579895, "elapsed_seconds": 114.54865799611434}
2026-09-26T19:32:36+02:00 spark-2751 bash[243337]: {"step": 200, "loss": 7.524317741394043, "arcface": 4.961826324462891, "rank": 0.32031142711639404, "elapsed_seconds": 152.09361808514223}
2026-09-26T19:33:13+02:00 spark-2751 bash[243337]: {"step": 250, "loss": 9.275928497314453, "arcface": 7.067748069763184, "rank": 0.27602261304855347, "elapsed_seconds": 189.6339107970707}
2026-09-26T19:33:51+02:00 spark-2751 bash[243337]: {"step": 300, "loss": 5.925230503082275, "arcface": 4.081012725830078, "rank": 0.23052722215652466, "elapsed_seconds": 227.17105311807245}
2026-09-26T19:34:28+02:00 spark-2751 bash[243337]: {"step": 350, "loss": 4.838901996612549, "arcface": 3.553287982940674, "rank": 0.16070175170898438, "elapsed_seconds": 264.69219561712816}
2026-09-26T19:35:06+02:00 spark-2751 bash[243337]: {"step": 400, "loss": 7.317900657653809, "arcface": 5.283539772033691, "rank": 0.25429511070251465, "elapsed_seconds": 302.26062675984576}
2026-09-26T19:35:43+02:00 spark-2751 bash[243337]: {"step": 450, "loss": 10.971244812011719, "arcface": 7.887597560882568, "rank": 0.3854559659957886, "elapsed_seconds": 339.7623439580202}
2026-09-26T19:36:21+02:00 spark-2751 bash[243337]: {"step": 500, "loss": 6.1903395652771, "arcface": 4.683370590209961, "rank": 0.18837112188339233, "elapsed_seconds": 377.2539762388915}
2026-09-26T19:36:58+02:00 spark-2751 bash[243337]: {"step": 550, "loss": 7.7120747566223145, "arcface": 5.539261817932129, "rank": 0.2716016173362732, "elapsed_seconds": 414.7747328830883}
2026-09-26T19:37:36+02:00 spark-2751 bash[243337]: {"step": 600, "loss": 10.26992416381836, "arcface": 7.248565196990967, "rank": 0.37766993045806885, "elapsed_seconds": 452.295132772997}
2026-09-26T19:38:13+02:00 spark-2751 bash[243337]: {"step": 650, "loss": 9.292734146118164, "arcface": 6.561458587646484, "rank": 0.34140944480895996, "elapsed_seconds": 489.81166661018506}
2026-09-26T19:38:51+02:00 spark-2751 bash[243337]: {"step": 700, "loss": 7.54810905456543, "arcface": 5.396117210388184, "rank": 0.26899898052215576, "elapsed_seconds": 527.3660792121664}
2026-09-26T19:39:29+02:00 spark-2751 bash[243337]: {"step": 750, "loss": 10.834575653076172, "arcface": 8.294889450073242, "rank": 0.3174607753753662, "elapsed_seconds": 564.9233447099105}
2026-09-26T19:40:06+02:00 spark-2751 bash[243337]: {"step": 800, "loss": 7.300565719604492, "arcface": 5.471346855163574, "rank": 0.22865235805511475, "elapsed_seconds": 602.4436703519896}
2026-09-26T19:40:44+02:00 spark-2751 bash[243337]: {"step": 850, "loss": 8.481433868408203, "arcface": 6.231805324554443, "rank": 0.28120362758636475, "elapsed_seconds": 640.0110418959521}
2026-09-26T19:41:21+02:00 spark-2751 bash[243337]: {"step": 900, "loss": 10.356428146362305, "arcface": 7.524073123931885, "rank": 0.3540443181991577, "elapsed_seconds": 677.5533178541809}
2026-09-26T19:41:59+02:00 spark-2751 bash[243337]: {"step": 950, "loss": 5.7737884521484375, "arcface": 4.541284561157227, "rank": 0.15406298637390137, "elapsed_seconds": 715.0560332019813}
2026-09-26T19:42:36+02:00 spark-2751 bash[243337]: {"step": 1000, "loss": 8.116937637329102, "arcface": 6.42228889465332, "rank": 0.21183103322982788, "elapsed_seconds": 752.5711508491077}
2026-09-26T19:43:15+02:00 spark-2751 bash[243337]: {"export_batches": 100}
2026-09-26T19:43:49+02:00 spark-2751 bash[243337]: {"export_batches": 200}
2026-09-26T19:44:23+02:00 spark-2751 bash[243337]: {"export_batches": 300}
2026-09-26T19:44:56+02:00 spark-2751 bash[243337]: {"export_batches": 400}
2026-09-26T19:45:30+02:00 spark-2751 bash[243337]: {"export_batches": 500}
2026-09-26T19:46:03+02:00 spark-2751 bash[243337]: {"export_batches": 600}
2026-09-26T19:46:40+02:00 spark-2751 bash[243337]: {"export_batches": 700}
2026-09-26T19:47:13+02:00 spark-2751 bash[243337]: {"export_batches": 800}
2026-09-26T19:47:47+02:00 spark-2751 bash[243337]: {"export_batches": 900}
2026-09-26T19:48:01+02:00 spark-2751 bash[243337]: {"arm": "float_rank_member_bank", "training_seconds": 752.6516226390377, "quality_r1": 0.9253119124935908}
2026-09-26T19:48:03+02:00 spark-2751 bash[237801]: DONE arm=freeze receipt_sha256=a3153e1d2429560ea5902bd68d3e43bee17bd0509330a581a48b40e6a824ea8a
2026-09-26T19:48:03+02:00 spark-2751 systemd[3489]: sfora-sop-true-freeze-full-179026-v1.service: Consumed 1h 2min 42.957s CPU time, 10.5G memory peak, 0B memory swap peak.
