Started sfora-siglip2-bf16-member-bank-seed179023-v1.service - /bin/bash /home/riomus/sfora-siglip2-bf16-qual-v1/scripts/run_sop_siglip2_bf16_member_bank_seed_dgx.sh 179023.
RUN BF16 seed=179023 arm=float_rank output=/home/riomus/runs/sfora-siglip2-bf16-member-bank-179023-float_rank-v1
[transformers] Model config: bos_token_id must be `None` or an integer within the vocabulary (between 0 and 31999), got 49406. This may result in unexpected behavior.
[transformers] Model config: eos_token_id must be `None` or an integer within the vocabulary (between 0 and 31999), got 49407. This may result in unexpected behavior.
Loading weights:   0%|          | 0/792 [00:00<?, ?it/s]Loading weights:  16%|█▌        | 127/792 [00:00<00:00, 1261.16it/s]Loading weights:  59%|█████▊    | 465/792 [00:00<00:00, 2492.03it/s]Loading weights: 100%|██████████| 792/792 [00:00<00:00, 2667.34it/s]
{"step": 50, "loss": 6.120605945587158, "arcface": 6.115677833557129, "rank": 0.0006160140037536621, "elapsed_seconds": 59.18403259804472}
{"step": 100, "loss": 5.944631099700928, "arcface": 5.863454341888428, "rank": 0.0101470947265625, "elapsed_seconds": 116.12906014919281}
{"step": 150, "loss": 4.324095726013184, "arcface": 4.299909591674805, "rank": 0.0030232667922973633, "elapsed_seconds": 173.08926436398178}
{"step": 200, "loss": 7.319153308868408, "arcface": 7.245053768157959, "rank": 0.009262442588806152, "elapsed_seconds": 230.0787451788783}
{"step": 250, "loss": 5.293458938598633, "arcface": 5.293118000030518, "rank": 4.26173210144043e-05, "elapsed_seconds": 287.05068026995286}
{"step": 300, "loss": 5.126763343811035, "arcface": 5.1266937255859375, "rank": 8.702278137207031e-06, "elapsed_seconds": 344.0685902121477}
{"step": 350, "loss": 7.016051769256592, "arcface": 6.932757377624512, "rank": 0.01041179895401001, "elapsed_seconds": 401.05959951877594}
{"step": 400, "loss": 5.519284248352051, "arcface": 5.459052085876465, "rank": 0.007529020309448242, "elapsed_seconds": 458.0369670088403}
{"step": 450, "loss": 8.293672561645508, "arcface": 8.082752227783203, "rank": 0.02636498212814331, "elapsed_seconds": 514.9770564301871}
{"step": 500, "loss": 6.650940895080566, "arcface": 6.607537746429443, "rank": 0.005425393581390381, "elapsed_seconds": 571.9905372061767}
{"step": 550, "loss": 5.9379963874816895, "arcface": 5.937970161437988, "rank": 3.2782554626464844e-06, "elapsed_seconds": 628.9688335098326}
{"step": 600, "loss": 6.542718410491943, "arcface": 6.4894819259643555, "rank": 0.006654560565948486, "elapsed_seconds": 685.9521817150526}
{"step": 650, "loss": 8.66641616821289, "arcface": 8.520601272583008, "rank": 0.018226921558380127, "elapsed_seconds": 742.9501770050265}
{"step": 700, "loss": 5.508989334106445, "arcface": 5.3547468185424805, "rank": 0.019280314445495605, "elapsed_seconds": 799.9488187399693}
{"step": 750, "loss": 7.4145989418029785, "arcface": 7.41459846496582, "rank": 5.960464477539063e-08, "elapsed_seconds": 856.9194215261377}
{"step": 800, "loss": 6.233499050140381, "arcface": 6.2268829345703125, "rank": 0.0008270144462585449, "elapsed_seconds": 913.9214917388745}
{"step": 850, "loss": 3.800342082977295, "arcface": 3.7994465827941895, "rank": 0.0001119375228881836, "elapsed_seconds": 970.9179366850294}
{"step": 900, "loss": 4.723108768463135, "arcface": 4.636602878570557, "rank": 0.010813236236572266, "elapsed_seconds": 1027.8466182528064}
{"step": 950, "loss": 5.013998508453369, "arcface": 4.833789825439453, "rank": 0.022526085376739502, "elapsed_seconds": 1084.8424786571413}
{"step": 1000, "loss": 3.1717140674591064, "arcface": 3.1650593280792236, "rank": 0.0008318424224853516, "elapsed_seconds": 1141.8204667321406}
{"export_batches": 100}
{"export_batches": 200}
{"export_batches": 300}
{"export_batches": 400}
{"export_batches": 500}
{"export_batches": 600}
{"export_batches": 700}
{"export_batches": 800}
{"export_batches": 900}
{"arm": "float_rank", "training_seconds": 1141.877499639988, "quality_r1": 0.90770808408819}
RUN BF16 seed=179023 arm=bank output=/home/riomus/runs/sfora-siglip2-bf16-member-bank-179023-bank-v1
[transformers] Model config: bos_token_id must be `None` or an integer within the vocabulary (between 0 and 31999), got 49406. This may result in unexpected behavior.
[transformers] Model config: eos_token_id must be `None` or an integer within the vocabulary (between 0 and 31999), got 49407. This may result in unexpected behavior.
Loading weights:   0%|          | 0/792 [00:00<?, ?it/s]Loading weights:  22%|██▏       | 176/792 [00:00<00:00, 1759.63it/s]Loading weights:  63%|██████▎   | 501/792 [00:00<00:00, 2630.58it/s]Loading weights: 100%|██████████| 792/792 [00:00<00:00, 2729.11it/s]
{"step": 50, "loss": 8.440832138061523, "arcface": 6.268087387084961, "rank": 0.2715930938720703, "elapsed_seconds": 59.58442732319236}
{"step": 100, "loss": 7.293203353881836, "arcface": 5.532655715942383, "rank": 0.22006845474243164, "elapsed_seconds": 116.82452924828976}
{"step": 150, "loss": 5.993096351623535, "arcface": 4.317889213562012, "rank": 0.20940089225769043, "elapsed_seconds": 174.0564965181984}
{"step": 200, "loss": 9.895829200744629, "arcface": 7.140939712524414, "rank": 0.34436118602752686, "elapsed_seconds": 231.29703113995492}
{"step": 250, "loss": 7.6539225578308105, "arcface": 5.061361312866211, "rank": 0.32407015562057495, "elapsed_seconds": 288.572377583012}
{"step": 300, "loss": 7.250349998474121, "arcface": 5.243879318237305, "rank": 0.25080883502960205, "elapsed_seconds": 345.7988685891032}
{"step": 350, "loss": 9.052772521972656, "arcface": 6.846406936645508, "rank": 0.27579569816589355, "elapsed_seconds": 403.03868871508166}
{"step": 400, "loss": 7.009721755981445, "arcface": 5.549345016479492, "rank": 0.18254709243774414, "elapsed_seconds": 460.27930603921413}
{"step": 450, "loss": 11.425516128540039, "arcface": 8.365145683288574, "rank": 0.3825463056564331, "elapsed_seconds": 517.5235120682046}
{"step": 500, "loss": 8.755885124206543, "arcface": 6.792696952819824, "rank": 0.24539852142333984, "elapsed_seconds": 574.790286809206}
{"step": 550, "loss": 7.839689254760742, "arcface": 5.901435852050781, "rank": 0.24228167533874512, "elapsed_seconds": 631.9888545302674}
{"step": 600, "loss": 8.624804496765137, "arcface": 6.245663642883301, "rank": 0.2973926067352295, "elapsed_seconds": 689.1857039439492}
{"step": 650, "loss": 11.72877311706543, "arcface": 8.667720794677734, "rank": 0.3826315999031067, "elapsed_seconds": 746.3736849110574}
{"step": 700, "loss": 7.098341464996338, "arcface": 5.2011003494262695, "rank": 0.23715513944625854, "elapsed_seconds": 803.6074874768965}
{"step": 750, "loss": 9.607024192810059, "arcface": 7.3468017578125, "rank": 0.2825278043746948, "elapsed_seconds": 860.7807096741162}
{"step": 800, "loss": 7.9882612228393555, "arcface": 6.320417404174805, "rank": 0.20848047733306885, "elapsed_seconds": 917.9699694649316}
{"step": 850, "loss": 5.09773063659668, "arcface": 4.003124237060547, "rank": 0.1368257999420166, "elapsed_seconds": 975.1567797292955}
{"step": 900, "loss": 6.290468692779541, "arcface": 4.659029483795166, "rank": 0.20392990112304688, "elapsed_seconds": 1032.3339173649438}
{"step": 950, "loss": 6.322940349578857, "arcface": 5.097801208496094, "rank": 0.15314239263534546, "elapsed_seconds": 1089.5082297390327}
{"step": 1000, "loss": 4.1579766273498535, "arcface": 3.071108818054199, "rank": 0.1358584761619568, "elapsed_seconds": 1146.6500195241533}
{"export_batches": 100}
{"export_batches": 200}
{"export_batches": 300}
{"export_batches": 400}
{"export_batches": 500}
{"export_batches": 600}
{"export_batches": 700}
{"export_batches": 800}
{"export_batches": 900}
{"arm": "float_rank_member_bank", "training_seconds": 1146.689272726886, "quality_r1": 0.9153990770808409}
RUN BF16 seed=179023 arm=arcface output=/home/riomus/runs/sfora-siglip2-bf16-member-bank-179023-arcface-v1
[transformers] Model config: bos_token_id must be `None` or an integer within the vocabulary (between 0 and 31999), got 49406. This may result in unexpected behavior.
[transformers] Model config: eos_token_id must be `None` or an integer within the vocabulary (between 0 and 31999), got 49407. This may result in unexpected behavior.
Loading weights:   0%|          | 0/792 [00:00<?, ?it/s]Loading weights:  13%|█▎        | 104/792 [00:00<00:00, 1039.93it/s]Loading weights:  60%|█████▉    | 473/792 [00:00<00:00, 2583.86it/s]Loading weights: 100%|██████████| 792/792 [00:00<00:00, 2653.33it/s]
{"step": 50, "loss": 5.90726375579834, "arcface": 5.90726375579834, "rank": 0.0, "elapsed_seconds": 59.15042009484023}
{"step": 100, "loss": 5.260841369628906, "arcface": 5.260841369628906, "rank": 0.0, "elapsed_seconds": 116.06437695864588}
{"step": 150, "loss": 4.492527961730957, "arcface": 4.492527961730957, "rank": 0.0, "elapsed_seconds": 172.98779268888757}
{"step": 200, "loss": 7.259899139404297, "arcface": 7.259899139404297, "rank": 0.0, "elapsed_seconds": 229.91894739493728}
{"step": 250, "loss": 5.734035491943359, "arcface": 5.734035491943359, "rank": 0.0, "elapsed_seconds": 286.82455352367833}
{"step": 300, "loss": 5.337008476257324, "arcface": 5.337008476257324, "rank": 0.0, "elapsed_seconds": 343.72637734375894}
{"step": 350, "loss": 6.954260349273682, "arcface": 6.954260349273682, "rank": 0.0, "elapsed_seconds": 400.6332374108024}
{"step": 400, "loss": 5.4434003829956055, "arcface": 5.4434003829956055, "rank": 0.0, "elapsed_seconds": 457.55532309180126}
{"step": 450, "loss": 8.476200103759766, "arcface": 8.476200103759766, "rank": 0.0, "elapsed_seconds": 514.4079401218332}
{"step": 500, "loss": 6.629955291748047, "arcface": 6.629955291748047, "rank": 0.0, "elapsed_seconds": 571.2980074970983}
{"step": 550, "loss": 6.001969337463379, "arcface": 6.001969337463379, "rank": 0.0, "elapsed_seconds": 628.1842684247531}
{"step": 600, "loss": 6.7679829597473145, "arcface": 6.7679829597473145, "rank": 0.0, "elapsed_seconds": 685.0410722550005}
{"step": 650, "loss": 8.683570861816406, "arcface": 8.683570861816406, "rank": 0.0, "elapsed_seconds": 741.939305623062}
{"step": 700, "loss": 5.396228313446045, "arcface": 5.396228313446045, "rank": 0.0, "elapsed_seconds": 798.835872114636}
{"step": 750, "loss": 7.5800018310546875, "arcface": 7.5800018310546875, "rank": 0.0, "elapsed_seconds": 855.7117075128481}
{"step": 800, "loss": 6.771876335144043, "arcface": 6.771876335144043, "rank": 0.0, "elapsed_seconds": 912.6105022118427}
{"step": 850, "loss": 3.860757827758789, "arcface": 3.860757827758789, "rank": 0.0, "elapsed_seconds": 969.4510062648915}
{"step": 900, "loss": 4.857905387878418, "arcface": 4.857905387878418, "rank": 0.0, "elapsed_seconds": 1026.3214959669858}
{"step": 950, "loss": 4.764009952545166, "arcface": 4.764009952545166, "rank": 0.0, "elapsed_seconds": 1083.1795159820467}
{"step": 1000, "loss": 3.475785493850708, "arcface": 3.475785493850708, "rank": 0.0, "elapsed_seconds": 1140.0412642490119}
{"export_batches": 100}
{"export_batches": 200}
{"export_batches": 300}
{"export_batches": 400}
{"export_batches": 500}
{"export_batches": 600}
{"export_batches": 700}
{"export_batches": 800}
{"export_batches": 900}
{"arm": "arcface", "training_seconds": 1140.0904291337356, "quality_r1": 0.9018971116048539}
sfora-siglip2-bf16-member-bank-seed179023-v1.service: Consumed 1h 42min 37.277s CPU time, 12.5G memory peak, 0B memory swap peak.
