2026-09-25T13:00:35.507764+02:00 spark-2751 systemd[3489]: Started sfora-siglip2-bf16-rankmatched-float-v1.service - /bin/bash /home/riomus/sfora-siglip2-bf16-rankmatched-v1/scripts/run_sop_siglip2_bf16_rankmatched_float_dgx.sh.
2026-09-25T13:00:35.744768+02:00 spark-2751 bash[4131282]: RUN BF16 rank-matched float canary seed=179023
2026-09-25T13:00:44.594245+02:00 spark-2751 bash[4131304]: [transformers] Model config: bos_token_id must be `None` or an integer within the vocabulary (between 0 and 31999), got 49406. This may result in unexpected behavior.
2026-09-25T13:00:44.594245+02:00 spark-2751 bash[4131304]: [transformers] Model config: eos_token_id must be `None` or an integer within the vocabulary (between 0 and 31999), got 49407. This may result in unexpected behavior.
2026-09-25T13:00:45.092630+02:00 spark-2751 bash[4131304]: [294B blob data]
2026-09-25T13:00:48.361313+02:00 spark-2751 bash[4131304]: {"step": 1, "loss": 6.642520904541016, "arcface": 6.304065704345703, "rank": 0.015433430671691895, "elapsed_seconds": 2.9002930838614702}
2026-09-25T13:00:55.022996+02:00 spark-2751 bash[4131304]: {"arm": "float_rank", "training_seconds": 2.934256257954985, "quality_r1": null}
2026-09-25T13:00:56.809706+02:00 spark-2751 bash[4131282]: RUN BF16 rank-matched float seed=179023
2026-09-25T13:01:06.310692+02:00 spark-2751 bash[4131484]: [transformers] Model config: bos_token_id must be `None` or an integer within the vocabulary (between 0 and 31999), got 49406. This may result in unexpected behavior.
2026-09-25T13:01:06.310692+02:00 spark-2751 bash[4131484]: [transformers] Model config: eos_token_id must be `None` or an integer within the vocabulary (between 0 and 31999), got 49407. This may result in unexpected behavior.
2026-09-25T13:01:06.787914+02:00 spark-2751 bash[4131484]: [306B blob data]
2026-09-25T13:02:06.001924+02:00 spark-2751 bash[4131484]: {"step": 50, "loss": 6.612452983856201, "arcface": 6.574629783630371, "rank": 0.0017247200012207031, "elapsed_seconds": 58.85425211722031}
2026-09-25T13:03:02.698932+02:00 spark-2751 bash[4131484]: {"step": 100, "loss": 5.701390266418457, "arcface": 5.460406303405762, "rank": 0.010988771915435791, "elapsed_seconds": 115.55126210208982}
2026-09-25T13:03:59.625233+02:00 spark-2751 bash[4131484]: {"step": 150, "loss": 4.693838596343994, "arcface": 4.625171184539795, "rank": 0.0031312108039855957, "elapsed_seconds": 172.47736732801422}
2026-09-25T13:04:56.614579+02:00 spark-2751 bash[4131484]: {"step": 200, "loss": 6.980154037475586, "arcface": 6.770898342132568, "rank": 0.009541988372802734, "elapsed_seconds": 229.46702852798626}
2026-09-25T13:05:53.680377+02:00 spark-2751 bash[4131484]: {"step": 250, "loss": 5.643442630767822, "arcface": 5.643207550048828, "rank": 1.0728836059570312e-05, "elapsed_seconds": 286.53290236508474}
2026-09-25T13:06:50.744247+02:00 spark-2751 bash[4131484]: {"step": 300, "loss": 5.07972526550293, "arcface": 5.044249534606934, "rank": 0.0016176700592041016, "elapsed_seconds": 343.5966950720176}
2026-09-25T13:07:47.822766+02:00 spark-2751 bash[4131484]: {"step": 350, "loss": 7.1113600730896, "arcface": 6.948162078857422, "rank": 0.00744175910949707, "elapsed_seconds": 400.67521782033145}
2026-09-25T13:08:44.867725+02:00 spark-2751 bash[4131484]: {"step": 400, "loss": 5.614933490753174, "arcface": 5.247563362121582, "rank": 0.01675194501876831, "elapsed_seconds": 457.720177735202}
2026-09-25T13:09:41.930007+02:00 spark-2751 bash[4131484]: {"step": 450, "loss": 9.603105545043945, "arcface": 8.667202949523926, "rank": 0.04267680644989014, "elapsed_seconds": 514.782459365204}
2026-09-25T13:10:39.025303+02:00 spark-2751 bash[4131484]: {"step": 500, "loss": 7.104966163635254, "arcface": 6.789900779724121, "rank": 0.014366865158081055, "elapsed_seconds": 571.8775133853778}
2026-09-25T13:11:36.131682+02:00 spark-2751 bash[4131484]: {"step": 550, "loss": 5.848824977874756, "arcface": 5.848824977874756, "rank": 0.0, "elapsed_seconds": 628.9838641220704}
2026-09-25T13:12:33.189026+02:00 spark-2751 bash[4131484]: {"step": 600, "loss": 6.497241497039795, "arcface": 6.490531921386719, "rank": 0.0003059506416320801, "elapsed_seconds": 686.0414739050902}
2026-09-25T13:13:30.244933+02:00 spark-2751 bash[4131484]: {"step": 650, "loss": 8.399792671203613, "arcface": 8.018348693847656, "rank": 0.01739370822906494, "elapsed_seconds": 743.0973543999717}
2026-09-25T13:14:27.324281+02:00 spark-2751 bash[4131484]: {"step": 700, "loss": 5.4924468994140625, "arcface": 5.271110534667969, "rank": 0.010092854499816895, "elapsed_seconds": 800.1764844353311}
2026-09-25T13:15:24.405689+02:00 spark-2751 bash[4131484]: {"step": 750, "loss": 7.701986789703369, "arcface": 7.701986789703369, "rank": 0.0, "elapsed_seconds": 857.2581229363568}
2026-09-25T13:16:21.468011+02:00 spark-2751 bash[4131484]: {"step": 800, "loss": 6.5810136795043945, "arcface": 6.368839263916016, "rank": 0.009675085544586182, "elapsed_seconds": 914.3204554091208}
2026-09-25T13:17:18.528617+02:00 spark-2751 bash[4131484]: {"step": 850, "loss": 4.088973522186279, "arcface": 4.068170547485352, "rank": 0.0009486079216003418, "elapsed_seconds": 971.3808211139403}
2026-09-25T13:18:15.544705+02:00 spark-2751 bash[4131484]: {"step": 900, "loss": 4.892026901245117, "arcface": 4.890859603881836, "rank": 5.322694778442383e-05, "elapsed_seconds": 1028.3969473731704}
2026-09-25T13:19:12.573550+02:00 spark-2751 bash[4131484]: {"step": 950, "loss": 5.403095722198486, "arcface": 5.067835330963135, "rank": 0.01528775691986084, "elapsed_seconds": 1085.4257513890043}
2026-09-25T13:20:09.562553+02:00 spark-2751 bash[4131484]: {"step": 1000, "loss": 3.1434378623962402, "arcface": 3.0798473358154297, "rank": 0.0028997063636779785, "elapsed_seconds": 1142.415011441335}
2026-09-25T13:20:48.313134+02:00 spark-2751 bash[4131484]: {"export_batches": 100}
2026-09-25T13:21:22.253899+02:00 spark-2751 bash[4131484]: {"export_batches": 200}
2026-09-25T13:21:56.210779+02:00 spark-2751 bash[4131484]: {"export_batches": 300}
2026-09-25T13:22:30.246494+02:00 spark-2751 bash[4131484]: {"export_batches": 400}
2026-09-25T13:23:04.231345+02:00 spark-2751 bash[4131484]: {"export_batches": 500}
2026-09-25T13:23:38.245434+02:00 spark-2751 bash[4131484]: {"export_batches": 600}
2026-09-25T13:24:15.508393+02:00 spark-2751 bash[4131484]: {"export_batches": 700}
2026-09-25T13:24:49.556424+02:00 spark-2751 bash[4131484]: {"export_batches": 800}
2026-09-25T13:25:23.584003+02:00 spark-2751 bash[4131484]: {"export_batches": 900}
2026-09-25T13:25:37.822966+02:00 spark-2751 bash[4131484]: {"arm": "float_rank", "training_seconds": 1142.483251972124, "quality_r1": 0.9066826183558366}
2026-09-25T13:25:39.925626+02:00 spark-2751 bash[4131282]: RUN BF16 rank-matched float seed=179024
2026-09-25T13:25:49.441132+02:00 spark-2751 bash[4136441]: [transformers] Model config: bos_token_id must be `None` or an integer within the vocabulary (between 0 and 31999), got 49406. This may result in unexpected behavior.
2026-09-25T13:25:49.441132+02:00 spark-2751 bash[4136441]: [transformers] Model config: eos_token_id must be `None` or an integer within the vocabulary (between 0 and 31999), got 49407. This may result in unexpected behavior.
2026-09-25T13:25:49.957299+02:00 spark-2751 bash[4136441]: [300B blob data]
2026-09-25T13:26:49.611930+02:00 spark-2751 bash[4136441]: {"step": 50, "loss": 6.165139675140381, "arcface": 6.1515913009643555, "rank": 0.0006178021430969238, "elapsed_seconds": 59.3132632561028}
2026-09-25T13:27:46.766593+02:00 spark-2751 bash[4136441]: {"step": 100, "loss": 6.895340442657471, "arcface": 6.56965446472168, "rank": 0.014851152896881104, "elapsed_seconds": 116.46816686308011}
2026-09-25T13:28:43.926378+02:00 spark-2751 bash[4136441]: {"step": 150, "loss": 6.880599498748779, "arcface": 6.360045433044434, "rank": 0.023737072944641113, "elapsed_seconds": 173.62797256791964}
2026-09-25T13:29:41.069211+02:00 spark-2751 bash[4136441]: {"step": 200, "loss": 5.919436931610107, "arcface": 5.884090900421143, "rank": 0.0016117691993713379, "elapsed_seconds": 230.77075001830235}
2026-09-25T13:30:38.181267+02:00 spark-2751 bash[4136441]: {"step": 250, "loss": 5.007424354553223, "arcface": 4.848898410797119, "rank": 0.007228732109069824, "elapsed_seconds": 287.8825971689075}
2026-09-25T13:31:35.297166+02:00 spark-2751 bash[4136441]: {"step": 300, "loss": 8.586357116699219, "arcface": 8.107378005981445, "rank": 0.02184128761291504, "elapsed_seconds": 344.99836040707305}
2026-09-25T13:32:32.407947+02:00 spark-2751 bash[4136441]: {"step": 350, "loss": 6.850478649139404, "arcface": 6.724544525146484, "rank": 0.005742549896240234, "elapsed_seconds": 402.10928907291964}
2026-09-25T13:33:29.507010+02:00 spark-2751 bash[4136441]: {"step": 400, "loss": 6.574268817901611, "arcface": 6.133152961730957, "rank": 0.0201147198677063, "elapsed_seconds": 459.2085967841558}
2026-09-25T13:34:26.577421+02:00 spark-2751 bash[4136441]: {"step": 450, "loss": 6.105913162231445, "arcface": 6.105913162231445, "rank": 0.0, "elapsed_seconds": 516.2790124523453}
2026-09-25T13:35:23.620889+02:00 spark-2751 bash[4136441]: {"step": 500, "loss": 8.242916107177734, "arcface": 8.152767181396484, "rank": 0.004110753536224365, "elapsed_seconds": 573.3224756442942}
2026-09-25T13:36:20.657952+02:00 spark-2751 bash[4136441]: {"step": 550, "loss": 7.332526683807373, "arcface": 6.8670549392700195, "rank": 0.021225333213806152, "elapsed_seconds": 630.3595375702716}
2026-09-25T13:37:17.676709+02:00 spark-2751 bash[4136441]: {"step": 600, "loss": 4.518362998962402, "arcface": 4.518362998962402, "rank": 0.0, "elapsed_seconds": 687.3782924832776}
2026-09-25T13:38:14.758208+02:00 spark-2751 bash[4136441]: {"step": 650, "loss": 5.41079044342041, "arcface": 5.41079044342041, "rank": 0.0, "elapsed_seconds": 744.4598000580445}
2026-09-25T13:39:11.867589+02:00 spark-2751 bash[4136441]: {"step": 700, "loss": 5.485959053039551, "arcface": 5.445760726928711, "rank": 0.0018330216407775879, "elapsed_seconds": 801.5691798049957}
2026-09-25T13:40:08.946640+02:00 spark-2751 bash[4136441]: {"step": 750, "loss": 6.120351791381836, "arcface": 6.069028854370117, "rank": 0.0023403167724609375, "elapsed_seconds": 858.6479731490836}
2026-09-25T13:41:06.048227+02:00 spark-2751 bash[4136441]: {"step": 800, "loss": 4.294105529785156, "arcface": 4.13604736328125, "rank": 0.007207393646240234, "elapsed_seconds": 915.7498101661913}
2026-09-25T13:42:03.082656+02:00 spark-2751 bash[4136441]: {"step": 850, "loss": 4.621431827545166, "arcface": 4.62140417098999, "rank": 1.2516975402832031e-06, "elapsed_seconds": 972.7842417201027}
2026-09-25T13:43:00.141499+02:00 spark-2751 bash[4136441]: {"step": 900, "loss": 4.819148063659668, "arcface": 4.8191375732421875, "rank": 4.76837158203125e-07, "elapsed_seconds": 1029.8430448062718}
2026-09-25T13:43:57.232251+02:00 spark-2751 bash[4136441]: {"step": 950, "loss": 5.112332820892334, "arcface": 5.112332820892334, "rank": 0.0, "elapsed_seconds": 1086.933586422354}
2026-09-25T13:44:54.278013+02:00 spark-2751 bash[4136441]: {"step": 1000, "loss": 4.193385124206543, "arcface": 4.193385124206543, "rank": 0.0, "elapsed_seconds": 1143.9796049981378}
2026-09-25T13:45:34.896455+02:00 spark-2751 bash[4136441]: {"export_batches": 100}
2026-09-25T13:46:08.949670+02:00 spark-2751 bash[4136441]: {"export_batches": 200}
2026-09-25T13:46:43.079438+02:00 spark-2751 bash[4136441]: {"export_batches": 300}
2026-09-25T13:47:17.271172+02:00 spark-2751 bash[4136441]: {"export_batches": 400}
2026-09-25T13:47:51.443324+02:00 spark-2751 bash[4136441]: {"export_batches": 500}
2026-09-25T13:48:25.644773+02:00 spark-2751 bash[4136441]: {"export_batches": 600}
2026-09-25T13:49:02.865973+02:00 spark-2751 bash[4136441]: {"export_batches": 700}
2026-09-25T13:49:37.012445+02:00 spark-2751 bash[4136441]: {"export_batches": 800}
2026-09-25T13:50:11.140218+02:00 spark-2751 bash[4136441]: {"export_batches": 900}
2026-09-25T13:50:25.330163+02:00 spark-2751 bash[4136441]: {"arm": "float_rank", "training_seconds": 1144.0443347371183, "quality_r1": 0.9030934882925996}
2026-09-25T13:50:27.229580+02:00 spark-2751 bash[4131282]: RUN BF16 rank-matched float seed=179025
2026-09-25T13:50:36.609149+02:00 spark-2751 bash[4140511]: [transformers] Model config: bos_token_id must be `None` or an integer within the vocabulary (between 0 and 31999), got 49406. This may result in unexpected behavior.
2026-09-25T13:50:36.609149+02:00 spark-2751 bash[4140511]: [transformers] Model config: eos_token_id must be `None` or an integer within the vocabulary (between 0 and 31999), got 49407. This may result in unexpected behavior.
2026-09-25T13:50:37.107051+02:00 spark-2751 bash[4140511]: [294B blob data]
2026-09-25T13:51:36.558444+02:00 spark-2751 bash[4140511]: {"step": 50, "loss": 8.450271606445312, "arcface": 7.058144569396973, "rank": 0.06348049640655518, "elapsed_seconds": 59.10051069734618}
2026-09-25T13:52:33.383909+02:00 spark-2751 bash[4140511]: {"step": 100, "loss": 4.3238420486450195, "arcface": 4.3238420486450195, "rank": 0.0, "elapsed_seconds": 115.92582366010174}
2026-09-25T13:53:30.195892+02:00 spark-2751 bash[4140511]: {"step": 150, "loss": 6.923644065856934, "arcface": 6.3598408699035645, "rank": 0.025709211826324463, "elapsed_seconds": 172.73840260040015}
2026-09-25T13:54:27.008250+02:00 spark-2751 bash[4140511]: {"step": 200, "loss": 7.933931827545166, "arcface": 7.767134189605713, "rank": 0.007605910301208496, "elapsed_seconds": 229.5506661874242}
2026-09-25T13:55:23.796813+02:00 spark-2751 bash[4140511]: {"step": 250, "loss": 7.041277885437012, "arcface": 7.012278079986572, "rank": 0.0013223886489868164, "elapsed_seconds": 286.33867887500674}
2026-09-25T13:56:20.557106+02:00 spark-2751 bash[4140511]: {"step": 300, "loss": 4.912236213684082, "arcface": 4.815675735473633, "rank": 0.004403114318847656, "elapsed_seconds": 343.0989782740362}
2026-09-25T13:57:17.327491+02:00 spark-2751 bash[4140511]: {"step": 350, "loss": 5.7098588943481445, "arcface": 5.589076042175293, "rank": 0.00550764799118042, "elapsed_seconds": 399.86990492604673}
2026-09-25T13:58:14.148988+02:00 spark-2751 bash[4140511]: {"step": 400, "loss": 6.276272296905518, "arcface": 6.276270866394043, "rank": 5.960464477539063e-08, "elapsed_seconds": 456.6913958080113}
2026-09-25T13:59:10.939812+02:00 spark-2751 bash[4140511]: {"step": 450, "loss": 4.845763206481934, "arcface": 4.845763206481934, "rank": 0.0, "elapsed_seconds": 513.4822378191166}
2026-09-25T14:00:07.744155+02:00 spark-2751 bash[4140511]: {"step": 500, "loss": 3.3720993995666504, "arcface": 3.2914011478424072, "rank": 0.003679811954498291, "elapsed_seconds": 570.2865532133728}
2026-09-25T14:01:04.502142+02:00 spark-2751 bash[4140511]: {"step": 550, "loss": 6.853794097900391, "arcface": 6.32332706451416, "rank": 0.024189114570617676, "elapsed_seconds": 627.0445456653833}
2026-09-25T14:02:01.261249+02:00 spark-2751 bash[4140511]: {"step": 600, "loss": 6.59568977355957, "arcface": 6.565317153930664, "rank": 0.0013849735260009766, "elapsed_seconds": 683.8036729083396}
2026-09-25T14:02:57.993023+02:00 spark-2751 bash[4140511]: {"step": 650, "loss": 6.139162540435791, "arcface": 6.139142990112305, "rank": 8.940696716308594e-07, "elapsed_seconds": 740.5354155013338}
2026-09-25T14:03:54.750374+02:00 spark-2751 bash[4140511]: {"step": 700, "loss": 4.983069896697998, "arcface": 4.942454814910889, "rank": 0.0018520355224609375, "elapsed_seconds": 797.2927928464487}
2026-09-25T14:04:51.513932+02:00 spark-2751 bash[4140511]: {"step": 750, "loss": 7.997161865234375, "arcface": 7.951260566711426, "rank": 0.002093076705932617, "elapsed_seconds": 854.0562573024072}
2026-09-25T14:05:48.233249+02:00 spark-2751 bash[4140511]: {"step": 800, "loss": 6.591114044189453, "arcface": 6.517692565917969, "rank": 0.0033479928970336914, "elapsed_seconds": 910.7756694233976}
2026-09-25T14:06:44.967184+02:00 spark-2751 bash[4140511]: {"step": 850, "loss": 8.700948715209961, "arcface": 8.08485221862793, "rank": 0.02809375524520874, "elapsed_seconds": 967.509598701261}
2026-09-25T14:07:41.738955+02:00 spark-2751 bash[4140511]: {"step": 900, "loss": 6.56519079208374, "arcface": 6.529511451721191, "rank": 0.0016269683837890625, "elapsed_seconds": 1024.2812220742926}
2026-09-25T14:08:38.512997+02:00 spark-2751 bash[4140511]: {"step": 950, "loss": 4.85215425491333, "arcface": 4.85215425491333, "rank": 0.0, "elapsed_seconds": 1081.0553945172578}
2026-09-25T14:09:35.269137+02:00 spark-2751 bash[4140511]: {"step": 1000, "loss": 4.660479545593262, "arcface": 4.4435272216796875, "rank": 0.009892940521240234, "elapsed_seconds": 1137.8111990313046}
2026-09-25T14:10:14.194973+02:00 spark-2751 bash[4140511]: {"export_batches": 100}
2026-09-25T14:10:47.873232+02:00 spark-2751 bash[4140511]: {"export_batches": 200}
2026-09-25T14:11:21.555948+02:00 spark-2751 bash[4140511]: {"export_batches": 300}
2026-09-25T14:11:55.402517+02:00 spark-2751 bash[4140511]: {"export_batches": 400}
2026-09-25T14:12:29.269731+02:00 spark-2751 bash[4140511]: {"export_batches": 500}
2026-09-25T14:13:03.162653+02:00 spark-2751 bash[4140511]: {"export_batches": 600}
2026-09-25T14:13:40.102826+02:00 spark-2751 bash[4140511]: {"export_batches": 700}
2026-09-25T14:14:13.865107+02:00 spark-2751 bash[4140511]: {"export_batches": 800}
2026-09-25T14:14:47.638207+02:00 spark-2751 bash[4140511]: {"export_batches": 900}
2026-09-25T14:15:01.759681+02:00 spark-2751 bash[4140511]: {"arm": "float_rank", "training_seconds": 1137.8762398930266, "quality_r1": 0.9054862416680909}
2026-09-25T14:15:03.718942+02:00 spark-2751 systemd[3489]: sfora-siglip2-bf16-rankmatched-float-v1.service: Consumed 1h 43min 50.866s CPU time, 12.2G memory peak, 0B memory swap peak.
