2026-09-25T21:56:07+02:00 spark-2751 systemd[3489]: Started sfora-inshop-siglip2-bank-179023-v1.service - /home/riomus/group-learning/.venv/bin/python /home/riomus/runs/train_inshop_siglip2_compact.py --dataset-root /home/riomus/datasets/inshop_official_standard --model-snapshot /home/riomus/.cache/huggingface/hub/models--google--siglip2-large-patch16-256/snapshots/787800c8990e6f058423089178e718139608408c --features-dir /home/riomus/runs/sfora-inshop-siglip2-train-features-v1 --preflight /home/riomus/runs/inshop-coverage-preflight-v1.json --expected-preflight-sha256 3102f89577583bfda526865d5a34b1712df0787c376e6e699cc8ff83333d814b --bank-cost /home/riomus/runs/inshop-member-bank-cost-v2.json --expected-bank-cost-sha256 6fb8c5acb616e97cf7d739641a01ed87daa7a67fbe6374ac43c66cb1ed92d12c --output-dir /home/riomus/runs/sfora-inshop-siglip2-bank-179023-v1 --arm bank --seed 179023 --updates 1000.
2026-09-25T21:56:14+02:00 spark-2751 python[79040]: [transformers] Model config: bos_token_id must be `None` or an integer within the vocabulary (between 0 and 31999), got 49406. This may result in unexpected behavior.
2026-09-25T21:56:14+02:00 spark-2751 python[79040]: [transformers] Model config: eos_token_id must be `None` or an integer within the vocabulary (between 0 and 31999), got 49407. This may result in unexpected behavior.
2026-09-25T21:56:14+02:00 spark-2751 python[79040]: [300B blob data]
2026-09-25T21:57:14+02:00 spark-2751 python[79040]: {"step": 50, "loss": 5.308215141296387, "elapsed_seconds": 59.380808155983686}
2026-09-25T21:58:11+02:00 spark-2751 python[79040]: {"step": 100, "loss": 7.276834487915039, "elapsed_seconds": 116.36993723083287}
2026-09-25T21:59:09+02:00 spark-2751 python[79040]: {"step": 150, "loss": 5.872981548309326, "elapsed_seconds": 173.7215370098129}
2026-09-25T22:00:06+02:00 spark-2751 python[79040]: {"step": 200, "loss": 6.483207702636719, "elapsed_seconds": 230.881675621029}
2026-09-25T22:01:03+02:00 spark-2751 python[79040]: {"step": 250, "loss": 7.678647994995117, "elapsed_seconds": 288.1540106460452}
2026-09-25T22:02:00+02:00 spark-2751 python[79040]: {"step": 300, "loss": 7.729123592376709, "elapsed_seconds": 345.44193248590454}
2026-09-25T22:02:58+02:00 spark-2751 python[79040]: {"step": 350, "loss": 7.099612236022949, "elapsed_seconds": 402.92161050764844}
2026-09-25T22:03:56+02:00 spark-2751 python[79040]: {"step": 400, "loss": 7.16568660736084, "elapsed_seconds": 461.07416467601433}
2026-09-25T22:04:56+02:00 spark-2751 python[79040]: {"step": 450, "loss": 2.735384464263916, "elapsed_seconds": 520.9124656459317}
2026-09-25T22:05:53+02:00 spark-2751 python[79040]: {"step": 500, "loss": 5.299501419067383, "elapsed_seconds": 578.0121462969109}
2026-09-25T22:06:50+02:00 spark-2751 python[79040]: {"step": 550, "loss": 3.1018483638763428, "elapsed_seconds": 635.167384092696}
2026-09-25T22:07:47+02:00 spark-2751 python[79040]: {"step": 600, "loss": 4.4570512771606445, "elapsed_seconds": 692.3077418240719}
2026-09-25T22:08:44+02:00 spark-2751 python[79040]: {"step": 650, "loss": 2.332566976547241, "elapsed_seconds": 749.447430446744}
2026-09-25T22:09:42+02:00 spark-2751 python[79040]: {"step": 700, "loss": 2.5623083114624023, "elapsed_seconds": 806.7731439070776}
2026-09-25T22:10:39+02:00 spark-2751 python[79040]: {"step": 750, "loss": 2.7505455017089844, "elapsed_seconds": 864.1097198510543}
2026-09-25T22:11:36+02:00 spark-2751 python[79040]: {"step": 800, "loss": 3.589534044265747, "elapsed_seconds": 921.4134101397358}
2026-09-25T22:12:33+02:00 spark-2751 python[79040]: {"step": 850, "loss": 1.6201857328414917, "elapsed_seconds": 978.581188370008}
2026-09-25T22:13:31+02:00 spark-2751 python[79040]: {"step": 900, "loss": 2.2838001251220703, "elapsed_seconds": 1035.7664322578348}
2026-09-25T22:14:28+02:00 spark-2751 python[79040]: {"step": 950, "loss": 1.8938621282577515, "elapsed_seconds": 1092.8406209708191}
2026-09-25T22:15:25+02:00 spark-2751 python[79040]: {"step": 1000, "loss": 1.8305859565734863, "elapsed_seconds": 1149.8618006678298}
2026-09-25T22:16:04+02:00 spark-2751 python[79040]: {"export_batches": 100}
2026-09-25T22:16:37+02:00 spark-2751 python[79040]: {"export_batches": 200}
2026-09-25T22:17:11+02:00 spark-2751 python[79040]: {"export_batches": 300}
2026-09-25T22:17:44+02:00 spark-2751 python[79040]: {"export_batches": 400}
2026-09-25T22:17:47+02:00 spark-2751 python[79040]: {"arm": "bank", "seed": 179023, "training_seconds": 1149.9186678049155, "holdout_r1": 0.9783464566929134}
2026-09-25T22:17:49+02:00 spark-2751 systemd[3489]: sfora-inshop-siglip2-bank-179023-v1.service: Consumed 26min 43.327s CPU time, 10.7G memory peak, 0B memory swap peak.
