/home/riomus/runs/sfora-connected-asymmetric-cache-source-v1/command.sh: OK
Running as unit: sfora-connected-asymmetric-cache-first-179061-v1.service; invocation ID: b892664054744c80867410b2b0fab8bb
/home/riomus/.local/share/uv/python/cpython-3.13.9-linux-aarch64-gnu/bin/python3.13: OK
/home/riomus/runs/sfora-connected-asymmetric-cache-source-v1/authority.json: OK
/home/riomus/runs/sfora-connected-asymmetric-cache-source-v1/diagnose_connected_asymmetric_cache.py: OK
/home/riomus/runs/sfora-connected-asymmetric-cache-source-v1/execution.json: OK
/home/riomus/runs/sfora-connected-asymmetric-cache-source-v1/test_connected_asymmetric_cache.py: OK
/home/riomus/runs/sfora-connected-control-batch-execution-source-v5/execution.json: OK
/home/riomus/runs/sfora-connected-control-batch-execution-source-v5/observe_connected_control_batch_execution.py: OK
/home/riomus/runs/sfora-connected-control-batch-execution-source-v5/test_connected_control_batch_execution.py: OK
/home/riomus/runs/sfora-connected-control-serving-native-authority-v5/native-authority.json: OK
/home/riomus/runs/sfora-connected-gallery-freshness-source-v3/authority.json: OK
/home/riomus/runs/sfora-connected-gallery-freshness-source-v3/diagnose_connected_gallery_freshness.py: OK
/home/riomus/runs/sfora-connected-gallery-freshness-source-v3/execution.json: OK
/home/riomus/runs/sfora-connected-mlp-evaluation-full-export-control-179061-v2/receipt.json: OK
/home/riomus/runs/sfora-connected-mlp-evaluation-source-v9/authority-full-export-control-179061-v2.json: OK
/home/riomus/runs/sfora-connected-mlp-evaluation-source-v9/evaluate_siglip2_connected_mlp.py: OK
/home/riomus/runs/sfora-connected-mlp-evaluation-source-v9/execution.json: OK
/home/riomus/runs/sfora-connected-mlp-evaluation-source-v9/test_connected_mlp_evaluation.py: OK
/home/riomus/runs/sfora-connected-mlp-train-control-179061-v1/control-179061-bundle/bundle.json: OK
/home/riomus/runs/sfora-connected-probe-installed-control-serving-source-v5/connected_control_native_authority.py: OK
/home/riomus/runs/sfora-connected-probe-installed-control-serving-source-v5/observe_connected_serving.py: OK
/home/riomus/runs/sfora-connected-probe-installed-control-serving-source-v5/qualify_connected_serving_requests.py: OK
/home/riomus/runs/sfora-connected-probe-installed-serving-wheel-v1/site-packages/sfora/cutile_int8.py: OK
/home/riomus/runs/sfora-connected-probe-installed-serving-wheel-v1/site-packages/sfora/packed_int8.py: OK
/home/riomus/runs/sfora-cutile-threads-v1/candidate.so: OK
/home/riomus/runs/sfora-native256-initialized-cpu-final-footer-v1.py: OK
/home/riomus/runs/sfora-native256-stop-cgroup-footer-v1.py: OK
/home/riomus/toolchains/cuda-13.4-wheel-env/lib/python3.12/site-packages/nvidia/cu13/bin/tileiras: OK
{"event": "COMPACT_PHASE", "phase": "shared_source_preparation", "boundary": "begin", "seconds": 384.06015158299124}
{"event": "COMPACT_PHASE", "phase": "shared_source_preparation", "boundary": "end", "delta_seconds": 26.760099331004312, "seconds": 410.82025312198675}
{"event": "COMPACT_PHASE", "phase": "cache_target_preparation", "boundary": "begin", "seconds": 410.82030052898335}
{"event": "COMPACT_PHASE", "phase": "cache_target_preparation", "boundary": "end", "delta_seconds": 2.732537552015856, "seconds": 413.55284120098804}
{"event": "INITIAL_NATIVE_ORIGIN_DIAGNOSTICS_V1", "expected": {"/home/riomus/group-learning/.venv/lib/python3.13/site-packages/nvidia/cudnn/lib/libcudnn_engines_precompiled.so.9": "3b765736f63d724a0de67b7ce915b0d0a780154fe4a2d515ab14040224aa7db4", "/home/riomus/group-learning/.venv/lib/python3.13/site-packages/nvidia/cudnn/lib/libcudnn_engines_runtime_compiled.so.9": "7b8f371a7718c29549317efdbdeb8d7c301874f9471762a04830846ac4e83510", "/home/riomus/group-learning/.venv/lib/python3.13/site-packages/nvidia/cudnn/lib/libcudnn_graph.so.9": "b601fddd333d84ced4a3d833e75bb412c204e39b21755d79cb890335dce660b8", "/home/riomus/group-learning/.venv/lib/python3.13/site-packages/nvidia/cudnn/lib/libcudnn_heuristic.so.9": "368687b9b5c2c01b55c21f74bd930cb05d3654b4e901e998b7bfb33cebac6ae8"}, "observed_difference": {}, "missing": ["/home/riomus/group-learning/.venv/lib/python3.13/site-packages/nvidia/cudnn/lib/libcudnn_engines_precompiled.so.9", "/home/riomus/group-learning/.venv/lib/python3.13/site-packages/nvidia/cudnn/lib/libcudnn_engines_runtime_compiled.so.9", "/home/riomus/group-learning/.venv/lib/python3.13/site-packages/nvidia/cudnn/lib/libcudnn_graph.so.9", "/home/riomus/group-learning/.venv/lib/python3.13/site-packages/nvidia/cudnn/lib/libcudnn_heuristic.so.9"], "extra": [], "missing_native": ["/home/riomus/group-learning/.venv/lib/python3.13/site-packages/nvidia/cudnn/lib/libcudnn_engines_precompiled.so.9", "/home/riomus/group-learning/.venv/lib/python3.13/site-packages/nvidia/cudnn/lib/libcudnn_engines_runtime_compiled.so.9", "/home/riomus/group-learning/.venv/lib/python3.13/site-packages/nvidia/cudnn/lib/libcudnn_graph.so.9", "/home/riomus/group-learning/.venv/lib/python3.13/site-packages/nvidia/cudnn/lib/libcudnn_heuristic.so.9"]}
{"diagnostic": "memory_snapshot", "memory.current": 1533198336, "memory.events.high": 0, "memory.events.low": 0, "memory.events.max": 0, "memory.events.oom": 0, "memory.events.oom_group_kill": 0, "memory.events.oom_kill": 0, "memory.peak": 1560817664, "memory.stat.anon": 1037385728, "memory.stat.file": 481927168, "memory.stat.kernel": 6508544, "memory.swap.current": 0, "memory.swap.peak": 0, "path": "/sys/fs/cgroup/user.slice/user-1000.slice/user@1000.service/app.slice/sfora-connected-asymmetric-cache-first-179061-v1.service", "phase": "after_admission"}
{"diagnostic": "memory_snapshot", "memory.current": 4603031552, "memory.events.high": 0, "memory.events.low": 0, "memory.events.max": 0, "memory.events.oom": 0, "memory.events.oom_group_kill": 0, "memory.events.oom_kill": 0, "memory.peak": 4627996672, "memory.stat.anon": 3751940096, "memory.stat.file": 818020352, "memory.stat.kernel": 17850368, "memory.swap.current": 0, "memory.swap.peak": 0, "path": "/sys/fs/cgroup/user.slice/user-1000.slice/user@1000.service/app.slice/sfora-connected-asymmetric-cache-first-179061-v1.service", "phase": "after_tail_replay"}
{"diagnostic": "memory_snapshot", "memory.current": 4674850816, "memory.events.high": 0, "memory.events.low": 0, "memory.events.max": 0, "memory.events.oom": 0, "memory.events.oom_group_kill": 0, "memory.events.oom_kill": 0, "memory.peak": 4730744832, "memory.stat.anon": 3829833728, "memory.stat.file": 811294720, "memory.stat.kernel": 18042880, "memory.swap.current": 0, "memory.swap.peak": 0, "path": "/sys/fs/cgroup/user.slice/user-1000.slice/user@1000.service/app.slice/sfora-connected-asymmetric-cache-first-179061-v1.service", "phase": "before_native"}
{"diagnostic": "memory_snapshot", "memory.current": 4784680960, "memory.events.high": 0, "memory.events.low": 0, "memory.events.max": 0, "memory.events.oom": 0, "memory.events.oom_group_kill": 0, "memory.events.oom_kill": 0, "memory.peak": 4825366528, "memory.stat.anon": 3889025024, "memory.stat.file": 861577216, "memory.stat.kernel": 18477056, "memory.swap.current": 0, "memory.swap.peak": 0, "path": "/sys/fs/cgroup/user.slice/user-1000.slice/user@1000.service/app.slice/sfora-connected-asymmetric-cache-first-179061-v1.service", "phase": "before_exit"}
{"event": "PROTOTYPE_PHASE", "phase": "old_exit_begin", "seconds": 531.4149076830072}
{"event": "QUADRATIC_PHASE", "phase": "exit_rehash", "delta_seconds": 15.513154359010514, "cumulative_seconds": 15.513154359010514}
{"event": "PROTOTYPE_PHASE", "phase": "old_exit_end", "seconds": 546.9290332719975}
{"event": "PROTOTYPE_PHASE", "phase": "own_union_begin", "seconds": 546.9290494000015}
{"event": "PROTOTYPE_PHASE", "phase": "own_union_end", "seconds": 559.6912256189971}
{"event": "PROTOTYPE_PHASE", "phase": "closure_begin", "seconds": 559.6912713950151}
{"event": "PROTOTYPE_PHASE", "phase": "closure_end", "seconds": 559.6926856950158}
{"after": {"allocated_bytes": 0, "reserved_bytes": 60817408}, "before": {"allocated_bytes": 33554432, "reserved_bytes": 60817408}, "diagnostic": "cuda_workspace_disposal", "native_causality_established": false, "ownership_limit": "captured admitted builtin binding; C function pointer not authenticated", "status": "UNACCEPTED"}
Traceback (most recent call last):
  File "/home/riomus/runs/sfora-connected-asymmetric-cache-source-v1/diagnose_connected_asymmetric_cache.py", line 1278, in <module>
    published = run(parser().parse_args())
  File "/home/riomus/runs/sfora-connected-asymmetric-cache-source-v1/diagnose_connected_asymmetric_cache.py", line 1171, in run
    cleanup(S, error)
    ~~~~~~~^^^^^^^^^^
  File "/home/riomus/runs/sfora-connected-asymmetric-cache-source-v1/diagnose_connected_asymmetric_cache.py", line 1265, in cleanup
    raise_primary(error, failures)
    ~~~~~~~~~~~~~^^^^^^^^^^^^^^^^^
  File "/home/riomus/runs/sfora-connected-asymmetric-cache-source-v1/diagnose_connected_asymmetric_cache.py", line 395, in raise_primary
    raise failures[0]
  File "/home/riomus/runs/sfora-connected-asymmetric-cache-source-v1/diagnose_connected_asymmetric_cache.py", line 379, in attempt
    callback()
    ~~~~~~~~^^
  File "/home/riomus/runs/sfora-connected-asymmetric-cache-source-v1/diagnose_connected_asymmetric_cache.py", line 1233, in <lambda>
    actions.append(lambda: final_guard(S))      # full live guards while every registered module is still in place
                           ~~~~~~~~~~~^^^
  File "/home/riomus/runs/sfora-connected-asymmetric-cache-source-v1/diagnose_connected_asymmetric_cache.py", line 623, in final_guard
    S.evaluator.resources(S.context_e, S.before)
    ~~~~~~~~~~~~~~~~~~~~~^^^^^^^^^^^^^^^^^^^^^^^
  File "/home/riomus/runs/sfora-connected-mlp-evaluation-source-v9/evaluate_siglip2_connected_mlp.py", line 937, in resources
    after=source.cgroup_memory(); unit=Path(after['path']).name.removesuffix('.service')
  File "/home/riomus/runs/sfora-native256-source-cpu-v4/qualify_siglip2_substrate_cpu.py", line 519, in cgroup_memory
    require(all(int(events.get(key, '-1')) == 0 for key in ('oom', 'oom_kill', 'max')), 'cgroup memory failure event')
    ~~~~~~~^^^^^^^^^^^^^^^^^^^^^^^^^^^^^^^^^^^^^^^^^^^^^^^^^^^^^^^^^^^^^^^^^^^^^^^^^^^^^^^^^^^^^^^^^^^^^^^^^^^^^^^^^^^
  File "/home/riomus/runs/sfora-native256-source-cpu-v4/qualify_siglip2_substrate_cpu.py", line 46, in require
    raise ValueError(message)
ValueError: cgroup memory failure event
cleanup: ValueError('cgroup memory failure event')
cleanup: ValueError('cgroup memory failure event')
/home/riomus/.local/share/uv/python/cpython-3.13.9-linux-aarch64-gnu/bin/python3.13: OK
/home/riomus/runs/sfora-connected-asymmetric-cache-source-v1/authority.json: OK
/home/riomus/runs/sfora-connected-asymmetric-cache-source-v1/diagnose_connected_asymmetric_cache.py: OK
/home/riomus/runs/sfora-connected-asymmetric-cache-source-v1/execution.json: OK
/home/riomus/runs/sfora-connected-asymmetric-cache-source-v1/test_connected_asymmetric_cache.py: OK
/home/riomus/runs/sfora-connected-control-batch-execution-source-v5/execution.json: OK
/home/riomus/runs/sfora-connected-control-batch-execution-source-v5/observe_connected_control_batch_execution.py: OK
/home/riomus/runs/sfora-connected-control-batch-execution-source-v5/test_connected_control_batch_execution.py: OK
/home/riomus/runs/sfora-connected-control-serving-native-authority-v5/native-authority.json: OK
/home/riomus/runs/sfora-connected-gallery-freshness-source-v3/authority.json: OK
/home/riomus/runs/sfora-connected-gallery-freshness-source-v3/diagnose_connected_gallery_freshness.py: OK
/home/riomus/runs/sfora-connected-gallery-freshness-source-v3/execution.json: OK
/home/riomus/runs/sfora-connected-mlp-evaluation-full-export-control-179061-v2/receipt.json: OK
/home/riomus/runs/sfora-connected-mlp-evaluation-source-v9/authority-full-export-control-179061-v2.json: OK
/home/riomus/runs/sfora-connected-mlp-evaluation-source-v9/evaluate_siglip2_connected_mlp.py: OK
/home/riomus/runs/sfora-connected-mlp-evaluation-source-v9/execution.json: OK
/home/riomus/runs/sfora-connected-mlp-evaluation-source-v9/test_connected_mlp_evaluation.py: OK
/home/riomus/runs/sfora-connected-mlp-train-control-179061-v1/control-179061-bundle/bundle.json: OK
/home/riomus/runs/sfora-connected-probe-installed-control-serving-source-v5/connected_control_native_authority.py: OK
/home/riomus/runs/sfora-connected-probe-installed-control-serving-source-v5/observe_connected_serving.py: OK
/home/riomus/runs/sfora-connected-probe-installed-control-serving-source-v5/qualify_connected_serving_requests.py: OK
/home/riomus/runs/sfora-connected-probe-installed-serving-wheel-v1/site-packages/sfora/cutile_int8.py: OK
/home/riomus/runs/sfora-connected-probe-installed-serving-wheel-v1/site-packages/sfora/packed_int8.py: OK
/home/riomus/runs/sfora-cutile-threads-v1/candidate.so: OK
/home/riomus/runs/sfora-native256-initialized-cpu-final-footer-v1.py: OK
/home/riomus/runs/sfora-native256-stop-cgroup-footer-v1.py: OK
/home/riomus/toolchains/cuda-13.4-wheel-env/lib/python3.12/site-packages/nvidia/cu13/bin/tileiras: OK
FINAL_CGROUP {"command_exit_status": 1, "invocation_id": "b892664054744c80867410b2b0fab8bb", "path": "/sys/fs/cgroup/user.slice/user-1000.slice/user@1000.service/app.slice/sfora-connected-asymmetric-cache-first-179061-v1.service", "values": {"memory.current": "4676530176", "memory.events": "low 0\nhigh 0\nmax 1442\noom 0\noom_kill 0\noom_group_kill 0", "memory.max": "8589934592", "memory.peak": "8589934592", "memory.stat": "anon 5844992\nfile 4653793280\nkernel 15302656\nkernel_stack 32768\npagetables 339968\nsec_pagetables 0\npercpu 1408\nsock 0\nvmalloc 0\nshmem 0\nzswap 0\nzswapped 0\nfile_mapped 0\nfile_dirty 12288\nfile_writeback 0\nswapcached 0\nanon_thp 0\nfile_thp 0\nshmem_thp 0\ninactive_anon 0\nactive_anon 5713920\ninactive_file 4157784064\nactive_file 496009216\nunevictable 0\nslab_reclaimable 14859448\nslab_unreclaimable 87856\nslab 14947304\nworkingset_refault_anon 0\nworkingset_refault_file 116012\nworkingset_activate_anon 0\nworkingset_activate_file 9544\nworkingset_restore_anon 0\nworkingset_restore_file 0\nworkingset_nodereclaim 0\npgdemote_kswapd 0\npgdemote_direct 0\npgdemote_khugepaged 0\npgdemote_proactive 0\npgpromote_success 0\npgscan 463312\npgsteal 462446\npswpin 0\npswpout 0\npgscan_kswapd 0\npgscan_direct 463312\npgscan_khugepaged 0\npgscan_proactive 0\npgsteal_kswapd 0\npgsteal_direct 462446\npgsteal_khugepaged 0\npgsteal_proactive 0\npgfault 1012556\npgmajfault 8500\npgrefill 24035\npgactivate 2319\npgdeactivate 0\npglazyfree 0\npglazyfreed 0\nswpin_zero 0\nswpout_zero 0\nzswpin 0\nzswpout 0\nzswpwb 0\nthp_fault_alloc 1008\nthp_collapse_alloc 3\nthp_swpout 0\nthp_swpout_fallback 0\nnuma_pages_migrated 0\nnuma_pte_updates 0\nnuma_hint_faults 0", "memory.swap.current": "0", "memory.swap.max": "0", "memory.swap.peak": "0"}}
Command exited with non-zero status 1
	Command being timed: "/bin/bash /home/riomus/runs/sfora-connected-asymmetric-cache-source-v1/command.sh"
	User time (seconds): 413.15
	System time (seconds): 89.34
	Percent of CPU this job got: 79%
	Elapsed (wall clock) time (h:mm:ss or m:ss): 10:34.07
	Average shared text size (kbytes): 0
	Average unshared data size (kbytes): 0
	Average stack size (kbytes): 0
	Average total size (kbytes): 0
	Maximum resident set size (kbytes): 4370172
	Average resident set size (kbytes): 0
	Major (requiring I/O) page faults: 8501
	Minor (reclaiming a frame) page faults: 933023
	Voluntary context switches: 8751696
	Involuntary context switches: 3637
	Swaps: 0
	File system inputs: 983033672
	File system outputs: 2800
	Socket messages sent: 0
	Socket messages received: 0
	Signals delivered: 0
	Page size (bytes): 4096
	Exit status: 1
STOP_CGROUP {"exit_code": "exited", "exit_status": "1", "invocation_id": "b892664054744c80867410b2b0fab8bb", "path": "/sys/fs/cgroup/user.slice/user-1000.slice/user@1000.service/app.slice/sfora-connected-asymmetric-cache-first-179061-v1.service", "service_result": "exit-code", "values": {"memory.current": "4676579328", "memory.events": "low 0\nhigh 0\nmax 1442\noom 0\noom_kill 0\noom_group_kill 0", "memory.max": "8589934592", "memory.peak": "8589934592", "memory.stat": "anon 5439488\nfile 4653793280\nkernel 14979072\nkernel_stack 0\npagetables 102400\nsec_pagetables 0\npercpu 1408\nsock 0\nvmalloc 0\nshmem 0\nzswap 0\nzswapped 0\nfile_mapped 0\nfile_dirty 12288\nfile_writeback 0\nswapcached 0\nanon_thp 0\nfile_thp 0\nshmem_thp 0\ninactive_anon 0\nactive_anon 5439488\ninactive_file 4157784064\nactive_file 496009216\nunevictable 0\nslab_reclaimable 14857672\nslab_unreclaimable 57256\nslab 14914928\nworkingset_refault_anon 0\nworkingset_refault_file 116012\nworkingset_activate_anon 0\nworkingset_activate_file 9544\nworkingset_restore_anon 0\nworkingset_restore_file 0\nworkingset_nodereclaim 0\npgdemote_kswapd 0\npgdemote_direct 0\npgdemote_khugepaged 0\npgdemote_proactive 0\npgpromote_success 0\npgscan 463312\npgsteal 462446\npswpin 0\npswpout 0\npgscan_kswapd 0\npgscan_direct 463312\npgscan_khugepaged 0\npgscan_proactive 0\npgsteal_kswapd 0\npgsteal_direct 462446\npgsteal_khugepaged 0\npgsteal_proactive 0\npgfault 1014054\npgmajfault 8500\npgrefill 24035\npgactivate 2319\npgdeactivate 0\npglazyfree 0\npglazyfreed 0\nswpin_zero 0\nswpout_zero 0\nzswpin 0\nzswpout 0\nzswpwb 0\nthp_fault_alloc 1008\nthp_collapse_alloc 3\nthp_swpout 0\nthp_swpout_fallback 0\nnuma_pages_migrated 0\nnuma_pte_updates 0\nnuma_hint_faults 0", "memory.swap.current": "0", "memory.swap.max": "0", "memory.swap.peak": "0"}}
Finished with result: exit-code
Main processes terminated with: code=exited/status=1
Service runtime: 10min 34.098s
CPU time consumed: 8min 22.516s
Memory peak: 8.0G
Memory swap peak: 0B
