THREAD_1_B1_first
THREAD_1_B1_repeat
THREAD_1_B32_first
THREAD_1_B32_repeat
THREAD_2_B1_first
THREAD_2_B1_repeat
THREAD_2_B32_first
THREAD_2_B32_repeat
THREAD_1_B1_first
PASS two distinct threads, sequential checks and retained outputs
     Removed 45 files, 83.3MiB total
   Compiling bindgen v0.69.5
   Compiling cuda-bindings v0.1.1
   Compiling cuda-core v0.1.1
   Compiling cuda-async v0.1.1
   Compiling cutile-compiler v0.1.1
   Compiling cutile-macro v0.1.1
   Compiling cutile v0.1.1
   Compiling sfora-cutile-int8-score v0.1.0 (/home/riomus/runs/sfora-cutile-threads-v1/source/rust/sfora-cutile-int8-score)
    Finished `release` profile [optimized] target(s) in 13.60s
   Compiling sfora-cutile-int8-score v0.1.0 (/home/riomus/runs/sfora-cutile-threads-v1/source/rust/sfora-cutile-int8-score)
    Finished `release` profile [optimized] target(s) in 1.67s
  Executable unittests src/lib.rs (/home/riomus/cutile-rs-c299d449/target/release/deps/sfora_cutile_int8_score-31028a1d4def638e)
  Executable unittests src/bin/rc4_profile.rs (/home/riomus/cutile-rs-c299d449/target/release/deps/rc4_profile-26552007ceae0576)
  Executable unittests src/main.rs (/home/riomus/cutile-rs-c299d449/target/release/deps/sfora_cutile_int8_score-3bcad7c2897388a4)
  Executable tests/merge_boundary.rs (/home/riomus/cutile-rs-c299d449/target/release/deps/merge_boundary-16a4d0078bee43e4)
PASS CPU thread self-check, source hashes and isolated candidate compile
