Running as unit: sfora-new-runtime-encoder-profile-v1.service; invocation ID: b7c90427f20048a6b6e2ad25fac784e8
{"phase": "strict_source_factory", "seconds": 2.462257806000025}
{"phase": "gpu_profile_begin", "seconds": 16.483329120999997, "batch": 32, "witness_images": 2, "repeated_train_witnesses": true}
{"pass": true, "timed_forwards": 93, "throughput_images_per_second": 98.39077380200246, "whole_seconds": 60.926031860000194}
	Command being timed: "/home/riomus/group-learning/.venv/bin/python -B /home/riomus/runs/sfora-new-runtime-encoder-profile-v1.py"
	User time (seconds): 55.79
	System time (seconds): 3.19
	Percent of CPU this job got: 94%
	Elapsed (wall clock) time (h:mm:ss or m:ss): 1:02.25
	Average shared text size (kbytes): 0
	Average unshared data size (kbytes): 0
	Average stack size (kbytes): 0
	Average total size (kbytes): 0
	Maximum resident set size (kbytes): 4395980
	Average resident set size (kbytes): 0
	Major (requiring I/O) page faults: 9206
	Minor (reclaiming a frame) page faults: 336694
	Voluntary context switches: 91994
	Involuntary context switches: 513
	Swaps: 0
	File system inputs: 23812600
	File system outputs: 288448
	Socket messages sent: 0
	Socket messages received: 0
	Signals delivered: 0
	Page size (bytes): 4096
	Exit status: 0
STOP_CGROUP {"exit_code": "exited", "exit_status": "0", "invocation_id": "b7c90427f20048a6b6e2ad25fac784e8", "path": "/sys/fs/cgroup/user.slice/user-1000.slice/user@1000.service/app.slice/sfora-new-runtime-encoder-profile-v1.service", "service_result": "success", "values": {"memory.current": "961421312", "memory.events": "low 0\nhigh 0\nmax 0\noom 0\noom_kill 0\noom_group_kill 0\nsock_throttled 0", "memory.max": "8589934592", "memory.peak": "5036724224", "memory.stat": "anon 5427200\nfile 916062208\nkernel 39370752\nkernel_stack 0\npagetables 94208\nsec_pagetables 0\npercpu 1408\nsock 0\nvmalloc 0\nshmem 0\nzswap 0\nzswapped 0\nfile_mapped 0\nfile_dirty 2379776\nfile_writeback 0\nswapcached 0\nanon_thp 0\nfile_thp 81788928\nshmem_thp 0\ninactive_anon 0\nactive_anon 5361664\ninactive_file 323203072\nactive_file 592859136\nunevictable 0\nslab_reclaimable 39229968\nslab_unreclaimable 31008\nslab 39260976\nworkingset_refault_anon 0\nworkingset_refault_file 0\nworkingset_activate_anon 0\nworkingset_activate_file 0\nworkingset_restore_anon 0\nworkingset_restore_file 0\nworkingset_nodereclaim 0\npgdemote_kswapd 0\npgdemote_direct 0\npgdemote_khugepaged 0\npgdemote_proactive 0\npgpromote_success 0\npgscan 0\npgsteal 0\npswpin 0\npswpout 0\npgscan_kswapd 0\npgscan_direct 0\npgscan_khugepaged 0\npgscan_proactive 0\npgsteal_kswapd 0\npgsteal_direct 0\npgsteal_khugepaged 0\npgsteal_proactive 0\npgfault 347585\npgmajfault 9206\npgrefill 0\npgactivate 0\npgdeactivate 0\npglazyfree 0\npglazyfreed 0\nswpin_zero 0\nswpout_zero 0\nzswpin 0\nzswpout 0\nzswpwb 0\nthp_fault_alloc 1133\nthp_collapse_alloc 3\nthp_swpout 0\nthp_swpout_fallback 0\nnuma_pages_migrated 0\nnuma_pte_updates 0\nnuma_hint_faults 0", "memory.swap.current": "0", "memory.swap.max": "0", "memory.swap.peak": "0"}}
Finished with result: success
Main processes terminated with: code=exited/status=0
Service runtime: 1min 2.296s
CPU time consumed: 59.011s
Memory peak: 4.6G
Memory swap peak: 0B
