connected inference source-only checks passed
test_connected_inference_extraction.py exit=0
PASS actual decorator factory/code/globals predicates and original CPU-v5 full-source guards
PASS genuine decorated vision/direct head: wraps forgeries, actual closure/flags/globals/base negatives
connected probe inference source-only checks passed; native UNRUN
test_connected_probe_inference_extraction.py exit=0
PASS genuine integrated retained graph: changed live helpers never execute; fresh artifact/wheel mutations reject independently; restored exit passes
PASS: real ten-file admission + installed RECORD verification + bounded metadata + fresh external anchor; payload/metadata/wheel/authority/anchor mutations reject; fresh restored composition passes; native UNRUN
PASS: genuine binding; foreign callback, checker code/defaults/kwdefaults, duplicate snapshot, helper literal mutations reject; restored binding passes; native UNRUN
PASS9 release lifecycle cases: genuine legacy body preserved; all exit categories attempted; primary identity retained; endpoint cleared; foreign owner/registry remain rejected and untouched; native UNRUN
PASS real mmap failed-load cleanup: original rejection object retained; owned finished aliases released; external retained mapping remains alive and rejected; full exit attempted; native UNRUN
PASS real candidate payload-loader body executes expected identities before constructor; expected environment/model/processor retained; original metadata unchanged; original A/C role construction and mapping check retained; native UNRUN
PASS four actual public-wrapper paths: normal, payload rejection, post-load guard, release rejection; primary preserved
PASS: original numerical suffix and legacy reads; two serving requests avoid full admission
PASS release setup failures still attempt original cleanup and full exit
PASS16 constructor cases: original numerical try/return AST and legacy cleanup AST exact; artifact body error identity retained, both cleanup checks attempted; cleanup-only failures reject; native UNRUN
bounded metadata prototype: 8 source-only cases PASS; no native or integration claim
PASS original full-payload predicate AST; 11 independently repinned clause negatives; genuine detached expected origin projection/materialization; source mutation reject; native and typed-tensor proof UNRUN
PASS integrated reader definitions, exact legacy inverse and typed live equality; native UNRUN
test_connected_serving_inference.py exit=0
wall=22.06 maxrss_kib=117820 exit=0
