/home/riomus/runs/sfora-so400-image-anchor-smooth-ap-train-source-v1/cpu-v1-command.sh: OK
Running as unit: sfora-so400-image-anchor-smooth-ap-cpu-v1.service; invocation ID: fb287e6026bb4b12bbf0faaf89b537ee
/home/riomus/runs/sfora-so400-nearest-ranking-train-source-v5/native-authority.json: OK
/home/riomus/runs/sfora-cudnn-wheel-provenance-v1/proof.json: OK
/home/riomus/runs/sfora-cudnn-wheel-provenance-source-v1/decision.json: OK
/home/riomus/runs/sfora-cudnn-wheel-provenance-source-v1/original.log: OK
/home/riomus/.local/share/uv/python/cpython-3.13.9-linux-aarch64-gnu/bin/python3.13: OK
/home/riomus/runs/sfora-native256-initialized-cpu-final-footer-v1.py: OK
/home/riomus/runs/sfora-native256-stop-cgroup-footer-v1.py: OK
/home/riomus/runs/sfora-so400-nearest-ranking-train-source-v5/authority-cpu-v5.json: OK
/home/riomus/runs/sfora-so400-nearest-ranking-train-source-v5/execution.json: OK
/home/riomus/runs/sfora-so400-nearest-ranking-train-source-v5/nearest_ranking_readout.py: OK
/home/riomus/runs/sfora-so400-nearest-ranking-train-source-v5/test_siglip2_nearest_ranking.py: OK
/home/riomus/runs/sfora-so400-nearest-ranking-train-source-v5/train_siglip2_nearest_ranking.py: OK
/home/riomus/runs/sfora-so400-signed-concat-fit-concat-v1/receipt.json: OK
/home/riomus/runs/sfora-so400-signed-concat-fit-concat-v1/resume.pt: OK
/home/riomus/runs/sfora-so400-signed-concat-fit-source-v2/authority-fit-concat-v1.json: OK
/home/riomus/runs/sfora-so400-signed-concat-fit-source-v2/execution.json: OK
/home/riomus/runs/sfora-so400-signed-concat-fit-source-v2/fit-concat-v1.log: OK
/home/riomus/runs/sfora-so400-signed-concat-fit-source-v2/fit_siglip2_prototype_residual.py: OK
/home/riomus/runs/sfora-so400-signed-concat-fit-source-v2/prototype_residual_readout.py: OK
/home/riomus/runs/sfora-so400-signed-concat-fit-source-v2/test_siglip2_prototype_residual.py: OK
/home/riomus/runs/sfora-so400-image-anchor-smooth-ap-train-source-v1/train_siglip2_compact_ranking.py: OK
/home/riomus/runs/sfora-so400-image-anchor-smooth-ap-train-source-v1/test_siglip2_compact_ranking.py: OK
/home/riomus/runs/sfora-so400-image-anchor-smooth-ap-train-source-v1/execution.json: OK
/home/riomus/runs/sfora-so400-image-anchor-smooth-ap-train-source-v1/authority-cpu-v1.json: OK
/home/riomus/runs/sfora-so400-smooth-ap-train-candidate-179061-v1/bundle/bundle.json: OK
/home/riomus/runs/sfora-so400-smooth-ap-train-candidate-179061-v1/receipt.json: OK
/home/riomus/runs/sfora-so400-smooth-ap-train-candidate-179061-v1/resume.pt: OK
/home/riomus/runs/sfora-so400-smooth-ap-train-source-v1/authority-train-candidate-179061-v1.json: OK
/home/riomus/runs/sfora-so400-smooth-ap-train-source-v1/execution.json: OK
/home/riomus/runs/sfora-so400-smooth-ap-train-source-v1/test_siglip2_compact_ranking.py: OK
/home/riomus/runs/sfora-so400-smooth-ap-train-source-v1/train-candidate-179061-v1.log: OK
/home/riomus/runs/sfora-so400-smooth-ap-train-source-v1/train_siglip2_compact_ranking.py: OK
{"event": "COMPACT_PHASE", "phase": "shared_source_preparation", "boundary": "begin", "seconds": 59.25426122592762}
{"event": "COMPACT_PHASE", "phase": "shared_source_preparation", "boundary": "end", "delta_seconds": 21.040098839905113, "seconds": 80.29436205001548}
{"event": "COMPACT_PHASE", "phase": "cache_target_preparation", "boundary": "begin", "seconds": 80.29439417785034}
{"event": "COMPACT_PHASE", "phase": "cache_target_preparation", "boundary": "end", "delta_seconds": 2.2937840302474797, "seconds": 82.58818159904331}
Compact-ranking rejected: complete payload identity differs
FINAL_CGROUP {"command_exit_status": 1, "invocation_id": "fb287e6026bb4b12bbf0faaf89b537ee", "path": "/sys/fs/cgroup/user.slice/user-1000.slice/user@1000.service/app.slice/sfora-so400-image-anchor-smooth-ap-cpu-v1.service", "values": {"memory.current": "837709824", "memory.events": "low 0\nhigh 0\nmax 0\noom 0\noom_kill 0\noom_group_kill 0", "memory.max": "8589934592", "memory.peak": "1516048384", "memory.stat": "anon 6004736\nfile 735035392\nkernel 94445568\nkernel_stack 65536\npagetables 331776\nsec_pagetables 0\npercpu 2112\nsock 0\nvmalloc 0\nshmem 0\nzswap 0\nzswapped 0\nfile_mapped 1097728\nfile_dirty 4096\nfile_writeback 0\nswapcached 0\nanon_thp 0\nfile_thp 0\nshmem_thp 0\ninactive_anon 0\nactive_anon 5836800\ninactive_file 178196480\nactive_file 556810240\nunevictable 0\nslab_reclaimable 93900896\nslab_unreclaimable 128888\nslab 94029784\nworkingset_refault_anon 0\nworkingset_refault_file 0\nworkingset_activate_anon 0\nworkingset_activate_file 0\nworkingset_restore_anon 0\nworkingset_restore_file 0\nworkingset_nodereclaim 0\npgdemote_kswapd 0\npgdemote_direct 0\npgdemote_khugepaged 0\npgdemote_proactive 0\npgpromote_success 0\npgscan 0\npgsteal 0\npswpin 0\npswpout 0\npgscan_kswapd 0\npgscan_direct 0\npgscan_khugepaged 0\npgscan_proactive 0\npgsteal_kswapd 0\npgsteal_direct 0\npgsteal_khugepaged 0\npgsteal_proactive 0\npgfault 206209\npgmajfault 5074\npgrefill 0\npgactivate 0\npgdeactivate 0\npglazyfree 0\npglazyfreed 0\nswpin_zero 0\nswpout_zero 0\nzswpin 0\nzswpout 0\nzswpwb 0\nthp_fault_alloc 133\nthp_collapse_alloc 0\nthp_swpout 0\nthp_swpout_fallback 0\nnuma_pages_migrated 0\nnuma_pte_updates 0\nnuma_hint_faults 0", "memory.swap.current": "0", "memory.swap.max": "0", "memory.swap.peak": "0"}}
Command exited with non-zero status 1
	Command being timed: "/bin/bash -c set -e; sudo -n /bin/sync; sudo -n /bin/sh -c "echo 3 > /proc/sys/vm/drop_caches"; exec /bin/bash /home/riomus/runs/sfora-so400-image-anchor-smooth-ap-train-source-v1/cpu-v1-command.sh"
	User time (seconds): 46.91
	System time (seconds): 9.14
	Percent of CPU this job got: 49%
	Elapsed (wall clock) time (h:mm:ss or m:ss): 1:52.95
	Average shared text size (kbytes): 0
	Average unshared data size (kbytes): 0
	Average stack size (kbytes): 0
	Average total size (kbytes): 0
	Maximum resident set size (kbytes): 1044656
	Average resident set size (kbytes): 0
	Major (requiring I/O) page faults: 5073
	Minor (reclaiming a frame) page faults: 200968
	Voluntary context switches: 283991
	Involuntary context switches: 463
	Swaps: 0
	File system inputs: 108264304
	File system outputs: 16
	Socket messages sent: 0
	Socket messages received: 0
	Signals delivered: 0
	Page size (bytes): 4096
	Exit status: 1
STOP_CGROUP {"exit_code": "exited", "exit_status": "1", "invocation_id": "fb287e6026bb4b12bbf0faaf89b537ee", "path": "/sys/fs/cgroup/user.slice/user-1000.slice/user@1000.service/app.slice/sfora-so400-image-anchor-smooth-ap-cpu-v1.service", "service_result": "exit-code", "values": {"memory.current": "837103616", "memory.events": "low 0\nhigh 0\nmax 0\noom 0\noom_kill 0\noom_group_kill 0", "memory.max": "8589934592", "memory.peak": "1516048384", "memory.stat": "anon 5279744\nfile 735035392\nkernel 94060544\nkernel_stack 0\npagetables 110592\nsec_pagetables 0\npercpu 2112\nsock 0\nvmalloc 0\nshmem 0\nzswap 0\nzswapped 0\nfile_mapped 1118208\nfile_dirty 4096\nfile_writeback 0\nswapcached 0\nanon_thp 0\nfile_thp 0\nshmem_thp 0\ninactive_anon 0\nactive_anon 5271552\ninactive_file 178196480\nactive_file 556810240\nunevictable 0\nslab_reclaimable 93907808\nslab_unreclaimable 33000\nslab 93940808\nworkingset_refault_anon 0\nworkingset_refault_file 0\nworkingset_activate_anon 0\nworkingset_activate_file 0\nworkingset_restore_anon 0\nworkingset_restore_file 0\nworkingset_nodereclaim 0\npgdemote_kswapd 0\npgdemote_direct 0\npgdemote_khugepaged 0\npgdemote_proactive 0\npgpromote_success 0\npgscan 0\npgsteal 0\npswpin 0\npswpout 0\npgscan_kswapd 0\npgscan_direct 0\npgscan_khugepaged 0\npgscan_proactive 0\npgsteal_kswapd 0\npgsteal_direct 0\npgsteal_khugepaged 0\npgsteal_proactive 0\npgfault 207689\npgmajfault 5074\npgrefill 0\npgactivate 0\npgdeactivate 0\npglazyfree 0\npglazyfreed 0\nswpin_zero 0\nswpout_zero 0\nzswpin 0\nzswpout 0\nzswpwb 0\nthp_fault_alloc 133\nthp_collapse_alloc 0\nthp_swpout 0\nthp_swpout_fallback 0\nnuma_pages_migrated 0\nnuma_pte_updates 0\nnuma_hint_faults 0", "memory.swap.current": "0", "memory.swap.max": "0", "memory.swap.peak": "0"}}
Finished with result: exit-code
Main processes terminated with: code=exited/status=1
Service runtime: 1min 53.006s
CPU time consumed: 56.091s
Memory peak: 1.4G
Memory swap peak: 0B
