/home/riomus/runs/sfora-so400-compact-ranking-train-source-v2/cpu-command.sh: OK
Running as unit: sfora-so400-compact-ranking-cpu-v2.service; invocation ID: be22b11215ec4d3a8292192a7f06a6fc
/home/riomus/runs/sfora-so400-nearest-ranking-train-source-v5/native-authority.json: OK
/home/riomus/runs/sfora-cudnn-wheel-provenance-v1/proof.json: OK
/home/riomus/runs/sfora-cudnn-wheel-provenance-source-v1/decision.json: OK
/home/riomus/runs/sfora-cudnn-wheel-provenance-source-v1/original.log: OK
/home/riomus/.local/share/uv/python/cpython-3.13.9-linux-aarch64-gnu/bin/python3.13: OK
/home/riomus/runs/sfora-native256-initialized-cpu-final-footer-v1.py: OK
/home/riomus/runs/sfora-native256-stop-cgroup-footer-v1.py: OK
/home/riomus/runs/sfora-so400-nearest-ranking-train-source-v5/authority-cpu-v5.json: OK
/home/riomus/runs/sfora-so400-nearest-ranking-train-source-v5/execution.json: OK
/home/riomus/runs/sfora-so400-nearest-ranking-train-source-v5/nearest_ranking_readout.py: OK
/home/riomus/runs/sfora-so400-nearest-ranking-train-source-v5/test_siglip2_nearest_ranking.py: OK
/home/riomus/runs/sfora-so400-nearest-ranking-train-source-v5/train_siglip2_nearest_ranking.py: OK
/home/riomus/runs/sfora-so400-signed-concat-fit-concat-v1/receipt.json: OK
/home/riomus/runs/sfora-so400-signed-concat-fit-concat-v1/resume.pt: OK
/home/riomus/runs/sfora-so400-signed-concat-fit-source-v2/authority-fit-concat-v1.json: OK
/home/riomus/runs/sfora-so400-signed-concat-fit-source-v2/execution.json: OK
/home/riomus/runs/sfora-so400-signed-concat-fit-source-v2/fit-concat-v1.log: OK
/home/riomus/runs/sfora-so400-signed-concat-fit-source-v2/fit_siglip2_prototype_residual.py: OK
/home/riomus/runs/sfora-so400-signed-concat-fit-source-v2/prototype_residual_readout.py: OK
/home/riomus/runs/sfora-so400-signed-concat-fit-source-v2/test_siglip2_prototype_residual.py: OK
/home/riomus/runs/sfora-so400-compact-ranking-train-source-v2/train_siglip2_compact_ranking.py: OK
/home/riomus/runs/sfora-so400-compact-ranking-train-source-v2/test_siglip2_compact_ranking.py: OK
/home/riomus/runs/sfora-so400-compact-ranking-train-source-v2/execution.json: OK
/home/riomus/runs/sfora-so400-compact-ranking-train-source-v2/authority-cpu-v2.json: OK
{"event": "COMPACT_PHASE", "phase": "shared_source_preparation", "boundary": "begin", "seconds": 57.703057531733066}
{"event": "COMPACT_PHASE", "phase": "shared_source_preparation", "boundary": "end", "delta_seconds": 23.25786136230454, "seconds": 80.96092129405588}
{"event": "COMPACT_PHASE", "phase": "cache_target_preparation", "boundary": "begin", "seconds": 80.9609674056992}
{"event": "COMPACT_PHASE", "phase": "cache_target_preparation", "boundary": "end", "delta_seconds": 2.3776687043718994, "seconds": 83.33863985398784}
{"event": "COMPACT_PHASE", "phase": "cpu_loss_falsifier", "boundary": "begin", "seconds": 93.91201011883095}
{"event": "COMPACT_PHASE", "phase": "cpu_loss_falsifier", "boundary": "end", "delta_seconds": 0.4084075391292572, "seconds": 94.32042049011216}
{"event": "COMPACT_PHASE", "phase": "save", "boundary": "begin", "seconds": 95.52932228101417}
{"event": "COMPACT_PHASE", "phase": "save", "boundary": "end", "delta_seconds": 0.3805786198936403, "seconds": 95.9099027570337}
{"event": "COMPACT_PHASE", "phase": "independent_reload", "boundary": "begin", "seconds": 96.00602550106123}
{"event": "COMPACT_PHASE", "phase": "independent_reload", "boundary": "end", "delta_seconds": 0.6830716887488961, "seconds": 96.6890998617746}
{"event": "COMPACT_PHASE", "phase": "cpu_loss_falsifier", "boundary": "begin", "seconds": 97.23725907411426}
{"event": "COMPACT_PHASE", "phase": "cpu_loss_falsifier", "boundary": "end", "delta_seconds": 0.3365877317264676, "seconds": 97.57384879002348}
{"event": "COMPACT_PHASE", "phase": "save", "boundary": "begin", "seconds": 98.75583042902872}
{"event": "COMPACT_PHASE", "phase": "save", "boundary": "end", "delta_seconds": 0.38187750708311796, "seconds": 99.13770996779203}
{"event": "COMPACT_PHASE", "phase": "independent_reload", "boundary": "begin", "seconds": 99.21082497900352}
{"event": "COMPACT_PHASE", "phase": "independent_reload", "boundary": "end", "delta_seconds": 0.6926020011305809, "seconds": 99.90342958783731}
{"event": "COMPACT_PHASE", "phase": "shared_bundle_preparation", "boundary": "begin", "seconds": 100.24956859275699}
{"event": "COMPACT_PHASE", "phase": "shared_bundle_preparation", "boundary": "end", "delta_seconds": 10.662019016221166, "seconds": 110.91158968908712}
{"event": "COMPACT_PHASE", "phase": "source_exit_rehash", "boundary": "begin", "seconds": 186.03254664270207}
{"event": "PROTOTYPE_PHASE", "phase": "old_exit_begin", "seconds": 198.79457270074636}
{"event": "QUADRATIC_PHASE", "phase": "exit_rehash", "delta_seconds": 22.02980285603553, "cumulative_seconds": 22.02980285603553}
{"event": "PROTOTYPE_PHASE", "phase": "old_exit_end", "seconds": 220.82578177098185}
{"event": "PROTOTYPE_PHASE", "phase": "own_union_begin", "seconds": 220.82580263493583}
{"event": "PROTOTYPE_PHASE", "phase": "own_union_end", "seconds": 237.74634583014995}
{"event": "PROTOTYPE_PHASE", "phase": "closure_begin", "seconds": 237.7463962128386}
{"event": "PROTOTYPE_PHASE", "phase": "closure_end", "seconds": 237.74844400584698}
{"event": "COMPACT_PHASE", "phase": "source_exit_rehash", "boundary": "end", "delta_seconds": 51.715906851459295, "seconds": 237.7484548217617}
{"event": "COMPACT_PHASE", "phase": "own_exit_rehash", "boundary": "begin", "seconds": 237.74846947798505}
{"event": "COMPACT_PHASE", "phase": "own_exit_rehash", "boundary": "end", "delta_seconds": 17.04151230212301, "seconds": 254.78998305974528}
{"schema": "siglip2-compact-ranking-v1", "phase": "cpu", "output": "/home/riomus/runs/sfora-so400-compact-ranking-cpu-v2"}
/home/riomus/runs/sfora-so400-nearest-ranking-train-source-v5/native-authority.json: OK
/home/riomus/runs/sfora-cudnn-wheel-provenance-v1/proof.json: OK
/home/riomus/runs/sfora-cudnn-wheel-provenance-source-v1/decision.json: OK
/home/riomus/runs/sfora-cudnn-wheel-provenance-source-v1/original.log: OK
/home/riomus/.local/share/uv/python/cpython-3.13.9-linux-aarch64-gnu/bin/python3.13: OK
/home/riomus/runs/sfora-native256-initialized-cpu-final-footer-v1.py: OK
/home/riomus/runs/sfora-native256-stop-cgroup-footer-v1.py: OK
/home/riomus/runs/sfora-so400-nearest-ranking-train-source-v5/authority-cpu-v5.json: OK
/home/riomus/runs/sfora-so400-nearest-ranking-train-source-v5/execution.json: OK
/home/riomus/runs/sfora-so400-nearest-ranking-train-source-v5/nearest_ranking_readout.py: OK
/home/riomus/runs/sfora-so400-nearest-ranking-train-source-v5/test_siglip2_nearest_ranking.py: OK
/home/riomus/runs/sfora-so400-nearest-ranking-train-source-v5/train_siglip2_nearest_ranking.py: OK
/home/riomus/runs/sfora-so400-signed-concat-fit-concat-v1/receipt.json: OK
/home/riomus/runs/sfora-so400-signed-concat-fit-concat-v1/resume.pt: OK
/home/riomus/runs/sfora-so400-signed-concat-fit-source-v2/authority-fit-concat-v1.json: OK
/home/riomus/runs/sfora-so400-signed-concat-fit-source-v2/execution.json: OK
/home/riomus/runs/sfora-so400-signed-concat-fit-source-v2/fit-concat-v1.log: OK
/home/riomus/runs/sfora-so400-signed-concat-fit-source-v2/fit_siglip2_prototype_residual.py: OK
/home/riomus/runs/sfora-so400-signed-concat-fit-source-v2/prototype_residual_readout.py: OK
/home/riomus/runs/sfora-so400-signed-concat-fit-source-v2/test_siglip2_prototype_residual.py: OK
/home/riomus/runs/sfora-so400-compact-ranking-train-source-v2/train_siglip2_compact_ranking.py: OK
/home/riomus/runs/sfora-so400-compact-ranking-train-source-v2/test_siglip2_compact_ranking.py: OK
/home/riomus/runs/sfora-so400-compact-ranking-train-source-v2/execution.json: OK
/home/riomus/runs/sfora-so400-compact-ranking-train-source-v2/authority-cpu-v2.json: OK
FINAL_CGROUP {"command_exit_status": 0, "invocation_id": "be22b11215ec4d3a8292192a7f06a6fc", "path": "/sys/fs/cgroup/user.slice/user-1000.slice/user@1000.service/app.slice/sfora-so400-compact-ranking-cpu-v2.service", "values": {"memory.current": "931094528", "memory.events": "low 0\nhigh 0\nmax 0\noom 0\noom_kill 0\noom_group_kill 0", "memory.max": "8589934592", "memory.peak": "8359440384", "memory.stat": "anon 5996544\nfile 825696256\nkernel 98795520\nkernel_stack 65536\npagetables 389120\nsec_pagetables 0\npercpu 2112\nsock 0\nvmalloc 0\nshmem 0\nzswap 0\nzswapped 0\nfile_mapped 0\nfile_dirty 20480\nfile_writeback 0\nswapcached 0\nanon_thp 0\nfile_thp 2097152\nshmem_thp 0\ninactive_anon 0\nactive_anon 5844992\ninactive_file 313688064\nactive_file 512008192\nunevictable 0\nslab_reclaimable 98189872\nslab_unreclaimable 121848\nslab 98311720\nworkingset_refault_anon 0\nworkingset_refault_file 0\nworkingset_activate_anon 0\nworkingset_activate_file 0\nworkingset_restore_anon 0\nworkingset_restore_file 0\nworkingset_nodereclaim 0\npgdemote_kswapd 0\npgdemote_direct 0\npgdemote_khugepaged 0\npgdemote_proactive 0\npgpromote_success 0\npgscan 0\npgsteal 0\npswpin 0\npswpout 0\npgscan_kswapd 0\npgscan_direct 0\npgscan_khugepaged 0\npgscan_proactive 0\npgsteal_kswapd 0\npgsteal_direct 0\npgsteal_khugepaged 0\npgsteal_proactive 0\npgfault 3083226\npgmajfault 11722\npgrefill 0\npgactivate 0\npgdeactivate 0\npglazyfree 0\npglazyfreed 0\nswpin_zero 0\nswpout_zero 0\nzswpin 0\nzswpout 0\nzswpwb 0\nthp_fault_alloc 1409\nthp_collapse_alloc 7\nthp_swpout 0\nthp_swpout_fallback 0\nnuma_pages_migrated 0\nnuma_pte_updates 0\nnuma_hint_faults 0", "memory.swap.current": "0", "memory.swap.max": "0", "memory.swap.peak": "0"}}
	Command being timed: "/bin/bash -c set -e; sudo -n /bin/sync; sudo -n /bin/sh -c "echo 3 > /proc/sys/vm/drop_caches"; exec /bin/bash /home/riomus/runs/sfora-so400-compact-ranking-train-source-v2/cpu-command.sh"
	User time (seconds): 117.22
	System time (seconds): 25.75
	Percent of CPU this job got: 53%
	Elapsed (wall clock) time (h:mm:ss or m:ss): 4:28.67
	Average shared text size (kbytes): 0
	Average unshared data size (kbytes): 0
	Average stack size (kbytes): 0
	Average total size (kbytes): 0
	Maximum resident set size (kbytes): 5815444
	Average resident set size (kbytes): 0
	Major (requiring I/O) page faults: 11722
	Minor (reclaiming a frame) page faults: 3071337
	Voluntary context switches: 710843
	Involuntary context switches: 999
	Swaps: 0
	File system inputs: 271092896
	File system outputs: 3621040
	Socket messages sent: 0
	Socket messages received: 0
	Signals delivered: 0
	Page size (bytes): 4096
	Exit status: 0
STOP_CGROUP {"exit_code": "exited", "exit_status": "0", "invocation_id": "be22b11215ec4d3a8292192a7f06a6fc", "path": "/sys/fs/cgroup/user.slice/user-1000.slice/user@1000.service/app.slice/sfora-so400-compact-ranking-cpu-v2.service", "service_result": "success", "values": {"memory.current": "930750464", "memory.events": "low 0\nhigh 0\nmax 0\noom 0\noom_kill 0\noom_group_kill 0", "memory.max": "8589934592", "memory.peak": "8359440384", "memory.stat": "anon 5406720\nfile 825700352\nkernel 98344960\nkernel_stack 0\npagetables 98304\nsec_pagetables 0\npercpu 1408\nsock 0\nvmalloc 0\nshmem 0\nzswap 0\nzswapped 0\nfile_mapped 0\nfile_dirty 24576\nfile_writeback 0\nswapcached 0\nanon_thp 0\nfile_thp 2097152\nshmem_thp 0\ninactive_anon 0\nactive_anon 5332992\ninactive_file 313688064\nactive_file 512008192\nunevictable 0\nslab_reclaimable 98193216\nslab_unreclaimable 28592\nslab 98221808\nworkingset_refault_anon 0\nworkingset_refault_file 0\nworkingset_activate_anon 0\nworkingset_activate_file 0\nworkingset_restore_anon 0\nworkingset_restore_file 0\nworkingset_nodereclaim 0\npgdemote_kswapd 0\npgdemote_direct 0\npgdemote_khugepaged 0\npgdemote_proactive 0\npgpromote_success 0\npgscan 0\npgsteal 0\npswpin 0\npswpout 0\npgscan_kswapd 0\npgscan_direct 0\npgscan_khugepaged 0\npgscan_proactive 0\npgsteal_kswapd 0\npgsteal_direct 0\npgsteal_khugepaged 0\npgsteal_proactive 0\npgfault 3084742\npgmajfault 11722\npgrefill 0\npgactivate 0\npgdeactivate 0\npglazyfree 0\npglazyfreed 0\nswpin_zero 0\nswpout_zero 0\nzswpin 0\nzswpout 0\nzswpwb 0\nthp_fault_alloc 1409\nthp_collapse_alloc 7\nthp_swpout 0\nthp_swpout_fallback 0\nnuma_pages_migrated 0\nnuma_pte_updates 0\nnuma_hint_faults 0", "memory.swap.current": "0", "memory.swap.max": "0", "memory.swap.peak": "0"}}
Finished with result: success
Main processes terminated with: code=exited/status=0
Service runtime: 4min 28.727s
CPU time consumed: 2min 23.002s
Memory peak: 7.7G
Memory swap peak: 0B
