/home/riomus/runs/sfora-so400-compact-ranking-train-source-v7/cpu-v8-command.sh: OK
Running as unit: sfora-so400-compact-ranking-cpu-v8.service; invocation ID: 6b2fb25709dd496d9b63af5c66e5c2af
/home/riomus/runs/sfora-so400-nearest-ranking-train-source-v5/native-authority.json: OK
/home/riomus/runs/sfora-cudnn-wheel-provenance-v1/proof.json: OK
/home/riomus/runs/sfora-cudnn-wheel-provenance-source-v1/decision.json: OK
/home/riomus/runs/sfora-cudnn-wheel-provenance-source-v1/original.log: OK
/home/riomus/.local/share/uv/python/cpython-3.13.9-linux-aarch64-gnu/bin/python3.13: OK
/home/riomus/runs/sfora-native256-initialized-cpu-final-footer-v1.py: OK
/home/riomus/runs/sfora-native256-stop-cgroup-footer-v1.py: OK
/home/riomus/runs/sfora-so400-nearest-ranking-train-source-v5/authority-cpu-v5.json: OK
/home/riomus/runs/sfora-so400-nearest-ranking-train-source-v5/execution.json: OK
/home/riomus/runs/sfora-so400-nearest-ranking-train-source-v5/nearest_ranking_readout.py: OK
/home/riomus/runs/sfora-so400-nearest-ranking-train-source-v5/test_siglip2_nearest_ranking.py: OK
/home/riomus/runs/sfora-so400-nearest-ranking-train-source-v5/train_siglip2_nearest_ranking.py: OK
/home/riomus/runs/sfora-so400-signed-concat-fit-concat-v1/receipt.json: OK
/home/riomus/runs/sfora-so400-signed-concat-fit-concat-v1/resume.pt: OK
/home/riomus/runs/sfora-so400-signed-concat-fit-source-v2/authority-fit-concat-v1.json: OK
/home/riomus/runs/sfora-so400-signed-concat-fit-source-v2/execution.json: OK
/home/riomus/runs/sfora-so400-signed-concat-fit-source-v2/fit-concat-v1.log: OK
/home/riomus/runs/sfora-so400-signed-concat-fit-source-v2/fit_siglip2_prototype_residual.py: OK
/home/riomus/runs/sfora-so400-signed-concat-fit-source-v2/prototype_residual_readout.py: OK
/home/riomus/runs/sfora-so400-signed-concat-fit-source-v2/test_siglip2_prototype_residual.py: OK
/home/riomus/runs/sfora-so400-compact-ranking-train-source-v7/train_siglip2_compact_ranking.py: OK
/home/riomus/runs/sfora-so400-compact-ranking-train-source-v7/test_siglip2_compact_ranking.py: OK
/home/riomus/runs/sfora-so400-compact-ranking-train-source-v7/execution.json: OK
/home/riomus/runs/sfora-so400-compact-ranking-train-source-v7/authority-cpu-v7.json: OK
{"event": "COMPACT_PHASE", "phase": "shared_source_preparation", "boundary": "begin", "seconds": 60.0561526552774}
{"event": "COMPACT_PHASE", "phase": "shared_source_preparation", "boundary": "end", "delta_seconds": 18.713777362834662, "seconds": 78.76993237016723}
{"event": "COMPACT_PHASE", "phase": "cache_target_preparation", "boundary": "begin", "seconds": 78.76997533021495}
{"event": "COMPACT_PHASE", "phase": "cache_target_preparation", "boundary": "end", "delta_seconds": 2.187450736761093, "seconds": 80.9574297950603}
{"event": "COMPACT_PHASE", "phase": "cpu_loss_falsifier", "boundary": "begin", "seconds": 87.70861395215616}
{"event": "COMPACT_PHASE", "phase": "cpu_loss_falsifier", "boundary": "end", "delta_seconds": 0.4481496890075505, "seconds": 88.15676621720195}
{"event": "COMPACT_PHASE", "phase": "save", "boundary": "begin", "seconds": 89.4428654932417}
{"event": "COMPACT_PHASE", "phase": "save", "boundary": "end", "delta_seconds": 0.5214004670269787, "seconds": 89.96426842408255}
{"event": "COMPACT_PHASE", "phase": "independent_reload", "boundary": "begin", "seconds": 90.08161080488935}
{"event": "COMPACT_PHASE", "phase": "independent_reload", "boundary": "end", "delta_seconds": 0.8504190114326775, "seconds": 90.93203263217583}
{"event": "COMPACT_PHASE", "phase": "cpu_loss_falsifier", "boundary": "begin", "seconds": 91.56169774290174}
{"event": "COMPACT_PHASE", "phase": "cpu_loss_falsifier", "boundary": "end", "delta_seconds": 0.3627515654079616, "seconds": 91.92445175629109}
{"event": "COMPACT_PHASE", "phase": "save", "boundary": "begin", "seconds": 93.21281368192285}
{"event": "COMPACT_PHASE", "phase": "save", "boundary": "end", "delta_seconds": 0.39470359729602933, "seconds": 93.60751958331093}
{"event": "COMPACT_PHASE", "phase": "independent_reload", "boundary": "begin", "seconds": 93.68907222896814}
{"event": "COMPACT_PHASE", "phase": "independent_reload", "boundary": "end", "delta_seconds": 0.7043207171373069, "seconds": 94.39339606603608}
{"event": "COMPACT_PHASE", "phase": "shared_bundle_preparation", "boundary": "begin", "seconds": 94.77845067996532}
{"event": "COMPACT_PHASE", "phase": "shared_bundle_preparation", "boundary": "end", "delta_seconds": 12.269399002194405, "seconds": 107.04785142606124}
{"event": "COMPACT_PHASE", "phase": "cpu_bundle_qualification", "boundary": "begin", "seconds": 107.04790765000507}
{"event": "COMPACT_PHASE", "phase": "bundle_image_loading", "boundary": "begin", "seconds": 107.04795352229849}
{"event": "COMPACT_PHASE", "phase": "bundle_image_loading", "boundary": "end", "delta_seconds": 0.006693759001791477, "seconds": 107.05464835325256}
{"event": "COMPACT_PHASE", "phase": "bundle_loader_authentication", "boundary": "begin", "seconds": 107.05467016110197}
{"event": "COMPACT_PHASE", "phase": "bundle_loader_authentication", "boundary": "end", "delta_seconds": 1.2764915549196303, "seconds": 108.33116349205375}
{"event": "COMPACT_PHASE", "phase": "bundle_dependency_denial", "boundary": "begin", "seconds": 108.33120968425646}
{"event": "COMPACT_PHASE", "phase": "bundle_loader", "boundary": "begin", "seconds": 108.64413186814636}
{"event": "COMPACT_PHASE", "phase": "bundle_loader", "boundary": "end", "delta_seconds": 14.691990066785365, "seconds": 123.33612510329112}
{"event": "COMPACT_PHASE", "phase": "bundle_native_forward", "boundary": "begin", "seconds": 123.33620731113479}
{"event": "COMPACT_PHASE", "phase": "bundle_native_forward", "boundary": "end", "delta_seconds": 1.4217726029455662, "seconds": 124.75798279419541}
{"event": "COMPACT_PHASE", "phase": "bundle_dependency_denial", "boundary": "end", "delta_seconds": 16.426866949070245, "seconds": 124.75807700119913}
{"event": "COMPACT_PHASE", "phase": "bundle_oracle", "boundary": "begin", "seconds": 124.75808818498626}
{"event": "COMPACT_PHASE", "phase": "bundle_oracle", "boundary": "end", "delta_seconds": 1.2385800331830978, "seconds": 125.99667020188645}
{"event": "COMPACT_PHASE", "phase": "bundle_release", "boundary": "begin", "seconds": 125.99671639408916}
{"event": "COMPACT_PHASE", "phase": "bundle_release", "boundary": "end", "delta_seconds": 0.11415066104382277, "seconds": 126.11086942302063}
{"event": "COMPACT_PHASE", "phase": "bundle_loader_authentication", "boundary": "begin", "seconds": 126.11093710316345}
{"event": "COMPACT_PHASE", "phase": "bundle_loader_authentication", "boundary": "end", "delta_seconds": 1.2573607699014246, "seconds": 127.36829964909703}
{"event": "COMPACT_PHASE", "phase": "bundle_dependency_denial", "boundary": "begin", "seconds": 127.36833680095151}
{"event": "COMPACT_PHASE", "phase": "bundle_loader", "boundary": "begin", "seconds": 127.6418307791464}
{"event": "COMPACT_PHASE", "phase": "bundle_loader", "boundary": "end", "delta_seconds": 11.733650024980307, "seconds": 139.37548390822485}
{"event": "COMPACT_PHASE", "phase": "bundle_native_forward", "boundary": "begin", "seconds": 139.3755660681054}
{"event": "COMPACT_PHASE", "phase": "bundle_native_forward", "boundary": "end", "delta_seconds": 1.3890532432124019, "seconds": 140.76462228689343}
{"event": "COMPACT_PHASE", "phase": "bundle_dependency_denial", "boundary": "end", "delta_seconds": 13.39692814135924, "seconds": 140.76526554999873}
{"event": "COMPACT_PHASE", "phase": "bundle_oracle", "boundary": "begin", "seconds": 140.7652790863067}
{"event": "COMPACT_PHASE", "phase": "bundle_oracle", "boundary": "end", "delta_seconds": 1.3077187086455524, "seconds": 142.07300006691366}
{"event": "COMPACT_PHASE", "phase": "bundle_release", "boundary": "begin", "seconds": 142.07304929895326}
{"event": "COMPACT_PHASE", "phase": "bundle_release", "boundary": "end", "delta_seconds": 0.11425544414669275, "seconds": 142.18730754312128}
{"event": "COMPACT_PHASE", "phase": "cpu_bundle_qualification", "boundary": "end", "delta_seconds": 35.139603845309466, "seconds": 142.18751247087494}
{"event": "COMPACT_PHASE", "phase": "post_run_api_authentication", "boundary": "begin", "seconds": 142.18983032088727}
{"event": "COMPACT_PHASE", "phase": "post_run_api_authentication", "boundary": "end", "delta_seconds": 0.5463779252022505, "seconds": 142.73621007008478}
{"event": "COMPACT_PHASE", "phase": "post_run_origin_audit", "boundary": "begin", "seconds": 142.7362463902682}
{"event": "COMPACT_PHASE", "phase": "post_run_origin_audit", "boundary": "end", "delta_seconds": 6.616612360812724, "seconds": 149.35286164702848}
{"event": "COMPACT_PHASE", "phase": "origin_guard_promotion", "boundary": "begin", "seconds": 149.35291559901088}
{"event": "COMPACT_PHASE", "phase": "origin_guard_promotion", "boundary": "end", "delta_seconds": 0.03827689727768302, "seconds": 149.39119356824085}
{"event": "COMPACT_PHASE", "phase": "source_exit_rehash", "boundary": "begin", "seconds": 149.39127867203206}
{"event": "PROTOTYPE_PHASE", "phase": "old_exit_begin", "seconds": 157.69302557315677}
{"event": "QUADRATIC_PHASE", "phase": "exit_rehash", "delta_seconds": 16.401784013956785, "cumulative_seconds": 16.401784013956785}
{"event": "PROTOTYPE_PHASE", "phase": "old_exit_end", "seconds": 174.0950251389295}
{"event": "PROTOTYPE_PHASE", "phase": "own_union_begin", "seconds": 174.09503910690546}
{"event": "PROTOTYPE_PHASE", "phase": "own_union_end", "seconds": 174.56040641618893}
{"event": "PROTOTYPE_PHASE", "phase": "closure_begin", "seconds": 174.56044572824612}
{"event": "PROTOTYPE_PHASE", "phase": "closure_end", "seconds": 174.56175161292776}
{"event": "COMPACT_PHASE", "phase": "source_exit_rehash", "boundary": "end", "delta_seconds": 25.17062673298642, "seconds": 174.5619064932689}
{"event": "COMPACT_PHASE", "phase": "own_exit_rehash", "boundary": "begin", "seconds": 174.561920940876}
{"event": "COMPACT_PHASE", "phase": "own_exit_rehash", "boundary": "end", "delta_seconds": 2.820403821300715, "seconds": 177.3823259943165}
{"event": "COMPACT_PHASE", "phase": "post_exit_api_authentication", "boundary": "begin", "seconds": 177.38367642322555}
{"event": "COMPACT_PHASE", "phase": "post_exit_api_authentication", "boundary": "end", "delta_seconds": 0.7202612697146833, "seconds": 178.10393948527053}
{"event": "COMPACT_PHASE", "phase": "post_exit_origin_audit", "boundary": "begin", "seconds": 178.10397041309625}
{"event": "COMPACT_PHASE", "phase": "post_exit_origin_audit", "boundary": "end", "delta_seconds": 6.677366305142641, "seconds": 184.78133967798203}
{"schema": "siglip2-compact-ranking-v1", "phase": "cpu", "output": "/home/riomus/runs/sfora-so400-compact-ranking-cpu-v8"}
/home/riomus/runs/sfora-so400-nearest-ranking-train-source-v5/native-authority.json: OK
/home/riomus/runs/sfora-cudnn-wheel-provenance-v1/proof.json: OK
/home/riomus/runs/sfora-cudnn-wheel-provenance-source-v1/decision.json: OK
/home/riomus/runs/sfora-cudnn-wheel-provenance-source-v1/original.log: OK
/home/riomus/.local/share/uv/python/cpython-3.13.9-linux-aarch64-gnu/bin/python3.13: OK
/home/riomus/runs/sfora-native256-initialized-cpu-final-footer-v1.py: OK
/home/riomus/runs/sfora-native256-stop-cgroup-footer-v1.py: OK
/home/riomus/runs/sfora-so400-nearest-ranking-train-source-v5/authority-cpu-v5.json: OK
/home/riomus/runs/sfora-so400-nearest-ranking-train-source-v5/execution.json: OK
/home/riomus/runs/sfora-so400-nearest-ranking-train-source-v5/nearest_ranking_readout.py: OK
/home/riomus/runs/sfora-so400-nearest-ranking-train-source-v5/test_siglip2_nearest_ranking.py: OK
/home/riomus/runs/sfora-so400-nearest-ranking-train-source-v5/train_siglip2_nearest_ranking.py: OK
/home/riomus/runs/sfora-so400-signed-concat-fit-concat-v1/receipt.json: OK
/home/riomus/runs/sfora-so400-signed-concat-fit-concat-v1/resume.pt: OK
/home/riomus/runs/sfora-so400-signed-concat-fit-source-v2/authority-fit-concat-v1.json: OK
/home/riomus/runs/sfora-so400-signed-concat-fit-source-v2/execution.json: OK
/home/riomus/runs/sfora-so400-signed-concat-fit-source-v2/fit-concat-v1.log: OK
/home/riomus/runs/sfora-so400-signed-concat-fit-source-v2/fit_siglip2_prototype_residual.py: OK
/home/riomus/runs/sfora-so400-signed-concat-fit-source-v2/prototype_residual_readout.py: OK
/home/riomus/runs/sfora-so400-signed-concat-fit-source-v2/test_siglip2_prototype_residual.py: OK
/home/riomus/runs/sfora-so400-compact-ranking-train-source-v7/train_siglip2_compact_ranking.py: OK
/home/riomus/runs/sfora-so400-compact-ranking-train-source-v7/test_siglip2_compact_ranking.py: OK
/home/riomus/runs/sfora-so400-compact-ranking-train-source-v7/execution.json: OK
/home/riomus/runs/sfora-so400-compact-ranking-train-source-v7/authority-cpu-v7.json: OK
FINAL_CGROUP {"command_exit_status": 0, "invocation_id": "6b2fb25709dd496d9b63af5c66e5c2af", "path": "/sys/fs/cgroup/user.slice/user-1000.slice/user@1000.service/app.slice/sfora-so400-compact-ranking-cpu-v8.service", "values": {"memory.current": "932069376", "memory.events": "low 0\nhigh 0\nmax 0\noom 0\noom_kill 0\noom_group_kill 0", "memory.max": "8589934592", "memory.peak": "8372355072", "memory.stat": "anon 6000640\nfile 825753600\nkernel 98791424\nkernel_stack 65536\npagetables 401408\nsec_pagetables 0\npercpu 2112\nsock 0\nvmalloc 0\nshmem 0\nzswap 0\nzswapped 0\nfile_mapped 0\nfile_dirty 16384\nfile_writeback 0\nswapcached 0\nanon_thp 0\nfile_thp 2097152\nshmem_thp 0\ninactive_anon 0\nactive_anon 5873664\ninactive_file 313745408\nactive_file 512008192\nunevictable 0\nslab_reclaimable 98172864\nslab_unreclaimable 120888\nslab 98293752\nworkingset_refault_anon 0\nworkingset_refault_file 0\nworkingset_activate_anon 0\nworkingset_activate_file 0\nworkingset_restore_anon 0\nworkingset_restore_file 0\nworkingset_nodereclaim 0\npgdemote_kswapd 0\npgdemote_direct 0\npgdemote_khugepaged 0\npgdemote_proactive 0\npgpromote_success 0\npgscan 0\npgsteal 0\npswpin 0\npswpout 0\npgscan_kswapd 0\npgscan_direct 0\npgscan_khugepaged 0\npgscan_proactive 0\npgsteal_kswapd 0\npgsteal_direct 0\npgsteal_khugepaged 0\npgsteal_proactive 0\npgfault 3092259\npgmajfault 11726\npgrefill 0\npgactivate 0\npgdeactivate 0\npglazyfree 0\npglazyfreed 0\nswpin_zero 0\nswpout_zero 0\nzswpin 0\nzswpout 0\nzswpwb 0\nthp_fault_alloc 1422\nthp_collapse_alloc 5\nthp_swpout 0\nthp_swpout_fallback 0\nnuma_pages_migrated 0\nnuma_pte_updates 0\nnuma_hint_faults 0", "memory.swap.current": "0", "memory.swap.max": "0", "memory.swap.peak": "0"}}
	Command being timed: "/bin/bash -c set -e; sudo -n /bin/sync; sudo -n /bin/sh -c "echo 3 > /proc/sys/vm/drop_caches"; exec /bin/bash /home/riomus/runs/sfora-so400-compact-ranking-train-source-v7/cpu-v8-command.sh"
	User time (seconds): 98.95
	System time (seconds): 23.44
	Percent of CPU this job got: 65%
	Elapsed (wall clock) time (h:mm:ss or m:ss): 3:06.66
	Average shared text size (kbytes): 0
	Average unshared data size (kbytes): 0
	Average stack size (kbytes): 0
	Average total size (kbytes): 0
	Maximum resident set size (kbytes): 5819032
	Average resident set size (kbytes): 0
	Major (requiring I/O) page faults: 11726
	Minor (reclaiming a frame) page faults: 3080366
	Voluntary context switches: 547736
	Involuntary context switches: 1061
	Swaps: 0
	File system inputs: 186364704
	File system outputs: 3621200
	Socket messages sent: 0
	Socket messages received: 0
	Signals delivered: 0
	Page size (bytes): 4096
	Exit status: 0
STOP_CGROUP {"exit_code": "exited", "exit_status": "0", "invocation_id": "6b2fb25709dd496d9b63af5c66e5c2af", "path": "/sys/fs/cgroup/user.slice/user-1000.slice/user@1000.service/app.slice/sfora-so400-compact-ranking-cpu-v8.service", "service_result": "success", "values": {"memory.current": "930893824", "memory.events": "low 0\nhigh 0\nmax 0\noom 0\noom_kill 0\noom_group_kill 0", "memory.max": "8589934592", "memory.peak": "8372355072", "memory.stat": "anon 5414912\nfile 825753600\nkernel 98357248\nkernel_stack 0\npagetables 102400\nsec_pagetables 0\npercpu 1408\nsock 0\nvmalloc 0\nshmem 0\nzswap 0\nzswapped 0\nfile_mapped 0\nfile_dirty 16384\nfile_writeback 0\nswapcached 0\nanon_thp 0\nfile_thp 2097152\nshmem_thp 0\ninactive_anon 0\nactive_anon 5386240\ninactive_file 313745408\nactive_file 512008192\nunevictable 0\nslab_reclaimable 98173776\nslab_unreclaimable 57592\nslab 98231368\nworkingset_refault_anon 0\nworkingset_refault_file 0\nworkingset_activate_anon 0\nworkingset_activate_file 0\nworkingset_restore_anon 0\nworkingset_restore_file 0\nworkingset_nodereclaim 0\npgdemote_kswapd 0\npgdemote_direct 0\npgdemote_khugepaged 0\npgdemote_proactive 0\npgpromote_success 0\npgscan 0\npgsteal 0\npswpin 0\npswpout 0\npgscan_kswapd 0\npgscan_direct 0\npgscan_khugepaged 0\npgscan_proactive 0\npgsteal_kswapd 0\npgsteal_direct 0\npgsteal_khugepaged 0\npgsteal_proactive 0\npgfault 3093776\npgmajfault 11726\npgrefill 0\npgactivate 0\npgdeactivate 0\npglazyfree 0\npglazyfreed 0\nswpin_zero 0\nswpout_zero 0\nzswpin 0\nzswpout 0\nzswpwb 0\nthp_fault_alloc 1422\nthp_collapse_alloc 5\nthp_swpout 0\nthp_swpout_fallback 0\nnuma_pages_migrated 0\nnuma_pte_updates 0\nnuma_hint_faults 0", "memory.swap.current": "0", "memory.swap.max": "0", "memory.swap.peak": "0"}}
Finished with result: success
Main processes terminated with: code=exited/status=0
Service runtime: 3min 6.702s
CPU time consumed: 2min 2.427s
Memory peak: 7.7G
Memory swap peak: 0B
