/home/riomus/runs/sfora-connected-probe-installed-control-serving-source-v1/command.sh: OK
Running as unit: sfora-connected-probe-installed-control-serving-diagnostic-v1.service; invocation ID: cddb55d04747481a8afc6822d46fcb67
/home/riomus/.local/share/uv/python/cpython-3.13.9-linux-aarch64-gnu/bin/python3.13: OK
/home/riomus/runs/sfora-connected-control-serving-native-authority-v5/native-authority.json: OK
/home/riomus/runs/sfora-connected-probe-evaluation-source-v1/authority-export-control-179061-v1.json: OK
/home/riomus/runs/sfora-connected-probe-installed-control-serving-source-v1/authority.json: OK
/home/riomus/runs/sfora-connected-probe-installed-control-serving-source-v1/connected_control_native_authority.py: OK
/home/riomus/runs/sfora-connected-probe-installed-control-serving-source-v1/observe_connected_serving.py: OK
/home/riomus/runs/sfora-connected-probe-installed-control-serving-source-v1/qualify_connected_probe_serving.py: OK
/home/riomus/runs/sfora-connected-probe-installed-control-serving-source-v1/qualify_connected_serving_requests.py: OK
/home/riomus/runs/sfora-connected-probe-installed-control-serving-source-v1/test_connected_probe_serving.py: OK
/home/riomus/runs/sfora-connected-probe-installed-control-serving-source-v1/test_connected_serving_requests.py: OK
/home/riomus/runs/sfora-connected-probe-installed-control-serving-source-v1/test_observe_connected_serving.py: OK
/home/riomus/runs/sfora-connected-probe-installed-serving-wheel-v1/site-packages/sfora-0.3.0rc4.dist-info/INSTALLER: OK
/home/riomus/runs/sfora-connected-probe-installed-serving-wheel-v1/site-packages/sfora-0.3.0rc4.dist-info/METADATA: OK
/home/riomus/runs/sfora-connected-probe-installed-serving-wheel-v1/site-packages/sfora-0.3.0rc4.dist-info/RECORD: OK
/home/riomus/runs/sfora-connected-probe-installed-serving-wheel-v1/site-packages/sfora-0.3.0rc4.dist-info/REQUESTED: OK
/home/riomus/runs/sfora-connected-probe-installed-serving-wheel-v1/site-packages/sfora-0.3.0rc4.dist-info/WHEEL: OK
/home/riomus/runs/sfora-connected-probe-installed-serving-wheel-v1/site-packages/sfora-0.3.0rc4.dist-info/direct_url.json: OK
/home/riomus/runs/sfora-connected-probe-installed-serving-wheel-v1/site-packages/sfora-0.3.0rc4.dist-info/entry_points.txt: OK
/home/riomus/runs/sfora-connected-probe-installed-serving-wheel-v1/site-packages/sfora-0.3.0rc4.dist-info/uv_cache.json: OK
/home/riomus/runs/sfora-connected-probe-installed-serving-wheel-v1/site-packages/sfora/__init__.py: OK
/home/riomus/runs/sfora-connected-probe-installed-serving-wheel-v1/site-packages/sfora/_connected_inference_authority.py: OK
/home/riomus/runs/sfora-connected-probe-installed-serving-wheel-v1/site-packages/sfora/_connected_probe_inference_authority.py: OK
/home/riomus/runs/sfora-connected-probe-installed-serving-wheel-v1/site-packages/sfora/_native/factorized_residual_ann.c: OK
/home/riomus/runs/sfora-connected-probe-installed-serving-wheel-v1/site-packages/sfora/ablation.py: OK
/home/riomus/runs/sfora-connected-probe-installed-serving-wheel-v1/site-packages/sfora/additive_quantization.py: OK
/home/riomus/runs/sfora-connected-probe-installed-serving-wheel-v1/site-packages/sfora/amortized_local_scale.py: OK
/home/riomus/runs/sfora-connected-probe-installed-serving-wheel-v1/site-packages/sfora/api.py: OK
/home/riomus/runs/sfora-connected-probe-installed-serving-wheel-v1/site-packages/sfora/arcg.py: OK
/home/riomus/runs/sfora-connected-probe-installed-serving-wheel-v1/site-packages/sfora/asymmetric_cohort_residual.py: OK
/home/riomus/runs/sfora-connected-probe-installed-serving-wheel-v1/site-packages/sfora/atomic_publication.py: OK
/home/riomus/runs/sfora-connected-probe-installed-serving-wheel-v1/site-packages/sfora/benchmark.py: OK
/home/riomus/runs/sfora-connected-probe-installed-serving-wheel-v1/site-packages/sfora/bn_inception.py: OK
/home/riomus/runs/sfora-connected-probe-installed-serving-wheel-v1/site-packages/sfora/cadr.py: OK
/home/riomus/runs/sfora-connected-probe-installed-serving-wheel-v1/site-packages/sfora/calibrated_tail_moment.py: OK
/home/riomus/runs/sfora-connected-probe-installed-serving-wheel-v1/site-packages/sfora/calibrated_tail_moment_io.py: OK
/home/riomus/runs/sfora-connected-probe-installed-serving-wheel-v1/site-packages/sfora/catalog.py: OK
/home/riomus/runs/sfora-connected-probe-installed-serving-wheel-v1/site-packages/sfora/cea.py: OK
/home/riomus/runs/sfora-connected-probe-installed-serving-wheel-v1/site-packages/sfora/cem.py: OK
/home/riomus/runs/sfora-connected-probe-installed-serving-wheel-v1/site-packages/sfora/cli.py: OK
/home/riomus/runs/sfora-connected-probe-installed-serving-wheel-v1/site-packages/sfora/compact_metric.py: OK
/home/riomus/runs/sfora-connected-probe-installed-serving-wheel-v1/site-packages/sfora/compose.py: OK
/home/riomus/runs/sfora-connected-probe-installed-serving-wheel-v1/site-packages/sfora/connected_compact_serving.py: OK
/home/riomus/runs/sfora-connected-probe-installed-serving-wheel-v1/site-packages/sfora/connected_inference.py: OK
/home/riomus/runs/sfora-connected-probe-installed-serving-wheel-v1/site-packages/sfora/connected_probe_inference.py: OK
/home/riomus/runs/sfora-connected-probe-installed-serving-wheel-v1/site-packages/sfora/cuda_authority.py: OK
/home/riomus/runs/sfora-connected-probe-installed-serving-wheel-v1/site-packages/sfora/cutile_int8.py: OK
/home/riomus/runs/sfora-connected-probe-installed-serving-wheel-v1/site-packages/sfora/dada_reproduction.py: OK
/home/riomus/runs/sfora-connected-probe-installed-serving-wheel-v1/site-packages/sfora/data.py: OK
/home/riomus/runs/sfora-connected-probe-installed-serving-wheel-v1/site-packages/sfora/deployed_code_rank.py: OK
/home/riomus/runs/sfora-connected-probe-installed-serving-wheel-v1/site-packages/sfora/deterministic_similarity_runtime.py: OK
/home/riomus/runs/sfora-connected-probe-installed-serving-wheel-v1/site-packages/sfora/encoder_ablation.py: OK
/home/riomus/runs/sfora-connected-probe-installed-serving-wheel-v1/site-packages/sfora/encoder_training.py: OK
/home/riomus/runs/sfora-connected-probe-installed-serving-wheel-v1/site-packages/sfora/evaluation.py: OK
/home/riomus/runs/sfora-connected-probe-installed-serving-wheel-v1/site-packages/sfora/experiments.py: OK
/home/riomus/runs/sfora-connected-probe-installed-serving-wheel-v1/site-packages/sfora/factorized_residual_ann.py: OK
/home/riomus/runs/sfora-connected-probe-installed-serving-wheel-v1/site-packages/sfora/factorized_residual_index.py: OK
/home/riomus/runs/sfora-connected-probe-installed-serving-wheel-v1/site-packages/sfora/factorized_residual_native.py: OK
/home/riomus/runs/sfora-connected-probe-installed-serving-wheel-v1/site-packages/sfora/foldable_linear.py: OK
/home/riomus/runs/sfora-connected-probe-installed-serving-wheel-v1/site-packages/sfora/foundation_adapter.py: OK
/home/riomus/runs/sfora-connected-probe-installed-serving-wheel-v1/site-packages/sfora/foundation_finetune.py: OK
/home/riomus/runs/sfora-connected-probe-installed-serving-wheel-v1/site-packages/sfora/foundation_oml.py: OK
/home/riomus/runs/sfora-connected-probe-installed-serving-wheel-v1/site-packages/sfora/foundation_pareto.py: OK
/home/riomus/runs/sfora-connected-probe-installed-serving-wheel-v1/site-packages/sfora/frozen_text_supervision.py: OK
/home/riomus/runs/sfora-connected-probe-installed-serving-wheel-v1/site-packages/sfora/gallery_hubness.py: OK
/home/riomus/runs/sfora-connected-probe-installed-serving-wheel-v1/site-packages/sfora/gallery_risk.py: OK
/home/riomus/runs/sfora-connected-probe-installed-serving-wheel-v1/site-packages/sfora/idgp.py: OK
/home/riomus/runs/sfora-connected-probe-installed-serving-wheel-v1/site-packages/sfora/image_benchmark.py: OK
/home/riomus/runs/sfora-connected-probe-installed-serving-wheel-v1/site-packages/sfora/image_end_to_end.py: OK
/home/riomus/runs/sfora-connected-probe-installed-serving-wheel-v1/site-packages/sfora/image_recipes.py: OK
/home/riomus/runs/sfora-connected-probe-installed-serving-wheel-v1/site-packages/sfora/inference_head.py: OK
/home/riomus/runs/sfora-connected-probe-installed-serving-wheel-v1/site-packages/sfora/ipsr.py: OK
/home/riomus/runs/sfora-connected-probe-installed-serving-wheel-v1/site-packages/sfora/joint_pq_projection.py: OK
/home/riomus/runs/sfora-connected-probe-installed-serving-wheel-v1/site-packages/sfora/joint_relational_compaction.py: OK
/home/riomus/runs/sfora-connected-probe-installed-serving-wheel-v1/site-packages/sfora/live_head_bank.py: OK
/home/riomus/runs/sfora-connected-probe-installed-serving-wheel-v1/site-packages/sfora/lops_pg.py: OK
/home/riomus/runs/sfora-connected-probe-installed-serving-wheel-v1/site-packages/sfora/lorentz_rider.py: OK
/home/riomus/runs/sfora-connected-probe-installed-serving-wheel-v1/site-packages/sfora/lorentz_rider_io.py: OK
/home/riomus/runs/sfora-connected-probe-installed-serving-wheel-v1/site-packages/sfora/losses.py: OK
/home/riomus/runs/sfora-connected-probe-installed-serving-wheel-v1/site-packages/sfora/mcps_study.py: OK
/home/riomus/runs/sfora-connected-probe-installed-serving-wheel-v1/site-packages/sfora/method.py: OK
/home/riomus/runs/sfora-connected-probe-installed-serving-wheel-v1/site-packages/sfora/model_artifacts/oml_vits16_sop_power_whitening_128.sfora: OK
/home/riomus/runs/sfora-connected-probe-installed-serving-wheel-v1/site-packages/sfora/model_profiles.py: OK
/home/riomus/runs/sfora-connected-probe-installed-serving-wheel-v1/site-packages/sfora/model_soup.py: OK
/home/riomus/runs/sfora-connected-probe-installed-serving-wheel-v1/site-packages/sfora/nested_neighborhood_rank.py: OK
/home/riomus/runs/sfora-connected-probe-installed-serving-wheel-v1/site-packages/sfora/nested_rank_evaluation.py: OK
/home/riomus/runs/sfora-connected-probe-installed-serving-wheel-v1/site-packages/sfora/nested_rank_protocol.py: OK
/home/riomus/runs/sfora-connected-probe-installed-serving-wheel-v1/site-packages/sfora/oapf.py: OK
/home/riomus/runs/sfora-connected-probe-installed-serving-wheel-v1/site-packages/sfora/packed_int4.py: OK
/home/riomus/runs/sfora-connected-probe-installed-serving-wheel-v1/site-packages/sfora/packed_int8.py: OK
/home/riomus/runs/sfora-connected-probe-installed-serving-wheel-v1/site-packages/sfora/packed_int8_search.py: OK
/home/riomus/runs/sfora-connected-probe-installed-serving-wheel-v1/site-packages/sfora/pq_candidate_reranking.py: OK
/home/riomus/runs/sfora-connected-probe-installed-serving-wheel-v1/site-packages/sfora/pq_candidate_scoring.py: OK
/home/riomus/runs/sfora-connected-probe-installed-serving-wheel-v1/site-packages/sfora/pq_lookup_distillation.py: OK
/home/riomus/runs/sfora-connected-probe-installed-serving-wheel-v1/site-packages/sfora/product_pair_schedule.py: OK
/home/riomus/runs/sfora-connected-probe-installed-serving-wheel-v1/site-packages/sfora/product_quantization.py: OK
/home/riomus/runs/sfora-connected-probe-installed-serving-wheel-v1/site-packages/sfora/progressive_residual_quantization.py: OK
/home/riomus/runs/sfora-connected-probe-installed-serving-wheel-v1/site-packages/sfora/progressive_residual_scoring.py: OK
/home/riomus/runs/sfora-connected-probe-installed-serving-wheel-v1/site-packages/sfora/publication.py: OK
/home/riomus/runs/sfora-connected-probe-installed-serving-wheel-v1/site-packages/sfora/py.typed: OK
/home/riomus/runs/sfora-connected-probe-installed-serving-wheel-v1/site-packages/sfora/rate_matched_product_quantization.py: OK
/home/riomus/runs/sfora-connected-probe-installed-serving-wheel-v1/site-packages/sfora/reciprocal_reranking.py: OK
/home/riomus/runs/sfora-connected-probe-installed-serving-wheel-v1/site-packages/sfora/remote.py: OK
/home/riomus/runs/sfora-connected-probe-installed-serving-wheel-v1/site-packages/sfora/report.py: OK
/home/riomus/runs/sfora-connected-probe-installed-serving-wheel-v1/site-packages/sfora/representation_ceiling.py: OK
/home/riomus/runs/sfora-connected-probe-installed-serving-wheel-v1/site-packages/sfora/residual_quantization.py: OK
/home/riomus/runs/sfora-connected-probe-installed-serving-wheel-v1/site-packages/sfora/siglip2_compact_serving.py: OK
/home/riomus/runs/sfora-connected-probe-installed-serving-wheel-v1/site-packages/sfora/sop_compact_training.py: OK
/home/riomus/runs/sfora-connected-probe-installed-serving-wheel-v1/site-packages/sfora/sop_evaluation.py: OK
/home/riomus/runs/sfora-connected-probe-installed-serving-wheel-v1/site-packages/sfora/sop_reference_recipe.py: OK
/home/riomus/runs/sfora-connected-probe-installed-serving-wheel-v1/site-packages/sfora/sop_reference_selection.py: OK
/home/riomus/runs/sfora-connected-probe-installed-serving-wheel-v1/site-packages/sfora/teacher_anchored_distillation.py: OK
/home/riomus/runs/sfora-connected-probe-installed-serving-wheel-v1/site-packages/sfora/teacher_anchored_schedule_io.py: OK
/home/riomus/runs/sfora-connected-probe-installed-serving-wheel-v1/site-packages/sfora/text_baselines.py: OK
/home/riomus/runs/sfora-connected-probe-installed-serving-wheel-v1/site-packages/sfora/token_slot_readout.py: OK
/home/riomus/runs/sfora-connected-probe-installed-serving-wheel-v1/site-packages/sfora/training.py: OK
/home/riomus/runs/sfora-connected-probe-installed-serving-wheel-v1/site-packages/sfora/unicom_audit_io.py: OK
/home/riomus/runs/sfora-connected-probe-installed-serving-wheel-v1/site-packages/sfora/unicom_cap.py: OK
/home/riomus/runs/sfora-connected-probe-installed-serving-wheel-v1/site-packages/sfora/unicom_fepf.py: OK
/home/riomus/runs/sfora-connected-probe-installed-serving-wheel-v1/site-packages/sfora/unicom_finish_evidence.py: OK
/home/riomus/runs/sfora-connected-probe-installed-serving-wheel-v1/site-packages/sfora/unicom_finish_protocol.py: OK
/home/riomus/runs/sfora-connected-probe-installed-serving-wheel-v1/site-packages/sfora/unicom_inshop.py: OK
/home/riomus/runs/sfora-connected-probe-installed-serving-wheel-v1/site-packages/sfora/unicom_probe.py: OK
/home/riomus/runs/sfora-connected-probe-installed-serving-wheel-v1/site-packages/sfora/unicom_proxy_muon.py: OK
/home/riomus/runs/sfora-connected-probe-installed-serving-wheel-v1/site-packages/sfora/unicom_rank_finish.py: OK
/home/riomus/runs/sfora-connected-probe-installed-serving-wheel-v1/site-packages/sfora/unicom_resolution_adapter.py: OK
/home/riomus/runs/sfora-connected-probe-installed-serving-wheel-v1/site-packages/sfora/unicom_retrieval_audit.py: OK
/home/riomus/runs/sfora-connected-probe-installed-serving-wheel-v1/site-packages/sfora/unicom_runtime_authority.py: OK
/home/riomus/runs/sfora-connected-probe-installed-serving-wheel-v1/site-packages/sfora/unicom_shard_audit.py: OK
/home/riomus/runs/sfora-connected-probe-installed-serving-wheel-v1/site-packages/sfora/unicom_tail_adapter.py: OK
/home/riomus/runs/sfora-connected-probe-installed-serving-wheel-v1/site-packages/sfora/unicom_training.py: OK
/home/riomus/runs/sfora-connected-probe-installed-serving-wheel-v1/site-packages/sfora/vector_store.py: OK
/home/riomus/runs/sfora-native256-initialized-cpu-final-footer-v1.py: OK
/home/riomus/runs/sfora-native256-stop-cgroup-footer-v1.py: OK
/home/riomus/toolchains/cuda-13.4-wheel-env/lib/python3.12/site-packages/nvidia/cu13/bin/tileiras: OK
tileiras: NVIDIA (R) Cuda Tile IR optimizing assembler
Copyright (c) 2005-2026 NVIDIA Corporation
Built on Tue_Sep__1_09:45:49_PDT_2026
Cuda compilation tools, release 13.4, V13.4.92
Build local.local.38855100_
Traceback (most recent call last):
  File "/home/riomus/runs/sfora-connected-probe-installed-control-serving-source-v1/qualify_connected_probe_serving.py", line 1210, in <module>
    main()
    ~~~~^^
  File "/home/riomus/runs/sfora-connected-probe-installed-control-serving-source-v1/qualify_connected_probe_serving.py", line 1206, in main
    return run(parser.parse_args(argv))
  File "/home/riomus/runs/sfora-connected-probe-installed-control-serving-source-v1/qualify_connected_probe_serving.py", line 1197, in run
    if failures: requests.raise_failures(failures)
                 ~~~~~~~~~~~~~~~~~~~~~~~^^^^^^^^^^
  File "/home/riomus/runs/sfora-connected-probe-installed-control-serving-source-v1/qualify_connected_serving_requests.py", line 226, in raise_failures
    raise primary
  File "/home/riomus/runs/sfora-connected-probe-installed-control-serving-source-v1/qualify_connected_probe_serving.py", line 1032, in run
    wheel = check_wheel(authority['wheel'],sources,observer,here.parent.parent)
  File "/home/riomus/runs/sfora-connected-probe-installed-control-serving-source-v1/qualify_connected_probe_serving.py", line 259, in check_wheel
    require(site.is_dir() and not site.is_relative_to(checkout) and not checkout.is_relative_to(site) and
    ~~~~~~~^^^^^^^^^^^^^^^^^^^^^^^^^^^^^^^^^^^^^^^^^^^^^^^^^^^^^^^^^^^^^^^^^^^^^^^^^^^^^^^^^^^^^^^^^^^^^^
        not any((p/'.git').exists() for p in (site,*site.parents)), 'installed wheel root must be outside any checkout')
        ^^^^^^^^^^^^^^^^^^^^^^^^^^^^^^^^^^^^^^^^^^^^^^^^^^^^^^^^^^^^^^^^^^^^^^^^^^^^^^^^^^^^^^^^^^^^^^^^^^^^^^^^^^^^^^^^
  File "/home/riomus/runs/sfora-connected-probe-installed-control-serving-source-v1/qualify_connected_probe_serving.py", line 125, in require
    raise ValueError(message)
ValueError: installed wheel root must be outside any checkout
/home/riomus/.local/share/uv/python/cpython-3.13.9-linux-aarch64-gnu/bin/python3.13: OK
/home/riomus/runs/sfora-connected-control-serving-native-authority-v5/native-authority.json: OK
/home/riomus/runs/sfora-connected-probe-evaluation-source-v1/authority-export-control-179061-v1.json: OK
/home/riomus/runs/sfora-connected-probe-installed-control-serving-source-v1/authority.json: OK
/home/riomus/runs/sfora-connected-probe-installed-control-serving-source-v1/connected_control_native_authority.py: OK
/home/riomus/runs/sfora-connected-probe-installed-control-serving-source-v1/observe_connected_serving.py: OK
/home/riomus/runs/sfora-connected-probe-installed-control-serving-source-v1/qualify_connected_probe_serving.py: OK
/home/riomus/runs/sfora-connected-probe-installed-control-serving-source-v1/qualify_connected_serving_requests.py: OK
/home/riomus/runs/sfora-connected-probe-installed-control-serving-source-v1/test_connected_probe_serving.py: OK
/home/riomus/runs/sfora-connected-probe-installed-control-serving-source-v1/test_connected_serving_requests.py: OK
/home/riomus/runs/sfora-connected-probe-installed-control-serving-source-v1/test_observe_connected_serving.py: OK
/home/riomus/runs/sfora-connected-probe-installed-serving-wheel-v1/site-packages/sfora-0.3.0rc4.dist-info/INSTALLER: OK
/home/riomus/runs/sfora-connected-probe-installed-serving-wheel-v1/site-packages/sfora-0.3.0rc4.dist-info/METADATA: OK
/home/riomus/runs/sfora-connected-probe-installed-serving-wheel-v1/site-packages/sfora-0.3.0rc4.dist-info/RECORD: OK
/home/riomus/runs/sfora-connected-probe-installed-serving-wheel-v1/site-packages/sfora-0.3.0rc4.dist-info/REQUESTED: OK
/home/riomus/runs/sfora-connected-probe-installed-serving-wheel-v1/site-packages/sfora-0.3.0rc4.dist-info/WHEEL: OK
/home/riomus/runs/sfora-connected-probe-installed-serving-wheel-v1/site-packages/sfora-0.3.0rc4.dist-info/direct_url.json: OK
/home/riomus/runs/sfora-connected-probe-installed-serving-wheel-v1/site-packages/sfora-0.3.0rc4.dist-info/entry_points.txt: OK
/home/riomus/runs/sfora-connected-probe-installed-serving-wheel-v1/site-packages/sfora-0.3.0rc4.dist-info/uv_cache.json: OK
/home/riomus/runs/sfora-connected-probe-installed-serving-wheel-v1/site-packages/sfora/__init__.py: OK
/home/riomus/runs/sfora-connected-probe-installed-serving-wheel-v1/site-packages/sfora/_connected_inference_authority.py: OK
/home/riomus/runs/sfora-connected-probe-installed-serving-wheel-v1/site-packages/sfora/_connected_probe_inference_authority.py: OK
/home/riomus/runs/sfora-connected-probe-installed-serving-wheel-v1/site-packages/sfora/_native/factorized_residual_ann.c: OK
/home/riomus/runs/sfora-connected-probe-installed-serving-wheel-v1/site-packages/sfora/ablation.py: OK
/home/riomus/runs/sfora-connected-probe-installed-serving-wheel-v1/site-packages/sfora/additive_quantization.py: OK
/home/riomus/runs/sfora-connected-probe-installed-serving-wheel-v1/site-packages/sfora/amortized_local_scale.py: OK
/home/riomus/runs/sfora-connected-probe-installed-serving-wheel-v1/site-packages/sfora/api.py: OK
/home/riomus/runs/sfora-connected-probe-installed-serving-wheel-v1/site-packages/sfora/arcg.py: OK
/home/riomus/runs/sfora-connected-probe-installed-serving-wheel-v1/site-packages/sfora/asymmetric_cohort_residual.py: OK
/home/riomus/runs/sfora-connected-probe-installed-serving-wheel-v1/site-packages/sfora/atomic_publication.py: OK
/home/riomus/runs/sfora-connected-probe-installed-serving-wheel-v1/site-packages/sfora/benchmark.py: OK
/home/riomus/runs/sfora-connected-probe-installed-serving-wheel-v1/site-packages/sfora/bn_inception.py: OK
/home/riomus/runs/sfora-connected-probe-installed-serving-wheel-v1/site-packages/sfora/cadr.py: OK
/home/riomus/runs/sfora-connected-probe-installed-serving-wheel-v1/site-packages/sfora/calibrated_tail_moment.py: OK
/home/riomus/runs/sfora-connected-probe-installed-serving-wheel-v1/site-packages/sfora/calibrated_tail_moment_io.py: OK
/home/riomus/runs/sfora-connected-probe-installed-serving-wheel-v1/site-packages/sfora/catalog.py: OK
/home/riomus/runs/sfora-connected-probe-installed-serving-wheel-v1/site-packages/sfora/cea.py: OK
/home/riomus/runs/sfora-connected-probe-installed-serving-wheel-v1/site-packages/sfora/cem.py: OK
/home/riomus/runs/sfora-connected-probe-installed-serving-wheel-v1/site-packages/sfora/cli.py: OK
/home/riomus/runs/sfora-connected-probe-installed-serving-wheel-v1/site-packages/sfora/compact_metric.py: OK
/home/riomus/runs/sfora-connected-probe-installed-serving-wheel-v1/site-packages/sfora/compose.py: OK
/home/riomus/runs/sfora-connected-probe-installed-serving-wheel-v1/site-packages/sfora/connected_compact_serving.py: OK
/home/riomus/runs/sfora-connected-probe-installed-serving-wheel-v1/site-packages/sfora/connected_inference.py: OK
/home/riomus/runs/sfora-connected-probe-installed-serving-wheel-v1/site-packages/sfora/connected_probe_inference.py: OK
/home/riomus/runs/sfora-connected-probe-installed-serving-wheel-v1/site-packages/sfora/cuda_authority.py: OK
/home/riomus/runs/sfora-connected-probe-installed-serving-wheel-v1/site-packages/sfora/cutile_int8.py: OK
/home/riomus/runs/sfora-connected-probe-installed-serving-wheel-v1/site-packages/sfora/dada_reproduction.py: OK
/home/riomus/runs/sfora-connected-probe-installed-serving-wheel-v1/site-packages/sfora/data.py: OK
/home/riomus/runs/sfora-connected-probe-installed-serving-wheel-v1/site-packages/sfora/deployed_code_rank.py: OK
/home/riomus/runs/sfora-connected-probe-installed-serving-wheel-v1/site-packages/sfora/deterministic_similarity_runtime.py: OK
/home/riomus/runs/sfora-connected-probe-installed-serving-wheel-v1/site-packages/sfora/encoder_ablation.py: OK
/home/riomus/runs/sfora-connected-probe-installed-serving-wheel-v1/site-packages/sfora/encoder_training.py: OK
/home/riomus/runs/sfora-connected-probe-installed-serving-wheel-v1/site-packages/sfora/evaluation.py: OK
/home/riomus/runs/sfora-connected-probe-installed-serving-wheel-v1/site-packages/sfora/experiments.py: OK
/home/riomus/runs/sfora-connected-probe-installed-serving-wheel-v1/site-packages/sfora/factorized_residual_ann.py: OK
/home/riomus/runs/sfora-connected-probe-installed-serving-wheel-v1/site-packages/sfora/factorized_residual_index.py: OK
/home/riomus/runs/sfora-connected-probe-installed-serving-wheel-v1/site-packages/sfora/factorized_residual_native.py: OK
/home/riomus/runs/sfora-connected-probe-installed-serving-wheel-v1/site-packages/sfora/foldable_linear.py: OK
/home/riomus/runs/sfora-connected-probe-installed-serving-wheel-v1/site-packages/sfora/foundation_adapter.py: OK
/home/riomus/runs/sfora-connected-probe-installed-serving-wheel-v1/site-packages/sfora/foundation_finetune.py: OK
/home/riomus/runs/sfora-connected-probe-installed-serving-wheel-v1/site-packages/sfora/foundation_oml.py: OK
/home/riomus/runs/sfora-connected-probe-installed-serving-wheel-v1/site-packages/sfora/foundation_pareto.py: OK
/home/riomus/runs/sfora-connected-probe-installed-serving-wheel-v1/site-packages/sfora/frozen_text_supervision.py: OK
/home/riomus/runs/sfora-connected-probe-installed-serving-wheel-v1/site-packages/sfora/gallery_hubness.py: OK
/home/riomus/runs/sfora-connected-probe-installed-serving-wheel-v1/site-packages/sfora/gallery_risk.py: OK
/home/riomus/runs/sfora-connected-probe-installed-serving-wheel-v1/site-packages/sfora/idgp.py: OK
/home/riomus/runs/sfora-connected-probe-installed-serving-wheel-v1/site-packages/sfora/image_benchmark.py: OK
/home/riomus/runs/sfora-connected-probe-installed-serving-wheel-v1/site-packages/sfora/image_end_to_end.py: OK
/home/riomus/runs/sfora-connected-probe-installed-serving-wheel-v1/site-packages/sfora/image_recipes.py: OK
/home/riomus/runs/sfora-connected-probe-installed-serving-wheel-v1/site-packages/sfora/inference_head.py: OK
/home/riomus/runs/sfora-connected-probe-installed-serving-wheel-v1/site-packages/sfora/ipsr.py: OK
/home/riomus/runs/sfora-connected-probe-installed-serving-wheel-v1/site-packages/sfora/joint_pq_projection.py: OK
/home/riomus/runs/sfora-connected-probe-installed-serving-wheel-v1/site-packages/sfora/joint_relational_compaction.py: OK
/home/riomus/runs/sfora-connected-probe-installed-serving-wheel-v1/site-packages/sfora/live_head_bank.py: OK
/home/riomus/runs/sfora-connected-probe-installed-serving-wheel-v1/site-packages/sfora/lops_pg.py: OK
/home/riomus/runs/sfora-connected-probe-installed-serving-wheel-v1/site-packages/sfora/lorentz_rider.py: OK
/home/riomus/runs/sfora-connected-probe-installed-serving-wheel-v1/site-packages/sfora/lorentz_rider_io.py: OK
/home/riomus/runs/sfora-connected-probe-installed-serving-wheel-v1/site-packages/sfora/losses.py: OK
/home/riomus/runs/sfora-connected-probe-installed-serving-wheel-v1/site-packages/sfora/mcps_study.py: OK
/home/riomus/runs/sfora-connected-probe-installed-serving-wheel-v1/site-packages/sfora/method.py: OK
/home/riomus/runs/sfora-connected-probe-installed-serving-wheel-v1/site-packages/sfora/model_artifacts/oml_vits16_sop_power_whitening_128.sfora: OK
/home/riomus/runs/sfora-connected-probe-installed-serving-wheel-v1/site-packages/sfora/model_profiles.py: OK
/home/riomus/runs/sfora-connected-probe-installed-serving-wheel-v1/site-packages/sfora/model_soup.py: OK
/home/riomus/runs/sfora-connected-probe-installed-serving-wheel-v1/site-packages/sfora/nested_neighborhood_rank.py: OK
/home/riomus/runs/sfora-connected-probe-installed-serving-wheel-v1/site-packages/sfora/nested_rank_evaluation.py: OK
/home/riomus/runs/sfora-connected-probe-installed-serving-wheel-v1/site-packages/sfora/nested_rank_protocol.py: OK
/home/riomus/runs/sfora-connected-probe-installed-serving-wheel-v1/site-packages/sfora/oapf.py: OK
/home/riomus/runs/sfora-connected-probe-installed-serving-wheel-v1/site-packages/sfora/packed_int4.py: OK
/home/riomus/runs/sfora-connected-probe-installed-serving-wheel-v1/site-packages/sfora/packed_int8.py: OK
/home/riomus/runs/sfora-connected-probe-installed-serving-wheel-v1/site-packages/sfora/packed_int8_search.py: OK
/home/riomus/runs/sfora-connected-probe-installed-serving-wheel-v1/site-packages/sfora/pq_candidate_reranking.py: OK
/home/riomus/runs/sfora-connected-probe-installed-serving-wheel-v1/site-packages/sfora/pq_candidate_scoring.py: OK
/home/riomus/runs/sfora-connected-probe-installed-serving-wheel-v1/site-packages/sfora/pq_lookup_distillation.py: OK
/home/riomus/runs/sfora-connected-probe-installed-serving-wheel-v1/site-packages/sfora/product_pair_schedule.py: OK
/home/riomus/runs/sfora-connected-probe-installed-serving-wheel-v1/site-packages/sfora/product_quantization.py: OK
/home/riomus/runs/sfora-connected-probe-installed-serving-wheel-v1/site-packages/sfora/progressive_residual_quantization.py: OK
/home/riomus/runs/sfora-connected-probe-installed-serving-wheel-v1/site-packages/sfora/progressive_residual_scoring.py: OK
/home/riomus/runs/sfora-connected-probe-installed-serving-wheel-v1/site-packages/sfora/publication.py: OK
/home/riomus/runs/sfora-connected-probe-installed-serving-wheel-v1/site-packages/sfora/py.typed: OK
/home/riomus/runs/sfora-connected-probe-installed-serving-wheel-v1/site-packages/sfora/rate_matched_product_quantization.py: OK
/home/riomus/runs/sfora-connected-probe-installed-serving-wheel-v1/site-packages/sfora/reciprocal_reranking.py: OK
/home/riomus/runs/sfora-connected-probe-installed-serving-wheel-v1/site-packages/sfora/remote.py: OK
/home/riomus/runs/sfora-connected-probe-installed-serving-wheel-v1/site-packages/sfora/report.py: OK
/home/riomus/runs/sfora-connected-probe-installed-serving-wheel-v1/site-packages/sfora/representation_ceiling.py: OK
/home/riomus/runs/sfora-connected-probe-installed-serving-wheel-v1/site-packages/sfora/residual_quantization.py: OK
/home/riomus/runs/sfora-connected-probe-installed-serving-wheel-v1/site-packages/sfora/siglip2_compact_serving.py: OK
/home/riomus/runs/sfora-connected-probe-installed-serving-wheel-v1/site-packages/sfora/sop_compact_training.py: OK
/home/riomus/runs/sfora-connected-probe-installed-serving-wheel-v1/site-packages/sfora/sop_evaluation.py: OK
/home/riomus/runs/sfora-connected-probe-installed-serving-wheel-v1/site-packages/sfora/sop_reference_recipe.py: OK
/home/riomus/runs/sfora-connected-probe-installed-serving-wheel-v1/site-packages/sfora/sop_reference_selection.py: OK
/home/riomus/runs/sfora-connected-probe-installed-serving-wheel-v1/site-packages/sfora/teacher_anchored_distillation.py: OK
/home/riomus/runs/sfora-connected-probe-installed-serving-wheel-v1/site-packages/sfora/teacher_anchored_schedule_io.py: OK
/home/riomus/runs/sfora-connected-probe-installed-serving-wheel-v1/site-packages/sfora/text_baselines.py: OK
/home/riomus/runs/sfora-connected-probe-installed-serving-wheel-v1/site-packages/sfora/token_slot_readout.py: OK
/home/riomus/runs/sfora-connected-probe-installed-serving-wheel-v1/site-packages/sfora/training.py: OK
/home/riomus/runs/sfora-connected-probe-installed-serving-wheel-v1/site-packages/sfora/unicom_audit_io.py: OK
/home/riomus/runs/sfora-connected-probe-installed-serving-wheel-v1/site-packages/sfora/unicom_cap.py: OK
/home/riomus/runs/sfora-connected-probe-installed-serving-wheel-v1/site-packages/sfora/unicom_fepf.py: OK
/home/riomus/runs/sfora-connected-probe-installed-serving-wheel-v1/site-packages/sfora/unicom_finish_evidence.py: OK
/home/riomus/runs/sfora-connected-probe-installed-serving-wheel-v1/site-packages/sfora/unicom_finish_protocol.py: OK
/home/riomus/runs/sfora-connected-probe-installed-serving-wheel-v1/site-packages/sfora/unicom_inshop.py: OK
/home/riomus/runs/sfora-connected-probe-installed-serving-wheel-v1/site-packages/sfora/unicom_probe.py: OK
/home/riomus/runs/sfora-connected-probe-installed-serving-wheel-v1/site-packages/sfora/unicom_proxy_muon.py: OK
/home/riomus/runs/sfora-connected-probe-installed-serving-wheel-v1/site-packages/sfora/unicom_rank_finish.py: OK
/home/riomus/runs/sfora-connected-probe-installed-serving-wheel-v1/site-packages/sfora/unicom_resolution_adapter.py: OK
/home/riomus/runs/sfora-connected-probe-installed-serving-wheel-v1/site-packages/sfora/unicom_retrieval_audit.py: OK
/home/riomus/runs/sfora-connected-probe-installed-serving-wheel-v1/site-packages/sfora/unicom_runtime_authority.py: OK
/home/riomus/runs/sfora-connected-probe-installed-serving-wheel-v1/site-packages/sfora/unicom_shard_audit.py: OK
/home/riomus/runs/sfora-connected-probe-installed-serving-wheel-v1/site-packages/sfora/unicom_tail_adapter.py: OK
/home/riomus/runs/sfora-connected-probe-installed-serving-wheel-v1/site-packages/sfora/unicom_training.py: OK
/home/riomus/runs/sfora-connected-probe-installed-serving-wheel-v1/site-packages/sfora/vector_store.py: OK
/home/riomus/runs/sfora-native256-initialized-cpu-final-footer-v1.py: OK
/home/riomus/runs/sfora-native256-stop-cgroup-footer-v1.py: OK
/home/riomus/toolchains/cuda-13.4-wheel-env/lib/python3.12/site-packages/nvidia/cu13/bin/tileiras: OK
FINAL_CGROUP {"command_exit_status": 1, "invocation_id": "cddb55d04747481a8afc6822d46fcb67", "path": "/sys/fs/cgroup/user.slice/user-1000.slice/user@1000.service/app.slice/sfora-connected-probe-installed-control-serving-diagnostic-v1.service", "values": {"memory.current": "1823567872", "memory.events": "low 0\nhigh 0\nmax 0\noom 0\noom_kill 0\noom_group_kill 0", "memory.max": "8589934592", "memory.peak": "1838772224", "memory.stat": "anon 5955584\nfile 1811886080\nkernel 4403200\nkernel_stack 32768\npagetables 274432\nsec_pagetables 0\npercpu 1408\nsock 0\nvmalloc 0\nshmem 0\nzswap 0\nzswapped 0\nfile_mapped 0\nfile_dirty 28672\nfile_writeback 0\nswapcached 0\nanon_thp 0\nfile_thp 0\nshmem_thp 0\ninactive_anon 0\nactive_anon 5861376\ninactive_file 1811873792\nactive_file 0\nunevictable 0\nslab_reclaimable 3997136\nslab_unreclaimable 78544\nslab 4075680\nworkingset_refault_anon 0\nworkingset_refault_file 0\nworkingset_activate_anon 0\nworkingset_activate_file 0\nworkingset_restore_anon 0\nworkingset_restore_file 0\nworkingset_nodereclaim 0\npgdemote_kswapd 0\npgdemote_direct 0\npgdemote_khugepaged 0\npgdemote_proactive 0\npgpromote_success 0\npgscan 0\npgsteal 0\npswpin 0\npswpout 0\npgscan_kswapd 0\npgscan_direct 0\npgscan_khugepaged 0\npgscan_proactive 0\npgsteal_kswapd 0\npgsteal_direct 0\npgsteal_khugepaged 0\npgsteal_proactive 0\npgfault 9329\npgmajfault 0\npgrefill 0\npgactivate 0\npgdeactivate 0\npglazyfree 0\npglazyfreed 0\nswpin_zero 0\nswpout_zero 0\nzswpin 0\nzswpout 0\nzswpwb 0\nthp_fault_alloc 0\nthp_collapse_alloc 0\nthp_swpout 0\nthp_swpout_fallback 0\nnuma_pages_migrated 0\nnuma_pte_updates 0\nnuma_hint_faults 0", "memory.swap.current": "0", "memory.swap.max": "0", "memory.swap.peak": "0"}}
Command exited with non-zero status 1
	Command being timed: "/bin/bash /home/riomus/runs/sfora-connected-probe-installed-control-serving-source-v1/command.sh"
	User time (seconds): 0.98
	System time (seconds): 0.07
	Percent of CPU this job got: 45%
	Elapsed (wall clock) time (h:mm:ss or m:ss): 0:02.33
	Average shared text size (kbytes): 0
	Average unshared data size (kbytes): 0
	Average stack size (kbytes): 0
	Average total size (kbytes): 0
	Maximum resident set size (kbytes): 33308
	Average resident set size (kbytes): 0
	Major (requiring I/O) page faults: 0
	Minor (reclaiming a frame) page faults: 9301
	Voluntary context switches: 6771
	Involuntary context switches: 14
	Swaps: 0
	File system inputs: 3538784
	File system outputs: 64
	Socket messages sent: 0
	Socket messages received: 0
	Signals delivered: 0
	Page size (bytes): 4096
	Exit status: 1
STOP_CGROUP {"exit_code": "exited", "exit_status": "1", "invocation_id": "cddb55d04747481a8afc6822d46fcb67", "path": "/sys/fs/cgroup/user.slice/user-1000.slice/user@1000.service/app.slice/sfora-connected-probe-installed-control-serving-diagnostic-v1.service", "service_result": "exit-code", "values": {"memory.current": "1822920704", "memory.events": "low 0\nhigh 0\nmax 0\noom 0\noom_kill 0\noom_group_kill 0", "memory.max": "8589934592", "memory.peak": "1838772224", "memory.stat": "anon 5443584\nfile 1811890176\nkernel 4149248\nkernel_stack 0\npagetables 98304\nsec_pagetables 0\npercpu 1056\nsock 0\nvmalloc 0\nshmem 0\nzswap 0\nzswapped 0\nfile_mapped 0\nfile_dirty 32768\nfile_writeback 0\nswapcached 0\nanon_thp 0\nfile_thp 0\nshmem_thp 0\ninactive_anon 0\nactive_anon 5373952\ninactive_file 1811873792\nactive_file 0\nunevictable 0\nslab_reclaimable 3997544\nslab_unreclaimable 46736\nslab 4044280\nworkingset_refault_anon 0\nworkingset_refault_file 0\nworkingset_activate_anon 0\nworkingset_activate_file 0\nworkingset_restore_anon 0\nworkingset_restore_file 0\nworkingset_nodereclaim 0\npgdemote_kswapd 0\npgdemote_direct 0\npgdemote_khugepaged 0\npgdemote_proactive 0\npgpromote_success 0\npgscan 0\npgsteal 0\npswpin 0\npswpout 0\npgscan_kswapd 0\npgscan_direct 0\npgscan_khugepaged 0\npgscan_proactive 0\npgsteal_kswapd 0\npgsteal_direct 0\npgsteal_khugepaged 0\npgsteal_proactive 0\npgfault 10830\npgmajfault 0\npgrefill 0\npgactivate 0\npgdeactivate 0\npglazyfree 0\npglazyfreed 0\nswpin_zero 0\nswpout_zero 0\nzswpin 0\nzswpout 0\nzswpwb 0\nthp_fault_alloc 0\nthp_collapse_alloc 0\nthp_swpout 0\nthp_swpout_fallback 0\nnuma_pages_migrated 0\nnuma_pte_updates 0\nnuma_hint_faults 0", "memory.swap.current": "0", "memory.swap.max": "0", "memory.swap.peak": "0"}}
Finished with result: exit-code
Main processes terminated with: code=exited/status=1
Service runtime: 2.365s
CPU time consumed: 1.072s
Memory peak: 1.7G
Memory swap peak: 0B
