/home/riomus/runs/sfora-so400-image-anchor-smooth-ap-train-source-v2/cpu-v2-command.sh: OK
Running as unit: sfora-so400-image-anchor-smooth-ap-cpu-v2.service; invocation ID: 43040a15dfbd45e296e101399c5a7d00
/home/riomus/runs/sfora-so400-nearest-ranking-train-source-v5/native-authority.json: OK
/home/riomus/runs/sfora-cudnn-wheel-provenance-v1/proof.json: OK
/home/riomus/runs/sfora-cudnn-wheel-provenance-source-v1/decision.json: OK
/home/riomus/runs/sfora-cudnn-wheel-provenance-source-v1/original.log: OK
/home/riomus/.local/share/uv/python/cpython-3.13.9-linux-aarch64-gnu/bin/python3.13: OK
/home/riomus/runs/sfora-native256-initialized-cpu-final-footer-v1.py: OK
/home/riomus/runs/sfora-native256-stop-cgroup-footer-v1.py: OK
/home/riomus/runs/sfora-so400-nearest-ranking-train-source-v5/authority-cpu-v5.json: OK
/home/riomus/runs/sfora-so400-nearest-ranking-train-source-v5/execution.json: OK
/home/riomus/runs/sfora-so400-nearest-ranking-train-source-v5/nearest_ranking_readout.py: OK
/home/riomus/runs/sfora-so400-nearest-ranking-train-source-v5/test_siglip2_nearest_ranking.py: OK
/home/riomus/runs/sfora-so400-nearest-ranking-train-source-v5/train_siglip2_nearest_ranking.py: OK
/home/riomus/runs/sfora-so400-signed-concat-fit-concat-v1/receipt.json: OK
/home/riomus/runs/sfora-so400-signed-concat-fit-concat-v1/resume.pt: OK
/home/riomus/runs/sfora-so400-signed-concat-fit-source-v2/authority-fit-concat-v1.json: OK
/home/riomus/runs/sfora-so400-signed-concat-fit-source-v2/execution.json: OK
/home/riomus/runs/sfora-so400-signed-concat-fit-source-v2/fit-concat-v1.log: OK
/home/riomus/runs/sfora-so400-signed-concat-fit-source-v2/fit_siglip2_prototype_residual.py: OK
/home/riomus/runs/sfora-so400-signed-concat-fit-source-v2/prototype_residual_readout.py: OK
/home/riomus/runs/sfora-so400-signed-concat-fit-source-v2/test_siglip2_prototype_residual.py: OK
/home/riomus/runs/sfora-so400-image-anchor-smooth-ap-train-source-v2/train_siglip2_compact_ranking.py: OK
/home/riomus/runs/sfora-so400-image-anchor-smooth-ap-train-source-v2/test_siglip2_compact_ranking.py: OK
/home/riomus/runs/sfora-so400-image-anchor-smooth-ap-train-source-v2/execution.json: OK
/home/riomus/runs/sfora-so400-image-anchor-smooth-ap-train-source-v2/authority-cpu-v2.json: OK
/home/riomus/runs/sfora-so400-smooth-ap-train-candidate-179061-v1/bundle/bundle.json: OK
/home/riomus/runs/sfora-so400-smooth-ap-train-candidate-179061-v1/receipt.json: OK
/home/riomus/runs/sfora-so400-smooth-ap-train-candidate-179061-v1/resume.pt: OK
/home/riomus/runs/sfora-so400-smooth-ap-train-source-v1/authority-train-candidate-179061-v1.json: OK
/home/riomus/runs/sfora-so400-smooth-ap-train-source-v1/execution.json: OK
/home/riomus/runs/sfora-so400-smooth-ap-train-source-v1/test_siglip2_compact_ranking.py: OK
/home/riomus/runs/sfora-so400-smooth-ap-train-source-v1/train-candidate-179061-v1.log: OK
/home/riomus/runs/sfora-so400-smooth-ap-train-source-v1/train_siglip2_compact_ranking.py: OK
{"event": "COMPACT_PHASE", "phase": "shared_source_preparation", "boundary": "begin", "seconds": 58.94739747978747}
{"event": "COMPACT_PHASE", "phase": "shared_source_preparation", "boundary": "end", "delta_seconds": 20.491679469123483, "seconds": 79.439079253003}
{"event": "COMPACT_PHASE", "phase": "cache_target_preparation", "boundary": "begin", "seconds": 79.43911096500233}
{"event": "COMPACT_PHASE", "phase": "cache_target_preparation", "boundary": "end", "delta_seconds": 2.1964662419632077, "seconds": 81.6355800870806}
{"event": "COMPACT_PHASE", "phase": "cpu_loss_falsifier", "boundary": "begin", "seconds": 110.14045225270092}
{"event": "COMPACT_PHASE", "phase": "cpu_loss_falsifier", "boundary": "end", "delta_seconds": 3.8758452930487692, "seconds": 114.0162992416881}
{"event": "COMPACT_PHASE", "phase": "save", "boundary": "begin", "seconds": 115.30475001083687}
{"event": "COMPACT_PHASE", "phase": "save", "boundary": "end", "delta_seconds": 0.3910076702013612, "seconds": 115.69576001679525}
{"event": "COMPACT_PHASE", "phase": "independent_reload", "boundary": "begin", "seconds": 115.81174836587161}
{"event": "COMPACT_PHASE", "phase": "independent_reload", "boundary": "end", "delta_seconds": 0.7815558551810682, "seconds": 116.5933070848696}
{"event": "COMPACT_PHASE", "phase": "cpu_loss_falsifier", "boundary": "begin", "seconds": 117.21527251508087}
{"event": "COMPACT_PHASE", "phase": "cpu_loss_falsifier", "boundary": "end", "delta_seconds": 3.6689637638628483, "seconds": 120.88423835905269}
{"event": "COMPACT_PHASE", "phase": "save", "boundary": "begin", "seconds": 122.13825049484149}
{"event": "COMPACT_PHASE", "phase": "save", "boundary": "end", "delta_seconds": 0.4482447309419513, "seconds": 122.58649741811678}
{"event": "COMPACT_PHASE", "phase": "independent_reload", "boundary": "begin", "seconds": 122.67079850798473}
{"event": "COMPACT_PHASE", "phase": "independent_reload", "boundary": "end", "delta_seconds": 0.716246291063726, "seconds": 123.38704791897908}
{"event": "COMPACT_PHASE", "phase": "shared_bundle_preparation", "boundary": "begin", "seconds": 123.78190586389974}
{"event": "COMPACT_PHASE", "phase": "shared_bundle_preparation", "boundary": "end", "delta_seconds": 10.840307785198092, "seconds": 134.62221539299935}
{"event": "COMPACT_PHASE", "phase": "cpu_bundle_qualification", "boundary": "begin", "seconds": 134.62226414494216}
{"event": "COMPACT_PHASE", "phase": "bundle_image_loading", "boundary": "begin", "seconds": 134.62230776110664}
{"event": "COMPACT_PHASE", "phase": "bundle_image_loading", "boundary": "end", "delta_seconds": 0.005342729855328798, "seconds": 134.6276513710618}
{"event": "COMPACT_PHASE", "phase": "bundle_loader_authentication", "boundary": "begin", "seconds": 134.62767076166347}
{"event": "COMPACT_PHASE", "phase": "bundle_loader_authentication", "boundary": "end", "delta_seconds": 1.260972989257425, "seconds": 135.88864498306066}
{"event": "COMPACT_PHASE", "phase": "bundle_dependency_denial", "boundary": "begin", "seconds": 135.88867821497843}
{"event": "COMPACT_PHASE", "phase": "bundle_loader", "boundary": "begin", "seconds": 136.1860401360318}
{"event": "COMPACT_PHASE", "phase": "bundle_loader", "boundary": "end", "delta_seconds": 13.472170637920499, "seconds": 149.6582139097154}
{"event": "COMPACT_PHASE", "phase": "bundle_native_forward", "boundary": "begin", "seconds": 149.65827421285212}
{"event": "COMPACT_PHASE", "phase": "bundle_native_forward", "boundary": "end", "delta_seconds": 1.5220658341422677, "seconds": 151.1803426388651}
{"event": "COMPACT_PHASE", "phase": "bundle_dependency_denial", "boundary": "end", "delta_seconds": 15.291742871981114, "seconds": 151.18042143899947}
{"event": "COMPACT_PHASE", "phase": "bundle_oracle", "boundary": "begin", "seconds": 151.18043116666377}
{"event": "COMPACT_PHASE", "phase": "bundle_oracle", "boundary": "end", "delta_seconds": 1.2076635002158582, "seconds": 152.38809639494866}
{"event": "COMPACT_PHASE", "phase": "bundle_release", "boundary": "begin", "seconds": 152.3881314508617}
{"event": "COMPACT_PHASE", "phase": "bundle_release", "boundary": "end", "delta_seconds": 0.11496191006153822, "seconds": 152.5030955527909}
{"event": "COMPACT_PHASE", "phase": "bundle_loader_authentication", "boundary": "begin", "seconds": 152.50315593602136}
{"event": "COMPACT_PHASE", "phase": "bundle_loader_authentication", "boundary": "end", "delta_seconds": 1.2662476119585335, "seconds": 153.7694054520689}
{"event": "COMPACT_PHASE", "phase": "bundle_dependency_denial", "boundary": "begin", "seconds": 153.76944018807262}
{"event": "COMPACT_PHASE", "phase": "bundle_loader", "boundary": "begin", "seconds": 154.04598059970886}
{"event": "COMPACT_PHASE", "phase": "bundle_loader", "boundary": "end", "delta_seconds": 11.290655539371073, "seconds": 165.33663956308737}
{"event": "COMPACT_PHASE", "phase": "bundle_native_forward", "boundary": "begin", "seconds": 165.33670455496758}
{"event": "COMPACT_PHASE", "phase": "bundle_native_forward", "boundary": "end", "delta_seconds": 1.2380838068202138, "seconds": 166.57479076180607}
{"event": "COMPACT_PHASE", "phase": "bundle_dependency_denial", "boundary": "end", "delta_seconds": 12.805437725968659, "seconds": 166.5748783936724}
{"event": "COMPACT_PHASE", "phase": "bundle_oracle", "boundary": "begin", "seconds": 166.57488885801286}
{"event": "COMPACT_PHASE", "phase": "bundle_oracle", "boundary": "end", "delta_seconds": 1.1582387266680598, "seconds": 167.73312928108498}
{"event": "COMPACT_PHASE", "phase": "bundle_release", "boundary": "begin", "seconds": 167.7331602247432}
{"event": "COMPACT_PHASE", "phase": "bundle_release", "boundary": "end", "delta_seconds": 0.11771143600344658, "seconds": 167.85087457299232}
{"event": "COMPACT_PHASE", "phase": "cpu_bundle_qualification", "boundary": "end", "delta_seconds": 33.228800490964204, "seconds": 167.8510656277649}
{"event": "COMPACT_PHASE", "phase": "post_run_api_authentication", "boundary": "begin", "seconds": 167.85591048887}
{"event": "COMPACT_PHASE", "phase": "post_run_api_authentication", "boundary": "end", "delta_seconds": 0.5474389181472361, "seconds": 168.40335060702637}
{"event": "COMPACT_PHASE", "phase": "post_run_origin_audit", "boundary": "begin", "seconds": 168.4033715510741}
{"event": "COMPACT_PHASE", "phase": "post_run_origin_audit", "boundary": "end", "delta_seconds": 6.627578581683338, "seconds": 175.03095262870193}
{"event": "COMPACT_PHASE", "phase": "origin_guard_promotion", "boundary": "begin", "seconds": 175.0309906769544}
{"event": "COMPACT_PHASE", "phase": "origin_guard_promotion", "boundary": "end", "delta_seconds": 0.037715892773121595, "seconds": 175.06870792992413}
{"event": "COMPACT_PHASE", "phase": "source_exit_rehash", "boundary": "begin", "seconds": 175.06878292188048}
{"event": "PROTOTYPE_PHASE", "phase": "old_exit_begin", "seconds": 183.0345217748545}
{"event": "QUADRATIC_PHASE", "phase": "exit_rehash", "delta_seconds": 15.879945856984705, "cumulative_seconds": 15.879945856984705}
{"event": "PROTOTYPE_PHASE", "phase": "old_exit_end", "seconds": 198.9146474879235}
{"event": "PROTOTYPE_PHASE", "phase": "own_union_begin", "seconds": 198.91465759975836}
{"event": "PROTOTYPE_PHASE", "phase": "own_union_end", "seconds": 199.42916161194444}
{"event": "PROTOTYPE_PHASE", "phase": "closure_begin", "seconds": 199.4291907157749}
{"event": "PROTOTYPE_PHASE", "phase": "closure_end", "seconds": 199.43171200109646}
{"event": "COMPACT_PHASE", "phase": "source_exit_rehash", "boundary": "end", "delta_seconds": 24.362962359096855, "seconds": 199.43174686469138}
{"event": "COMPACT_PHASE", "phase": "own_exit_rehash", "boundary": "begin", "seconds": 199.43176155304536}
{"event": "COMPACT_PHASE", "phase": "own_exit_rehash", "boundary": "end", "delta_seconds": 7.506881113629788, "seconds": 206.9386438028887}
{"event": "COMPACT_PHASE", "phase": "post_exit_api_authentication", "boundary": "begin", "seconds": 206.93981378199533}
{"event": "COMPACT_PHASE", "phase": "post_exit_api_authentication", "boundary": "end", "delta_seconds": 0.7059431080706418, "seconds": 207.64575877785683}
{"event": "COMPACT_PHASE", "phase": "post_exit_origin_audit", "boundary": "begin", "seconds": 207.64578153006732}
{"event": "COMPACT_PHASE", "phase": "post_exit_origin_audit", "boundary": "end", "delta_seconds": 6.6217146860435605, "seconds": 214.26749957585707}
{"schema": "siglip2-compact-image-anchor-smooth-ap-v1", "phase": "cpu", "output": "/home/riomus/runs/sfora-so400-image-anchor-smooth-ap-cpu-v2"}
/home/riomus/runs/sfora-so400-nearest-ranking-train-source-v5/native-authority.json: OK
/home/riomus/runs/sfora-cudnn-wheel-provenance-v1/proof.json: OK
/home/riomus/runs/sfora-cudnn-wheel-provenance-source-v1/decision.json: OK
/home/riomus/runs/sfora-cudnn-wheel-provenance-source-v1/original.log: OK
/home/riomus/.local/share/uv/python/cpython-3.13.9-linux-aarch64-gnu/bin/python3.13: OK
/home/riomus/runs/sfora-native256-initialized-cpu-final-footer-v1.py: OK
/home/riomus/runs/sfora-native256-stop-cgroup-footer-v1.py: OK
/home/riomus/runs/sfora-so400-nearest-ranking-train-source-v5/authority-cpu-v5.json: OK
/home/riomus/runs/sfora-so400-nearest-ranking-train-source-v5/execution.json: OK
/home/riomus/runs/sfora-so400-nearest-ranking-train-source-v5/nearest_ranking_readout.py: OK
/home/riomus/runs/sfora-so400-nearest-ranking-train-source-v5/test_siglip2_nearest_ranking.py: OK
/home/riomus/runs/sfora-so400-nearest-ranking-train-source-v5/train_siglip2_nearest_ranking.py: OK
/home/riomus/runs/sfora-so400-signed-concat-fit-concat-v1/receipt.json: OK
/home/riomus/runs/sfora-so400-signed-concat-fit-concat-v1/resume.pt: OK
/home/riomus/runs/sfora-so400-signed-concat-fit-source-v2/authority-fit-concat-v1.json: OK
/home/riomus/runs/sfora-so400-signed-concat-fit-source-v2/execution.json: OK
/home/riomus/runs/sfora-so400-signed-concat-fit-source-v2/fit-concat-v1.log: OK
/home/riomus/runs/sfora-so400-signed-concat-fit-source-v2/fit_siglip2_prototype_residual.py: OK
/home/riomus/runs/sfora-so400-signed-concat-fit-source-v2/prototype_residual_readout.py: OK
/home/riomus/runs/sfora-so400-signed-concat-fit-source-v2/test_siglip2_prototype_residual.py: OK
/home/riomus/runs/sfora-so400-image-anchor-smooth-ap-train-source-v2/train_siglip2_compact_ranking.py: OK
/home/riomus/runs/sfora-so400-image-anchor-smooth-ap-train-source-v2/test_siglip2_compact_ranking.py: OK
/home/riomus/runs/sfora-so400-image-anchor-smooth-ap-train-source-v2/execution.json: OK
/home/riomus/runs/sfora-so400-image-anchor-smooth-ap-train-source-v2/authority-cpu-v2.json: OK
/home/riomus/runs/sfora-so400-smooth-ap-train-candidate-179061-v1/bundle/bundle.json: OK
/home/riomus/runs/sfora-so400-smooth-ap-train-candidate-179061-v1/receipt.json: OK
/home/riomus/runs/sfora-so400-smooth-ap-train-candidate-179061-v1/resume.pt: OK
/home/riomus/runs/sfora-so400-smooth-ap-train-source-v1/authority-train-candidate-179061-v1.json: OK
/home/riomus/runs/sfora-so400-smooth-ap-train-source-v1/execution.json: OK
/home/riomus/runs/sfora-so400-smooth-ap-train-source-v1/test_siglip2_compact_ranking.py: OK
/home/riomus/runs/sfora-so400-smooth-ap-train-source-v1/train-candidate-179061-v1.log: OK
/home/riomus/runs/sfora-so400-smooth-ap-train-source-v1/train_siglip2_compact_ranking.py: OK
FINAL_CGROUP {"command_exit_status": 0, "invocation_id": "43040a15dfbd45e296e101399c5a7d00", "path": "/sys/fs/cgroup/user.slice/user-1000.slice/user@1000.service/app.slice/sfora-so400-image-anchor-smooth-ap-cpu-v2.service", "values": {"memory.current": "1013362688", "memory.events": "low 0\nhigh 0\nmax 0\noom 0\noom_kill 0\noom_group_kill 0", "memory.max": "8589934592", "memory.peak": "8224718848", "memory.stat": "anon 6012928\nfile 906502144\nkernel 98947072\nkernel_stack 65536\npagetables 405504\nsec_pagetables 0\npercpu 2464\nsock 0\nvmalloc 0\nshmem 0\nzswap 0\nzswapped 0\nfile_mapped 0\nfile_dirty 12288\nfile_writeback 0\nswapcached 0\nanon_thp 0\nfile_thp 2097152\nshmem_thp 0\ninactive_anon 0\nactive_anon 5906432\ninactive_file 394424320\nactive_file 512008192\nunevictable 0\nslab_reclaimable 98397504\nslab_unreclaimable 121912\nslab 98519416\nworkingset_refault_anon 0\nworkingset_refault_file 0\nworkingset_activate_anon 0\nworkingset_activate_file 0\nworkingset_restore_anon 0\nworkingset_restore_file 0\nworkingset_nodereclaim 0\npgdemote_kswapd 0\npgdemote_direct 0\npgdemote_khugepaged 0\npgdemote_proactive 0\npgpromote_success 0\npgscan 0\npgsteal 0\npswpin 0\npswpout 0\npgscan_kswapd 0\npgscan_direct 0\npgscan_khugepaged 0\npgscan_proactive 0\npgsteal_kswapd 0\npgsteal_direct 0\npgsteal_khugepaged 0\npgsteal_proactive 0\npgfault 3117148\npgmajfault 11747\npgrefill 0\npgactivate 0\npgdeactivate 0\npglazyfree 0\npglazyfreed 0\nswpin_zero 0\nswpout_zero 0\nzswpin 0\nzswpout 0\nzswpwb 0\nthp_fault_alloc 1366\nthp_collapse_alloc 12\nthp_swpout 0\nthp_swpout_fallback 0\nnuma_pages_migrated 0\nnuma_pte_updates 0\nnuma_hint_faults 0", "memory.swap.current": "0", "memory.swap.max": "0", "memory.swap.peak": "0"}}
	Command being timed: "/bin/bash -c set -e; sudo -n /bin/sync; sudo -n /bin/sh -c "echo 3 > /proc/sys/vm/drop_caches"; exec /bin/bash /home/riomus/runs/sfora-so400-image-anchor-smooth-ap-train-source-v2/cpu-v2-command.sh"
	User time (seconds): 136.01
	System time (seconds): 20.68
	Percent of CPU this job got: 72%
	Elapsed (wall clock) time (h:mm:ss or m:ss): 3:36.43
	Average shared text size (kbytes): 0
	Average unshared data size (kbytes): 0
	Average stack size (kbytes): 0
	Average total size (kbytes): 0
	Maximum resident set size (kbytes): 5673916
	Average resident set size (kbytes): 0
	Major (requiring I/O) page faults: 11747
	Minor (reclaiming a frame) page faults: 3105233
	Voluntary context switches: 670500
	Involuntary context switches: 1160
	Swaps: 0
	File system inputs: 211761576
	File system outputs: 3621672
	Socket messages sent: 0
	Socket messages received: 0
	Signals delivered: 0
	Page size (bytes): 4096
	Exit status: 0
STOP_CGROUP {"exit_code": "exited", "exit_status": "0", "invocation_id": "43040a15dfbd45e296e101399c5a7d00", "path": "/sys/fs/cgroup/user.slice/user-1000.slice/user@1000.service/app.slice/sfora-so400-image-anchor-smooth-ap-cpu-v2.service", "service_result": "success", "values": {"memory.current": "1012838400", "memory.events": "low 0\nhigh 0\nmax 0\noom 0\noom_kill 0\noom_group_kill 0", "memory.max": "8589934592", "memory.peak": "8224718848", "memory.stat": "anon 5427200\nfile 906502144\nkernel 98529280\nkernel_stack 0\npagetables 110592\nsec_pagetables 0\npercpu 1760\nsock 0\nvmalloc 0\nshmem 0\nzswap 0\nzswapped 0\nfile_mapped 0\nfile_dirty 12288\nfile_writeback 0\nswapcached 0\nanon_thp 0\nfile_thp 2097152\nshmem_thp 0\ninactive_anon 0\nactive_anon 5332992\ninactive_file 394424320\nactive_file 512008192\nunevictable 0\nslab_reclaimable 98401712\nslab_unreclaimable 72672\nslab 98474384\nworkingset_refault_anon 0\nworkingset_refault_file 0\nworkingset_activate_anon 0\nworkingset_activate_file 0\nworkingset_restore_anon 0\nworkingset_restore_file 0\nworkingset_nodereclaim 0\npgdemote_kswapd 0\npgdemote_direct 0\npgdemote_khugepaged 0\npgdemote_proactive 0\npgpromote_success 0\npgscan 0\npgsteal 0\npswpin 0\npswpout 0\npgscan_kswapd 0\npgscan_direct 0\npgscan_khugepaged 0\npgscan_proactive 0\npgsteal_kswapd 0\npgsteal_direct 0\npgsteal_khugepaged 0\npgsteal_proactive 0\npgfault 3118666\npgmajfault 11747\npgrefill 0\npgactivate 0\npgdeactivate 0\npglazyfree 0\npglazyfreed 0\nswpin_zero 0\nswpout_zero 0\nzswpin 0\nzswpout 0\nzswpwb 0\nthp_fault_alloc 1366\nthp_collapse_alloc 12\nthp_swpout 0\nthp_swpout_fallback 0\nnuma_pages_migrated 0\nnuma_pte_updates 0\nnuma_hint_faults 0", "memory.swap.current": "0", "memory.swap.max": "0", "memory.swap.peak": "0"}}
Finished with result: success
Main processes terminated with: code=exited/status=0
Service runtime: 3min 36.462s
CPU time consumed: 2min 36.719s
Memory peak: 7.6G
Memory swap peak: 0B
