test_bundle_boundary_denies_train_warm_optimizer_reads (__main__.EvaluationTests.test_bundle_boundary_denies_train_warm_optimizer_reads) ... ok
test_bundle_boundary_hub_utils_cached_source_fallback_and_denials (__main__.EvaluationTests.test_bundle_boundary_hub_utils_cached_source_fallback_and_denials) ... ok
test_bundle_boundary_imports_record_pinned_source_without_cached_code (__main__.EvaluationTests.test_bundle_boundary_imports_record_pinned_source_without_cached_code) ... ok
test_bundle_boundary_native_grants_require_record_guard_and_original_cpu_origin (__main__.EvaluationTests.test_bundle_boundary_native_grants_require_record_guard_and_original_cpu_origin) ... ok
test_bundle_boundary_processor_dependency_sources_have_exact_origins (__main__.EvaluationTests.test_bundle_boundary_processor_dependency_sources_have_exact_origins) ... ok
test_bundle_boundary_rejects_missing_mutated_and_foreign_runtime (__main__.EvaluationTests.test_bundle_boundary_rejects_missing_mutated_and_foreign_runtime) ... ok
test_bundle_boundary_sequential_lazy_sources_and_exact_original_native (__main__.EvaluationTests.test_bundle_boundary_sequential_lazy_sources_and_exact_original_native) ... ok
test_bundle_boundary_tqdm_auto_source_fallback_and_metadata_reads (__main__.EvaluationTests.test_bundle_boundary_tqdm_auto_source_fallback_and_metadata_reads) ... ok
test_bundle_boundary_yaml_transitive_source_fallback_and_denials (__main__.EvaluationTests.test_bundle_boundary_yaml_transitive_source_fallback_and_denials) ... ok
test_diagnostic_and_native_roles (__main__.EvaluationTests.test_diagnostic_and_native_roles) ... ok
test_each_seed_core_and_whole_cost_boundary (__main__.EvaluationTests.test_each_seed_core_and_whole_cost_boundary) ... ok
test_exact_source_stage_seed_and_roles (__main__.EvaluationTests.test_exact_source_stage_seed_and_roles) ... ok
test_first_screen_never_bootstraps (__main__.EvaluationTests.test_first_screen_never_bootstraps) ... ok
test_full_equal_seed_floor_sign_and_intervals (__main__.EvaluationTests.test_full_equal_seed_floor_sign_and_intervals) ... ok
test_hub_runtime_source_contract_is_finite (__main__.EvaluationTests.test_hub_runtime_source_contract_is_finite) ... ok
test_hub_runtime_sources_require_original_record_hash_and_size (__main__.EvaluationTests.test_hub_runtime_sources_require_original_record_hash_and_size) ... ok
test_no_quality_before_readiness (__main__.EvaluationTests.test_no_quality_before_readiness) ... ok
test_owned_native_api_exit_and_exact_membership (__main__.EvaluationTests.test_owned_native_api_exit_and_exact_membership) ... ok
test_partial_metadata_receipt_and_foreign_bindings_rejected (__main__.EvaluationTests.test_partial_metadata_receipt_and_foreign_bindings_rejected) ... ok
test_partition_order_descriptor_cache_and_hash_rejected_before_source (__main__.EvaluationTests.test_partition_order_descriptor_cache_and_hash_rejected_before_source) ... ok
test_pre_native_partition_and_pinned_source_adapter (__main__.EvaluationTests.test_pre_native_partition_and_pinned_source_adapter) ... ok
test_source_order_bundle_loader_and_no_global_rebinding (__main__.EvaluationTests.test_source_order_bundle_loader_and_no_global_rebinding) ... ok
test_strict_files_closure_and_restored_mtime (__main__.EvaluationTests.test_strict_files_closure_and_restored_mtime) ... ok
test_tqdm_metadata_and_source_mutations_are_rejected (__main__.EvaluationTests.test_tqdm_metadata_and_source_mutations_are_rejected) ... ok
test_tqdm_metadata_rows_require_original_record_hash_and_size (__main__.EvaluationTests.test_tqdm_metadata_rows_require_original_record_hash_and_size) ... ok
test_whole_unit_resource_caps (__main__.EvaluationTests.test_whole_unit_resource_caps) ... ok
test_yaml_current_source_and_record_bytes_rechecked_with_restored_mtime (__main__.EvaluationTests.test_yaml_current_source_and_record_bytes_rechecked_with_restored_mtime) ... ok
test_yaml_native_authority_stays_exact_and_optional (__main__.EvaluationTests.test_yaml_native_authority_stays_exact_and_optional) ... ok
test_yaml_runtime_requires_original_record_hash_and_complete_rows (__main__.EvaluationTests.test_yaml_runtime_requires_original_record_hash_and_complete_rows) ... ok

----------------------------------------------------------------------
Ran 29 tests in 27.573s

OK
