   Compiling proc-macro2 v1.0.107
   Compiling quote v1.0.47
   Compiling unicode-ident v1.0.26
   Compiling memchr v2.8.3
   Compiling libc v0.2.189
   Compiling cfg-if v1.0.5
   Compiling glob v0.3.4
   Compiling either v1.18.0
   Compiling bitflags v2.13.2
   Compiling zerocopy v0.8.57
   Compiling regex-syntax v0.8.11
   Compiling find-msvc-tools v0.1.13
   Compiling shlex v2.0.1
   Compiling object v0.39.1
   Compiling log v0.4.34
   Compiling anyhow v1.0.104
   Compiling getrandom v0.4.3
   Compiling linkme v0.3.37
   Compiling libloading v0.8.9
   Compiling linkme-impl v0.3.37
   Compiling futures-core v0.3.34
   Compiling itertools v0.12.1
   Compiling rustix v0.38.44
   Compiling cc v1.4.7
   Compiling futures-sink v0.3.34
   Compiling futures-io v0.3.34
   Compiling futures-channel v0.3.34
   Compiling futures-task v0.3.34
   Compiling siphasher v1.0.3
   Compiling clang-sys v1.9.1
   Compiling aho-corasick v1.1.5
   Compiling nom v7.1.3
   Compiling rand v0.8.8
   Compiling phf_shared v0.11.3
   Compiling hashbrown v0.17.1
   Compiling bindgen v0.69.5
   Compiling serde_core v1.0.228
   Compiling phf_generator v0.11.3
   Compiling autocfg v1.5.1
   Compiling unicode-segmentation v1.13.3
   Compiling zmij v1.0.23
   Compiling syn v2.0.119
   Compiling syn v3.0.6
   Compiling indexmap v2.14.2
   Compiling cexpr v0.6.0
   Compiling which v4.4.2
   Compiling num-traits v0.2.19
   Compiling regex-automata v0.4.18
   Compiling uuid v1.26.1
   Compiling stacker v0.1.25
   Compiling convert_case v0.8.0
   Compiling itertools v0.14.0
   Compiling serde v1.0.228
   Compiling serde_json v1.0.149
   Compiling ar_archive_writer v0.5.3
   Compiling regex v1.13.1
   Compiling prettyplease v0.2.37
   Compiling psm v0.1.32
   Compiling futures-macro v0.3.34
   Compiling zerocopy-derive v0.8.57
   Compiling thiserror-impl v1.0.69
   Compiling phf_macros v0.11.3
   Compiling serde_derive v1.0.228
   Compiling futures-util v0.3.34
   Compiling phf v0.11.3
   Compiling thiserror v1.0.69
   Compiling futures-executor v0.3.34
   Compiling futures v0.3.34
   Compiling half v2.7.1
   Compiling cuda-bindings v0.1.1
   Compiling cutile-ir v0.1.1
error: failed to run custom build command for `cuda-bindings v0.1.1`

Caused by:
  process didn't exit successfully: `/home/riomus/cutile-rs-c299d449/target/release/build/cuda-bindings-5c2bbd0eb7a9c905/build-script-build` (exit status: 101)
  --- stdout
  cargo:rerun-if-changed=wrapper.h
  cargo:rerun-if-env-changed=CUDA_TOOLKIT_PATH

  --- stderr

  thread 'main' (995321) panicked at /home/riomus/.cargo/registry/src/index.crates.io-1949cf8c6b5b557f/cuda-bindings-0.1.1/build.rs:63:39:
  CUDA_TOOLKIT_PATH is required but not set: NotPresent
  note: run with `RUST_BACKTRACE=1` environment variable to display a backtrace
warning: build failed, waiting for other jobs to finish...
error: failed to run custom build command for `cuda-bindings v0.1.1`

Caused by:
  process didn't exit successfully: `/home/riomus/cutile-rs-c299d449/target/release/build/cuda-bindings-5c2bbd0eb7a9c905/build-script-build` (exit status: 101)
  --- stdout
  cargo:rerun-if-changed=wrapper.h
  cargo:rerun-if-env-changed=CUDA_TOOLKIT_PATH

  --- stderr

  thread 'main' (995322) panicked at /home/riomus/.cargo/registry/src/index.crates.io-1949cf8c6b5b557f/cuda-bindings-0.1.1/build.rs:63:39:
  CUDA_TOOLKIT_PATH is required but not set: NotPresent
  note: run with `RUST_BACKTRACE=1` environment variable to display a backtrace
