	Command being timed: "timeout 120s /usr/bin/python3 -B -I -S /home/rb/worktrees/sfora-positive-causality/scripts/diagnose_connected_archived_precision.py --launch /tmp/sfora-connected-archived-precision-run-v1/launch.json --launch-sha256 65dbf9e33ee339478c8a74245b1180577f431ff58749f2afec6f3b98a1d5df7e"
	User time (seconds): 9.88
	System time (seconds): 0.10
	Percent of CPU this job got: 97%
	Elapsed (wall clock) time (h:mm:ss or m:ss): 0:10.22
	Average shared text size (kbytes): 0
	Average unshared data size (kbytes): 0
	Average stack size (kbytes): 0
	Average total size (kbytes): 0
	Maximum resident set size (kbytes): 145560
	Average resident set size (kbytes): 0
	Major (requiring I/O) page faults: 0
	Minor (reclaiming a frame) page faults: 36902
	Voluntary context switches: 106
	Involuntary context switches: 1138
	Swaps: 0
	File system inputs: 0
	File system outputs: 0
	Socket messages sent: 0
	Socket messages received: 0
	Signals delivered: 0
	Page size (bytes): 4096
	Exit status: 0
