fit-concat-v1-launch.sh: OK
/home/riomus/runs/sfora-so400-signed-concat-fit-source-v2/fit-concat-v1-command.sh: OK
Running as unit: sfora-so400-signed-concat-fit-concat-v1.service; invocation ID: 94a84de4194f42f0842cee5b5c8f932a
/home/riomus/runs/sfora-so400-signed-concat-fit-source-v2/fit_siglip2_prototype_residual.py: OK
/home/riomus/runs/sfora-so400-signed-concat-fit-source-v2/prototype_residual_readout.py: OK
/home/riomus/runs/sfora-so400-signed-concat-fit-source-v2/test_siglip2_prototype_residual.py: OK
/home/riomus/runs/sfora-so400-signed-concat-fit-source-v2/execution.json: OK
/home/riomus/runs/sfora-so400-signed-concat-fit-source-v2/authority-fit-concat-v1.json: OK
/home/riomus/runs/sfora-so400-prototype-residual-solver-v1/foundation_adapter.py: OK
/home/riomus/runs/sfora-so400-quadratic-readout-source-v7/quadratic_encoder_frames.py: OK
/home/riomus/runs/sfora-so400-quadratic-readout-source-v7/quadratic_readout.py: OK
/home/riomus/runs/sfora-so400-quadratic-readout-source-v7/test_siglip2_quadratic_readout.py: OK
/home/riomus/runs/sfora-so400-quadratic-readout-source-v7/train_siglip2_quadratic_readout.py: OK
/home/riomus/runs/sfora-so400-quadratic-readout-source-v7/execution.json: OK
/home/riomus/runs/sfora-so400-quadratic-readout-source-v7/authority-cpu-v7.json: OK
/home/riomus/runs/sfora-so400-quadratic-readout-cpu-v7/receipt.json: OK
/home/riomus/runs/sfora-so400-quadratic-readout-source-v7/cpu-v7.log: OK
/home/riomus/runs/sfora-native256-initialized-cpu-final-footer-v1.py: OK
/home/riomus/runs/sfora-native256-stop-cgroup-footer-v1.py: OK
/home/riomus/runs/sfora-so400-prototype-residual-source-v3/fit_siglip2_prototype_residual.py: OK
/home/riomus/runs/sfora-so400-prototype-residual-source-v3/test_siglip2_prototype_residual.py: OK
/home/riomus/runs/sfora-so400-prototype-residual-source-v3/execution.json: OK
/home/riomus/runs/sfora-so400-prototype-residual-source-v3/authority-fit-linear-v1.json: OK
/home/riomus/runs/sfora-so400-prototype-residual-fit-linear-v1/receipt.json: OK
/home/riomus/runs/sfora-so400-prototype-residual-source-v3/fit-linear-v1.log: OK
/home/riomus/runs/sfora-so400-signed-concat-cpu-v2/receipt.json: OK
/home/riomus/runs/sfora-so400-signed-concat-fit-source-v2/cpu-v2.log: OK
{"event": "PROTOTYPE_PHASE", "phase": "authority_begin", "seconds": 0.0004030088894069195}
{"event": "PROTOTYPE_PHASE", "phase": "authority_end", "seconds": 119.31444868212566}
{"event": "PROTOTYPE_PHASE", "phase": "encoder_retention_begin", "seconds": 119.3398598479107}
{"event": "PROTOTYPE_PHASE", "phase": "encoder_retention_end", "seconds": 123.81850466923788}
{"event": "PROTOTYPE_PHASE", "phase": "concat_fresh_fit1_begin", "seconds": 125.43471883703023}
{"event": "PROTOTYPE_PHASE", "phase": "concat_fresh_fit1_end", "seconds": 148.74499778728932}
{"event": "PROTOTYPE_PHASE", "phase": "concat_fresh_fit2_begin", "seconds": 155.46519543416798}
{"event": "PROTOTYPE_PHASE", "phase": "concat_fresh_fit2_end", "seconds": 179.2169895512052}
{"event": "PROTOTYPE_PHASE", "phase": "concat_reload_begin", "seconds": 180.7026449861005}
{"event": "PROTOTYPE_PHASE", "phase": "concat_reload_end", "seconds": 203.16901662992314}
{"event": "PROTOTYPE_PHASE", "phase": "old_exit_begin", "seconds": 204.2678895010613}
{"event": "QUADRATIC_PHASE", "phase": "exit_rehash", "delta_seconds": 16.325706127099693, "cumulative_seconds": 16.325706127099693}
{"event": "PROTOTYPE_PHASE", "phase": "old_exit_end", "seconds": 220.59448991622776}
{"event": "PROTOTYPE_PHASE", "phase": "own_union_begin", "seconds": 220.5945047158748}
{"event": "PROTOTYPE_PHASE", "phase": "own_union_end", "seconds": 233.26776961702853}
{"event": "PROTOTYPE_PHASE", "phase": "closure_begin", "seconds": 233.26779995299876}
{"event": "PROTOTYPE_PHASE", "phase": "closure_end", "seconds": 233.26946705626324}
{"schema": "siglip2-prototype-residual-ridge-v2", "phase": "fit", "output": "/home/riomus/runs/sfora-so400-signed-concat-fit-concat-v1"}
/home/riomus/runs/sfora-so400-signed-concat-fit-source-v2/fit_siglip2_prototype_residual.py: OK
/home/riomus/runs/sfora-so400-signed-concat-fit-source-v2/prototype_residual_readout.py: OK
/home/riomus/runs/sfora-so400-signed-concat-fit-source-v2/test_siglip2_prototype_residual.py: OK
/home/riomus/runs/sfora-so400-signed-concat-fit-source-v2/execution.json: OK
/home/riomus/runs/sfora-so400-signed-concat-fit-source-v2/authority-fit-concat-v1.json: OK
/home/riomus/runs/sfora-so400-prototype-residual-solver-v1/foundation_adapter.py: OK
/home/riomus/runs/sfora-so400-quadratic-readout-source-v7/quadratic_encoder_frames.py: OK
/home/riomus/runs/sfora-so400-quadratic-readout-source-v7/quadratic_readout.py: OK
/home/riomus/runs/sfora-so400-quadratic-readout-source-v7/test_siglip2_quadratic_readout.py: OK
/home/riomus/runs/sfora-so400-quadratic-readout-source-v7/train_siglip2_quadratic_readout.py: OK
/home/riomus/runs/sfora-so400-quadratic-readout-source-v7/execution.json: OK
/home/riomus/runs/sfora-so400-quadratic-readout-source-v7/authority-cpu-v7.json: OK
/home/riomus/runs/sfora-so400-quadratic-readout-cpu-v7/receipt.json: OK
/home/riomus/runs/sfora-so400-quadratic-readout-source-v7/cpu-v7.log: OK
/home/riomus/runs/sfora-native256-initialized-cpu-final-footer-v1.py: OK
/home/riomus/runs/sfora-native256-stop-cgroup-footer-v1.py: OK
/home/riomus/runs/sfora-so400-prototype-residual-source-v3/fit_siglip2_prototype_residual.py: OK
/home/riomus/runs/sfora-so400-prototype-residual-source-v3/test_siglip2_prototype_residual.py: OK
/home/riomus/runs/sfora-so400-prototype-residual-source-v3/execution.json: OK
/home/riomus/runs/sfora-so400-prototype-residual-source-v3/authority-fit-linear-v1.json: OK
/home/riomus/runs/sfora-so400-prototype-residual-fit-linear-v1/receipt.json: OK
/home/riomus/runs/sfora-so400-prototype-residual-source-v3/fit-linear-v1.log: OK
/home/riomus/runs/sfora-so400-signed-concat-cpu-v2/receipt.json: OK
/home/riomus/runs/sfora-so400-signed-concat-fit-source-v2/cpu-v2.log: OK
FINAL_CGROUP {"command_exit_status": 0, "invocation_id": "94a84de4194f42f0842cee5b5c8f932a", "path": "/sys/fs/cgroup/user.slice/user-1000.slice/user@1000.service/app.slice/sfora-so400-signed-concat-fit-concat-v1.service", "values": {"memory.current": "2341613568", "memory.events": "low 0\nhigh 0\nmax 0\noom 0\noom_kill 0\noom_group_kill 0", "memory.max": "8589934592", "memory.peak": "3170729984", "memory.stat": "anon 5988352\nfile 2294599680\nkernel 38936576\nkernel_stack 65536\npagetables 327680\nsec_pagetables 0\npercpu 2112\nsock 0\nvmalloc 0\nshmem 0\nzswap 0\nzswapped 0\nfile_mapped 1097728\nfile_dirty 12288\nfile_writeback 0\nswapcached 0\nanon_thp 0\nfile_thp 2097152\nshmem_thp 0\ninactive_anon 0\nactive_anon 5808128\ninactive_file 126783488\nactive_file 2167816192\nunevictable 0\nslab_reclaimable 38391608\nslab_unreclaimable 122608\nslab 38514216\nworkingset_refault_anon 0\nworkingset_refault_file 0\nworkingset_activate_anon 0\nworkingset_activate_file 0\nworkingset_restore_anon 0\nworkingset_restore_file 0\nworkingset_nodereclaim 0\npgdemote_kswapd 0\npgdemote_direct 0\npgdemote_khugepaged 0\npgdemote_proactive 0\npgpromote_success 0\npgscan 0\npgsteal 0\npswpin 0\npswpout 0\npgscan_kswapd 0\npgscan_direct 0\npgscan_khugepaged 0\npgscan_proactive 0\npgsteal_kswapd 0\npgsteal_direct 0\npgsteal_khugepaged 0\npgsteal_proactive 0\npgfault 232585\npgmajfault 5497\npgrefill 0\npgactivate 0\npgdeactivate 0\npglazyfree 0\npglazyfreed 0\nswpin_zero 0\nswpout_zero 0\nzswpin 0\nzswpout 0\nzswpwb 0\nthp_fault_alloc 246\nthp_collapse_alloc 13\nthp_swpout 0\nthp_swpout_fallback 0\nnuma_pages_migrated 0\nnuma_pte_updates 0\nnuma_hint_faults 0", "memory.swap.current": "0", "memory.swap.max": "0", "memory.swap.peak": "0"}}
	Command being timed: "/bin/bash -c set -e; sudo -n /bin/sync; sudo -n /bin/sh -c "echo 3 > /proc/sys/vm/drop_caches"; exec /bin/bash /home/riomus/runs/sfora-so400-signed-concat-fit-source-v2/fit-concat-v1-command.sh"
	User time (seconds): 73.26
	System time (seconds): 12.00
	Percent of CPU this job got: 36%
	Elapsed (wall clock) time (h:mm:ss or m:ss): 3:54.77
	Average shared text size (kbytes): 0
	Average unshared data size (kbytes): 0
	Average stack size (kbytes): 0
	Average total size (kbytes): 0
	Maximum resident set size (kbytes): 2854356
	Average resident set size (kbytes): 0
	Major (requiring I/O) page faults: 5497
	Minor (reclaiming a frame) page faults: 226921
	Voluntary context switches: 577483
	Involuntary context switches: 608
	Swaps: 0
	File system inputs: 212311152
	File system outputs: 138688
	Socket messages sent: 0
	Socket messages received: 0
	Signals delivered: 0
	Page size (bytes): 4096
	Exit status: 0
STOP_CGROUP {"exit_code": "exited", "exit_status": "0", "invocation_id": "94a84de4194f42f0842cee5b5c8f932a", "path": "/sys/fs/cgroup/user.slice/user-1000.slice/user@1000.service/app.slice/sfora-so400-signed-concat-fit-concat-v1.service", "service_result": "success", "values": {"memory.current": "2341031936", "memory.events": "low 0\nhigh 0\nmax 0\noom 0\noom_kill 0\noom_group_kill 0", "memory.max": "8589934592", "memory.peak": "3170729984", "memory.stat": "anon 5402624\nfile 2294599680\nkernel 38547456\nkernel_stack 0\npagetables 94208\nsec_pagetables 0\npercpu 1056\nsock 0\nvmalloc 0\nshmem 0\nzswap 0\nzswapped 0\nfile_mapped 1118208\nfile_dirty 12288\nfile_writeback 0\nswapcached 0\nanon_thp 0\nfile_thp 2097152\nshmem_thp 0\ninactive_anon 0\nactive_anon 5402624\ninactive_file 126783488\nactive_file 2167816192\nunevictable 0\nslab_reclaimable 38395040\nslab_unreclaimable 23264\nslab 38418304\nworkingset_refault_anon 0\nworkingset_refault_file 0\nworkingset_activate_anon 0\nworkingset_activate_file 0\nworkingset_restore_anon 0\nworkingset_restore_file 0\nworkingset_nodereclaim 0\npgdemote_kswapd 0\npgdemote_direct 0\npgdemote_khugepaged 0\npgdemote_proactive 0\npgpromote_success 0\npgscan 0\npgsteal 0\npswpin 0\npswpout 0\npgscan_kswapd 0\npgscan_direct 0\npgscan_khugepaged 0\npgscan_proactive 0\npgsteal_kswapd 0\npgsteal_direct 0\npgsteal_khugepaged 0\npgsteal_proactive 0\npgfault 234096\npgmajfault 5497\npgrefill 0\npgactivate 0\npgdeactivate 0\npglazyfree 0\npglazyfreed 0\nswpin_zero 0\nswpout_zero 0\nzswpin 0\nzswpout 0\nzswpwb 0\nthp_fault_alloc 246\nthp_collapse_alloc 13\nthp_swpout 0\nthp_swpout_fallback 0\nnuma_pages_migrated 0\nnuma_pte_updates 0\nnuma_hint_faults 0", "memory.swap.current": "0", "memory.swap.max": "0", "memory.swap.peak": "0"}}
Finished with result: success
Main processes terminated with: code=exited/status=0
Service runtime: 3min 54.821s
CPU time consumed: 1min 25.300s
Memory peak: 2.9G
Memory swap peak: 0B
