test_accumulation_missing_and_nonfinite (__main__.DecompositionTests.test_accumulation_missing_and_nonfinite) ... ok
test_actual_joint_view_loop_and_scalar_norm (__main__.DecompositionTests.test_actual_joint_view_loop_and_scalar_norm) ... ok
test_bound_workspace_source_rejects_function_replacement (__main__.DecompositionTests.test_bound_workspace_source_rejects_function_replacement) ... ok
test_cleanup_keeps_original_failure_and_runs_all (__main__.DecompositionTests.test_cleanup_keeps_original_failure_and_runs_all) ... ok
test_consumed_page_advice_failure_keeps_genuine_exit_cleanup (__main__.DecompositionTests.test_consumed_page_advice_failure_keeps_genuine_exit_cleanup) ... ok
test_consumed_page_default_keep_and_strict_mode (__main__.DecompositionTests.test_consumed_page_default_keep_and_strict_mode) ... ok
test_consumed_page_inverse_preserves_whole_original_source_and_tests (__main__.DecompositionTests.test_consumed_page_inverse_preserves_whole_original_source_and_tests) ... ok
test_consumed_page_original_identity_hash_and_guard_checks (__main__.DecompositionTests.test_consumed_page_original_identity_hash_and_guard_checks) ... ok
test_consumed_page_short_reads_native_sizes_and_tails (__main__.DecompositionTests.test_consumed_page_short_reads_native_sizes_and_tails) ... ok
test_consumed_page_stream_hash_before_aligned_advice (__main__.DecompositionTests.test_consumed_page_stream_hash_before_aligned_advice) ... ok
test_consumed_page_sysconf_and_io_failures_are_fatal (__main__.DecompositionTests.test_consumed_page_sysconf_and_io_failures_are_fatal) ... ok
test_final_allocated_zero_and_cleanup_error (__main__.DecompositionTests.test_final_allocated_zero_and_cleanup_error) ... ok
test_full_gallery_ties_self_singleton_and_mutants (__main__.DecompositionTests.test_full_gallery_ties_self_singleton_and_mutants) ... ok
test_launch_exact_roles_and_omissions (__main__.DecompositionTests.test_launch_exact_roles_and_omissions) ... ok
test_memory_observer_bounds_and_failures_keep_original_cleanup (__main__.DecompositionTests.test_memory_observer_bounds_and_failures_keep_original_cleanup) ... ok
test_memory_observer_build_failure_keeps_release_sync_and_guards (__main__.DecompositionTests.test_memory_observer_build_failure_keeps_release_sync_and_guards) ... ok
test_memory_observer_cancellation_preserves_final_cleanup_and_primary (__main__.DecompositionTests.test_memory_observer_cancellation_preserves_final_cleanup_and_primary) ... ok
test_memory_observer_cancellation_preserves_release_and_stops_measurement (__main__.DecompositionTests.test_memory_observer_cancellation_preserves_release_and_stops_measurement) ... ok
test_memory_observer_complete_receipt_requires_every_phase (__main__.DecompositionTests.test_memory_observer_complete_receipt_requires_every_phase) ... ok
test_memory_observer_inverse_keeps_complete_original_predicates (__main__.DecompositionTests.test_memory_observer_inverse_keeps_complete_original_predicates) ... ok
test_memory_observer_records_pressure_before_original_guard_rejects (__main__.DecompositionTests.test_memory_observer_records_pressure_before_original_guard_rejects) ... ok
test_original_schedule_and_full_denominators (__main__.DecompositionTests.test_original_schedule_and_full_denominators) ... ok
test_parallel_opposed_orthogonal (__main__.DecompositionTests.test_parallel_opposed_orthogonal) ... ok
test_real_loss_and_micro_full_scale (__main__.DecompositionTests.test_real_loss_and_micro_full_scale) ... ok
test_source_contract_and_complete_math_correspondence (__main__.DecompositionTests.test_source_contract_and_complete_math_correspondence) ... ok
test_source_exists (__main__.DecompositionTests.test_source_exists) ... ok
test_state_ownership_success_rejection_and_alias (__main__.DecompositionTests.test_state_ownership_success_rejection_and_alias) ... ok
test_strict_file_unit_and_uncached_reads (__main__.DecompositionTests.test_strict_file_unit_and_uncached_reads) ... ok
test_workspace_contract_failure_runs_original_rng_and_cgroup (__main__.DecompositionTests.test_workspace_contract_failure_runs_original_rng_and_cgroup) ... ok
test_workspace_contract_inverse_preserves_whole_gradient_and_tests (__main__.DecompositionTests.test_workspace_contract_inverse_preserves_whole_gradient_and_tests) ... ok
test_workspace_contract_selects_gradient_and_keeps_callback_guards (__main__.DecompositionTests.test_workspace_contract_selects_gradient_and_keeps_callback_guards) ... ok

----------------------------------------------------------------------
Ran 31 tests in 3.663s

OK
PASS stdlib Stage1 exact source/authority, actual extracted loss and gradient accumulation, full-B64 scaling, complete gallery/self/ties/singletons, detachment/omission mutants, sequential ownership and final zero-allocation seams. Native UNRUN; scientific HOLD unchanged.
	Command being timed: "python3 scripts/test_connected_gradient_decomposition.py --source-only"
	User time (seconds): 3.54
	System time (seconds): 0.15
	Percent of CPU this job got: 97%
	Elapsed (wall clock) time (h:mm:ss or m:ss): 0:03.77
	Average shared text size (kbytes): 0
	Average unshared data size (kbytes): 0
	Average stack size (kbytes): 0
	Average total size (kbytes): 0
	Maximum resident set size (kbytes): 92484
	Average resident set size (kbytes): 0
	Major (requiring I/O) page faults: 2
	Minor (reclaiming a frame) page faults: 49885
	Voluntary context switches: 11
	Involuntary context switches: 131
	Swaps: 0
	File system inputs: 992
	File system outputs: 344
	Socket messages sent: 0
	Socket messages received: 0
	Signals delivered: 0
	Page size (bytes): 4096
	Exit status: 0
