/home/riomus/runs/sfora-connected-full-authority-observation-source-v2/command.sh: OK
Running as unit: sfora-connected-full-authority-observation-v2.service; invocation ID: 310761b1638a4651b2fa5a7738e5576a
/home/riomus/runs/sfora-connected-full-authority-observation-source-v2/observe_connected_full_authority.py: OK
/home/riomus/runs/sfora-connected-full-authority-observation-source-v2/test_connected_full_authority_observation.py: OK
/home/riomus/.local/share/uv/python/cpython-3.13.9-linux-aarch64-gnu/bin/python3.13: OK
/home/riomus/runs/sfora-connected-mlp-evaluation-source-v5/evaluate_siglip2_connected_mlp.py: OK
/home/riomus/runs/sfora-connected-mlp-evaluation-source-v5/execution.json: OK
/home/riomus/runs/sfora-connected-mlp-evaluation-source-v5/authority-full-cpu-v1.json: OK
/home/riomus/runs/sfora-connected-mlp-evaluation-source-v5/full-cpu-v1-command.sh: OK
/home/riomus/runs/sfora-connected-mlp-evaluation-source-v5/test_connected_mlp_evaluation.py: OK
/home/riomus/runs/sfora-connected-full-authority-observation-source-v2/manifest.json: OK
/home/riomus/runs/sfora-native256-initialized-cpu-final-footer-v1.py: OK
/home/riomus/runs/sfora-native256-stop-cgroup-footer-v1.py: OK
/home/riomus/runs/sfora-connected-full-authority-observation-source-v2/observe_connected_full_authority.py: OK
/home/riomus/runs/sfora-connected-full-authority-observation-source-v2/test_connected_full_authority_observation.py: OK
/home/riomus/.local/share/uv/python/cpython-3.13.9-linux-aarch64-gnu/bin/python3.13: OK
/home/riomus/runs/sfora-connected-mlp-evaluation-source-v5/evaluate_siglip2_connected_mlp.py: OK
/home/riomus/runs/sfora-connected-mlp-evaluation-source-v5/execution.json: OK
/home/riomus/runs/sfora-connected-mlp-evaluation-source-v5/authority-full-cpu-v1.json: OK
/home/riomus/runs/sfora-connected-mlp-evaluation-source-v5/full-cpu-v1-command.sh: OK
/home/riomus/runs/sfora-connected-mlp-evaluation-source-v5/test_connected_mlp_evaluation.py: OK
/home/riomus/runs/sfora-connected-full-authority-observation-source-v2/manifest.json: OK
/home/riomus/runs/sfora-native256-initialized-cpu-final-footer-v1.py: OK
/home/riomus/runs/sfora-native256-stop-cgroup-footer-v1.py: OK
FINAL_CGROUP {"command_exit_status": 0, "invocation_id": "310761b1638a4651b2fa5a7738e5576a", "path": "/sys/fs/cgroup/user.slice/user-1000.slice/user@1000.service/app.slice/sfora-connected-full-authority-observation-v2.service", "values": {"memory.current": "239321088", "memory.events": "low 0\nhigh 0\nmax 0\noom 0\noom_kill 0\noom_group_kill 0", "memory.max": "8589934592", "memory.peak": "644960256", "memory.stat": "anon 5996544\nfile 136638464\nkernel 94531584\nkernel_stack 65536\npagetables 462848\nsec_pagetables 0\npercpu 2112\nsock 0\nvmalloc 0\nshmem 0\nzswap 0\nzswapped 0\nfile_mapped 0\nfile_dirty 28672\nfile_writeback 0\nswapcached 0\nanon_thp 0\nfile_thp 0\nshmem_thp 0\ninactive_anon 0\nactive_anon 5828608\ninactive_file 135647232\nactive_file 991232\nunevictable 0\nslab_reclaimable 93871848\nslab_unreclaimable 132448\nslab 94004296\nworkingset_refault_anon 0\nworkingset_refault_file 0\nworkingset_activate_anon 0\nworkingset_activate_file 0\nworkingset_restore_anon 0\nworkingset_restore_file 0\nworkingset_nodereclaim 0\npgdemote_kswapd 0\npgdemote_direct 0\npgdemote_khugepaged 0\npgdemote_proactive 0\npgpromote_success 0\npgscan 0\npgsteal 0\npswpin 0\npswpout 0\npgscan_kswapd 0\npgscan_direct 0\npgscan_khugepaged 0\npgscan_proactive 0\npgsteal_kswapd 0\npgsteal_direct 0\npgsteal_khugepaged 0\npgsteal_proactive 0\npgfault 248447\npgmajfault 24\npgrefill 0\npgactivate 0\npgdeactivate 0\npglazyfree 0\npglazyfreed 0\nswpin_zero 0\nswpout_zero 0\nzswpin 0\nzswpout 0\nzswpwb 0\nthp_fault_alloc 0\nthp_collapse_alloc 0\nthp_swpout 0\nthp_swpout_fallback 0\nnuma_pages_migrated 0\nnuma_pte_updates 0\nnuma_hint_faults 0", "memory.swap.current": "0", "memory.swap.max": "0", "memory.swap.peak": "0"}}
	Command being timed: "/bin/bash -c set -e; sudo -n /bin/sync; sudo -n /bin/sh -c "echo 3 > /proc/sys/vm/drop_caches"; exec /bin/bash /home/riomus/runs/sfora-connected-full-authority-observation-source-v2/command.sh"
	User time (seconds): 241.43
	System time (seconds): 34.14
	Percent of CPU this job got: 48%
	Elapsed (wall clock) time (h:mm:ss or m:ss): 9:24.17
	Average shared text size (kbytes): 0
	Average unshared data size (kbytes): 0
	Average stack size (kbytes): 0
	Average total size (kbytes): 0
	Maximum resident set size (kbytes): 416204
	Average resident set size (kbytes): 0
	Major (requiring I/O) page faults: 23
	Minor (reclaiming a frame) page faults: 248254
	Voluntary context switches: 1848907
	Involuntary context switches: 1845
	Swaps: 0
	File system inputs: 613132768
	File system outputs: 2728
	Socket messages sent: 0
	Socket messages received: 0
	Signals delivered: 0
	Page size (bytes): 4096
	Exit status: 0
STOP_CGROUP {"exit_code": "exited", "exit_status": "0", "invocation_id": "310761b1638a4651b2fa5a7738e5576a", "path": "/sys/fs/cgroup/user.slice/user-1000.slice/user@1000.service/app.slice/sfora-connected-full-authority-observation-v2.service", "service_result": "success", "values": {"memory.current": "238383104", "memory.events": "low 0\nhigh 0\nmax 0\noom 0\noom_kill 0\noom_group_kill 0", "memory.max": "8589934592", "memory.peak": "644960256", "memory.stat": "anon 5439488\nfile 136642560\nkernel 94056448\nkernel_stack 0\npagetables 102400\nsec_pagetables 0\npercpu 1408\nsock 0\nvmalloc 0\nshmem 0\nzswap 0\nzswapped 0\nfile_mapped 0\nfile_dirty 32768\nfile_writeback 0\nswapcached 0\nanon_thp 0\nfile_thp 0\nshmem_thp 0\ninactive_anon 0\nactive_anon 5394432\ninactive_file 135651328\nactive_file 991232\nunevictable 0\nslab_reclaimable 93868904\nslab_unreclaimable 78280\nslab 93947184\nworkingset_refault_anon 0\nworkingset_refault_file 0\nworkingset_activate_anon 0\nworkingset_activate_file 0\nworkingset_restore_anon 0\nworkingset_restore_file 0\nworkingset_nodereclaim 0\npgdemote_kswapd 0\npgdemote_direct 0\npgdemote_khugepaged 0\npgdemote_proactive 0\npgpromote_success 0\npgscan 0\npgsteal 0\npswpin 0\npswpout 0\npgscan_kswapd 0\npgscan_direct 0\npgscan_khugepaged 0\npgscan_proactive 0\npgsteal_kswapd 0\npgsteal_direct 0\npgsteal_khugepaged 0\npgsteal_proactive 0\npgfault 249968\npgmajfault 24\npgrefill 0\npgactivate 0\npgdeactivate 0\npglazyfree 0\npglazyfreed 0\nswpin_zero 0\nswpout_zero 0\nzswpin 0\nzswpout 0\nzswpwb 0\nthp_fault_alloc 0\nthp_collapse_alloc 0\nthp_swpout 0\nthp_swpout_fallback 0\nnuma_pages_migrated 0\nnuma_pte_updates 0\nnuma_hint_faults 0", "memory.swap.current": "0", "memory.swap.max": "0", "memory.swap.peak": "0"}}
Finished with result: success
Main processes terminated with: code=exited/status=0
Service runtime: 9min 24.205s
CPU time consumed: 4min 35.594s
Memory peak: 615.0M
Memory swap peak: 0B
