/home/riomus/runs/sfora-so400-compact-ranking-evaluation-source-v20/state-diagnostic-control-179061-v1-command.sh: OK
Running as unit: sfora-so400-compact-ranking-evaluation-state-diagnostic-control-179061-v1.service; invocation ID: 257e2cab005c4b2a91bef99293185ff5
/home/riomus/runs/sfora-so400-compact-ranking-evaluation-source-v20/endpoint-state-mismatch-report-v1.py: OK
/home/riomus/runs/sfora-so400-compact-ranking-evaluation-source-v20/compact-state-diagnostic-v1.py: OK
/home/riomus/.local/share/uv/python/cpython-3.13.9-linux-aarch64-gnu/bin/python3.13: OK
/home/riomus/runs/sfora-native256-initialized-cpu-final-footer-v1.py: OK
/home/riomus/runs/sfora-native256-stop-cgroup-footer-v1.py: OK
/home/riomus/runs/sfora-so400-compact-ranking-evaluation-reference-v1/evaluate_siglip2_nearest_ranking.py: OK
/home/riomus/runs/sfora-so400-compact-ranking-evaluation-reference-v1/execution.json: OK
/home/riomus/runs/sfora-so400-compact-ranking-evaluation-reference-v1/test_nearest_ranking_evaluation.py: OK
/home/riomus/runs/sfora-so400-compact-ranking-evaluation-source-v20/authority-first-export-control-179061-v4.json: OK
/home/riomus/runs/sfora-so400-compact-ranking-evaluation-source-v20/evaluate_siglip2_compact_ranking.py: OK
/home/riomus/runs/sfora-so400-compact-ranking-evaluation-source-v20/execution.json: OK
/home/riomus/runs/sfora-so400-compact-ranking-evaluation-source-v20/test_compact_ranking_evaluation.py: OK
/home/riomus/runs/sfora-so400-compact-ranking-train-candidate-179061-v3/bundle/bundle.json: OK
/home/riomus/runs/sfora-so400-compact-ranking-train-candidate-179061-v3/receipt.json: OK
/home/riomus/runs/sfora-so400-compact-ranking-train-candidate-179061-v3/resume.pt: OK
/home/riomus/runs/sfora-so400-compact-ranking-train-control-179061-v3/bundle/bundle.json: OK
/home/riomus/runs/sfora-so400-compact-ranking-train-control-179061-v3/receipt.json: OK
/home/riomus/runs/sfora-so400-compact-ranking-train-control-179061-v3/resume.pt: OK
/home/riomus/runs/sfora-so400-compact-ranking-train-source-v7/authority-train-candidate-179061-v3.json: OK
/home/riomus/runs/sfora-so400-compact-ranking-train-source-v7/authority-train-control-179061-v3.json: OK
/home/riomus/runs/sfora-so400-compact-ranking-train-source-v7/execution.json: OK
/home/riomus/runs/sfora-so400-compact-ranking-train-source-v7/test_siglip2_compact_ranking.py: OK
/home/riomus/runs/sfora-so400-compact-ranking-train-source-v7/train-candidate-179061-v3.log: OK
/home/riomus/runs/sfora-so400-compact-ranking-train-source-v7/train-control-179061-v3.log: OK
/home/riomus/runs/sfora-so400-compact-ranking-train-source-v7/train_siglip2_compact_ranking.py: OK
/home/riomus/runs/sfora-so400-genuine-view-evaluation-source-v4/evaluate_siglip2_genuine_views.py: OK
/home/riomus/runs/sfora-so400-genuine-view-evaluation-source-v4/execution.json: OK
/home/riomus/runs/sfora-so400-genuine-view-evaluation-source-v4/test_siglip2_genuine_view_evaluation.py: OK
/home/riomus/runs/sfora-so400-signed-concat-evaluation-source-v2/evaluate_siglip2_prototype_residual.py: OK
/home/riomus/runs/sfora-so400-signed-concat-evaluation-source-v2/execution.json: OK
/home/riomus/runs/sfora-so400-signed-concat-evaluation-source-v2/test_siglip2_prototype_residual_evaluation.py: OK
{"event": "COMPACT_PHASE", "phase": "shared_source_preparation", "boundary": "begin", "seconds": 123.15328439511359}
{"event": "COMPACT_PHASE", "phase": "shared_source_preparation", "boundary": "end", "delta_seconds": 21.106749332975596, "seconds": 144.26003628829494}
{"event": "COMPACT_PHASE", "phase": "cache_target_preparation", "boundary": "begin", "seconds": 144.26011508703232}
{"event": "COMPACT_PHASE", "phase": "cache_target_preparation", "boundary": "end", "delta_seconds": 5.548554176930338, "seconds": 149.8086728323251}
{"progress": "admitted", "phase": "export", "stage": "first", "seconds": 155.8967323107645}
{"config_differences": {"id2label": {"actual_repr": "{0: 'LABEL_0', 1: 'LABEL_1'}", "actual_type": "dict", "expected_repr": "{'0': 'LABEL_0', '1': 'LABEL_1'}", "expected_type": "dict"}}, "event": "COMPACT_ENDPOINT_STATE_MISMATCH", "fields": {"config": {"actual_python_type": "builtins.dict", "actual_typed_sha256": "09f23f1e88209297136a8d564e1be4b6f0b8a9e76d01bc425e201f1887c33aca", "expected_typed_sha256": "9d7cdefe224c1c2277c351be62663dfc3e17f87f8ff86009ebd175ba3d09c06a"}}, "tensor_device_and_subclass_are_not_hash_identity": true}
{"event": "COMPACT_DIAGNOSTIC_STOP", "observed": true, "qualification_eligible": false, "state_reuse_eligible": false, "images": 0, "quality_read": false}
Traceback (most recent call last):
  File "/home/riomus/runs/sfora-so400-compact-ranking-evaluation-source-v20/evaluate_siglip2_compact_ranking.py", line 1837, in main
    result=run(args)
  File "/home/riomus/runs/sfora-so400-compact-ranking-evaluation-source-v20/evaluate_siglip2_compact_ranking.py", line 1808, in run
    result=cpu_qualification(context) if args.phase == 'cpu' else native_export(context) if args.phase == 'export' else score_exports(context)
                                                                  ~~~~~~~~~~~~~^^^^^^^^^
  File "/home/riomus/runs/sfora-so400-compact-ranking-evaluation-source-v20/evaluate_siglip2_compact_ranking.py", line 1635, in native_export
    require(model_facts['vision_sha256'] == facts['vision_sha256'] and
    ~~~~~~~^^^^^^^^^^^^^^^^^^^^^^^^^^^^^^^^^^^^^^^^^^^^^^^^^^^^^^^^^^^
        all(model_facts['members'][k] == facts['members'][k] for k in ('config','buffers','head','A','means')),
        ^^^^^^^^^^^^^^^^^^^^^^^^^^^^^^^^^^^^^^^^^^^^^^^^^^^^^^^^^^^^^^^^^^^^^^^^^^^^^^^^^^^^^^^^^^^^^^^^^^^^^^^
        'independent complete frozen vision/updated A differs')
        ^^^^^^^^^^^^^^^^^^^^^^^^^^^^^^^^^^^^^^^^^^^^^^^^^^^^^^^
  File "/home/riomus/runs/sfora-so400-compact-ranking-evaluation-source-v20/evaluate_siglip2_compact_ranking.py", line 646, in require
    raise ValueError(message)
ValueError: independent complete frozen vision/updated A differs

The above exception was the direct cause of the following exception:

Traceback (most recent call last):
  File "/home/riomus/runs/sfora-so400-compact-ranking-evaluation-source-v20/compact-state-diagnostic-v1.py", line 35, in <module>
    runpy.run_path(str(SOURCE),run_name='__main__')
    ~~~~~~~~~~~~~~^^^^^^^^^^^^^^^^^^^^^^^^^^^^^^^^^
  File "<frozen runpy>", line 287, in run_path
  File "<frozen runpy>", line 98, in _run_module_code
  File "<frozen runpy>", line 88, in _run_code
  File "/home/riomus/runs/sfora-so400-compact-ranking-evaluation-source-v20/evaluate_siglip2_compact_ranking.py", line 1844, in <module>
    main()
    ~~~~^^
  File "/home/riomus/runs/sfora-so400-compact-ranking-evaluation-source-v20/evaluate_siglip2_compact_ranking.py", line 1839, in main
    raise SystemExit('Compact-ranking evaluation rejected: '+str(error)) from error
SystemExit: Compact-ranking evaluation rejected: independent complete frozen vision/updated A differs

During handling of the above exception, another exception occurred:

Traceback (most recent call last):
  File "/home/riomus/runs/sfora-so400-compact-ranking-evaluation-source-v20/compact-state-diagnostic-v1.py", line 40, in <module>
    run_namespace['exit_rehash'](context)
    ~~~~~~~~~~~~~~~~~~~~~~~~~~~~^^^^^^^^^
  File "/home/riomus/runs/sfora-so400-compact-ranking-evaluation-source-v20/evaluate_siglip2_compact_ranking.py", line 1771, in exit_rehash
    api.audit_origins(t['legacy'],require_exact=context['args'].phase == 'export')
    ~~~~~~~~~~~~~~~~~^^^^^^^^^^^^^^^^^^^^^^^^^^^^^^^^^^^^^^^^^^^^^^^^^^^^^^^^^^^^^
  File "/home/riomus/runs/sfora-so400-nearest-ranking-train-source-v5/train_siglip2_nearest_ranking.py", line 512, in audit_origins
    require(set(origins['files']) - known == set(supplement['files']) and
    ~~~~~~~^^^^^^^^^^^^^^^^^^^^^^^^^^^^^^^^^^^^^^^^^^^^^^^^^^^^^^^^^^^^^^
            set(supplement['files']) <= set(origins['native_files']), 'observed native difference must be exact four')
            ^^^^^^^^^^^^^^^^^^^^^^^^^^^^^^^^^^^^^^^^^^^^^^^^^^^^^^^^^^^^^^^^^^^^^^^^^^^^^^^^^^^^^^^^^^^^^^^^^^^^^^^^^^
  File "/home/riomus/runs/sfora-so400-nearest-ranking-train-source-v5/train_siglip2_nearest_ranking.py", line 93, in require
    raise ValueError(message)
ValueError: observed native difference must be exact four
FINAL_CGROUP {"command_exit_status": 1, "invocation_id": "257e2cab005c4b2a91bef99293185ff5", "path": "/sys/fs/cgroup/user.slice/user-1000.slice/user@1000.service/app.slice/sfora-so400-compact-ranking-evaluation-state-diagnostic-control-179061-v1.service", "values": {"memory.current": "981938176", "memory.events": "low 0\nhigh 0\nmax 0\noom 0\noom_kill 0\noom_group_kill 0", "memory.max": "8589934592", "memory.peak": "3700424704", "memory.stat": "anon 6000640\nfile 873840640\nkernel 99287040\nkernel_stack 65536\npagetables 344064\nsec_pagetables 0\npercpu 2112\nsock 0\nvmalloc 0\nshmem 0\nzswap 0\nzswapped 0\nfile_mapped 0\nfile_dirty 12288\nfile_writeback 0\nswapcached 0\nanon_thp 0\nfile_thp 0\nshmem_thp 0\ninactive_anon 0\nactive_anon 5931008\ninactive_file 238104576\nactive_file 635736064\nunevictable 0\nslab_reclaimable 98734040\nslab_unreclaimable 122664\nslab 98856704\nworkingset_refault_anon 0\nworkingset_refault_file 0\nworkingset_activate_anon 0\nworkingset_activate_file 0\nworkingset_restore_anon 0\nworkingset_restore_file 0\nworkingset_nodereclaim 0\npgdemote_kswapd 0\npgdemote_direct 0\npgdemote_khugepaged 0\npgdemote_proactive 0\npgpromote_success 0\npgscan 0\npgsteal 0\npswpin 0\npswpout 0\npgscan_kswapd 0\npgscan_direct 0\npgscan_khugepaged 0\npgscan_proactive 0\npgsteal_kswapd 0\npgsteal_direct 0\npgsteal_khugepaged 0\npgsteal_proactive 0\npgfault 416776\npgmajfault 8739\npgrefill 0\npgactivate 0\npgdeactivate 0\npglazyfree 0\npglazyfreed 0\nswpin_zero 0\nswpout_zero 0\nzswpin 0\nzswpout 0\nzswpwb 0\nthp_fault_alloc 987\nthp_collapse_alloc 9\nthp_swpout 0\nthp_swpout_fallback 0\nnuma_pages_migrated 0\nnuma_pte_updates 0\nnuma_hint_faults 0", "memory.swap.current": "0", "memory.swap.max": "0", "memory.swap.peak": "0"}}
Command exited with non-zero status 1
	Command being timed: "/bin/bash -c set -e; sudo -n /bin/sync; sudo -n /bin/sh -c "echo 3 > /proc/sys/vm/drop_caches"; exec /bin/bash /home/riomus/runs/sfora-so400-compact-ranking-evaluation-source-v20/state-diagnostic-control-179061-v1-command.sh"
	User time (seconds): 91.73
	System time (seconds): 15.94
	Percent of CPU this job got: 52%
	Elapsed (wall clock) time (h:mm:ss or m:ss): 3:26.38
	Average shared text size (kbytes): 0
	Average unshared data size (kbytes): 0
	Average stack size (kbytes): 0
	Average total size (kbytes): 0
	Maximum resident set size (kbytes): 3132004
	Average resident set size (kbytes): 0
	Major (requiring I/O) page faults: 8738
	Minor (reclaiming a frame) page faults: 390894
	Voluntary context switches: 609993
	Involuntary context switches: 989
	Swaps: 0
	File system inputs: 224686696
	File system outputs: 64
	Socket messages sent: 0
	Socket messages received: 0
	Signals delivered: 0
	Page size (bytes): 4096
	Exit status: 1
STOP_CGROUP {"exit_code": "exited", "exit_status": "1", "invocation_id": "257e2cab005c4b2a91bef99293185ff5", "path": "/sys/fs/cgroup/user.slice/user-1000.slice/user@1000.service/app.slice/sfora-so400-compact-ranking-evaluation-state-diagnostic-control-179061-v1.service", "service_result": "exit-code", "values": {"memory.current": "981078016", "memory.events": "low 0\nhigh 0\nmax 0\noom 0\noom_kill 0\noom_group_kill 0", "memory.max": "8589934592", "memory.peak": "3700424704", "memory.stat": "anon 5406720\nfile 873840640\nkernel 98897920\nkernel_stack 0\npagetables 106496\nsec_pagetables 0\npercpu 1760\nsock 0\nvmalloc 0\nshmem 0\nzswap 0\nzswapped 0\nfile_mapped 0\nfile_dirty 12288\nfile_writeback 0\nswapcached 0\nanon_thp 0\nfile_thp 0\nshmem_thp 0\ninactive_anon 0\nactive_anon 5332992\ninactive_file 238104576\nactive_file 635736064\nunevictable 0\nslab_reclaimable 98735840\nslab_unreclaimable 37712\nslab 98773552\nworkingset_refault_anon 0\nworkingset_refault_file 0\nworkingset_activate_anon 0\nworkingset_activate_file 0\nworkingset_restore_anon 0\nworkingset_restore_file 0\nworkingset_nodereclaim 0\npgdemote_kswapd 0\npgdemote_direct 0\npgdemote_khugepaged 0\npgdemote_proactive 0\npgpromote_success 0\npgscan 0\npgsteal 0\npswpin 0\npswpout 0\npgscan_kswapd 0\npgscan_direct 0\npgscan_khugepaged 0\npgscan_proactive 0\npgsteal_kswapd 0\npgsteal_direct 0\npgsteal_khugepaged 0\npgsteal_proactive 0\npgfault 418290\npgmajfault 8739\npgrefill 0\npgactivate 0\npgdeactivate 0\npglazyfree 0\npglazyfreed 0\nswpin_zero 0\nswpout_zero 0\nzswpin 0\nzswpout 0\nzswpwb 0\nthp_fault_alloc 987\nthp_collapse_alloc 9\nthp_swpout 0\nthp_swpout_fallback 0\nnuma_pages_migrated 0\nnuma_pte_updates 0\nnuma_hint_faults 0", "memory.swap.current": "0", "memory.swap.max": "0", "memory.swap.peak": "0"}}
Finished with result: exit-code
Main processes terminated with: code=exited/status=1
Service runtime: 3min 26.429s
CPU time consumed: 1min 47.713s
Memory peak: 3.4G
Memory swap peak: 0B
