Command exited with non-zero status 1
	Command being timed: "timeout 300s /usr/bin/python3 -I -B /tmp/sfora-connected-core-census-run-v1/census_connected_core_errors.py --inputs /tmp/sfora-connected-core-census-inputs-v1/fetch-receipt.json --inputs-sha256 ba98da59fa68676beaea3e20f9f6911e85af3c89163bfe2161c430671ab7af5c --output /tmp/sfora-connected-core-census-run-v1/census.json"
	User time (seconds): 0.72
	System time (seconds): 0.07
	Percent of CPU this job got: 99%
	Elapsed (wall clock) time (h:mm:ss or m:ss): 0:00.80
	Average shared text size (kbytes): 0
	Average unshared data size (kbytes): 0
	Average stack size (kbytes): 0
	Average total size (kbytes): 0
	Maximum resident set size (kbytes): 80040
	Average resident set size (kbytes): 0
	Major (requiring I/O) page faults: 0
	Minor (reclaiming a frame) page faults: 20472
	Voluntary context switches: 12
	Involuntary context switches: 43
	Swaps: 0
	File system inputs: 0
	File system outputs: 0
	Socket messages sent: 0
	Socket messages received: 0
	Signals delivered: 0
	Page size (bytes): 4096
	Exit status: 1
