/home/riomus/runs/sfora-connected-exact-torch-census-source-v2/command.sh: OK
/home/riomus/runs/sfora-connected-exact-torch-census-source-v2/authority.json: OK
Running as unit: sfora-connected-exact-torch-census-v1.service; invocation ID: 51b7debeae40426cb7aa9b5113a0de0e
/home/riomus/runs/sfora-connected-exact-torch-census-source-v2/census_connected_core_errors.py: OK
/home/riomus/runs/sfora-connected-exact-torch-census-source-v2/census_connected_core_errors_torch.py: OK
/home/riomus/runs/sfora-connected-exact-torch-census-source-v2/compare_inshop_sop_warmstart_100.py: OK
/home/riomus/runs/sfora-connected-exact-torch-census-source-v2/evaluate_siglip2_prototype_residual.py: OK
/home/riomus/runs/sfora-connected-exact-torch-census-source-v2/export_siglip2_substrate_fit.py: OK
/home/riomus/runs/sfora-connected-exact-torch-census-source-v2/extract_siglip2_vision_source.py: OK
/home/riomus/runs/sfora-connected-exact-torch-census-source-v2/qualify_connected_serving_requests.py: OK
/home/riomus/runs/sfora-connected-exact-torch-census-source-v2/qualify_siglip2_substrate_cpu.py: OK
/home/riomus/runs/sfora-connected-exact-torch-census-source-v2/test_connected_core_errors_torch.py: OK
/home/riomus/runs/sfora-connected-exact-torch-census-source-v2/train_siglip2_quadratic_readout.py: OK
/home/riomus/runs/sfora-connected-exact-torch-census-source-v2/train_siglip2_substrate_adaptation.py: OK
/home/riomus/runs/sfora-connected-exact-torch-census-source-v2/inputs.json: OK
/home/riomus/runs/sfora-connected-exact-torch-census-source-v2/accepted-selection-receipt.json: OK
/home/riomus/runs/sfora-connected-exact-torch-census-source-v2/source-cpu-proof.json: OK
/home/riomus/runs/sfora-connected-exact-torch-census-source-v2/source-cpu-original.log: OK
/home/riomus/runs/sfora-native256-source-cpu-v4/sources.json: OK
/home/riomus/.local/share/uv/python/cpython-3.13.9-linux-aarch64-gnu/bin/python3.13: OK
/home/riomus/runs/sfora-native256-initialized-cpu-final-footer-v1.py: OK
/home/riomus/runs/sfora-native256-stop-cgroup-footer-v1.py: OK
{"output": "/home/riomus/runs/sfora-connected-exact-torch-census-v1.json", "sha256": "931425db03a67c02c909326162e2f16786b89ee32a99cdc0ef42bb41b0d567e4", "wall_seconds": 13.915480408992153, "exact_replay_pairs": 6936}
FINAL_CGROUP {"command_exit_status": 0, "invocation_id": "51b7debeae40426cb7aa9b5113a0de0e", "path": "/sys/fs/cgroup/user.slice/user-1000.slice/user@1000.service/app.slice/sfora-connected-exact-torch-census-v1.service", "values": {"memory.current": "2965979136", "memory.events": "low 0\nhigh 0\nmax 0\noom 0\noom_kill 0\noom_group_kill 0", "memory.max": "8589934592", "memory.peak": "3338244096", "memory.stat": "anon 5824512\nfile 2951741440\nkernel 7266304\nkernel_stack 32768\npagetables 258048\nsec_pagetables 0\npercpu 1408\nsock 0\nvmalloc 0\nshmem 0\nzswap 0\nzswapped 0\nfile_mapped 0\nfile_dirty 4096\nfile_writeback 0\nswapcached 0\nanon_thp 0\nfile_thp 0\nshmem_thp 0\ninactive_anon 0\nactive_anon 5722112\ninactive_file 2895228928\nactive_file 56512512\nunevictable 0\nslab_reclaimable 6852544\nslab_unreclaimable 87472\nslab 6940016\nworkingset_refault_anon 0\nworkingset_refault_file 0\nworkingset_activate_anon 0\nworkingset_activate_file 0\nworkingset_restore_anon 0\nworkingset_restore_file 0\nworkingset_nodereclaim 0\npgdemote_kswapd 0\npgdemote_direct 0\npgdemote_khugepaged 0\npgdemote_proactive 0\npgpromote_success 0\npgscan 0\npgsteal 0\npswpin 0\npswpout 0\npgscan_kswapd 0\npgscan_direct 0\npgscan_khugepaged 0\npgscan_proactive 0\npgsteal_kswapd 0\npgsteal_direct 0\npgsteal_khugepaged 0\npgsteal_proactive 0\npgfault 108862\npgmajfault 732\npgrefill 0\npgactivate 0\npgdeactivate 0\npglazyfree 0\npglazyfreed 0\nswpin_zero 0\nswpout_zero 0\nzswpin 0\nzswpout 0\nzswpwb 0\nthp_fault_alloc 15\nthp_collapse_alloc 0\nthp_swpout 0\nthp_swpout_fallback 0\nnuma_pages_migrated 0\nnuma_pte_updates 0\nnuma_hint_faults 0", "memory.swap.current": "0", "memory.swap.max": "0", "memory.swap.peak": "0"}}
	Command being timed: "/bin/bash /home/riomus/runs/sfora-connected-exact-torch-census-source-v2/command.sh 8ced9e4ea0119b3b12e7d4f7633d0b4769dd9b57bed5571916d2f5ec3e9c068e"
	User time (seconds): 6.33
	System time (seconds): 0.91
	Percent of CPU this job got: 50%
	Elapsed (wall clock) time (h:mm:ss or m:ss): 0:14.25
	Average shared text size (kbytes): 0
	Average unshared data size (kbytes): 0
	Average stack size (kbytes): 0
	Average total size (kbytes): 0
	Maximum resident set size (kbytes): 669288
	Average resident set size (kbytes): 0
	Major (requiring I/O) page faults: 732
	Minor (reclaiming a frame) page faults: 108099
	Voluntary context switches: 42740
	Involuntary context switches: 47
	Swaps: 0
	File system inputs: 17227456
	File system outputs: 1056
	Socket messages sent: 0
	Socket messages received: 0
	Signals delivered: 0
	Page size (bytes): 4096
	Exit status: 0
STOP_CGROUP {"exit_code": "exited", "exit_status": "0", "invocation_id": "51b7debeae40426cb7aa9b5113a0de0e", "path": "/sys/fs/cgroup/user.slice/user-1000.slice/user@1000.service/app.slice/sfora-connected-exact-torch-census-v1.service", "service_result": "success", "values": {"memory.current": "2965491712", "memory.events": "low 0\nhigh 0\nmax 0\noom 0\noom_kill 0\noom_group_kill 0", "memory.max": "8589934592", "memory.peak": "3338244096", "memory.stat": "anon 5431296\nfile 2951741440\nkernel 7016448\nkernel_stack 0\npagetables 98304\nsec_pagetables 0\npercpu 1056\nsock 0\nvmalloc 0\nshmem 0\nzswap 0\nzswapped 0\nfile_mapped 0\nfile_dirty 4096\nfile_writeback 0\nswapcached 0\nanon_thp 0\nfile_thp 0\nshmem_thp 0\ninactive_anon 0\nactive_anon 5394432\ninactive_file 2895228928\nactive_file 56512512\nunevictable 0\nslab_reclaimable 6849096\nslab_unreclaimable 44408\nslab 6893504\nworkingset_refault_anon 0\nworkingset_refault_file 0\nworkingset_activate_anon 0\nworkingset_activate_file 0\nworkingset_restore_anon 0\nworkingset_restore_file 0\nworkingset_nodereclaim 0\npgdemote_kswapd 0\npgdemote_direct 0\npgdemote_khugepaged 0\npgdemote_proactive 0\npgpromote_success 0\npgscan 0\npgsteal 0\npswpin 0\npswpout 0\npgscan_kswapd 0\npgscan_direct 0\npgscan_khugepaged 0\npgscan_proactive 0\npgsteal_kswapd 0\npgsteal_direct 0\npgsteal_khugepaged 0\npgsteal_proactive 0\npgfault 110359\npgmajfault 732\npgrefill 0\npgactivate 0\npgdeactivate 0\npglazyfree 0\npglazyfreed 0\nswpin_zero 0\nswpout_zero 0\nzswpin 0\nzswpout 0\nzswpwb 0\nthp_fault_alloc 15\nthp_collapse_alloc 0\nthp_swpout 0\nthp_swpout_fallback 0\nnuma_pages_migrated 0\nnuma_pte_updates 0\nnuma_hint_faults 0", "memory.swap.current": "0", "memory.swap.max": "0", "memory.swap.peak": "0"}}
Finished with result: success
Main processes terminated with: code=exited/status=0
Service runtime: 14.287s
CPU time consumed: 7.265s
Memory peak: 3.1G
Memory swap peak: 0B
