/home/riomus/runs/sfora-connected-probe-installed-control-serving-source-v4/command.sh: OK
Running as unit: sfora-connected-probe-installed-control-serving-diagnostic-v3.service; invocation ID: 42f3a71c508c49fdbeb2cc6cdfbd7f81
/home/riomus/.local/share/uv/python/cpython-3.13.9-linux-aarch64-gnu/bin/python3.13: OK
/home/riomus/runs/sfora-connected-control-serving-native-authority-v5/native-authority.json: OK
/home/riomus/runs/sfora-connected-probe-evaluation-source-v1/authority-export-control-179061-v1.json: OK
/home/riomus/runs/sfora-connected-probe-installed-control-serving-source-v4/authority.json: OK
/home/riomus/runs/sfora-connected-probe-installed-control-serving-source-v4/connected_control_native_authority.py: OK
/home/riomus/runs/sfora-connected-probe-installed-control-serving-source-v4/observe_connected_serving.py: OK
/home/riomus/runs/sfora-connected-probe-installed-control-serving-source-v4/qualify_connected_probe_serving.py: OK
/home/riomus/runs/sfora-connected-probe-installed-control-serving-source-v4/qualify_connected_serving_requests.py: OK
/home/riomus/runs/sfora-connected-probe-installed-control-serving-source-v4/test_connected_probe_serving.py: OK
/home/riomus/runs/sfora-connected-probe-installed-control-serving-source-v4/test_connected_serving_requests.py: OK
/home/riomus/runs/sfora-connected-probe-installed-control-serving-source-v4/test_observe_connected_serving.py: OK
/home/riomus/runs/sfora-connected-probe-installed-serving-wheel-v1/site-packages/sfora-0.3.0rc4.dist-info/INSTALLER: OK
/home/riomus/runs/sfora-connected-probe-installed-serving-wheel-v1/site-packages/sfora-0.3.0rc4.dist-info/METADATA: OK
/home/riomus/runs/sfora-connected-probe-installed-serving-wheel-v1/site-packages/sfora-0.3.0rc4.dist-info/RECORD: OK
/home/riomus/runs/sfora-connected-probe-installed-serving-wheel-v1/site-packages/sfora-0.3.0rc4.dist-info/REQUESTED: OK
/home/riomus/runs/sfora-connected-probe-installed-serving-wheel-v1/site-packages/sfora-0.3.0rc4.dist-info/WHEEL: OK
/home/riomus/runs/sfora-connected-probe-installed-serving-wheel-v1/site-packages/sfora-0.3.0rc4.dist-info/direct_url.json: OK
/home/riomus/runs/sfora-connected-probe-installed-serving-wheel-v1/site-packages/sfora-0.3.0rc4.dist-info/entry_points.txt: OK
/home/riomus/runs/sfora-connected-probe-installed-serving-wheel-v1/site-packages/sfora-0.3.0rc4.dist-info/uv_cache.json: OK
/home/riomus/runs/sfora-connected-probe-installed-serving-wheel-v1/site-packages/sfora/__init__.py: OK
/home/riomus/runs/sfora-connected-probe-installed-serving-wheel-v1/site-packages/sfora/_connected_inference_authority.py: OK
/home/riomus/runs/sfora-connected-probe-installed-serving-wheel-v1/site-packages/sfora/_connected_probe_inference_authority.py: OK
/home/riomus/runs/sfora-connected-probe-installed-serving-wheel-v1/site-packages/sfora/_native/factorized_residual_ann.c: OK
/home/riomus/runs/sfora-connected-probe-installed-serving-wheel-v1/site-packages/sfora/ablation.py: OK
/home/riomus/runs/sfora-connected-probe-installed-serving-wheel-v1/site-packages/sfora/additive_quantization.py: OK
/home/riomus/runs/sfora-connected-probe-installed-serving-wheel-v1/site-packages/sfora/amortized_local_scale.py: OK
/home/riomus/runs/sfora-connected-probe-installed-serving-wheel-v1/site-packages/sfora/api.py: OK
/home/riomus/runs/sfora-connected-probe-installed-serving-wheel-v1/site-packages/sfora/arcg.py: OK
/home/riomus/runs/sfora-connected-probe-installed-serving-wheel-v1/site-packages/sfora/asymmetric_cohort_residual.py: OK
/home/riomus/runs/sfora-connected-probe-installed-serving-wheel-v1/site-packages/sfora/atomic_publication.py: OK
/home/riomus/runs/sfora-connected-probe-installed-serving-wheel-v1/site-packages/sfora/benchmark.py: OK
/home/riomus/runs/sfora-connected-probe-installed-serving-wheel-v1/site-packages/sfora/bn_inception.py: OK
/home/riomus/runs/sfora-connected-probe-installed-serving-wheel-v1/site-packages/sfora/cadr.py: OK
/home/riomus/runs/sfora-connected-probe-installed-serving-wheel-v1/site-packages/sfora/calibrated_tail_moment.py: OK
/home/riomus/runs/sfora-connected-probe-installed-serving-wheel-v1/site-packages/sfora/calibrated_tail_moment_io.py: OK
/home/riomus/runs/sfora-connected-probe-installed-serving-wheel-v1/site-packages/sfora/catalog.py: OK
/home/riomus/runs/sfora-connected-probe-installed-serving-wheel-v1/site-packages/sfora/cea.py: OK
/home/riomus/runs/sfora-connected-probe-installed-serving-wheel-v1/site-packages/sfora/cem.py: OK
/home/riomus/runs/sfora-connected-probe-installed-serving-wheel-v1/site-packages/sfora/cli.py: OK
/home/riomus/runs/sfora-connected-probe-installed-serving-wheel-v1/site-packages/sfora/compact_metric.py: OK
/home/riomus/runs/sfora-connected-probe-installed-serving-wheel-v1/site-packages/sfora/compose.py: OK
/home/riomus/runs/sfora-connected-probe-installed-serving-wheel-v1/site-packages/sfora/connected_compact_serving.py: OK
/home/riomus/runs/sfora-connected-probe-installed-serving-wheel-v1/site-packages/sfora/connected_inference.py: OK
/home/riomus/runs/sfora-connected-probe-installed-serving-wheel-v1/site-packages/sfora/connected_probe_inference.py: OK
/home/riomus/runs/sfora-connected-probe-installed-serving-wheel-v1/site-packages/sfora/cuda_authority.py: OK
/home/riomus/runs/sfora-connected-probe-installed-serving-wheel-v1/site-packages/sfora/cutile_int8.py: OK
/home/riomus/runs/sfora-connected-probe-installed-serving-wheel-v1/site-packages/sfora/dada_reproduction.py: OK
/home/riomus/runs/sfora-connected-probe-installed-serving-wheel-v1/site-packages/sfora/data.py: OK
/home/riomus/runs/sfora-connected-probe-installed-serving-wheel-v1/site-packages/sfora/deployed_code_rank.py: OK
/home/riomus/runs/sfora-connected-probe-installed-serving-wheel-v1/site-packages/sfora/deterministic_similarity_runtime.py: OK
/home/riomus/runs/sfora-connected-probe-installed-serving-wheel-v1/site-packages/sfora/encoder_ablation.py: OK
/home/riomus/runs/sfora-connected-probe-installed-serving-wheel-v1/site-packages/sfora/encoder_training.py: OK
/home/riomus/runs/sfora-connected-probe-installed-serving-wheel-v1/site-packages/sfora/evaluation.py: OK
/home/riomus/runs/sfora-connected-probe-installed-serving-wheel-v1/site-packages/sfora/experiments.py: OK
/home/riomus/runs/sfora-connected-probe-installed-serving-wheel-v1/site-packages/sfora/factorized_residual_ann.py: OK
/home/riomus/runs/sfora-connected-probe-installed-serving-wheel-v1/site-packages/sfora/factorized_residual_index.py: OK
/home/riomus/runs/sfora-connected-probe-installed-serving-wheel-v1/site-packages/sfora/factorized_residual_native.py: OK
/home/riomus/runs/sfora-connected-probe-installed-serving-wheel-v1/site-packages/sfora/foldable_linear.py: OK
/home/riomus/runs/sfora-connected-probe-installed-serving-wheel-v1/site-packages/sfora/foundation_adapter.py: OK
/home/riomus/runs/sfora-connected-probe-installed-serving-wheel-v1/site-packages/sfora/foundation_finetune.py: OK
/home/riomus/runs/sfora-connected-probe-installed-serving-wheel-v1/site-packages/sfora/foundation_oml.py: OK
/home/riomus/runs/sfora-connected-probe-installed-serving-wheel-v1/site-packages/sfora/foundation_pareto.py: OK
/home/riomus/runs/sfora-connected-probe-installed-serving-wheel-v1/site-packages/sfora/frozen_text_supervision.py: OK
/home/riomus/runs/sfora-connected-probe-installed-serving-wheel-v1/site-packages/sfora/gallery_hubness.py: OK
/home/riomus/runs/sfora-connected-probe-installed-serving-wheel-v1/site-packages/sfora/gallery_risk.py: OK
/home/riomus/runs/sfora-connected-probe-installed-serving-wheel-v1/site-packages/sfora/idgp.py: OK
/home/riomus/runs/sfora-connected-probe-installed-serving-wheel-v1/site-packages/sfora/image_benchmark.py: OK
/home/riomus/runs/sfora-connected-probe-installed-serving-wheel-v1/site-packages/sfora/image_end_to_end.py: OK
/home/riomus/runs/sfora-connected-probe-installed-serving-wheel-v1/site-packages/sfora/image_recipes.py: OK
/home/riomus/runs/sfora-connected-probe-installed-serving-wheel-v1/site-packages/sfora/inference_head.py: OK
/home/riomus/runs/sfora-connected-probe-installed-serving-wheel-v1/site-packages/sfora/ipsr.py: OK
/home/riomus/runs/sfora-connected-probe-installed-serving-wheel-v1/site-packages/sfora/joint_pq_projection.py: OK
/home/riomus/runs/sfora-connected-probe-installed-serving-wheel-v1/site-packages/sfora/joint_relational_compaction.py: OK
/home/riomus/runs/sfora-connected-probe-installed-serving-wheel-v1/site-packages/sfora/live_head_bank.py: OK
/home/riomus/runs/sfora-connected-probe-installed-serving-wheel-v1/site-packages/sfora/lops_pg.py: OK
/home/riomus/runs/sfora-connected-probe-installed-serving-wheel-v1/site-packages/sfora/lorentz_rider.py: OK
/home/riomus/runs/sfora-connected-probe-installed-serving-wheel-v1/site-packages/sfora/lorentz_rider_io.py: OK
/home/riomus/runs/sfora-connected-probe-installed-serving-wheel-v1/site-packages/sfora/losses.py: OK
/home/riomus/runs/sfora-connected-probe-installed-serving-wheel-v1/site-packages/sfora/mcps_study.py: OK
/home/riomus/runs/sfora-connected-probe-installed-serving-wheel-v1/site-packages/sfora/method.py: OK
/home/riomus/runs/sfora-connected-probe-installed-serving-wheel-v1/site-packages/sfora/model_artifacts/oml_vits16_sop_power_whitening_128.sfora: OK
/home/riomus/runs/sfora-connected-probe-installed-serving-wheel-v1/site-packages/sfora/model_profiles.py: OK
/home/riomus/runs/sfora-connected-probe-installed-serving-wheel-v1/site-packages/sfora/model_soup.py: OK
/home/riomus/runs/sfora-connected-probe-installed-serving-wheel-v1/site-packages/sfora/nested_neighborhood_rank.py: OK
/home/riomus/runs/sfora-connected-probe-installed-serving-wheel-v1/site-packages/sfora/nested_rank_evaluation.py: OK
/home/riomus/runs/sfora-connected-probe-installed-serving-wheel-v1/site-packages/sfora/nested_rank_protocol.py: OK
/home/riomus/runs/sfora-connected-probe-installed-serving-wheel-v1/site-packages/sfora/oapf.py: OK
/home/riomus/runs/sfora-connected-probe-installed-serving-wheel-v1/site-packages/sfora/packed_int4.py: OK
/home/riomus/runs/sfora-connected-probe-installed-serving-wheel-v1/site-packages/sfora/packed_int8.py: OK
/home/riomus/runs/sfora-connected-probe-installed-serving-wheel-v1/site-packages/sfora/packed_int8_search.py: OK
/home/riomus/runs/sfora-connected-probe-installed-serving-wheel-v1/site-packages/sfora/pq_candidate_reranking.py: OK
/home/riomus/runs/sfora-connected-probe-installed-serving-wheel-v1/site-packages/sfora/pq_candidate_scoring.py: OK
/home/riomus/runs/sfora-connected-probe-installed-serving-wheel-v1/site-packages/sfora/pq_lookup_distillation.py: OK
/home/riomus/runs/sfora-connected-probe-installed-serving-wheel-v1/site-packages/sfora/product_pair_schedule.py: OK
/home/riomus/runs/sfora-connected-probe-installed-serving-wheel-v1/site-packages/sfora/product_quantization.py: OK
/home/riomus/runs/sfora-connected-probe-installed-serving-wheel-v1/site-packages/sfora/progressive_residual_quantization.py: OK
/home/riomus/runs/sfora-connected-probe-installed-serving-wheel-v1/site-packages/sfora/progressive_residual_scoring.py: OK
/home/riomus/runs/sfora-connected-probe-installed-serving-wheel-v1/site-packages/sfora/publication.py: OK
/home/riomus/runs/sfora-connected-probe-installed-serving-wheel-v1/site-packages/sfora/py.typed: OK
/home/riomus/runs/sfora-connected-probe-installed-serving-wheel-v1/site-packages/sfora/rate_matched_product_quantization.py: OK
/home/riomus/runs/sfora-connected-probe-installed-serving-wheel-v1/site-packages/sfora/reciprocal_reranking.py: OK
/home/riomus/runs/sfora-connected-probe-installed-serving-wheel-v1/site-packages/sfora/remote.py: OK
/home/riomus/runs/sfora-connected-probe-installed-serving-wheel-v1/site-packages/sfora/report.py: OK
/home/riomus/runs/sfora-connected-probe-installed-serving-wheel-v1/site-packages/sfora/representation_ceiling.py: OK
/home/riomus/runs/sfora-connected-probe-installed-serving-wheel-v1/site-packages/sfora/residual_quantization.py: OK
/home/riomus/runs/sfora-connected-probe-installed-serving-wheel-v1/site-packages/sfora/siglip2_compact_serving.py: OK
/home/riomus/runs/sfora-connected-probe-installed-serving-wheel-v1/site-packages/sfora/sop_compact_training.py: OK
/home/riomus/runs/sfora-connected-probe-installed-serving-wheel-v1/site-packages/sfora/sop_evaluation.py: OK
/home/riomus/runs/sfora-connected-probe-installed-serving-wheel-v1/site-packages/sfora/sop_reference_recipe.py: OK
/home/riomus/runs/sfora-connected-probe-installed-serving-wheel-v1/site-packages/sfora/sop_reference_selection.py: OK
/home/riomus/runs/sfora-connected-probe-installed-serving-wheel-v1/site-packages/sfora/teacher_anchored_distillation.py: OK
/home/riomus/runs/sfora-connected-probe-installed-serving-wheel-v1/site-packages/sfora/teacher_anchored_schedule_io.py: OK
/home/riomus/runs/sfora-connected-probe-installed-serving-wheel-v1/site-packages/sfora/text_baselines.py: OK
/home/riomus/runs/sfora-connected-probe-installed-serving-wheel-v1/site-packages/sfora/token_slot_readout.py: OK
/home/riomus/runs/sfora-connected-probe-installed-serving-wheel-v1/site-packages/sfora/training.py: OK
/home/riomus/runs/sfora-connected-probe-installed-serving-wheel-v1/site-packages/sfora/unicom_audit_io.py: OK
/home/riomus/runs/sfora-connected-probe-installed-serving-wheel-v1/site-packages/sfora/unicom_cap.py: OK
/home/riomus/runs/sfora-connected-probe-installed-serving-wheel-v1/site-packages/sfora/unicom_fepf.py: OK
/home/riomus/runs/sfora-connected-probe-installed-serving-wheel-v1/site-packages/sfora/unicom_finish_evidence.py: OK
/home/riomus/runs/sfora-connected-probe-installed-serving-wheel-v1/site-packages/sfora/unicom_finish_protocol.py: OK
/home/riomus/runs/sfora-connected-probe-installed-serving-wheel-v1/site-packages/sfora/unicom_inshop.py: OK
/home/riomus/runs/sfora-connected-probe-installed-serving-wheel-v1/site-packages/sfora/unicom_probe.py: OK
/home/riomus/runs/sfora-connected-probe-installed-serving-wheel-v1/site-packages/sfora/unicom_proxy_muon.py: OK
/home/riomus/runs/sfora-connected-probe-installed-serving-wheel-v1/site-packages/sfora/unicom_rank_finish.py: OK
/home/riomus/runs/sfora-connected-probe-installed-serving-wheel-v1/site-packages/sfora/unicom_resolution_adapter.py: OK
/home/riomus/runs/sfora-connected-probe-installed-serving-wheel-v1/site-packages/sfora/unicom_retrieval_audit.py: OK
/home/riomus/runs/sfora-connected-probe-installed-serving-wheel-v1/site-packages/sfora/unicom_runtime_authority.py: OK
/home/riomus/runs/sfora-connected-probe-installed-serving-wheel-v1/site-packages/sfora/unicom_shard_audit.py: OK
/home/riomus/runs/sfora-connected-probe-installed-serving-wheel-v1/site-packages/sfora/unicom_tail_adapter.py: OK
/home/riomus/runs/sfora-connected-probe-installed-serving-wheel-v1/site-packages/sfora/unicom_training.py: OK
/home/riomus/runs/sfora-connected-probe-installed-serving-wheel-v1/site-packages/sfora/vector_store.py: OK
/home/riomus/runs/sfora-native256-initialized-cpu-final-footer-v1.py: OK
/home/riomus/runs/sfora-native256-stop-cgroup-footer-v1.py: OK
/home/riomus/toolchains/cuda-13.4-wheel-env/lib/python3.12/site-packages/nvidia/cu13/bin/tileiras: OK
tileiras: NVIDIA (R) Cuda Tile IR optimizing assembler
Copyright (c) 2005-2026 NVIDIA Corporation
Built on Tue_Sep__1_09:45:49_PDT_2026
Cuda compilation tools, release 13.4, V13.4.92
Build local.local.38855100_
{"event": "COMPACT_PHASE", "phase": "shared_source_preparation", "boundary": "begin", "seconds": 248.12213679001434}
{"event": "COMPACT_PHASE", "phase": "shared_source_preparation", "boundary": "end", "delta_seconds": 18.43655087100342, "seconds": 266.55868954901234}
{"event": "COMPACT_PHASE", "phase": "cache_target_preparation", "boundary": "begin", "seconds": 266.55873170899577}
{"event": "COMPACT_PHASE", "phase": "cache_target_preparation", "boundary": "end", "delta_seconds": 2.247843240998918, "seconds": 268.8065780700126}
{"event": "INITIAL_NATIVE_ORIGIN_DIAGNOSTICS_V1", "expected": {"/home/riomus/group-learning/.venv/lib/python3.13/site-packages/nvidia/cudnn/lib/libcudnn_engines_precompiled.so.9": "3b765736f63d724a0de67b7ce915b0d0a780154fe4a2d515ab14040224aa7db4", "/home/riomus/group-learning/.venv/lib/python3.13/site-packages/nvidia/cudnn/lib/libcudnn_engines_runtime_compiled.so.9": "7b8f371a7718c29549317efdbdeb8d7c301874f9471762a04830846ac4e83510", "/home/riomus/group-learning/.venv/lib/python3.13/site-packages/nvidia/cudnn/lib/libcudnn_graph.so.9": "b601fddd333d84ced4a3d833e75bb412c204e39b21755d79cb890335dce660b8", "/home/riomus/group-learning/.venv/lib/python3.13/site-packages/nvidia/cudnn/lib/libcudnn_heuristic.so.9": "368687b9b5c2c01b55c21f74bd930cb05d3654b4e901e998b7bfb33cebac6ae8"}, "observed_difference": {}, "missing": ["/home/riomus/group-learning/.venv/lib/python3.13/site-packages/nvidia/cudnn/lib/libcudnn_engines_precompiled.so.9", "/home/riomus/group-learning/.venv/lib/python3.13/site-packages/nvidia/cudnn/lib/libcudnn_engines_runtime_compiled.so.9", "/home/riomus/group-learning/.venv/lib/python3.13/site-packages/nvidia/cudnn/lib/libcudnn_graph.so.9", "/home/riomus/group-learning/.venv/lib/python3.13/site-packages/nvidia/cudnn/lib/libcudnn_heuristic.so.9"], "extra": [], "missing_native": ["/home/riomus/group-learning/.venv/lib/python3.13/site-packages/nvidia/cudnn/lib/libcudnn_engines_precompiled.so.9", "/home/riomus/group-learning/.venv/lib/python3.13/site-packages/nvidia/cudnn/lib/libcudnn_engines_runtime_compiled.so.9", "/home/riomus/group-learning/.venv/lib/python3.13/site-packages/nvidia/cudnn/lib/libcudnn_graph.so.9", "/home/riomus/group-learning/.venv/lib/python3.13/site-packages/nvidia/cudnn/lib/libcudnn_heuristic.so.9"]}
{"event": "COMPACT_PHASE", "phase": "independent_reload", "boundary": "begin", "seconds": 294.77658894401975}
{"event": "COMPACT_PHASE", "phase": "independent_reload", "boundary": "end", "delta_seconds": 1.43837370199617, "seconds": 296.2149648540071}
{"event": "COMPACT_RUNTIME_HASH", "boundary": "begin", "elapsed_seconds": 0.0, "item_count": 1942}
{"event": "COMPACT_RUNTIME_HASH", "boundary": "end", "elapsed_seconds": 0.31076444100472145, "item_count": 1942}
LOADER_OBSERVATION {"event":"before_original_mapping_guard","function":"construct_encoder","source":"/home/riomus/runs/sfora-connected-probe-train-control-179061-v1/control-179061-bundle/train_siglip2_connected_probe.py","source_sha256":"e2496033a958cc83bf8d3204c87b4d3b8284528f03f44c1cb64517df04c8cc1e","line":754,"checkpoint":"/home/riomus/runs/sfora-connected-probe-train-control-179061-v1/control-179061-bundle/vision.pt","code_id":209993467277648,"globals_id":268462389258304,"errors":{"diagnostic_complete":true,"root":null,"nodes":[],"edges":[]},"diagnostic_complete":false,"binding_complete":true,"device":66306,"inode":21891394,"mappings":[],"locals_present":{"disk":false,"endpoint":false,"copied":false,"pages":false,"model":true,"head":false,"cache":true},"owners":{"diagnostic_complete":false,"candidates":[],"roots":["loader_local"],"limitations":["GC enumeration has no bounded streaming API; global snapshot not allocated","native/C++ ownership is not observable"],"owner":"unresolved","reason":"owner inspection or quota failure","edges_visited":513}}
LOADER_OBSERVATION {"event":"before_original_mapping_guard","function":"load_inference","source":"/home/riomus/runs/sfora-connected-probe-train-control-179061-v1/control-179061-bundle/train_siglip2_connected_probe.py","source_sha256":"e2496033a958cc83bf8d3204c87b4d3b8284528f03f44c1cb64517df04c8cc1e","line":1352,"checkpoint":"/home/riomus/runs/sfora-connected-probe-train-control-179061-v1/control-179061-bundle/endpoint.pt","code_id":209993465948288,"globals_id":268462389258304,"errors":{"diagnostic_complete":true,"root":null,"nodes":[],"edges":[]},"diagnostic_complete":false,"binding_complete":true,"device":66306,"inode":21891395,"mappings":[],"locals_present":{"disk":false,"endpoint":true,"copied":false,"pages":false,"model":false,"head":false,"cache":true},"owners":{"diagnostic_complete":false,"candidates":[],"roots":["loader_local"],"limitations":["GC enumeration has no bounded streaming API; global snapshot not allocated","native/C++ ownership is not observable","unsupported object type"],"owner":"unresolved","reason":"owner inspection or quota failure","edges_visited":513}}
LOADER_OBSERVATION {"event":"reference_catch_before_clear_frames","errors":{"diagnostic_complete":true,"root":0,"nodes":[{"id":0,"type":"builtins.ValueError","message":"grouped md mapped native witness differs","notes":[],"suppress_context":false,"traceback":[{"file":"/home/riomus/runs/sfora-connected-probe-installed-control-serving-source-v4/qualify_connected_probe_serving.py","function":"reference_outputs","line":480},{"file":"/home/riomus/.local/share/uv/python/cpython-3.13.9-linux-aarch64-gnu/lib/python3.13/contextlib.py","function":"__enter__","line":141},{"file":"/home/riomus/runs/sfora-connected-probe-installed-control-serving-source-v4/qualify_connected_probe_serving.py","function":"scope","line":1426},{"file":"/home/riomus/runs/sfora-connected-probe-installed-control-serving-source-v4/qualify_connected_serving_requests.py","function":"raise_failures","line":226},{"file":"/home/riomus/runs/sfora-connected-probe-installed-control-serving-source-v4/qualify_connected_probe_serving.py","function":"scope","line":1412},{"file":"/home/riomus/.local/share/uv/python/cpython-3.13.9-linux-aarch64-gnu/lib/python3.13/contextlib.py","function":"__enter__","line":141},{"file":"/home/riomus/runs/sfora-connected-mlp-identity-evaluation-reference-v1/evaluate_siglip2_identity_diversity.py","function":"bundle_reads_only","line":1655},{"file":"/home/riomus/runs/sfora-connected-mlp-identity-evaluation-reference-v1/evaluate_siglip2_identity_diversity.py","function":"grouped_md_origin","line":1620},{"file":"/home/riomus/runs/sfora-connected-mlp-identity-evaluation-reference-v1/evaluate_siglip2_identity_diversity.py","function":"require","line":652}]}],"edges":[]}}
  | ExceptionGroup: other request driver failures (1 sub-exception)
  +-+---------------- 1 ----------------
    | Traceback (most recent call last):
    |   File "/home/riomus/runs/sfora-connected-probe-installed-control-serving-source-v4/qualify_connected_probe_serving.py", line 1179, in run
    |     else: api.evaluator_exit(context,exit_guard)
    |           ~~~~~~~~~~~~~~~~~~^^^^^^^^^^^^^^^^^^^^
    |   File "/home/riomus/runs/sfora-connected-probe-installed-control-serving-source-v4/connected_control_native_authority.py", line 362, in evaluator_exit
    |     return evaluator(value,guard)
    |   File "/home/riomus/runs/sfora-connected-probe-evaluation-source-v1/evaluate_siglip2_connected_probe.py", line 1785, in exit_rehash
    |     api.audit_origins(t['legacy'],require_exact=context['args'].phase == 'export')
    |     ~~~~~~~~~~~~~~~~~^^^^^^^^^^^^^^^^^^^^^^^^^^^^^^^^^^^^^^^^^^^^^^^^^^^^^^^^^^^^^
    |   File "/home/riomus/runs/sfora-so400-nearest-ranking-train-source-v5/train_siglip2_nearest_ranking.py", line 512, in audit_origins
    |     require(set(origins['files']) - known == set(supplement['files']) and
    |     ~~~~~~~^^^^^^^^^^^^^^^^^^^^^^^^^^^^^^^^^^^^^^^^^^^^^^^^^^^^^^^^^^^^^^
    |             set(supplement['files']) <= set(origins['native_files']), 'observed native difference must be exact four')
    |             ^^^^^^^^^^^^^^^^^^^^^^^^^^^^^^^^^^^^^^^^^^^^^^^^^^^^^^^^^^^^^^^^^^^^^^^^^^^^^^^^^^^^^^^^^^^^^^^^^^^^^^^^^^
    |   File "/home/riomus/runs/sfora-so400-nearest-ranking-train-source-v5/train_siglip2_nearest_ranking.py", line 93, in require
    |     raise ValueError(message)
    | ValueError: observed native difference must be exact four
    +------------------------------------

The above exception was the direct cause of the following exception:

Traceback (most recent call last):
  File "/home/riomus/runs/sfora-connected-probe-installed-control-serving-source-v4/qualify_connected_probe_serving.py", line 1829, in <module>
    main()
    ~~~~^^
  File "/home/riomus/runs/sfora-connected-probe-installed-control-serving-source-v4/qualify_connected_probe_serving.py", line 1215, in main
    return run(parser.parse_args(argv))
  File "/home/riomus/runs/sfora-connected-probe-installed-control-serving-source-v4/qualify_connected_probe_serving.py", line 1206, in run
    if failures: requests.raise_failures(failures)
                 ~~~~~~~~~~~~~~~~~~~~~~~^^^^^^^^^^
  File "/home/riomus/runs/sfora-connected-probe-installed-control-serving-source-v4/qualify_connected_serving_requests.py", line 225, in raise_failures
    raise primary from BaseExceptionGroup('other request driver failures', others)
  File "/home/riomus/runs/sfora-connected-probe-installed-control-serving-source-v4/qualify_connected_probe_serving.py", line 1156, in run
    diagnostic = parity_body(batches=batches,ordinals=ordinals,persisted_tail=lambda w: w == tail_wire,
        reference=reference,native=native_search,factory=factory,decode=decode,rgb=rgb_digest,capture=capture,
        mutants=mutate,
        lifecycle_check=life,denial=denial,guard=guard,started=time.perf_counter(),
        mutant_factory=lambda deadline: factory_mutants(factory,deadline))
  File "/home/riomus/runs/sfora-connected-probe-installed-control-serving-source-v4/qualify_connected_probe_serving.py", line 777, in parity_body
    ref = reference(batches,deadline)
  File "/home/riomus/runs/sfora-connected-probe-installed-control-serving-source-v4/qualify_connected_probe_serving.py", line 1128, in reference
    return reference_outputs(name='_connected_probe_gate_reference_'+uuid.uuid4().hex,directory=directory,
        bundle_sha=endpoint['bundle']['sha256'],loader=evaluator.load_authenticated,
        pin=bundle['code'][TRAINER]['sha256'],guards=context['guards'],reads_only=reads_only,batches=items,
        decode=decode,rgb=rgb_digest,snapshot=lambda v: snapshot_outputs(v,observer.tensor_snapshot),
        loaded=loaded,after=after,deadline=deadline)
  File "/home/riomus/runs/sfora-connected-probe-installed-control-serving-source-v4/qualify_connected_probe_serving.py", line 506, in reference_outputs
    if failures: requests.raise_failures(failures)
                 ~~~~~~~~~~~~~~~~~~~~~~~^^^^^^^^^^
  File "/home/riomus/runs/sfora-connected-probe-installed-control-serving-source-v4/qualify_connected_serving_requests.py", line 226, in raise_failures
    raise primary
  File "/home/riomus/runs/sfora-connected-probe-installed-control-serving-source-v4/qualify_connected_probe_serving.py", line 480, in reference_outputs
    with reads_only():
         ~~~~~~~~~~^^
  File "/home/riomus/.local/share/uv/python/cpython-3.13.9-linux-aarch64-gnu/lib/python3.13/contextlib.py", line 141, in __enter__
    return next(self.gen)
  File "/home/riomus/runs/sfora-connected-probe-installed-control-serving-source-v4/qualify_connected_probe_serving.py", line 1426, in scope
    if failures: requests.raise_failures(failures)
                 ~~~~~~~~~~~~~~~~~~~~~~~^^^^^^^^^^
  File "/home/riomus/runs/sfora-connected-probe-installed-control-serving-source-v4/qualify_connected_serving_requests.py", line 226, in raise_failures
    raise primary
  File "/home/riomus/runs/sfora-connected-probe-installed-control-serving-source-v4/qualify_connected_probe_serving.py", line 1412, in scope
    with self.boundary(self.context,self.endpoint):
         ~~~~~~~~~~~~~^^^^^^^^^^^^^^^^^^^^^^^^^^^^
  File "/home/riomus/.local/share/uv/python/cpython-3.13.9-linux-aarch64-gnu/lib/python3.13/contextlib.py", line 141, in __enter__
    return next(self.gen)
  File "/home/riomus/runs/sfora-connected-mlp-identity-evaluation-reference-v1/evaluate_siglip2_identity_diversity.py", line 1655, in bundle_reads_only
    md_alias=grouped_md_origin(context)
  File "/home/riomus/runs/sfora-connected-mlp-identity-evaluation-reference-v1/evaluate_siglip2_identity_diversity.py", line 1620, in grouped_md_origin
    require(set(map(str,group)) <= mapped and str(alias) not in mapped and mapped <= known,
    ~~~~~~~^^^^^^^^^^^^^^^^^^^^^^^^^^^^^^^^^^^^^^^^^^^^^^^^^^^^^^^^^^^^^^^^^^^^^^^^^^^^^^^^
        'grouped md mapped native witness differs')
        ^^^^^^^^^^^^^^^^^^^^^^^^^^^^^^^^^^^^^^^^^^^
  File "/home/riomus/runs/sfora-connected-mlp-identity-evaluation-reference-v1/evaluate_siglip2_identity_diversity.py", line 652, in require
    raise ValueError(message)
ValueError: grouped md mapped native witness differs
request driver also failed: ValueError('observed native difference must be exact four')
/home/riomus/.local/share/uv/python/cpython-3.13.9-linux-aarch64-gnu/bin/python3.13: OK
/home/riomus/runs/sfora-connected-control-serving-native-authority-v5/native-authority.json: OK
/home/riomus/runs/sfora-connected-probe-evaluation-source-v1/authority-export-control-179061-v1.json: OK
/home/riomus/runs/sfora-connected-probe-installed-control-serving-source-v4/authority.json: OK
/home/riomus/runs/sfora-connected-probe-installed-control-serving-source-v4/connected_control_native_authority.py: OK
/home/riomus/runs/sfora-connected-probe-installed-control-serving-source-v4/observe_connected_serving.py: OK
/home/riomus/runs/sfora-connected-probe-installed-control-serving-source-v4/qualify_connected_probe_serving.py: OK
/home/riomus/runs/sfora-connected-probe-installed-control-serving-source-v4/qualify_connected_serving_requests.py: OK
/home/riomus/runs/sfora-connected-probe-installed-control-serving-source-v4/test_connected_probe_serving.py: OK
/home/riomus/runs/sfora-connected-probe-installed-control-serving-source-v4/test_connected_serving_requests.py: OK
/home/riomus/runs/sfora-connected-probe-installed-control-serving-source-v4/test_observe_connected_serving.py: OK
/home/riomus/runs/sfora-connected-probe-installed-serving-wheel-v1/site-packages/sfora-0.3.0rc4.dist-info/INSTALLER: OK
/home/riomus/runs/sfora-connected-probe-installed-serving-wheel-v1/site-packages/sfora-0.3.0rc4.dist-info/METADATA: OK
/home/riomus/runs/sfora-connected-probe-installed-serving-wheel-v1/site-packages/sfora-0.3.0rc4.dist-info/RECORD: OK
/home/riomus/runs/sfora-connected-probe-installed-serving-wheel-v1/site-packages/sfora-0.3.0rc4.dist-info/REQUESTED: OK
/home/riomus/runs/sfora-connected-probe-installed-serving-wheel-v1/site-packages/sfora-0.3.0rc4.dist-info/WHEEL: OK
/home/riomus/runs/sfora-connected-probe-installed-serving-wheel-v1/site-packages/sfora-0.3.0rc4.dist-info/direct_url.json: OK
/home/riomus/runs/sfora-connected-probe-installed-serving-wheel-v1/site-packages/sfora-0.3.0rc4.dist-info/entry_points.txt: OK
/home/riomus/runs/sfora-connected-probe-installed-serving-wheel-v1/site-packages/sfora-0.3.0rc4.dist-info/uv_cache.json: OK
/home/riomus/runs/sfora-connected-probe-installed-serving-wheel-v1/site-packages/sfora/__init__.py: OK
/home/riomus/runs/sfora-connected-probe-installed-serving-wheel-v1/site-packages/sfora/_connected_inference_authority.py: OK
/home/riomus/runs/sfora-connected-probe-installed-serving-wheel-v1/site-packages/sfora/_connected_probe_inference_authority.py: OK
/home/riomus/runs/sfora-connected-probe-installed-serving-wheel-v1/site-packages/sfora/_native/factorized_residual_ann.c: OK
/home/riomus/runs/sfora-connected-probe-installed-serving-wheel-v1/site-packages/sfora/ablation.py: OK
/home/riomus/runs/sfora-connected-probe-installed-serving-wheel-v1/site-packages/sfora/additive_quantization.py: OK
/home/riomus/runs/sfora-connected-probe-installed-serving-wheel-v1/site-packages/sfora/amortized_local_scale.py: OK
/home/riomus/runs/sfora-connected-probe-installed-serving-wheel-v1/site-packages/sfora/api.py: OK
/home/riomus/runs/sfora-connected-probe-installed-serving-wheel-v1/site-packages/sfora/arcg.py: OK
/home/riomus/runs/sfora-connected-probe-installed-serving-wheel-v1/site-packages/sfora/asymmetric_cohort_residual.py: OK
/home/riomus/runs/sfora-connected-probe-installed-serving-wheel-v1/site-packages/sfora/atomic_publication.py: OK
/home/riomus/runs/sfora-connected-probe-installed-serving-wheel-v1/site-packages/sfora/benchmark.py: OK
/home/riomus/runs/sfora-connected-probe-installed-serving-wheel-v1/site-packages/sfora/bn_inception.py: OK
/home/riomus/runs/sfora-connected-probe-installed-serving-wheel-v1/site-packages/sfora/cadr.py: OK
/home/riomus/runs/sfora-connected-probe-installed-serving-wheel-v1/site-packages/sfora/calibrated_tail_moment.py: OK
/home/riomus/runs/sfora-connected-probe-installed-serving-wheel-v1/site-packages/sfora/calibrated_tail_moment_io.py: OK
/home/riomus/runs/sfora-connected-probe-installed-serving-wheel-v1/site-packages/sfora/catalog.py: OK
/home/riomus/runs/sfora-connected-probe-installed-serving-wheel-v1/site-packages/sfora/cea.py: OK
/home/riomus/runs/sfora-connected-probe-installed-serving-wheel-v1/site-packages/sfora/cem.py: OK
/home/riomus/runs/sfora-connected-probe-installed-serving-wheel-v1/site-packages/sfora/cli.py: OK
/home/riomus/runs/sfora-connected-probe-installed-serving-wheel-v1/site-packages/sfora/compact_metric.py: OK
/home/riomus/runs/sfora-connected-probe-installed-serving-wheel-v1/site-packages/sfora/compose.py: OK
/home/riomus/runs/sfora-connected-probe-installed-serving-wheel-v1/site-packages/sfora/connected_compact_serving.py: OK
/home/riomus/runs/sfora-connected-probe-installed-serving-wheel-v1/site-packages/sfora/connected_inference.py: OK
/home/riomus/runs/sfora-connected-probe-installed-serving-wheel-v1/site-packages/sfora/connected_probe_inference.py: OK
/home/riomus/runs/sfora-connected-probe-installed-serving-wheel-v1/site-packages/sfora/cuda_authority.py: OK
/home/riomus/runs/sfora-connected-probe-installed-serving-wheel-v1/site-packages/sfora/cutile_int8.py: OK
/home/riomus/runs/sfora-connected-probe-installed-serving-wheel-v1/site-packages/sfora/dada_reproduction.py: OK
/home/riomus/runs/sfora-connected-probe-installed-serving-wheel-v1/site-packages/sfora/data.py: OK
/home/riomus/runs/sfora-connected-probe-installed-serving-wheel-v1/site-packages/sfora/deployed_code_rank.py: OK
/home/riomus/runs/sfora-connected-probe-installed-serving-wheel-v1/site-packages/sfora/deterministic_similarity_runtime.py: OK
/home/riomus/runs/sfora-connected-probe-installed-serving-wheel-v1/site-packages/sfora/encoder_ablation.py: OK
/home/riomus/runs/sfora-connected-probe-installed-serving-wheel-v1/site-packages/sfora/encoder_training.py: OK
/home/riomus/runs/sfora-connected-probe-installed-serving-wheel-v1/site-packages/sfora/evaluation.py: OK
/home/riomus/runs/sfora-connected-probe-installed-serving-wheel-v1/site-packages/sfora/experiments.py: OK
/home/riomus/runs/sfora-connected-probe-installed-serving-wheel-v1/site-packages/sfora/factorized_residual_ann.py: OK
/home/riomus/runs/sfora-connected-probe-installed-serving-wheel-v1/site-packages/sfora/factorized_residual_index.py: OK
/home/riomus/runs/sfora-connected-probe-installed-serving-wheel-v1/site-packages/sfora/factorized_residual_native.py: OK
/home/riomus/runs/sfora-connected-probe-installed-serving-wheel-v1/site-packages/sfora/foldable_linear.py: OK
/home/riomus/runs/sfora-connected-probe-installed-serving-wheel-v1/site-packages/sfora/foundation_adapter.py: OK
/home/riomus/runs/sfora-connected-probe-installed-serving-wheel-v1/site-packages/sfora/foundation_finetune.py: OK
/home/riomus/runs/sfora-connected-probe-installed-serving-wheel-v1/site-packages/sfora/foundation_oml.py: OK
/home/riomus/runs/sfora-connected-probe-installed-serving-wheel-v1/site-packages/sfora/foundation_pareto.py: OK
/home/riomus/runs/sfora-connected-probe-installed-serving-wheel-v1/site-packages/sfora/frozen_text_supervision.py: OK
/home/riomus/runs/sfora-connected-probe-installed-serving-wheel-v1/site-packages/sfora/gallery_hubness.py: OK
/home/riomus/runs/sfora-connected-probe-installed-serving-wheel-v1/site-packages/sfora/gallery_risk.py: OK
/home/riomus/runs/sfora-connected-probe-installed-serving-wheel-v1/site-packages/sfora/idgp.py: OK
/home/riomus/runs/sfora-connected-probe-installed-serving-wheel-v1/site-packages/sfora/image_benchmark.py: OK
/home/riomus/runs/sfora-connected-probe-installed-serving-wheel-v1/site-packages/sfora/image_end_to_end.py: OK
/home/riomus/runs/sfora-connected-probe-installed-serving-wheel-v1/site-packages/sfora/image_recipes.py: OK
/home/riomus/runs/sfora-connected-probe-installed-serving-wheel-v1/site-packages/sfora/inference_head.py: OK
/home/riomus/runs/sfora-connected-probe-installed-serving-wheel-v1/site-packages/sfora/ipsr.py: OK
/home/riomus/runs/sfora-connected-probe-installed-serving-wheel-v1/site-packages/sfora/joint_pq_projection.py: OK
/home/riomus/runs/sfora-connected-probe-installed-serving-wheel-v1/site-packages/sfora/joint_relational_compaction.py: OK
/home/riomus/runs/sfora-connected-probe-installed-serving-wheel-v1/site-packages/sfora/live_head_bank.py: OK
/home/riomus/runs/sfora-connected-probe-installed-serving-wheel-v1/site-packages/sfora/lops_pg.py: OK
/home/riomus/runs/sfora-connected-probe-installed-serving-wheel-v1/site-packages/sfora/lorentz_rider.py: OK
/home/riomus/runs/sfora-connected-probe-installed-serving-wheel-v1/site-packages/sfora/lorentz_rider_io.py: OK
/home/riomus/runs/sfora-connected-probe-installed-serving-wheel-v1/site-packages/sfora/losses.py: OK
/home/riomus/runs/sfora-connected-probe-installed-serving-wheel-v1/site-packages/sfora/mcps_study.py: OK
/home/riomus/runs/sfora-connected-probe-installed-serving-wheel-v1/site-packages/sfora/method.py: OK
/home/riomus/runs/sfora-connected-probe-installed-serving-wheel-v1/site-packages/sfora/model_artifacts/oml_vits16_sop_power_whitening_128.sfora: OK
/home/riomus/runs/sfora-connected-probe-installed-serving-wheel-v1/site-packages/sfora/model_profiles.py: OK
/home/riomus/runs/sfora-connected-probe-installed-serving-wheel-v1/site-packages/sfora/model_soup.py: OK
/home/riomus/runs/sfora-connected-probe-installed-serving-wheel-v1/site-packages/sfora/nested_neighborhood_rank.py: OK
/home/riomus/runs/sfora-connected-probe-installed-serving-wheel-v1/site-packages/sfora/nested_rank_evaluation.py: OK
/home/riomus/runs/sfora-connected-probe-installed-serving-wheel-v1/site-packages/sfora/nested_rank_protocol.py: OK
/home/riomus/runs/sfora-connected-probe-installed-serving-wheel-v1/site-packages/sfora/oapf.py: OK
/home/riomus/runs/sfora-connected-probe-installed-serving-wheel-v1/site-packages/sfora/packed_int4.py: OK
/home/riomus/runs/sfora-connected-probe-installed-serving-wheel-v1/site-packages/sfora/packed_int8.py: OK
/home/riomus/runs/sfora-connected-probe-installed-serving-wheel-v1/site-packages/sfora/packed_int8_search.py: OK
/home/riomus/runs/sfora-connected-probe-installed-serving-wheel-v1/site-packages/sfora/pq_candidate_reranking.py: OK
/home/riomus/runs/sfora-connected-probe-installed-serving-wheel-v1/site-packages/sfora/pq_candidate_scoring.py: OK
/home/riomus/runs/sfora-connected-probe-installed-serving-wheel-v1/site-packages/sfora/pq_lookup_distillation.py: OK
/home/riomus/runs/sfora-connected-probe-installed-serving-wheel-v1/site-packages/sfora/product_pair_schedule.py: OK
/home/riomus/runs/sfora-connected-probe-installed-serving-wheel-v1/site-packages/sfora/product_quantization.py: OK
/home/riomus/runs/sfora-connected-probe-installed-serving-wheel-v1/site-packages/sfora/progressive_residual_quantization.py: OK
/home/riomus/runs/sfora-connected-probe-installed-serving-wheel-v1/site-packages/sfora/progressive_residual_scoring.py: OK
/home/riomus/runs/sfora-connected-probe-installed-serving-wheel-v1/site-packages/sfora/publication.py: OK
/home/riomus/runs/sfora-connected-probe-installed-serving-wheel-v1/site-packages/sfora/py.typed: OK
/home/riomus/runs/sfora-connected-probe-installed-serving-wheel-v1/site-packages/sfora/rate_matched_product_quantization.py: OK
/home/riomus/runs/sfora-connected-probe-installed-serving-wheel-v1/site-packages/sfora/reciprocal_reranking.py: OK
/home/riomus/runs/sfora-connected-probe-installed-serving-wheel-v1/site-packages/sfora/remote.py: OK
/home/riomus/runs/sfora-connected-probe-installed-serving-wheel-v1/site-packages/sfora/report.py: OK
/home/riomus/runs/sfora-connected-probe-installed-serving-wheel-v1/site-packages/sfora/representation_ceiling.py: OK
/home/riomus/runs/sfora-connected-probe-installed-serving-wheel-v1/site-packages/sfora/residual_quantization.py: OK
/home/riomus/runs/sfora-connected-probe-installed-serving-wheel-v1/site-packages/sfora/siglip2_compact_serving.py: OK
/home/riomus/runs/sfora-connected-probe-installed-serving-wheel-v1/site-packages/sfora/sop_compact_training.py: OK
/home/riomus/runs/sfora-connected-probe-installed-serving-wheel-v1/site-packages/sfora/sop_evaluation.py: OK
/home/riomus/runs/sfora-connected-probe-installed-serving-wheel-v1/site-packages/sfora/sop_reference_recipe.py: OK
/home/riomus/runs/sfora-connected-probe-installed-serving-wheel-v1/site-packages/sfora/sop_reference_selection.py: OK
/home/riomus/runs/sfora-connected-probe-installed-serving-wheel-v1/site-packages/sfora/teacher_anchored_distillation.py: OK
/home/riomus/runs/sfora-connected-probe-installed-serving-wheel-v1/site-packages/sfora/teacher_anchored_schedule_io.py: OK
/home/riomus/runs/sfora-connected-probe-installed-serving-wheel-v1/site-packages/sfora/text_baselines.py: OK
/home/riomus/runs/sfora-connected-probe-installed-serving-wheel-v1/site-packages/sfora/token_slot_readout.py: OK
/home/riomus/runs/sfora-connected-probe-installed-serving-wheel-v1/site-packages/sfora/training.py: OK
/home/riomus/runs/sfora-connected-probe-installed-serving-wheel-v1/site-packages/sfora/unicom_audit_io.py: OK
/home/riomus/runs/sfora-connected-probe-installed-serving-wheel-v1/site-packages/sfora/unicom_cap.py: OK
/home/riomus/runs/sfora-connected-probe-installed-serving-wheel-v1/site-packages/sfora/unicom_fepf.py: OK
/home/riomus/runs/sfora-connected-probe-installed-serving-wheel-v1/site-packages/sfora/unicom_finish_evidence.py: OK
/home/riomus/runs/sfora-connected-probe-installed-serving-wheel-v1/site-packages/sfora/unicom_finish_protocol.py: OK
/home/riomus/runs/sfora-connected-probe-installed-serving-wheel-v1/site-packages/sfora/unicom_inshop.py: OK
/home/riomus/runs/sfora-connected-probe-installed-serving-wheel-v1/site-packages/sfora/unicom_probe.py: OK
/home/riomus/runs/sfora-connected-probe-installed-serving-wheel-v1/site-packages/sfora/unicom_proxy_muon.py: OK
/home/riomus/runs/sfora-connected-probe-installed-serving-wheel-v1/site-packages/sfora/unicom_rank_finish.py: OK
/home/riomus/runs/sfora-connected-probe-installed-serving-wheel-v1/site-packages/sfora/unicom_resolution_adapter.py: OK
/home/riomus/runs/sfora-connected-probe-installed-serving-wheel-v1/site-packages/sfora/unicom_retrieval_audit.py: OK
/home/riomus/runs/sfora-connected-probe-installed-serving-wheel-v1/site-packages/sfora/unicom_runtime_authority.py: OK
/home/riomus/runs/sfora-connected-probe-installed-serving-wheel-v1/site-packages/sfora/unicom_shard_audit.py: OK
/home/riomus/runs/sfora-connected-probe-installed-serving-wheel-v1/site-packages/sfora/unicom_tail_adapter.py: OK
/home/riomus/runs/sfora-connected-probe-installed-serving-wheel-v1/site-packages/sfora/unicom_training.py: OK
/home/riomus/runs/sfora-connected-probe-installed-serving-wheel-v1/site-packages/sfora/vector_store.py: OK
/home/riomus/runs/sfora-native256-initialized-cpu-final-footer-v1.py: OK
/home/riomus/runs/sfora-native256-stop-cgroup-footer-v1.py: OK
/home/riomus/toolchains/cuda-13.4-wheel-env/lib/python3.12/site-packages/nvidia/cu13/bin/tileiras: OK
FINAL_CGROUP {"command_exit_status": 1, "invocation_id": "42f3a71c508c49fdbeb2cc6cdfbd7f81", "path": "/sys/fs/cgroup/user.slice/user-1000.slice/user@1000.service/app.slice/sfora-connected-probe-installed-control-serving-diagnostic-v3.service", "values": {"memory.current": "838877184", "memory.events": "low 0\nhigh 0\nmax 0\noom 0\noom_kill 0\noom_group_kill 0", "memory.max": "8589934592", "memory.peak": "3699171328", "memory.stat": "anon 5959680\nfile 828174336\nkernel 3641344\nkernel_stack 32768\npagetables 323584\nsec_pagetables 0\npercpu 1408\nsock 0\nvmalloc 0\nshmem 0\nzswap 0\nzswapped 0\nfile_mapped 0\nfile_dirty 28672\nfile_writeback 0\nswapcached 0\nanon_thp 0\nfile_thp 0\nshmem_thp 0\ninactive_anon 0\nactive_anon 5894144\ninactive_file 126427136\nactive_file 701747200\nunevictable 0\nslab_reclaimable 3193784\nslab_unreclaimable 78048\nslab 3271832\nworkingset_refault_anon 0\nworkingset_refault_file 0\nworkingset_activate_anon 0\nworkingset_activate_file 0\nworkingset_restore_anon 0\nworkingset_restore_file 0\nworkingset_nodereclaim 0\npgdemote_kswapd 0\npgdemote_direct 0\npgdemote_khugepaged 0\npgdemote_proactive 0\npgpromote_success 0\npgscan 0\npgsteal 0\npswpin 0\npswpout 0\npgscan_kswapd 0\npgscan_direct 0\npgscan_khugepaged 0\npgscan_proactive 0\npgsteal_kswapd 0\npgsteal_direct 0\npgsteal_khugepaged 0\npgsteal_proactive 0\npgfault 645179\npgmajfault 8859\npgrefill 0\npgactivate 0\npgdeactivate 0\npglazyfree 0\npglazyfreed 0\nswpin_zero 0\nswpout_zero 0\nzswpin 0\nzswpout 0\nzswpwb 0\nthp_fault_alloc 968\nthp_collapse_alloc 3\nthp_swpout 0\nthp_swpout_fallback 0\nnuma_pages_migrated 0\nnuma_pte_updates 0\nnuma_hint_faults 0", "memory.swap.current": "0", "memory.swap.max": "0", "memory.swap.peak": "0"}}
Command exited with non-zero status 1
	Command being timed: "/bin/bash /home/riomus/runs/sfora-connected-probe-installed-control-serving-source-v4/command.sh"
	User time (seconds): 237.28
	System time (seconds): 60.81
	Percent of CPU this job got: 83%
	Elapsed (wall clock) time (h:mm:ss or m:ss): 5:57.78
	Average shared text size (kbytes): 0
	Average unshared data size (kbytes): 0
	Average stack size (kbytes): 0
	Average total size (kbytes): 0
	Maximum resident set size (kbytes): 3275124
	Average resident set size (kbytes): 0
	Major (requiring I/O) page faults: 8860
	Minor (reclaiming a frame) page faults: 627991
	Voluntary context switches: 5675071
	Involuntary context switches: 2007
	Swaps: 0
	File system inputs: 572712896
	File system outputs: 1480
	Socket messages sent: 0
	Socket messages received: 0
	Signals delivered: 0
	Page size (bytes): 4096
	Exit status: 1
STOP_CGROUP {"exit_code": "exited", "exit_status": "1", "invocation_id": "42f3a71c508c49fdbeb2cc6cdfbd7f81", "path": "/sys/fs/cgroup/user.slice/user-1000.slice/user@1000.service/app.slice/sfora-connected-probe-installed-control-serving-diagnostic-v3.service", "service_result": "exit-code", "values": {"memory.current": "838209536", "memory.events": "low 0\nhigh 0\nmax 0\noom 0\noom_kill 0\noom_group_kill 0", "memory.max": "8589934592", "memory.peak": "3699171328", "memory.stat": "anon 5439488\nfile 828178432\nkernel 3342336\nkernel_stack 0\npagetables 102400\nsec_pagetables 0\npercpu 1408\nsock 0\nvmalloc 0\nshmem 0\nzswap 0\nzswapped 0\nfile_mapped 0\nfile_dirty 32768\nfile_writeback 0\nswapcached 0\nanon_thp 0\nfile_thp 0\nshmem_thp 0\ninactive_anon 0\nactive_anon 5378048\ninactive_file 126431232\nactive_file 701747200\nunevictable 0\nslab_reclaimable 3195848\nslab_unreclaimable 45592\nslab 3241440\nworkingset_refault_anon 0\nworkingset_refault_file 0\nworkingset_activate_anon 0\nworkingset_activate_file 0\nworkingset_restore_anon 0\nworkingset_restore_file 0\nworkingset_nodereclaim 0\npgdemote_kswapd 0\npgdemote_direct 0\npgdemote_khugepaged 0\npgdemote_proactive 0\npgpromote_success 0\npgscan 0\npgsteal 0\npswpin 0\npswpout 0\npgscan_kswapd 0\npgscan_direct 0\npgscan_khugepaged 0\npgscan_proactive 0\npgsteal_kswapd 0\npgsteal_direct 0\npgsteal_khugepaged 0\npgsteal_proactive 0\npgfault 646679\npgmajfault 8859\npgrefill 0\npgactivate 0\npgdeactivate 0\npglazyfree 0\npglazyfreed 0\nswpin_zero 0\nswpout_zero 0\nzswpin 0\nzswpout 0\nzswpwb 0\nthp_fault_alloc 968\nthp_collapse_alloc 3\nthp_swpout 0\nthp_swpout_fallback 0\nnuma_pages_migrated 0\nnuma_pte_updates 0\nnuma_hint_faults 0", "memory.swap.current": "0", "memory.swap.max": "0", "memory.swap.peak": "0"}}
Finished with result: exit-code
Main processes terminated with: code=exited/status=1
Service runtime: 5min 57.822s
CPU time consumed: 4min 58.116s
Memory peak: 3.4G
Memory swap peak: 0B
