exact diagnostic freeze PASS
/home/riomus/runs/sfora-connected-mlp-phase-observer-source-v1/command.sh: OK
Running as unit: sfora-connected-mlp-cpu-phase-diag-v1.service; invocation ID: ae5d04f240f2446887d7adac7d735665
/home/riomus/runs/sfora-connected-mlp-phase-observer-source-v1/observe_connected_mlp_phases.py: OK
/home/riomus/runs/sfora-connected-mlp-phase-observer-source-v1/test_connected_mlp_phase_observer.py: OK
/home/riomus/runs/sfora-connected-mlp-phase-observer-source-v1/manifest.json: OK
/home/riomus/.local/share/uv/python/cpython-3.13.9-linux-aarch64-gnu/bin/python3.13: OK
/home/riomus/runs/sfora-connected-mlp-train-source-v2/authority-cpu-v2.json: OK
/home/riomus/runs/sfora-connected-mlp-train-source-v2/execution.json: OK
/home/riomus/runs/sfora-connected-mlp-train-source-v2/test_siglip2_connected_mlp.py: OK
/home/riomus/runs/sfora-connected-mlp-train-source-v2/train_siglip2_connected_mlp.py: OK
/usr/lib/aarch64-linux-gnu/ld-linux-aarch64.so.1: OK
/usr/lib/aarch64-linux-gnu/libc.so.6: OK
/usr/lib/aarch64-linux-gnu/libcuda.so.580.159.03: OK
/usr/lib/aarch64-linux-gnu/libdl.so.2: OK
/usr/lib/aarch64-linux-gnu/libfribidi.so.0.4.0: OK
/usr/lib/aarch64-linux-gnu/libgcc_s.so.1: OK
/usr/lib/aarch64-linux-gnu/libm.so.6: OK
/usr/lib/aarch64-linux-gnu/libnvidia-ml.so.580.159.03: OK
/usr/lib/aarch64-linux-gnu/libpthread.so.0: OK
/usr/lib/aarch64-linux-gnu/librt.so.1: OK
/usr/lib/aarch64-linux-gnu/libstdc++.so.6.0.33: OK
/usr/lib/aarch64-linux-gnu/libutil.so.1: OK
/usr/lib/aarch64-linux-gnu/libz.so.1.3: OK
Traceback (most recent call last):
  File "/home/riomus/runs/sfora-connected-mlp-phase-observer-source-v1/observe_connected_mlp_phases.py", line 231, in <module>
    main()
    ~~~~^^
  File "/home/riomus/runs/sfora-connected-mlp-phase-observer-source-v1/observe_connected_mlp_phases.py", line 222, in main
    manifest, raw, invocation = prepare(args.manifest, args.manifest_sha256)
                                ~~~~~~~^^^^^^^^^^^^^^^^^^^^^^^^^^^^^^^^^^^^^
  File "/home/riomus/runs/sfora-connected-mlp-phase-observer-source-v1/observe_connected_mlp_phases.py", line 96, in prepare
    require(all(manifest[name] == pinned for name, pinned in
    ~~~~~~~^^^^^^^^^^^^^^^^^^^^^^^^^^^^^^^^^^^^^^^^^^^^^^^^^
            (('python', PYTHON), ('trainer', TRAINER), ('execution', EXECUTION), ('authority', AUTHORITY))),
            ^^^^^^^^^^^^^^^^^^^^^^^^^^^^^^^^^^^^^^^^^^^^^^^^^^^^^^^^^^^^^^^^^^^^^^^^^^^^^^^^^^^^^^^^^^^^^^^^
            'frozen interpreter/trainer/execution/authority differs')
            ^^^^^^^^^^^^^^^^^^^^^^^^^^^^^^^^^^^^^^^^^^^^^^^^^^^^^^^^^
  File "/home/riomus/runs/sfora-connected-mlp-phase-observer-source-v1/observe_connected_mlp_phases.py", line 46, in require
    raise ValueError(message)
ValueError: frozen interpreter/trainer/execution/authority differs
FINAL_CGROUP {"command_exit_status": 1, "invocation_id": "ae5d04f240f2446887d7adac7d735665", "path": "/sys/fs/cgroup/user.slice/user-1000.slice/user@1000.service/app.slice/sfora-connected-mlp-cpu-phase-diag-v1.service", "values": {"memory.current": "144818176", "memory.events": "low 0\nhigh 0\nmax 0\noom 0\noom_kill 0\noom_group_kill 0", "memory.max": "8589934592", "memory.peak": "144818176", "memory.stat": "anon 5988352\nfile 136515584\nkernel 1331200\nkernel_stack 65536\npagetables 323584\nsec_pagetables 0\npercpu 2112\nsock 0\nvmalloc 0\nshmem 0\nzswap 0\nzswapped 0\nfile_mapped 20480\nfile_dirty 0\nfile_writeback 0\nswapcached 0\nanon_thp 0\nfile_thp 0\nshmem_thp 0\ninactive_anon 0\nactive_anon 5898240\ninactive_file 134139904\nactive_file 2371584\nunevictable 0\nslab_reclaimable 816440\nslab_unreclaimable 114272\nslab 930712\nworkingset_refault_anon 0\nworkingset_refault_file 0\nworkingset_activate_anon 0\nworkingset_activate_file 0\nworkingset_restore_anon 0\nworkingset_restore_file 0\nworkingset_nodereclaim 0\npgdemote_kswapd 0\npgdemote_direct 0\npgdemote_khugepaged 0\npgdemote_proactive 0\npgpromote_success 0\npgscan 0\npgsteal 0\npswpin 0\npswpout 0\npgscan_kswapd 0\npgscan_direct 0\npgscan_khugepaged 0\npgscan_proactive 0\npgsteal_kswapd 0\npgsteal_direct 0\npgsteal_khugepaged 0\npgsteal_proactive 0\npgfault 5953\npgmajfault 31\npgrefill 0\npgactivate 0\npgdeactivate 0\npglazyfree 0\npglazyfreed 0\nswpin_zero 0\nswpout_zero 0\nzswpin 0\nzswpout 0\nzswpwb 0\nthp_fault_alloc 0\nthp_collapse_alloc 0\nthp_swpout 0\nthp_swpout_fallback 0\nnuma_pages_migrated 0\nnuma_pte_updates 0\nnuma_hint_faults 0", "memory.swap.current": "0", "memory.swap.max": "0", "memory.swap.peak": "0"}}
Command exited with non-zero status 1
	Command being timed: "/bin/bash -c set -e; sudo -n /bin/sync; sudo -n /bin/sh -c "echo 3 > /proc/sys/vm/drop_caches"; exec /bin/bash /home/riomus/runs/sfora-connected-mlp-phase-observer-source-v1/command.sh"
	User time (seconds): 0.10
	System time (seconds): 0.23
	Percent of CPU this job got: 68%
	Elapsed (wall clock) time (h:mm:ss or m:ss): 0:00.49
	Average shared text size (kbytes): 0
	Average unshared data size (kbytes): 0
	Average stack size (kbytes): 0
	Average total size (kbytes): 0
	Maximum resident set size (kbytes): 19656
	Average resident set size (kbytes): 0
	Major (requiring I/O) page faults: 31
	Minor (reclaiming a frame) page faults: 5755
	Voluntary context switches: 663
	Involuntary context switches: 62
	Swaps: 0
	File system inputs: 267568
	File system outputs: 0
	Socket messages sent: 0
	Socket messages received: 0
	Signals delivered: 0
	Page size (bytes): 4096
	Exit status: 1
STOP_CGROUP {"exit_code": "exited", "exit_status": "1", "invocation_id": "ae5d04f240f2446887d7adac7d735665", "path": "/sys/fs/cgroup/user.slice/user-1000.slice/user@1000.service/app.slice/sfora-connected-mlp-cpu-phase-diag-v1.service", "service_result": "exit-code", "values": {"memory.current": "144293888", "memory.events": "low 0\nhigh 0\nmax 0\noom 0\noom_kill 0\noom_group_kill 0", "memory.max": "8589934592", "memory.peak": "144818176", "memory.stat": "anon 5427200\nfile 136646656\nkernel 1007616\nkernel_stack 0\npagetables 98304\nsec_pagetables 0\npercpu 1408\nsock 0\nvmalloc 0\nshmem 0\nzswap 0\nzswapped 0\nfile_mapped 20480\nfile_dirty 0\nfile_writeback 0\nswapcached 0\nanon_thp 0\nfile_thp 0\nshmem_thp 0\ninactive_anon 0\nactive_anon 5328896\ninactive_file 134144000\nactive_file 2494464\nunevictable 0\nslab_reclaimable 824856\nslab_unreclaimable 73064\nslab 897920\nworkingset_refault_anon 0\nworkingset_refault_file 0\nworkingset_activate_anon 0\nworkingset_activate_file 0\nworkingset_restore_anon 0\nworkingset_restore_file 0\nworkingset_nodereclaim 0\npgdemote_kswapd 0\npgdemote_direct 0\npgdemote_khugepaged 0\npgdemote_proactive 0\npgpromote_success 0\npgscan 0\npgsteal 0\npswpin 0\npswpout 0\npgscan_kswapd 0\npgscan_direct 0\npgscan_khugepaged 0\npgscan_proactive 0\npgsteal_kswapd 0\npgsteal_direct 0\npgsteal_khugepaged 0\npgsteal_proactive 0\npgfault 7471\npgmajfault 32\npgrefill 0\npgactivate 0\npgdeactivate 0\npglazyfree 0\npglazyfreed 0\nswpin_zero 0\nswpout_zero 0\nzswpin 0\nzswpout 0\nzswpwb 0\nthp_fault_alloc 0\nthp_collapse_alloc 0\nthp_swpout 0\nthp_swpout_fallback 0\nnuma_pages_migrated 0\nnuma_pte_updates 0\nnuma_hint_faults 0", "memory.swap.current": "0", "memory.swap.max": "0", "memory.swap.peak": "0"}}
Finished with result: exit-code
Main processes terminated with: code=exited/status=1
Service runtime: 534ms
CPU time consumed: 360ms
Memory peak: 138.1M
Memory swap peak: 0B
