Running as unit: sfora-large-teacher-fit-targets-v1.service; invocation ID: a625b9faf8bc442aa753256e3ba3a268
[transformers] Model config: bos_token_id must be `None` or an integer within the vocabulary (between 0 and 31999), got 49406. This may result in unexpected behavior.
[transformers] Model config: eos_token_id must be `None` or an integer within the vocabulary (between 0 and 31999), got 49407. This may result in unexpected behavior.
Loading weights:   0%|          | 0/792 [00:00<?, ?it/s]Loading weights:  84%|████████▍ | 668/792 [00:00<00:00, 6665.04it/s]Loading weights: 100%|██████████| 792/792 [00:00<00:00, 6960.25it/s]
{"fit_images_verified": 32}
{"fit_images_verified": 64}
{"fit_images_verified": 96}
{"fit_images_verified": 128}
{"fit_images_verified": 160}
{"fit_images_verified": 192}
{"fit_images_verified": 224}
{"fit_images_verified": 256}
{"fit_images_verified": 288}
{"fit_images_verified": 320}
{"fit_images_verified": 352}
{"fit_images_verified": 384}
{"fit_images_verified": 416}
{"fit_images_verified": 448}
{"fit_images_verified": 480}
{"fit_images_verified": 512}
{"fit_images_verified": 544}
{"fit_images_verified": 576}
{"fit_images_verified": 608}
{"fit_images_verified": 640}
{"fit_images_verified": 672}
{"fit_images_verified": 704}
{"fit_images_verified": 736}
{"fit_images_verified": 768}
{"fit_images_verified": 800}
{"fit_images_verified": 832}
{"fit_images_verified": 864}
{"fit_images_verified": 896}
{"fit_images_verified": 928}
{"fit_images_verified": 960}
{"fit_images_verified": 992}
{"fit_images_verified": 1024}
{"fit_images_verified": 1056}
{"fit_images_verified": 1088}
{"fit_images_verified": 1120}
{"fit_images_verified": 1152}
{"fit_images_verified": 1184}
{"fit_images_verified": 1216}
{"fit_images_verified": 1248}
{"fit_images_verified": 1280}
{"fit_images_verified": 1312}
{"fit_images_verified": 1344}
{"fit_images_verified": 1376}
{"fit_images_verified": 1408}
{"fit_images_verified": 1440}
{"fit_images_verified": 1472}
{"fit_images_verified": 1504}
{"fit_images_verified": 1536}
{"fit_images_verified": 1568}
{"fit_images_verified": 1600}
{"fit_images_verified": 1632}
{"fit_images_verified": 1664}
{"fit_images_verified": 1696}
{"fit_images_verified": 1728}
{"fit_images_verified": 1760}
{"fit_images_verified": 1792}
{"fit_images_verified": 1824}
{"fit_images_verified": 1856}
{"fit_images_verified": 1888}
{"fit_images_verified": 1920}
{"fit_images_verified": 1952}
{"fit_images_verified": 1984}
{"fit_images_verified": 2016}
{"fit_images_verified": 2048}
{"fit_images_verified": 2080}
{"fit_images_verified": 2112}
{"fit_images_verified": 2144}
{"fit_images_verified": 2176}
{"fit_images_verified": 2208}
{"fit_images_verified": 2240}
{"fit_images_verified": 2272}
{"fit_images_verified": 2304}
{"fit_images_verified": 2336}
{"fit_images_verified": 2368}
{"fit_images_verified": 2400}
{"fit_images_verified": 2432}
{"fit_images_verified": 2464}
{"fit_images_verified": 2496}
{"fit_images_verified": 2528}
{"fit_images_verified": 2560}
{"fit_images_verified": 2592}
{"fit_images_verified": 2624}
{"fit_images_verified": 2656}
{"fit_images_verified": 2688}
{"fit_images_verified": 2720}
{"fit_images_verified": 2752}
{"fit_images_verified": 2784}
{"fit_images_verified": 2816}
{"fit_images_verified": 2848}
{"fit_images_verified": 2880}
{"fit_images_verified": 2912}
{"fit_images_verified": 2944}
{"fit_images_verified": 2976}
{"fit_images_verified": 3008}
{"fit_images_verified": 3040}
{"fit_images_verified": 3072}
{"fit_images_verified": 3104}
{"fit_images_verified": 3136}
{"fit_images_verified": 3168}
{"fit_images_verified": 3200}
{"fit_images_verified": 3232}
{"fit_images_verified": 3264}
{"fit_images_verified": 3296}
{"fit_images_verified": 3328}
{"fit_images_verified": 3360}
{"fit_images_verified": 3392}
{"fit_images_verified": 3424}
{"fit_images_verified": 3456}
{"fit_images_verified": 3488}
{"fit_images_verified": 3520}
{"fit_images_verified": 3552}
{"fit_images_verified": 3584}
{"fit_images_verified": 3616}
{"fit_images_verified": 3648}
{"fit_images_verified": 3680}
{"fit_images_verified": 3712}
{"fit_images_verified": 3744}
{"fit_images_verified": 3776}
{"fit_images_verified": 3808}
{"fit_images_verified": 3840}
{"fit_images_verified": 3872}
{"fit_images_verified": 3904}
{"fit_images_verified": 3936}
{"fit_images_verified": 3968}
{"fit_images_verified": 4000}
{"fit_images_verified": 4032}
{"fit_images_verified": 4064}
{"fit_images_verified": 4096}
{"fit_images_verified": 4128}
{"fit_images_verified": 4160}
{"fit_images_verified": 4192}
{"fit_images_verified": 4224}
{"fit_images_verified": 4256}
{"fit_images_verified": 4288}
{"fit_images_verified": 4320}
{"fit_images_verified": 4352}
{"fit_images_verified": 4384}
{"fit_images_verified": 4416}
{"fit_images_verified": 4448}
{"fit_images_verified": 4480}
{"fit_images_verified": 4512}
{"fit_images_verified": 4544}
{"fit_images_verified": 4576}
{"fit_images_verified": 4608}
{"fit_images_verified": 4640}
{"fit_images_verified": 4672}
{"fit_images_verified": 4704}
{"fit_images_verified": 4736}
{"fit_images_verified": 4768}
{"fit_images_verified": 4800}
{"fit_images_verified": 4832}
{"fit_images_verified": 4864}
{"fit_images_verified": 4896}
{"fit_images_verified": 4928}
{"fit_images_verified": 4960}
{"fit_images_verified": 4992}
{"fit_images_verified": 5024}
{"fit_images_verified": 5056}
{"fit_images_verified": 5088}
{"fit_images_verified": 5120}
{"fit_images_verified": 5152}
{"fit_images_verified": 5184}
{"fit_images_verified": 5216}
{"fit_images_verified": 5248}
{"fit_images_verified": 5280}
{"fit_images_verified": 5312}
{"fit_images_verified": 5344}
{"fit_images_verified": 5376}
{"fit_images_verified": 5408}
{"fit_images_verified": 5440}
{"fit_images_verified": 5472}
{"fit_images_verified": 5504}
{"fit_images_verified": 5536}
{"fit_images_verified": 5568}
{"fit_images_verified": 5600}
{"fit_images_verified": 5632}
{"fit_images_verified": 5664}
{"fit_images_verified": 5696}
{"fit_images_verified": 5728}
{"fit_images_verified": 5760}
{"fit_images_verified": 5792}
{"fit_images_verified": 5824}
{"fit_images_verified": 5856}
{"fit_images_verified": 5888}
{"fit_images_verified": 5920}
{"fit_images_verified": 5952}
{"fit_images_verified": 5984}
{"fit_images_verified": 6016}
{"fit_images_verified": 6048}
{"fit_images_verified": 6080}
{"fit_images_verified": 6112}
{"fit_images_verified": 6144}
{"fit_images_verified": 6176}
{"fit_images_verified": 6208}
{"fit_images_verified": 6240}
{"fit_images_verified": 6272}
{"fit_images_verified": 6304}
{"fit_images_verified": 6336}
{"fit_images_verified": 6368}
{"fit_images_verified": 6400}
{"fit_images_verified": 6432}
{"fit_images_verified": 6464}
{"fit_images_verified": 6496}
{"fit_images_verified": 6528}
{"fit_images_verified": 6560}
{"fit_images_verified": 6592}
{"fit_images_verified": 6624}
{"fit_images_verified": 6656}
{"fit_images_verified": 6688}
{"fit_images_verified": 6720}
{"fit_images_verified": 6752}
{"fit_images_verified": 6784}
{"fit_images_verified": 6816}
{"fit_images_verified": 6848}
{"fit_images_verified": 6880}
{"fit_images_verified": 6912}
{"fit_images_verified": 6944}
{"fit_images_verified": 6976}
{"fit_images_verified": 7008}
{"fit_images_verified": 7040}
{"fit_images_verified": 7072}
{"fit_images_verified": 7104}
{"fit_images_verified": 7136}
{"fit_images_verified": 7168}
{"fit_images_verified": 7200}
{"fit_images_verified": 7232}
{"fit_images_verified": 7264}
{"fit_images_verified": 7296}
{"fit_images_verified": 7328}
{"fit_images_verified": 7360}
{"fit_images_verified": 7392}
{"fit_images_verified": 7424}
{"fit_images_verified": 7456}
{"fit_images_verified": 7488}
{"fit_images_verified": 7520}
{"fit_images_verified": 7552}
{"fit_images_verified": 7584}
{"fit_images_verified": 7616}
{"fit_images_verified": 7648}
{"fit_images_verified": 7680}
{"fit_images_verified": 7712}
{"fit_images_verified": 7744}
{"fit_images_verified": 7776}
{"fit_images_verified": 7808}
{"fit_images_verified": 7840}
{"fit_images_verified": 7872}
{"fit_images_verified": 7904}
{"fit_images_verified": 7936}
{"fit_images_verified": 7968}
{"fit_images_verified": 8000}
{"fit_images_verified": 8032}
{"fit_images_verified": 8064}
{"fit_images_verified": 8096}
{"fit_images_verified": 8128}
{"fit_images_verified": 8160}
{"fit_images_verified": 8192}
{"fit_images_verified": 8224}
{"fit_images_verified": 8256}
{"fit_images_verified": 8288}
{"fit_images_verified": 8320}
{"fit_images_verified": 8352}
{"fit_images_verified": 8384}
{"fit_images_verified": 8416}
{"fit_images_verified": 8448}
{"fit_images_verified": 8480}
{"fit_images_verified": 8512}
{"fit_images_verified": 8544}
{"fit_images_verified": 8576}
{"fit_images_verified": 8608}
{"fit_images_verified": 8640}
{"fit_images_verified": 8672}
{"fit_images_verified": 8704}
{"fit_images_verified": 8736}
{"fit_images_verified": 8768}
{"fit_images_verified": 8800}
{"fit_images_verified": 8832}
{"fit_images_verified": 8864}
{"fit_images_verified": 8896}
{"fit_images_verified": 8928}
{"fit_images_verified": 8960}
{"fit_images_verified": 8992}
{"fit_images_verified": 9024}
{"fit_images_verified": 9056}
{"fit_images_verified": 9088}
{"fit_images_verified": 9120}
{"fit_images_verified": 9152}
{"fit_images_verified": 9184}
{"fit_images_verified": 9216}
{"fit_images_verified": 9248}
{"fit_images_verified": 9280}
{"fit_images_verified": 9312}
{"fit_images_verified": 9344}
{"fit_images_verified": 9376}
{"fit_images_verified": 9408}
{"fit_images_verified": 9440}
{"fit_images_verified": 9472}
{"fit_images_verified": 9504}
{"fit_images_verified": 9536}
{"fit_images_verified": 9568}
{"fit_images_verified": 9600}
{"fit_images_verified": 9632}
{"fit_images_verified": 9664}
{"fit_images_verified": 9696}
{"fit_images_verified": 9728}
{"fit_images_verified": 9760}
{"fit_images_verified": 9792}
{"fit_images_verified": 9824}
{"fit_images_verified": 9856}
{"fit_images_verified": 9888}
{"fit_images_verified": 9920}
{"fit_images_verified": 9952}
{"fit_images_verified": 9984}
{"fit_images_verified": 10016}
{"fit_images_verified": 10048}
{"fit_images_verified": 10080}
{"fit_images_verified": 10112}
{"fit_images_verified": 10144}
{"fit_images_verified": 10176}
{"fit_images_verified": 10208}
{"fit_images_verified": 10240}
{"fit_images_verified": 10272}
{"fit_images_verified": 10304}
{"fit_images_verified": 10336}
{"fit_images_verified": 10368}
{"fit_images_verified": 10400}
{"fit_images_verified": 10432}
{"fit_images_verified": 10464}
{"fit_images_verified": 10496}
{"fit_images_verified": 10528}
{"fit_images_verified": 10560}
{"fit_images_verified": 10592}
{"fit_images_verified": 10624}
{"fit_images_verified": 10656}
{"fit_images_verified": 10688}
{"fit_images_verified": 10720}
{"fit_images_verified": 10752}
{"fit_images_verified": 10784}
{"fit_images_verified": 10816}
{"fit_images_verified": 10848}
{"fit_images_verified": 10880}
{"fit_images_verified": 10912}
{"fit_images_verified": 10944}
{"fit_images_verified": 10976}
{"fit_images_verified": 11008}
{"fit_images_verified": 11040}
{"fit_images_verified": 11072}
{"fit_images_verified": 11104}
{"fit_images_verified": 11136}
{"fit_images_verified": 11168}
{"fit_images_verified": 11200}
{"fit_images_verified": 11232}
{"fit_images_verified": 11264}
{"fit_images_verified": 11296}
{"fit_images_verified": 11328}
{"fit_images_verified": 11360}
{"fit_images_verified": 11392}
{"fit_images_verified": 11424}
{"fit_images_verified": 11456}
{"fit_images_verified": 11488}
{"fit_images_verified": 11520}
{"fit_images_verified": 11552}
{"fit_images_verified": 11584}
{"fit_images_verified": 11616}
{"fit_images_verified": 11648}
{"fit_images_verified": 11680}
{"fit_images_verified": 11712}
{"fit_images_verified": 11744}
{"fit_images_verified": 11776}
{"fit_images_verified": 11808}
{"fit_images_verified": 11840}
{"fit_images_verified": 11872}
{"fit_images_verified": 11904}
{"fit_images_verified": 11936}
{"fit_images_verified": 11968}
{"fit_images_verified": 12000}
{"fit_images_verified": 12032}
{"fit_images_verified": 12064}
{"fit_images_verified": 12096}
{"fit_images_verified": 12128}
{"fit_images_verified": 12160}
{"fit_images_verified": 12192}
{"fit_images_verified": 12224}
{"fit_images_verified": 12256}
{"fit_images_verified": 12288}
{"fit_images_verified": 12320}
{"fit_images_verified": 12352}
{"fit_images_verified": 12384}
{"fit_images_verified": 12416}
{"fit_images_verified": 12448}
{"fit_images_verified": 12480}
{"fit_images_verified": 12512}
{"fit_images_verified": 12544}
{"fit_images_verified": 12576}
{"fit_images_verified": 12608}
{"fit_images_verified": 12640}
{"fit_images_verified": 12672}
{"fit_images_verified": 12704}
{"fit_images_verified": 12736}
{"fit_images_verified": 12768}
{"fit_images_verified": 12800}
{"fit_images_verified": 12832}
{"fit_images_verified": 12864}
{"fit_images_verified": 12896}
{"fit_images_verified": 12928}
{"fit_images_verified": 12960}
{"fit_images_verified": 12992}
{"fit_images_verified": 13024}
{"fit_images_verified": 13056}
{"fit_images_verified": 13088}
{"fit_images_verified": 13120}
{"fit_images_verified": 13152}
{"fit_images_verified": 13184}
{"fit_images_verified": 13216}
{"fit_images_verified": 13248}
{"fit_images_verified": 13280}
{"fit_images_verified": 13283}
PASS read-only teacher native/head/packed authority and complete fit targets; no training/held/quality
Finished with result: success
Main processes terminated with: code=exited/status=0
Service runtime: 2min 52.022s
CPU time consumed: 3min 13.668s
Memory peak: 3.1G
Memory swap peak: 0B
