Running as unit: sfora-large-pool-checkpoint-cpu-v2.service; invocation ID: ceea1e7472bb4ba2bd115bc1b0e1b526
{"phase": "authority", "seconds": 3.938862768933177}
[transformers] Model config: bos_token_id must be `None` or an integer within the vocabulary (between 0 and 31999), got 49406. This may result in unexpected behavior.
[transformers] Model config: eos_token_id must be `None` or an integer within the vocabulary (between 0 and 31999), got 49407. This may result in unexpected behavior.
Loading weights:   0%|          | 0/792 [00:00<?, ?it/s]Loading weights: 100%|██████████| 792/792 [00:00<00:00, 11068.68it/s]
{"phase": "independent_strict400_reload", "seconds": 10.804629458114505}
{"phase": "cpu_fit_pixels_direct_whole", "seconds": 3.3961087660863996}
PASS CPU retained checkpoint authority; independent native copies, no quality
Finished with result: success
Main processes terminated with: code=exited/status=0
Service runtime: 27.336s
CPU time consumed: 45.119s
Memory peak: 508.0K
Memory swap peak: 0B
	Command being timed: "systemd-run --user --wait --collect --pipe --unit=sfora-large-pool-checkpoint-cpu-v2 -p WorkingDirectory=/home/riomus/runs/sfora-large-pool-checkpoint-export-source-v2 -p RuntimeMaxSec=120 -p MemoryMax=8G -p MemorySwapMax=0 -p KillMode=control-group -p OOMPolicy=stop --setenv=CUDA_VISIBLE_DEVICES= --setenv=OMP_NUM_THREADS=8 --setenv=OPENBLAS_NUM_THREADS=1 --setenv=TOKENIZERS_PARALLELISM=false --setenv=PYTHONPATH=/home/riomus/runs/sfora-large-pool-checkpoint-export-source-v2:/home/riomus/runs/sfora-large-pool-checkpoint-export-source-v2/src:/home/riomus/runs/sfora-large-pool-checkpoint-export-source-v2/isolated-deps flock -n /home/riomus/runs/.sfora-siglip2-gpu.lock flock -n /home/riomus/.sfora-siglip2-gpu.lock /home/riomus/group-learning/.venv/bin/python /home/riomus/runs/sfora-large-pool-checkpoint-export-source-v2/export_large_pool_checkpoint.py --execution-sha256 17747b8f37c711f0c762908947d54b2a32b88c06d5a7aa7419742ebc5656eb7a --output /home/riomus/runs/sfora-large-pool-checkpoint-cpu-v2 --qualify-cpu"
	User time (seconds): 0.00
	System time (seconds): 0.00
	Percent of CPU this job got: 0%
	Elapsed (wall clock) time (h:mm:ss or m:ss): 0:27.35
	Average shared text size (kbytes): 0
	Average unshared data size (kbytes): 0
	Average stack size (kbytes): 0
	Average total size (kbytes): 0
	Maximum resident set size (kbytes): 7220
	Average resident set size (kbytes): 0
	Major (requiring I/O) page faults: 0
	Minor (reclaiming a frame) page faults: 376
	Voluntary context switches: 10
	Involuntary context switches: 0
	Swaps: 0
	File system inputs: 0
	File system outputs: 0
	Socket messages sent: 0
	Socket messages received: 0
	Signals delivered: 0
	Page size (bytes): 4096
	Exit status: 0
