/home/riomus/runs/sfora-connected-probe-installed-control-serving-source-v2/command.sh: OK
Running as unit: sfora-connected-probe-installed-control-serving-diagnostic-v2.service; invocation ID: 715802b9fa584d12bbdb79118dc11738
/home/riomus/.local/share/uv/python/cpython-3.13.9-linux-aarch64-gnu/bin/python3.13: OK
/home/riomus/runs/sfora-connected-control-serving-native-authority-v5/native-authority.json: OK
/home/riomus/runs/sfora-connected-probe-evaluation-source-v1/authority-export-control-179061-v1.json: OK
/home/riomus/runs/sfora-connected-probe-installed-control-serving-source-v2/authority.json: OK
/home/riomus/runs/sfora-connected-probe-installed-control-serving-source-v2/connected_control_native_authority.py: OK
/home/riomus/runs/sfora-connected-probe-installed-control-serving-source-v2/observe_connected_serving.py: OK
/home/riomus/runs/sfora-connected-probe-installed-control-serving-source-v2/qualify_connected_probe_serving.py: OK
/home/riomus/runs/sfora-connected-probe-installed-control-serving-source-v2/qualify_connected_serving_requests.py: OK
/home/riomus/runs/sfora-connected-probe-installed-control-serving-source-v2/test_connected_probe_serving.py: OK
/home/riomus/runs/sfora-connected-probe-installed-control-serving-source-v2/test_connected_serving_requests.py: OK
/home/riomus/runs/sfora-connected-probe-installed-control-serving-source-v2/test_observe_connected_serving.py: OK
/home/riomus/runs/sfora-connected-probe-installed-serving-wheel-v1/site-packages/sfora-0.3.0rc4.dist-info/INSTALLER: OK
/home/riomus/runs/sfora-connected-probe-installed-serving-wheel-v1/site-packages/sfora-0.3.0rc4.dist-info/METADATA: OK
/home/riomus/runs/sfora-connected-probe-installed-serving-wheel-v1/site-packages/sfora-0.3.0rc4.dist-info/RECORD: OK
/home/riomus/runs/sfora-connected-probe-installed-serving-wheel-v1/site-packages/sfora-0.3.0rc4.dist-info/REQUESTED: OK
/home/riomus/runs/sfora-connected-probe-installed-serving-wheel-v1/site-packages/sfora-0.3.0rc4.dist-info/WHEEL: OK
/home/riomus/runs/sfora-connected-probe-installed-serving-wheel-v1/site-packages/sfora-0.3.0rc4.dist-info/direct_url.json: OK
/home/riomus/runs/sfora-connected-probe-installed-serving-wheel-v1/site-packages/sfora-0.3.0rc4.dist-info/entry_points.txt: OK
/home/riomus/runs/sfora-connected-probe-installed-serving-wheel-v1/site-packages/sfora-0.3.0rc4.dist-info/uv_cache.json: OK
/home/riomus/runs/sfora-connected-probe-installed-serving-wheel-v1/site-packages/sfora/__init__.py: OK
/home/riomus/runs/sfora-connected-probe-installed-serving-wheel-v1/site-packages/sfora/_connected_inference_authority.py: OK
/home/riomus/runs/sfora-connected-probe-installed-serving-wheel-v1/site-packages/sfora/_connected_probe_inference_authority.py: OK
/home/riomus/runs/sfora-connected-probe-installed-serving-wheel-v1/site-packages/sfora/_native/factorized_residual_ann.c: OK
/home/riomus/runs/sfora-connected-probe-installed-serving-wheel-v1/site-packages/sfora/ablation.py: OK
/home/riomus/runs/sfora-connected-probe-installed-serving-wheel-v1/site-packages/sfora/additive_quantization.py: OK
/home/riomus/runs/sfora-connected-probe-installed-serving-wheel-v1/site-packages/sfora/amortized_local_scale.py: OK
/home/riomus/runs/sfora-connected-probe-installed-serving-wheel-v1/site-packages/sfora/api.py: OK
/home/riomus/runs/sfora-connected-probe-installed-serving-wheel-v1/site-packages/sfora/arcg.py: OK
/home/riomus/runs/sfora-connected-probe-installed-serving-wheel-v1/site-packages/sfora/asymmetric_cohort_residual.py: OK
/home/riomus/runs/sfora-connected-probe-installed-serving-wheel-v1/site-packages/sfora/atomic_publication.py: OK
/home/riomus/runs/sfora-connected-probe-installed-serving-wheel-v1/site-packages/sfora/benchmark.py: OK
/home/riomus/runs/sfora-connected-probe-installed-serving-wheel-v1/site-packages/sfora/bn_inception.py: OK
/home/riomus/runs/sfora-connected-probe-installed-serving-wheel-v1/site-packages/sfora/cadr.py: OK
/home/riomus/runs/sfora-connected-probe-installed-serving-wheel-v1/site-packages/sfora/calibrated_tail_moment.py: OK
/home/riomus/runs/sfora-connected-probe-installed-serving-wheel-v1/site-packages/sfora/calibrated_tail_moment_io.py: OK
/home/riomus/runs/sfora-connected-probe-installed-serving-wheel-v1/site-packages/sfora/catalog.py: OK
/home/riomus/runs/sfora-connected-probe-installed-serving-wheel-v1/site-packages/sfora/cea.py: OK
/home/riomus/runs/sfora-connected-probe-installed-serving-wheel-v1/site-packages/sfora/cem.py: OK
/home/riomus/runs/sfora-connected-probe-installed-serving-wheel-v1/site-packages/sfora/cli.py: OK
/home/riomus/runs/sfora-connected-probe-installed-serving-wheel-v1/site-packages/sfora/compact_metric.py: OK
/home/riomus/runs/sfora-connected-probe-installed-serving-wheel-v1/site-packages/sfora/compose.py: OK
/home/riomus/runs/sfora-connected-probe-installed-serving-wheel-v1/site-packages/sfora/connected_compact_serving.py: OK
/home/riomus/runs/sfora-connected-probe-installed-serving-wheel-v1/site-packages/sfora/connected_inference.py: OK
/home/riomus/runs/sfora-connected-probe-installed-serving-wheel-v1/site-packages/sfora/connected_probe_inference.py: OK
/home/riomus/runs/sfora-connected-probe-installed-serving-wheel-v1/site-packages/sfora/cuda_authority.py: OK
/home/riomus/runs/sfora-connected-probe-installed-serving-wheel-v1/site-packages/sfora/cutile_int8.py: OK
/home/riomus/runs/sfora-connected-probe-installed-serving-wheel-v1/site-packages/sfora/dada_reproduction.py: OK
/home/riomus/runs/sfora-connected-probe-installed-serving-wheel-v1/site-packages/sfora/data.py: OK
/home/riomus/runs/sfora-connected-probe-installed-serving-wheel-v1/site-packages/sfora/deployed_code_rank.py: OK
/home/riomus/runs/sfora-connected-probe-installed-serving-wheel-v1/site-packages/sfora/deterministic_similarity_runtime.py: OK
/home/riomus/runs/sfora-connected-probe-installed-serving-wheel-v1/site-packages/sfora/encoder_ablation.py: OK
/home/riomus/runs/sfora-connected-probe-installed-serving-wheel-v1/site-packages/sfora/encoder_training.py: OK
/home/riomus/runs/sfora-connected-probe-installed-serving-wheel-v1/site-packages/sfora/evaluation.py: OK
/home/riomus/runs/sfora-connected-probe-installed-serving-wheel-v1/site-packages/sfora/experiments.py: OK
/home/riomus/runs/sfora-connected-probe-installed-serving-wheel-v1/site-packages/sfora/factorized_residual_ann.py: OK
/home/riomus/runs/sfora-connected-probe-installed-serving-wheel-v1/site-packages/sfora/factorized_residual_index.py: OK
/home/riomus/runs/sfora-connected-probe-installed-serving-wheel-v1/site-packages/sfora/factorized_residual_native.py: OK
/home/riomus/runs/sfora-connected-probe-installed-serving-wheel-v1/site-packages/sfora/foldable_linear.py: OK
/home/riomus/runs/sfora-connected-probe-installed-serving-wheel-v1/site-packages/sfora/foundation_adapter.py: OK
/home/riomus/runs/sfora-connected-probe-installed-serving-wheel-v1/site-packages/sfora/foundation_finetune.py: OK
/home/riomus/runs/sfora-connected-probe-installed-serving-wheel-v1/site-packages/sfora/foundation_oml.py: OK
/home/riomus/runs/sfora-connected-probe-installed-serving-wheel-v1/site-packages/sfora/foundation_pareto.py: OK
/home/riomus/runs/sfora-connected-probe-installed-serving-wheel-v1/site-packages/sfora/frozen_text_supervision.py: OK
/home/riomus/runs/sfora-connected-probe-installed-serving-wheel-v1/site-packages/sfora/gallery_hubness.py: OK
/home/riomus/runs/sfora-connected-probe-installed-serving-wheel-v1/site-packages/sfora/gallery_risk.py: OK
/home/riomus/runs/sfora-connected-probe-installed-serving-wheel-v1/site-packages/sfora/idgp.py: OK
/home/riomus/runs/sfora-connected-probe-installed-serving-wheel-v1/site-packages/sfora/image_benchmark.py: OK
/home/riomus/runs/sfora-connected-probe-installed-serving-wheel-v1/site-packages/sfora/image_end_to_end.py: OK
/home/riomus/runs/sfora-connected-probe-installed-serving-wheel-v1/site-packages/sfora/image_recipes.py: OK
/home/riomus/runs/sfora-connected-probe-installed-serving-wheel-v1/site-packages/sfora/inference_head.py: OK
/home/riomus/runs/sfora-connected-probe-installed-serving-wheel-v1/site-packages/sfora/ipsr.py: OK
/home/riomus/runs/sfora-connected-probe-installed-serving-wheel-v1/site-packages/sfora/joint_pq_projection.py: OK
/home/riomus/runs/sfora-connected-probe-installed-serving-wheel-v1/site-packages/sfora/joint_relational_compaction.py: OK
/home/riomus/runs/sfora-connected-probe-installed-serving-wheel-v1/site-packages/sfora/live_head_bank.py: OK
/home/riomus/runs/sfora-connected-probe-installed-serving-wheel-v1/site-packages/sfora/lops_pg.py: OK
/home/riomus/runs/sfora-connected-probe-installed-serving-wheel-v1/site-packages/sfora/lorentz_rider.py: OK
/home/riomus/runs/sfora-connected-probe-installed-serving-wheel-v1/site-packages/sfora/lorentz_rider_io.py: OK
/home/riomus/runs/sfora-connected-probe-installed-serving-wheel-v1/site-packages/sfora/losses.py: OK
/home/riomus/runs/sfora-connected-probe-installed-serving-wheel-v1/site-packages/sfora/mcps_study.py: OK
/home/riomus/runs/sfora-connected-probe-installed-serving-wheel-v1/site-packages/sfora/method.py: OK
/home/riomus/runs/sfora-connected-probe-installed-serving-wheel-v1/site-packages/sfora/model_artifacts/oml_vits16_sop_power_whitening_128.sfora: OK
/home/riomus/runs/sfora-connected-probe-installed-serving-wheel-v1/site-packages/sfora/model_profiles.py: OK
/home/riomus/runs/sfora-connected-probe-installed-serving-wheel-v1/site-packages/sfora/model_soup.py: OK
/home/riomus/runs/sfora-connected-probe-installed-serving-wheel-v1/site-packages/sfora/nested_neighborhood_rank.py: OK
/home/riomus/runs/sfora-connected-probe-installed-serving-wheel-v1/site-packages/sfora/nested_rank_evaluation.py: OK
/home/riomus/runs/sfora-connected-probe-installed-serving-wheel-v1/site-packages/sfora/nested_rank_protocol.py: OK
/home/riomus/runs/sfora-connected-probe-installed-serving-wheel-v1/site-packages/sfora/oapf.py: OK
/home/riomus/runs/sfora-connected-probe-installed-serving-wheel-v1/site-packages/sfora/packed_int4.py: OK
/home/riomus/runs/sfora-connected-probe-installed-serving-wheel-v1/site-packages/sfora/packed_int8.py: OK
/home/riomus/runs/sfora-connected-probe-installed-serving-wheel-v1/site-packages/sfora/packed_int8_search.py: OK
/home/riomus/runs/sfora-connected-probe-installed-serving-wheel-v1/site-packages/sfora/pq_candidate_reranking.py: OK
/home/riomus/runs/sfora-connected-probe-installed-serving-wheel-v1/site-packages/sfora/pq_candidate_scoring.py: OK
/home/riomus/runs/sfora-connected-probe-installed-serving-wheel-v1/site-packages/sfora/pq_lookup_distillation.py: OK
/home/riomus/runs/sfora-connected-probe-installed-serving-wheel-v1/site-packages/sfora/product_pair_schedule.py: OK
/home/riomus/runs/sfora-connected-probe-installed-serving-wheel-v1/site-packages/sfora/product_quantization.py: OK
/home/riomus/runs/sfora-connected-probe-installed-serving-wheel-v1/site-packages/sfora/progressive_residual_quantization.py: OK
/home/riomus/runs/sfora-connected-probe-installed-serving-wheel-v1/site-packages/sfora/progressive_residual_scoring.py: OK
/home/riomus/runs/sfora-connected-probe-installed-serving-wheel-v1/site-packages/sfora/publication.py: OK
/home/riomus/runs/sfora-connected-probe-installed-serving-wheel-v1/site-packages/sfora/py.typed: OK
/home/riomus/runs/sfora-connected-probe-installed-serving-wheel-v1/site-packages/sfora/rate_matched_product_quantization.py: OK
/home/riomus/runs/sfora-connected-probe-installed-serving-wheel-v1/site-packages/sfora/reciprocal_reranking.py: OK
/home/riomus/runs/sfora-connected-probe-installed-serving-wheel-v1/site-packages/sfora/remote.py: OK
/home/riomus/runs/sfora-connected-probe-installed-serving-wheel-v1/site-packages/sfora/report.py: OK
/home/riomus/runs/sfora-connected-probe-installed-serving-wheel-v1/site-packages/sfora/representation_ceiling.py: OK
/home/riomus/runs/sfora-connected-probe-installed-serving-wheel-v1/site-packages/sfora/residual_quantization.py: OK
/home/riomus/runs/sfora-connected-probe-installed-serving-wheel-v1/site-packages/sfora/siglip2_compact_serving.py: OK
/home/riomus/runs/sfora-connected-probe-installed-serving-wheel-v1/site-packages/sfora/sop_compact_training.py: OK
/home/riomus/runs/sfora-connected-probe-installed-serving-wheel-v1/site-packages/sfora/sop_evaluation.py: OK
/home/riomus/runs/sfora-connected-probe-installed-serving-wheel-v1/site-packages/sfora/sop_reference_recipe.py: OK
/home/riomus/runs/sfora-connected-probe-installed-serving-wheel-v1/site-packages/sfora/sop_reference_selection.py: OK
/home/riomus/runs/sfora-connected-probe-installed-serving-wheel-v1/site-packages/sfora/teacher_anchored_distillation.py: OK
/home/riomus/runs/sfora-connected-probe-installed-serving-wheel-v1/site-packages/sfora/teacher_anchored_schedule_io.py: OK
/home/riomus/runs/sfora-connected-probe-installed-serving-wheel-v1/site-packages/sfora/text_baselines.py: OK
/home/riomus/runs/sfora-connected-probe-installed-serving-wheel-v1/site-packages/sfora/token_slot_readout.py: OK
/home/riomus/runs/sfora-connected-probe-installed-serving-wheel-v1/site-packages/sfora/training.py: OK
/home/riomus/runs/sfora-connected-probe-installed-serving-wheel-v1/site-packages/sfora/unicom_audit_io.py: OK
/home/riomus/runs/sfora-connected-probe-installed-serving-wheel-v1/site-packages/sfora/unicom_cap.py: OK
/home/riomus/runs/sfora-connected-probe-installed-serving-wheel-v1/site-packages/sfora/unicom_fepf.py: OK
/home/riomus/runs/sfora-connected-probe-installed-serving-wheel-v1/site-packages/sfora/unicom_finish_evidence.py: OK
/home/riomus/runs/sfora-connected-probe-installed-serving-wheel-v1/site-packages/sfora/unicom_finish_protocol.py: OK
/home/riomus/runs/sfora-connected-probe-installed-serving-wheel-v1/site-packages/sfora/unicom_inshop.py: OK
/home/riomus/runs/sfora-connected-probe-installed-serving-wheel-v1/site-packages/sfora/unicom_probe.py: OK
/home/riomus/runs/sfora-connected-probe-installed-serving-wheel-v1/site-packages/sfora/unicom_proxy_muon.py: OK
/home/riomus/runs/sfora-connected-probe-installed-serving-wheel-v1/site-packages/sfora/unicom_rank_finish.py: OK
/home/riomus/runs/sfora-connected-probe-installed-serving-wheel-v1/site-packages/sfora/unicom_resolution_adapter.py: OK
/home/riomus/runs/sfora-connected-probe-installed-serving-wheel-v1/site-packages/sfora/unicom_retrieval_audit.py: OK
/home/riomus/runs/sfora-connected-probe-installed-serving-wheel-v1/site-packages/sfora/unicom_runtime_authority.py: OK
/home/riomus/runs/sfora-connected-probe-installed-serving-wheel-v1/site-packages/sfora/unicom_shard_audit.py: OK
/home/riomus/runs/sfora-connected-probe-installed-serving-wheel-v1/site-packages/sfora/unicom_tail_adapter.py: OK
/home/riomus/runs/sfora-connected-probe-installed-serving-wheel-v1/site-packages/sfora/unicom_training.py: OK
/home/riomus/runs/sfora-connected-probe-installed-serving-wheel-v1/site-packages/sfora/vector_store.py: OK
/home/riomus/runs/sfora-native256-initialized-cpu-final-footer-v1.py: OK
/home/riomus/runs/sfora-native256-stop-cgroup-footer-v1.py: OK
/home/riomus/toolchains/cuda-13.4-wheel-env/lib/python3.12/site-packages/nvidia/cu13/bin/tileiras: OK
tileiras: NVIDIA (R) Cuda Tile IR optimizing assembler
Copyright (c) 2005-2026 NVIDIA Corporation
Built on Tue_Sep__1_09:45:49_PDT_2026
Cuda compilation tools, release 13.4, V13.4.92
Build local.local.38855100_
{"event": "COMPACT_PHASE", "phase": "shared_source_preparation", "boundary": "begin", "seconds": 248.51491170498775}
{"event": "COMPACT_PHASE", "phase": "shared_source_preparation", "boundary": "end", "delta_seconds": 21.434106094005983, "seconds": 269.94901975098765}
{"event": "COMPACT_PHASE", "phase": "cache_target_preparation", "boundary": "begin", "seconds": 269.9490647109924}
{"event": "COMPACT_PHASE", "phase": "cache_target_preparation", "boundary": "end", "delta_seconds": 2.701863614987815, "seconds": 272.6509315419826}
{"event": "INITIAL_NATIVE_ORIGIN_DIAGNOSTICS_V1", "expected": {"/home/riomus/group-learning/.venv/lib/python3.13/site-packages/nvidia/cudnn/lib/libcudnn_engines_precompiled.so.9": "3b765736f63d724a0de67b7ce915b0d0a780154fe4a2d515ab14040224aa7db4", "/home/riomus/group-learning/.venv/lib/python3.13/site-packages/nvidia/cudnn/lib/libcudnn_engines_runtime_compiled.so.9": "7b8f371a7718c29549317efdbdeb8d7c301874f9471762a04830846ac4e83510", "/home/riomus/group-learning/.venv/lib/python3.13/site-packages/nvidia/cudnn/lib/libcudnn_graph.so.9": "b601fddd333d84ced4a3d833e75bb412c204e39b21755d79cb890335dce660b8", "/home/riomus/group-learning/.venv/lib/python3.13/site-packages/nvidia/cudnn/lib/libcudnn_heuristic.so.9": "368687b9b5c2c01b55c21f74bd930cb05d3654b4e901e998b7bfb33cebac6ae8"}, "observed_difference": {}, "missing": ["/home/riomus/group-learning/.venv/lib/python3.13/site-packages/nvidia/cudnn/lib/libcudnn_engines_precompiled.so.9", "/home/riomus/group-learning/.venv/lib/python3.13/site-packages/nvidia/cudnn/lib/libcudnn_engines_runtime_compiled.so.9", "/home/riomus/group-learning/.venv/lib/python3.13/site-packages/nvidia/cudnn/lib/libcudnn_graph.so.9", "/home/riomus/group-learning/.venv/lib/python3.13/site-packages/nvidia/cudnn/lib/libcudnn_heuristic.so.9"], "extra": [], "missing_native": ["/home/riomus/group-learning/.venv/lib/python3.13/site-packages/nvidia/cudnn/lib/libcudnn_engines_precompiled.so.9", "/home/riomus/group-learning/.venv/lib/python3.13/site-packages/nvidia/cudnn/lib/libcudnn_engines_runtime_compiled.so.9", "/home/riomus/group-learning/.venv/lib/python3.13/site-packages/nvidia/cudnn/lib/libcudnn_graph.so.9", "/home/riomus/group-learning/.venv/lib/python3.13/site-packages/nvidia/cudnn/lib/libcudnn_heuristic.so.9"]}
{"event": "COMPACT_PHASE", "phase": "independent_reload", "boundary": "begin", "seconds": 300.95572747298866}
{"event": "COMPACT_PHASE", "phase": "independent_reload", "boundary": "end", "delta_seconds": 1.5281663119967561, "seconds": 302.4838960249908}
{"event": "COMPACT_RUNTIME_HASH", "boundary": "begin", "elapsed_seconds": 0.0, "item_count": 1941}
{"event": "COMPACT_RUNTIME_HASH", "boundary": "end", "elapsed_seconds": 0.2382874799950514, "item_count": 1941}
  | ExceptionGroup: other request driver failures (1 sub-exception)
  +-+---------------- 1 ----------------
    | Traceback (most recent call last):
    |   File "/home/riomus/runs/sfora-connected-probe-installed-control-serving-source-v2/qualify_connected_probe_serving.py", line 1170, in run
    |     else: api.evaluator_exit(context,exit_guard)
    |           ~~~~~~~~~~~~~~~~~~^^^^^^^^^^^^^^^^^^^^
    |   File "/home/riomus/runs/sfora-connected-probe-installed-control-serving-source-v2/connected_control_native_authority.py", line 362, in evaluator_exit
    |     return evaluator(value,guard)
    |   File "/home/riomus/runs/sfora-connected-probe-evaluation-source-v1/evaluate_siglip2_connected_probe.py", line 1785, in exit_rehash
    |     api.audit_origins(t['legacy'],require_exact=context['args'].phase == 'export')
    |     ~~~~~~~~~~~~~~~~~^^^^^^^^^^^^^^^^^^^^^^^^^^^^^^^^^^^^^^^^^^^^^^^^^^^^^^^^^^^^^
    |   File "/home/riomus/runs/sfora-so400-nearest-ranking-train-source-v5/train_siglip2_nearest_ranking.py", line 512, in audit_origins
    |     require(set(origins['files']) - known == set(supplement['files']) and
    |     ~~~~~~~^^^^^^^^^^^^^^^^^^^^^^^^^^^^^^^^^^^^^^^^^^^^^^^^^^^^^^^^^^^^^^
    |             set(supplement['files']) <= set(origins['native_files']), 'observed native difference must be exact four')
    |             ^^^^^^^^^^^^^^^^^^^^^^^^^^^^^^^^^^^^^^^^^^^^^^^^^^^^^^^^^^^^^^^^^^^^^^^^^^^^^^^^^^^^^^^^^^^^^^^^^^^^^^^^^^
    |   File "/home/riomus/runs/sfora-so400-nearest-ranking-train-source-v5/train_siglip2_nearest_ranking.py", line 93, in require
    |     raise ValueError(message)
    | ValueError: observed native difference must be exact four
    +------------------------------------

The above exception was the direct cause of the following exception:

Traceback (most recent call last):
  File "/home/riomus/runs/sfora-connected-probe-installed-control-serving-source-v2/qualify_connected_probe_serving.py", line 1210, in <module>
    main()
    ~~~~^^
  File "/home/riomus/runs/sfora-connected-probe-installed-control-serving-source-v2/qualify_connected_probe_serving.py", line 1206, in main
    return run(parser.parse_args(argv))
  File "/home/riomus/runs/sfora-connected-probe-installed-control-serving-source-v2/qualify_connected_probe_serving.py", line 1197, in run
    if failures: requests.raise_failures(failures)
                 ~~~~~~~~~~~~~~~~~~~~~~~^^^^^^^^^^
  File "/home/riomus/runs/sfora-connected-probe-installed-control-serving-source-v2/qualify_connected_serving_requests.py", line 225, in raise_failures
    raise primary from BaseExceptionGroup('other request driver failures', others)
  File "/home/riomus/runs/sfora-connected-probe-installed-control-serving-source-v2/qualify_connected_probe_serving.py", line 1147, in run
    diagnostic = parity_body(batches=batches,ordinals=ordinals,persisted_tail=lambda w: w == tail_wire,
        reference=reference,native=native_search,factory=factory,decode=decode,rgb=rgb_digest,capture=capture,
        mutants=mutate,
        lifecycle_check=life,denial=denial,guard=guard,started=time.perf_counter(),
        mutant_factory=lambda deadline: factory_mutants(factory,deadline))
  File "/home/riomus/runs/sfora-connected-probe-installed-control-serving-source-v2/qualify_connected_probe_serving.py", line 770, in parity_body
    ref = reference(batches,deadline)
  File "/home/riomus/runs/sfora-connected-probe-installed-control-serving-source-v2/qualify_connected_probe_serving.py", line 1119, in reference
    return reference_outputs(name='_connected_probe_gate_reference_'+uuid.uuid4().hex,directory=directory,
        bundle_sha=endpoint['bundle']['sha256'],loader=evaluator.load_authenticated,
        pin=bundle['code'][TRAINER]['sha256'],guards=context['guards'],reads_only=reads_only,batches=items,
        decode=decode,rgb=rgb_digest,snapshot=lambda v: snapshot_outputs(v,observer.tensor_snapshot),
        loaded=loaded,after=after,deadline=deadline)
  File "/home/riomus/runs/sfora-connected-probe-installed-control-serving-source-v2/qualify_connected_probe_serving.py", line 499, in reference_outputs
    if failures: requests.raise_failures(failures)
                 ~~~~~~~~~~~~~~~~~~~~~~~^^^^^^^^^^
  File "/home/riomus/runs/sfora-connected-probe-installed-control-serving-source-v2/qualify_connected_serving_requests.py", line 226, in raise_failures
    raise primary
  File "/home/riomus/runs/sfora-connected-probe-installed-control-serving-source-v2/qualify_connected_probe_serving.py", line 467, in reference_outputs
    state = portable.load_inference(Path(directory),bundle_sha,'cuda')
  File "/home/riomus/runs/sfora-connected-probe-train-control-179061-v1/control-179061-bundle/train_siglip2_connected_probe.py", line 1352, in load_inference
    mapping_absent(path)
    ~~~~~~~~~~~~~~^^^^^^
  File "/home/riomus/runs/sfora-connected-probe-train-control-179061-v1/control-179061-bundle/train_siglip2_connected_probe.py", line 216, in mapping_absent
    require((major,minor,int(inode)) != (os.major(stat.st_dev),os.minor(stat.st_dev),stat.st_ino),
    ~~~~~~~^^^^^^^^^^^^^^^^^^^^^^^^^^^^^^^^^^^^^^^^^^^^^^^^^^^^^^^^^^^^^^^^^^^^^^^^^^^^^^^^^^^^^^^
            'checkpoint mapping survived independent copy/release')
            ^^^^^^^^^^^^^^^^^^^^^^^^^^^^^^^^^^^^^^^^^^^^^^^^^^^^^^^
  File "/home/riomus/runs/sfora-connected-probe-train-control-179061-v1/control-179061-bundle/train_siglip2_connected_probe.py", line 122, in require
    raise ValueError(message)
ValueError: checkpoint mapping survived independent copy/release
request driver also failed: ValueError('observed native difference must be exact four')
/home/riomus/.local/share/uv/python/cpython-3.13.9-linux-aarch64-gnu/bin/python3.13: OK
/home/riomus/runs/sfora-connected-control-serving-native-authority-v5/native-authority.json: OK
/home/riomus/runs/sfora-connected-probe-evaluation-source-v1/authority-export-control-179061-v1.json: OK
/home/riomus/runs/sfora-connected-probe-installed-control-serving-source-v2/authority.json: OK
/home/riomus/runs/sfora-connected-probe-installed-control-serving-source-v2/connected_control_native_authority.py: OK
/home/riomus/runs/sfora-connected-probe-installed-control-serving-source-v2/observe_connected_serving.py: OK
/home/riomus/runs/sfora-connected-probe-installed-control-serving-source-v2/qualify_connected_probe_serving.py: OK
/home/riomus/runs/sfora-connected-probe-installed-control-serving-source-v2/qualify_connected_serving_requests.py: OK
/home/riomus/runs/sfora-connected-probe-installed-control-serving-source-v2/test_connected_probe_serving.py: OK
/home/riomus/runs/sfora-connected-probe-installed-control-serving-source-v2/test_connected_serving_requests.py: OK
/home/riomus/runs/sfora-connected-probe-installed-control-serving-source-v2/test_observe_connected_serving.py: OK
/home/riomus/runs/sfora-connected-probe-installed-serving-wheel-v1/site-packages/sfora-0.3.0rc4.dist-info/INSTALLER: OK
/home/riomus/runs/sfora-connected-probe-installed-serving-wheel-v1/site-packages/sfora-0.3.0rc4.dist-info/METADATA: OK
/home/riomus/runs/sfora-connected-probe-installed-serving-wheel-v1/site-packages/sfora-0.3.0rc4.dist-info/RECORD: OK
/home/riomus/runs/sfora-connected-probe-installed-serving-wheel-v1/site-packages/sfora-0.3.0rc4.dist-info/REQUESTED: OK
/home/riomus/runs/sfora-connected-probe-installed-serving-wheel-v1/site-packages/sfora-0.3.0rc4.dist-info/WHEEL: OK
/home/riomus/runs/sfora-connected-probe-installed-serving-wheel-v1/site-packages/sfora-0.3.0rc4.dist-info/direct_url.json: OK
/home/riomus/runs/sfora-connected-probe-installed-serving-wheel-v1/site-packages/sfora-0.3.0rc4.dist-info/entry_points.txt: OK
/home/riomus/runs/sfora-connected-probe-installed-serving-wheel-v1/site-packages/sfora-0.3.0rc4.dist-info/uv_cache.json: OK
/home/riomus/runs/sfora-connected-probe-installed-serving-wheel-v1/site-packages/sfora/__init__.py: OK
/home/riomus/runs/sfora-connected-probe-installed-serving-wheel-v1/site-packages/sfora/_connected_inference_authority.py: OK
/home/riomus/runs/sfora-connected-probe-installed-serving-wheel-v1/site-packages/sfora/_connected_probe_inference_authority.py: OK
/home/riomus/runs/sfora-connected-probe-installed-serving-wheel-v1/site-packages/sfora/_native/factorized_residual_ann.c: OK
/home/riomus/runs/sfora-connected-probe-installed-serving-wheel-v1/site-packages/sfora/ablation.py: OK
/home/riomus/runs/sfora-connected-probe-installed-serving-wheel-v1/site-packages/sfora/additive_quantization.py: OK
/home/riomus/runs/sfora-connected-probe-installed-serving-wheel-v1/site-packages/sfora/amortized_local_scale.py: OK
/home/riomus/runs/sfora-connected-probe-installed-serving-wheel-v1/site-packages/sfora/api.py: OK
/home/riomus/runs/sfora-connected-probe-installed-serving-wheel-v1/site-packages/sfora/arcg.py: OK
/home/riomus/runs/sfora-connected-probe-installed-serving-wheel-v1/site-packages/sfora/asymmetric_cohort_residual.py: OK
/home/riomus/runs/sfora-connected-probe-installed-serving-wheel-v1/site-packages/sfora/atomic_publication.py: OK
/home/riomus/runs/sfora-connected-probe-installed-serving-wheel-v1/site-packages/sfora/benchmark.py: OK
/home/riomus/runs/sfora-connected-probe-installed-serving-wheel-v1/site-packages/sfora/bn_inception.py: OK
/home/riomus/runs/sfora-connected-probe-installed-serving-wheel-v1/site-packages/sfora/cadr.py: OK
/home/riomus/runs/sfora-connected-probe-installed-serving-wheel-v1/site-packages/sfora/calibrated_tail_moment.py: OK
/home/riomus/runs/sfora-connected-probe-installed-serving-wheel-v1/site-packages/sfora/calibrated_tail_moment_io.py: OK
/home/riomus/runs/sfora-connected-probe-installed-serving-wheel-v1/site-packages/sfora/catalog.py: OK
/home/riomus/runs/sfora-connected-probe-installed-serving-wheel-v1/site-packages/sfora/cea.py: OK
/home/riomus/runs/sfora-connected-probe-installed-serving-wheel-v1/site-packages/sfora/cem.py: OK
/home/riomus/runs/sfora-connected-probe-installed-serving-wheel-v1/site-packages/sfora/cli.py: OK
/home/riomus/runs/sfora-connected-probe-installed-serving-wheel-v1/site-packages/sfora/compact_metric.py: OK
/home/riomus/runs/sfora-connected-probe-installed-serving-wheel-v1/site-packages/sfora/compose.py: OK
/home/riomus/runs/sfora-connected-probe-installed-serving-wheel-v1/site-packages/sfora/connected_compact_serving.py: OK
/home/riomus/runs/sfora-connected-probe-installed-serving-wheel-v1/site-packages/sfora/connected_inference.py: OK
/home/riomus/runs/sfora-connected-probe-installed-serving-wheel-v1/site-packages/sfora/connected_probe_inference.py: OK
/home/riomus/runs/sfora-connected-probe-installed-serving-wheel-v1/site-packages/sfora/cuda_authority.py: OK
/home/riomus/runs/sfora-connected-probe-installed-serving-wheel-v1/site-packages/sfora/cutile_int8.py: OK
/home/riomus/runs/sfora-connected-probe-installed-serving-wheel-v1/site-packages/sfora/dada_reproduction.py: OK
/home/riomus/runs/sfora-connected-probe-installed-serving-wheel-v1/site-packages/sfora/data.py: OK
/home/riomus/runs/sfora-connected-probe-installed-serving-wheel-v1/site-packages/sfora/deployed_code_rank.py: OK
/home/riomus/runs/sfora-connected-probe-installed-serving-wheel-v1/site-packages/sfora/deterministic_similarity_runtime.py: OK
/home/riomus/runs/sfora-connected-probe-installed-serving-wheel-v1/site-packages/sfora/encoder_ablation.py: OK
/home/riomus/runs/sfora-connected-probe-installed-serving-wheel-v1/site-packages/sfora/encoder_training.py: OK
/home/riomus/runs/sfora-connected-probe-installed-serving-wheel-v1/site-packages/sfora/evaluation.py: OK
/home/riomus/runs/sfora-connected-probe-installed-serving-wheel-v1/site-packages/sfora/experiments.py: OK
/home/riomus/runs/sfora-connected-probe-installed-serving-wheel-v1/site-packages/sfora/factorized_residual_ann.py: OK
/home/riomus/runs/sfora-connected-probe-installed-serving-wheel-v1/site-packages/sfora/factorized_residual_index.py: OK
/home/riomus/runs/sfora-connected-probe-installed-serving-wheel-v1/site-packages/sfora/factorized_residual_native.py: OK
/home/riomus/runs/sfora-connected-probe-installed-serving-wheel-v1/site-packages/sfora/foldable_linear.py: OK
/home/riomus/runs/sfora-connected-probe-installed-serving-wheel-v1/site-packages/sfora/foundation_adapter.py: OK
/home/riomus/runs/sfora-connected-probe-installed-serving-wheel-v1/site-packages/sfora/foundation_finetune.py: OK
/home/riomus/runs/sfora-connected-probe-installed-serving-wheel-v1/site-packages/sfora/foundation_oml.py: OK
/home/riomus/runs/sfora-connected-probe-installed-serving-wheel-v1/site-packages/sfora/foundation_pareto.py: OK
/home/riomus/runs/sfora-connected-probe-installed-serving-wheel-v1/site-packages/sfora/frozen_text_supervision.py: OK
/home/riomus/runs/sfora-connected-probe-installed-serving-wheel-v1/site-packages/sfora/gallery_hubness.py: OK
/home/riomus/runs/sfora-connected-probe-installed-serving-wheel-v1/site-packages/sfora/gallery_risk.py: OK
/home/riomus/runs/sfora-connected-probe-installed-serving-wheel-v1/site-packages/sfora/idgp.py: OK
/home/riomus/runs/sfora-connected-probe-installed-serving-wheel-v1/site-packages/sfora/image_benchmark.py: OK
/home/riomus/runs/sfora-connected-probe-installed-serving-wheel-v1/site-packages/sfora/image_end_to_end.py: OK
/home/riomus/runs/sfora-connected-probe-installed-serving-wheel-v1/site-packages/sfora/image_recipes.py: OK
/home/riomus/runs/sfora-connected-probe-installed-serving-wheel-v1/site-packages/sfora/inference_head.py: OK
/home/riomus/runs/sfora-connected-probe-installed-serving-wheel-v1/site-packages/sfora/ipsr.py: OK
/home/riomus/runs/sfora-connected-probe-installed-serving-wheel-v1/site-packages/sfora/joint_pq_projection.py: OK
/home/riomus/runs/sfora-connected-probe-installed-serving-wheel-v1/site-packages/sfora/joint_relational_compaction.py: OK
/home/riomus/runs/sfora-connected-probe-installed-serving-wheel-v1/site-packages/sfora/live_head_bank.py: OK
/home/riomus/runs/sfora-connected-probe-installed-serving-wheel-v1/site-packages/sfora/lops_pg.py: OK
/home/riomus/runs/sfora-connected-probe-installed-serving-wheel-v1/site-packages/sfora/lorentz_rider.py: OK
/home/riomus/runs/sfora-connected-probe-installed-serving-wheel-v1/site-packages/sfora/lorentz_rider_io.py: OK
/home/riomus/runs/sfora-connected-probe-installed-serving-wheel-v1/site-packages/sfora/losses.py: OK
/home/riomus/runs/sfora-connected-probe-installed-serving-wheel-v1/site-packages/sfora/mcps_study.py: OK
/home/riomus/runs/sfora-connected-probe-installed-serving-wheel-v1/site-packages/sfora/method.py: OK
/home/riomus/runs/sfora-connected-probe-installed-serving-wheel-v1/site-packages/sfora/model_artifacts/oml_vits16_sop_power_whitening_128.sfora: OK
/home/riomus/runs/sfora-connected-probe-installed-serving-wheel-v1/site-packages/sfora/model_profiles.py: OK
/home/riomus/runs/sfora-connected-probe-installed-serving-wheel-v1/site-packages/sfora/model_soup.py: OK
/home/riomus/runs/sfora-connected-probe-installed-serving-wheel-v1/site-packages/sfora/nested_neighborhood_rank.py: OK
/home/riomus/runs/sfora-connected-probe-installed-serving-wheel-v1/site-packages/sfora/nested_rank_evaluation.py: OK
/home/riomus/runs/sfora-connected-probe-installed-serving-wheel-v1/site-packages/sfora/nested_rank_protocol.py: OK
/home/riomus/runs/sfora-connected-probe-installed-serving-wheel-v1/site-packages/sfora/oapf.py: OK
/home/riomus/runs/sfora-connected-probe-installed-serving-wheel-v1/site-packages/sfora/packed_int4.py: OK
/home/riomus/runs/sfora-connected-probe-installed-serving-wheel-v1/site-packages/sfora/packed_int8.py: OK
/home/riomus/runs/sfora-connected-probe-installed-serving-wheel-v1/site-packages/sfora/packed_int8_search.py: OK
/home/riomus/runs/sfora-connected-probe-installed-serving-wheel-v1/site-packages/sfora/pq_candidate_reranking.py: OK
/home/riomus/runs/sfora-connected-probe-installed-serving-wheel-v1/site-packages/sfora/pq_candidate_scoring.py: OK
/home/riomus/runs/sfora-connected-probe-installed-serving-wheel-v1/site-packages/sfora/pq_lookup_distillation.py: OK
/home/riomus/runs/sfora-connected-probe-installed-serving-wheel-v1/site-packages/sfora/product_pair_schedule.py: OK
/home/riomus/runs/sfora-connected-probe-installed-serving-wheel-v1/site-packages/sfora/product_quantization.py: OK
/home/riomus/runs/sfora-connected-probe-installed-serving-wheel-v1/site-packages/sfora/progressive_residual_quantization.py: OK
/home/riomus/runs/sfora-connected-probe-installed-serving-wheel-v1/site-packages/sfora/progressive_residual_scoring.py: OK
/home/riomus/runs/sfora-connected-probe-installed-serving-wheel-v1/site-packages/sfora/publication.py: OK
/home/riomus/runs/sfora-connected-probe-installed-serving-wheel-v1/site-packages/sfora/py.typed: OK
/home/riomus/runs/sfora-connected-probe-installed-serving-wheel-v1/site-packages/sfora/rate_matched_product_quantization.py: OK
/home/riomus/runs/sfora-connected-probe-installed-serving-wheel-v1/site-packages/sfora/reciprocal_reranking.py: OK
/home/riomus/runs/sfora-connected-probe-installed-serving-wheel-v1/site-packages/sfora/remote.py: OK
/home/riomus/runs/sfora-connected-probe-installed-serving-wheel-v1/site-packages/sfora/report.py: OK
/home/riomus/runs/sfora-connected-probe-installed-serving-wheel-v1/site-packages/sfora/representation_ceiling.py: OK
/home/riomus/runs/sfora-connected-probe-installed-serving-wheel-v1/site-packages/sfora/residual_quantization.py: OK
/home/riomus/runs/sfora-connected-probe-installed-serving-wheel-v1/site-packages/sfora/siglip2_compact_serving.py: OK
/home/riomus/runs/sfora-connected-probe-installed-serving-wheel-v1/site-packages/sfora/sop_compact_training.py: OK
/home/riomus/runs/sfora-connected-probe-installed-serving-wheel-v1/site-packages/sfora/sop_evaluation.py: OK
/home/riomus/runs/sfora-connected-probe-installed-serving-wheel-v1/site-packages/sfora/sop_reference_recipe.py: OK
/home/riomus/runs/sfora-connected-probe-installed-serving-wheel-v1/site-packages/sfora/sop_reference_selection.py: OK
/home/riomus/runs/sfora-connected-probe-installed-serving-wheel-v1/site-packages/sfora/teacher_anchored_distillation.py: OK
/home/riomus/runs/sfora-connected-probe-installed-serving-wheel-v1/site-packages/sfora/teacher_anchored_schedule_io.py: OK
/home/riomus/runs/sfora-connected-probe-installed-serving-wheel-v1/site-packages/sfora/text_baselines.py: OK
/home/riomus/runs/sfora-connected-probe-installed-serving-wheel-v1/site-packages/sfora/token_slot_readout.py: OK
/home/riomus/runs/sfora-connected-probe-installed-serving-wheel-v1/site-packages/sfora/training.py: OK
/home/riomus/runs/sfora-connected-probe-installed-serving-wheel-v1/site-packages/sfora/unicom_audit_io.py: OK
/home/riomus/runs/sfora-connected-probe-installed-serving-wheel-v1/site-packages/sfora/unicom_cap.py: OK
/home/riomus/runs/sfora-connected-probe-installed-serving-wheel-v1/site-packages/sfora/unicom_fepf.py: OK
/home/riomus/runs/sfora-connected-probe-installed-serving-wheel-v1/site-packages/sfora/unicom_finish_evidence.py: OK
/home/riomus/runs/sfora-connected-probe-installed-serving-wheel-v1/site-packages/sfora/unicom_finish_protocol.py: OK
/home/riomus/runs/sfora-connected-probe-installed-serving-wheel-v1/site-packages/sfora/unicom_inshop.py: OK
/home/riomus/runs/sfora-connected-probe-installed-serving-wheel-v1/site-packages/sfora/unicom_probe.py: OK
/home/riomus/runs/sfora-connected-probe-installed-serving-wheel-v1/site-packages/sfora/unicom_proxy_muon.py: OK
/home/riomus/runs/sfora-connected-probe-installed-serving-wheel-v1/site-packages/sfora/unicom_rank_finish.py: OK
/home/riomus/runs/sfora-connected-probe-installed-serving-wheel-v1/site-packages/sfora/unicom_resolution_adapter.py: OK
/home/riomus/runs/sfora-connected-probe-installed-serving-wheel-v1/site-packages/sfora/unicom_retrieval_audit.py: OK
/home/riomus/runs/sfora-connected-probe-installed-serving-wheel-v1/site-packages/sfora/unicom_runtime_authority.py: OK
/home/riomus/runs/sfora-connected-probe-installed-serving-wheel-v1/site-packages/sfora/unicom_shard_audit.py: OK
/home/riomus/runs/sfora-connected-probe-installed-serving-wheel-v1/site-packages/sfora/unicom_tail_adapter.py: OK
/home/riomus/runs/sfora-connected-probe-installed-serving-wheel-v1/site-packages/sfora/unicom_training.py: OK
/home/riomus/runs/sfora-connected-probe-installed-serving-wheel-v1/site-packages/sfora/vector_store.py: OK
/home/riomus/runs/sfora-native256-initialized-cpu-final-footer-v1.py: OK
/home/riomus/runs/sfora-native256-stop-cgroup-footer-v1.py: OK
/home/riomus/toolchains/cuda-13.4-wheel-env/lib/python3.12/site-packages/nvidia/cu13/bin/tileiras: OK
FINAL_CGROUP {"command_exit_status": 1, "invocation_id": "715802b9fa584d12bbdb79118dc11738", "path": "/sys/fs/cgroup/user.slice/user-1000.slice/user@1000.service/app.slice/sfora-connected-probe-installed-control-serving-diagnostic-v2.service", "values": {"memory.current": "741441536", "memory.events": "low 0\nhigh 0\nmax 0\noom 0\noom_kill 0\noom_group_kill 0", "memory.max": "8589934592", "memory.peak": "3466694656", "memory.stat": "anon 5955584\nfile 731095040\nkernel 2572288\nkernel_stack 32768\npagetables 274432\nsec_pagetables 0\npercpu 1408\nsock 0\nvmalloc 0\nshmem 0\nzswap 0\nzswapped 0\nfile_mapped 0\nfile_dirty 24576\nfile_writeback 0\nswapcached 0\nanon_thp 0\nfile_thp 0\nshmem_thp 0\ninactive_anon 0\nactive_anon 5881856\ninactive_file 91127808\nactive_file 639963136\nunevictable 0\nslab_reclaimable 2230984\nslab_unreclaimable 78888\nslab 2309872\nworkingset_refault_anon 0\nworkingset_refault_file 0\nworkingset_activate_anon 0\nworkingset_activate_file 0\nworkingset_restore_anon 0\nworkingset_restore_file 0\nworkingset_nodereclaim 0\npgdemote_kswapd 0\npgdemote_direct 0\npgdemote_khugepaged 0\npgdemote_proactive 0\npgpromote_success 0\npgscan 0\npgsteal 0\npswpin 0\npswpout 0\npgscan_kswapd 0\npgscan_direct 0\npgscan_khugepaged 0\npgscan_proactive 0\npgsteal_kswapd 0\npgsteal_direct 0\npgsteal_khugepaged 0\npgsteal_proactive 0\npgfault 474333\npgmajfault 5284\npgrefill 0\npgactivate 0\npgdeactivate 0\npglazyfree 0\npglazyfreed 0\nswpin_zero 0\nswpout_zero 0\nzswpin 0\nzswpout 0\nzswpwb 0\nthp_fault_alloc 145\nthp_collapse_alloc 0\nthp_swpout 0\nthp_swpout_fallback 0\nnuma_pages_migrated 0\nnuma_pte_updates 0\nnuma_hint_faults 0", "memory.swap.current": "0", "memory.swap.max": "0", "memory.swap.peak": "0"}}
Command exited with non-zero status 1
	Command being timed: "/bin/bash /home/riomus/runs/sfora-connected-probe-installed-control-serving-source-v2/command.sh"
	User time (seconds): 217.92
	System time (seconds): 62.00
	Percent of CPU this job got: 82%
	Elapsed (wall clock) time (h:mm:ss or m:ss): 5:37.38
	Average shared text size (kbytes): 0
	Average unshared data size (kbytes): 0
	Average stack size (kbytes): 0
	Average total size (kbytes): 0
	Maximum resident set size (kbytes): 1489724
	Average resident set size (kbytes): 0
	Major (requiring I/O) page faults: 5287
	Minor (reclaiming a frame) page faults: 469017
	Voluntary context switches: 5495876
	Involuntary context switches: 1846
	Swaps: 0
	File system inputs: 558650368
	File system outputs: 1464
	Socket messages sent: 0
	Socket messages received: 0
	Signals delivered: 0
	Page size (bytes): 4096
	Exit status: 1
STOP_CGROUP {"exit_code": "exited", "exit_status": "1", "invocation_id": "715802b9fa584d12bbdb79118dc11738", "path": "/sys/fs/cgroup/user.slice/user-1000.slice/user@1000.service/app.slice/sfora-connected-probe-installed-control-serving-diagnostic-v2.service", "service_result": "exit-code", "values": {"memory.current": "740528128", "memory.events": "low 0\nhigh 0\nmax 0\noom 0\noom_kill 0\noom_group_kill 0", "memory.max": "8589934592", "memory.peak": "3466694656", "memory.stat": "anon 5439488\nfile 731099136\nkernel 2297856\nkernel_stack 0\npagetables 94208\nsec_pagetables 0\npercpu 1056\nsock 0\nvmalloc 0\nshmem 0\nzswap 0\nzswapped 0\nfile_mapped 0\nfile_dirty 28672\nfile_writeback 0\nswapcached 0\nanon_thp 0\nfile_thp 0\nshmem_thp 0\ninactive_anon 0\nactive_anon 5386240\ninactive_file 91131904\nactive_file 639963136\nunevictable 0\nslab_reclaimable 2229688\nslab_unreclaimable 24128\nslab 2253816\nworkingset_refault_anon 0\nworkingset_refault_file 0\nworkingset_activate_anon 0\nworkingset_activate_file 0\nworkingset_restore_anon 0\nworkingset_restore_file 0\nworkingset_nodereclaim 0\npgdemote_kswapd 0\npgdemote_direct 0\npgdemote_khugepaged 0\npgdemote_proactive 0\npgpromote_success 0\npgscan 0\npgsteal 0\npswpin 0\npswpout 0\npgscan_kswapd 0\npgscan_direct 0\npgscan_khugepaged 0\npgscan_proactive 0\npgsteal_kswapd 0\npgsteal_direct 0\npgsteal_khugepaged 0\npgsteal_proactive 0\npgfault 475832\npgmajfault 5284\npgrefill 0\npgactivate 0\npgdeactivate 0\npglazyfree 0\npglazyfreed 0\nswpin_zero 0\nswpout_zero 0\nzswpin 0\nzswpout 0\nzswpwb 0\nthp_fault_alloc 145\nthp_collapse_alloc 0\nthp_swpout 0\nthp_swpout_fallback 0\nnuma_pages_migrated 0\nnuma_pte_updates 0\nnuma_hint_faults 0", "memory.swap.current": "0", "memory.swap.max": "0", "memory.swap.peak": "0"}}
Finished with result: exit-code
Main processes terminated with: code=exited/status=1
Service runtime: 5min 37.435s
CPU time consumed: 4min 39.955s
Memory peak: 3.2G
Memory swap peak: 0B
