/home/riomus/runs/sfora-connected-full-authority-observation-source-v1/command.sh: OK
Running as unit: sfora-connected-full-authority-observation-v1.service; invocation ID: d757d53cd99a44498a7a47856f3144ec
/home/riomus/runs/sfora-connected-full-authority-observation-source-v1/observe_connected_full_authority.py: OK
/home/riomus/runs/sfora-connected-full-authority-observation-source-v1/test_connected_full_authority_observation.py: OK
/home/riomus/.local/share/uv/python/cpython-3.13.9-linux-aarch64-gnu/bin/python3.13: OK
/home/riomus/runs/sfora-connected-mlp-evaluation-source-v5/evaluate_siglip2_connected_mlp.py: OK
/home/riomus/runs/sfora-connected-mlp-evaluation-source-v5/execution.json: OK
/home/riomus/runs/sfora-connected-mlp-evaluation-source-v5/authority-full-cpu-v1.json: OK
/home/riomus/runs/sfora-connected-mlp-evaluation-source-v5/full-cpu-v1-command.sh: OK
/home/riomus/runs/sfora-connected-mlp-evaluation-source-v5/test_connected_mlp_evaluation.py: OK
/home/riomus/runs/sfora-connected-full-authority-observation-source-v1/manifest.json: OK
/home/riomus/runs/sfora-native256-initialized-cpu-final-footer-v1.py: OK
/home/riomus/runs/sfora-native256-stop-cgroup-footer-v1.py: OK
Traceback (most recent call last):
  File "/home/riomus/runs/sfora-connected-full-authority-observation-source-v1/observe_connected_full_authority.py", line 315, in <module>
    main()
    ~~~~^^
  File "/home/riomus/runs/sfora-connected-full-authority-observation-source-v1/observe_connected_full_authority.py", line 311, in main
    observe(raw, manifest['argv'], Sampler(EVALUATOR['path'], stream))
    ~~~~~~~^^^^^^^^^^^^^^^^^^^^^^^^^^^^^^^^^^^^^^^^^^^^^^^^^^^^^^^^^^^
  File "/home/riomus/runs/sfora-connected-full-authority-observation-source-v1/observe_connected_full_authority.py", line 261, in observe
    context, original_guard = module.authority(args)
                              ~~~~~~~~~~~~~~~~^^^^^^
  File "/home/riomus/runs/sfora-connected-mlp-evaluation-source-v5/evaluate_siglip2_connected_mlp.py", line 611, in authority
    t = trainer.authority(targs)  # Original CPU, actual gradient, CPU600 and mechanics061 normal exits.
  File "/home/riomus/runs/sfora-connected-mlp-train-source-v6/train_siglip2_connected_mlp.py", line 243, in authority
    context = trainer.authority(historical)
  File "/home/riomus/runs/sfora-so400-identity-diversity-train-source-v5/train_siglip2_identity_diversity.py", line 298, in authority
    original = startup.authority(SimpleNamespace(execution_sha256=FITTER['execution_sha256'],
        authority=Path(ACCEPTED['launch']['path']), authority_sha256=ACCEPTED['launch']['sha256'],
        phase='fit', arm='concat', output=args.output))
  File "/home/riomus/runs/sfora-so400-signed-concat-fit-source-v2/fit_siglip2_prototype_residual.py", line 259, in authority
    legacy = old.authority(oldargs)
  File "/home/riomus/runs/sfora-so400-quadratic-readout-source-v7/train_siglip2_quadratic_readout.py", line 275, in authority
    selected = genuine.authority(SimpleNamespace(execution_sha256=GENUINE_REFERENCE['execution_sha256'],
        authority=Path(WARM_LAUNCH['path']), authority_sha256=WARM_LAUNCH['sha256'],
        phase='train', arm='control', seed=179061, output=output))
  File "/home/riomus/runs/sfora-so400-genuine-view-train-source-v1/train_siglip2_genuine_views.py", line 375, in authority
    packages = prior['source_driver'].package_origins(prior)
  File "/home/riomus/runs/sfora-native256-source-cpu-v4/qualify_siglip2_substrate_cpu.py", line 257, in package_origins
    spec = importlib.util.find_spec(package)
  File "<frozen importlib.util>", line 100, in find_spec
  File "<frozen importlib._bootstrap>", line 1262, in _find_spec
  File "/home/riomus/runs/sfora-connected-full-authority-observation-source-v1/observe_connected_full_authority.py", line 233, in find_spec
    raise ImportError('native import forbidden in authority observation: ' + fullname)
ImportError: native import forbidden in authority observation: torch
FINAL_CGROUP {"command_exit_status": 1, "invocation_id": "d757d53cd99a44498a7a47856f3144ec", "path": "/sys/fs/cgroup/user.slice/user-1000.slice/user@1000.service/app.slice/sfora-connected-full-authority-observation-v1.service", "values": {"memory.current": "105168896", "memory.events": "low 0\nhigh 0\nmax 0\noom 0\noom_kill 0\noom_group_kill 0", "memory.max": "8589934592", "memory.peak": "160481280", "memory.stat": "anon 5992448\nfile 71364608\nkernel 27357184\nkernel_stack 65536\npagetables 598016\nsec_pagetables 0\npercpu 2112\nsock 0\nvmalloc 0\nshmem 0\nzswap 0\nzswapped 0\nfile_mapped 0\nfile_dirty 61440\nfile_writeback 0\nswapcached 0\nanon_thp 0\nfile_thp 0\nshmem_thp 0\ninactive_anon 0\nactive_anon 5808128\ninactive_file 70537216\nactive_file 823296\nunevictable 0\nslab_reclaimable 26552856\nslab_unreclaimable 119048\nslab 26671904\nworkingset_refault_anon 0\nworkingset_refault_file 0\nworkingset_activate_anon 0\nworkingset_activate_file 0\nworkingset_restore_anon 0\nworkingset_restore_file 0\nworkingset_nodereclaim 0\npgdemote_kswapd 0\npgdemote_direct 0\npgdemote_khugepaged 0\npgdemote_proactive 0\npgpromote_success 0\npgscan 0\npgsteal 0\npswpin 0\npswpout 0\npgscan_kswapd 0\npgscan_direct 0\npgscan_khugepaged 0\npgscan_proactive 0\npgsteal_kswapd 0\npgsteal_direct 0\npgsteal_khugepaged 0\npgsteal_proactive 0\npgfault 24091\npgmajfault 20\npgrefill 0\npgactivate 0\npgdeactivate 0\npglazyfree 0\npglazyfreed 0\nswpin_zero 0\nswpout_zero 0\nzswpin 0\nzswpout 0\nzswpwb 0\nthp_fault_alloc 0\nthp_collapse_alloc 0\nthp_swpout 0\nthp_swpout_fallback 0\nnuma_pages_migrated 0\nnuma_pte_updates 0\nnuma_hint_faults 0", "memory.swap.current": "0", "memory.swap.max": "0", "memory.swap.peak": "0"}}
Command exited with non-zero status 1
	Command being timed: "/bin/bash -c set -e; sudo -n /bin/sync; sudo -n /bin/sh -c "echo 3 > /proc/sys/vm/drop_caches"; exec /bin/bash /home/riomus/runs/sfora-connected-full-authority-observation-source-v1/command.sh"
	User time (seconds): 7.36
	System time (seconds): 1.27
	Percent of CPU this job got: 41%
	Elapsed (wall clock) time (h:mm:ss or m:ss): 0:21.03
	Average shared text size (kbytes): 0
	Average unshared data size (kbytes): 0
	Average stack size (kbytes): 0
	Average total size (kbytes): 0
	Maximum resident set size (kbytes): 70980
	Average resident set size (kbytes): 0
	Major (requiring I/O) page faults: 19
	Minor (reclaiming a frame) page faults: 23905
	Voluntary context switches: 60420
	Involuntary context switches: 89
	Swaps: 0
	File system inputs: 22114080
	File system outputs: 88
	Socket messages sent: 0
	Socket messages received: 0
	Signals delivered: 0
	Page size (bytes): 4096
	Exit status: 1
STOP_CGROUP {"exit_code": "exited", "exit_status": "1", "invocation_id": "d757d53cd99a44498a7a47856f3144ec", "path": "/sys/fs/cgroup/user.slice/user-1000.slice/user@1000.service/app.slice/sfora-connected-full-authority-observation-v1.service", "service_result": "exit-code", "values": {"memory.current": "104280064", "memory.events": "low 0\nhigh 0\nmax 0\noom 0\noom_kill 0\noom_group_kill 0", "memory.max": "8589934592", "memory.peak": "160481280", "memory.stat": "anon 5431296\nfile 71368704\nkernel 26738688\nkernel_stack 0\npagetables 94208\nsec_pagetables 0\npercpu 1056\nsock 0\nvmalloc 0\nshmem 0\nzswap 0\nzswapped 0\nfile_mapped 0\nfile_dirty 65536\nfile_writeback 0\nswapcached 0\nanon_thp 0\nfile_thp 0\nshmem_thp 0\ninactive_anon 0\nactive_anon 5382144\ninactive_file 70541312\nactive_file 823296\nunevictable 0\nslab_reclaimable 26559824\nslab_unreclaimable 65192\nslab 26625016\nworkingset_refault_anon 0\nworkingset_refault_file 0\nworkingset_activate_anon 0\nworkingset_activate_file 0\nworkingset_restore_anon 0\nworkingset_restore_file 0\nworkingset_nodereclaim 0\npgdemote_kswapd 0\npgdemote_direct 0\npgdemote_khugepaged 0\npgdemote_proactive 0\npgpromote_success 0\npgscan 0\npgsteal 0\npswpin 0\npswpout 0\npgscan_kswapd 0\npgscan_direct 0\npgscan_khugepaged 0\npgscan_proactive 0\npgsteal_kswapd 0\npgsteal_direct 0\npgsteal_khugepaged 0\npgsteal_proactive 0\npgfault 25612\npgmajfault 20\npgrefill 0\npgactivate 0\npgdeactivate 0\npglazyfree 0\npglazyfreed 0\nswpin_zero 0\nswpout_zero 0\nzswpin 0\nzswpout 0\nzswpwb 0\nthp_fault_alloc 0\nthp_collapse_alloc 0\nthp_swpout 0\nthp_swpout_fallback 0\nnuma_pages_migrated 0\nnuma_pte_updates 0\nnuma_hint_faults 0", "memory.swap.current": "0", "memory.swap.max": "0", "memory.swap.peak": "0"}}
Finished with result: exit-code
Main processes terminated with: code=exited/status=1
Service runtime: 21.070s
CPU time consumed: 8.662s
Memory peak: 153.0M
Memory swap peak: 0B
