/home/riomus/runs/sfora-so400-identity-diversity-view-source-v2/export-candidate-v1-command.sh: OK
Running as unit: sfora-so400-identity-diversity-view-export-candidate-v1.service; invocation ID: 572f43d96a204915a02a9dc00fbbc129
/home/riomus/.local/share/uv/python/cpython-3.13.9-linux-aarch64-gnu/bin/python3.13: OK
/home/riomus/runs/sfora-identity-diversity-metadata-v1/freeze_identity_diversity_scope.py: OK
/home/riomus/runs/sfora-identity-diversity-metadata-v1/mapping.json: OK
/home/riomus/runs/sfora-identity-diversity-metadata-v1/official-partition.txt: OK
/home/riomus/runs/sfora-identity-diversity-metadata-v1/plan.json: OK
/home/riomus/runs/sfora-identity-diversity-metadata-v1/preflight.json: OK
/home/riomus/runs/sfora-identity-diversity-metadata-v1/roles.json: OK
/home/riomus/runs/sfora-identity-diversity-metadata-v1/schedule-consumer.py: OK
/home/riomus/runs/sfora-identity-diversity-metadata-v1/schedule-source.py: OK
/home/riomus/runs/sfora-identity-diversity-metadata-v1/scope.json: OK
/home/riomus/runs/sfora-native256-initialized-cpu-final-footer-v1.py: OK
/home/riomus/runs/sfora-native256-stop-cgroup-footer-v1.py: OK
/home/riomus/runs/sfora-so400-genuine-view-export-source-v1/train_sop_siglip2_compact.py: OK
/home/riomus/runs/sfora-so400-identity-diversity-view-source-v2/authority.json: OK
/home/riomus/runs/sfora-so400-identity-diversity-view-source-v2/execution.json: OK
/home/riomus/runs/sfora-so400-identity-diversity-view-source-v2/export_siglip2_identity_diversity_views.py: OK
/home/riomus/runs/sfora-so400-identity-diversity-view-source-v2/test_siglip2_identity_diversity_views.py: OK
/home/riomus/runs/sfora-so400-identity-diversity-view-source-v2/startup-candidate-v2-terminal.json: OK
/home/riomus/runs/sfora-so400-identity-diversity-view-startup-candidate-v2/proof.json: OK
/home/riomus/runs/sfora-so400-identity-diversity-view-source-v2/startup-candidate-v2.log: OK
{"arm": "candidate", "output": "/home/riomus/runs/sfora-so400-identity-diversity-view-export-candidate-v1", "phase": "export", "schema": "siglip2-identity-diversity-views-v1"}
/home/riomus/.local/share/uv/python/cpython-3.13.9-linux-aarch64-gnu/bin/python3.13: OK
/home/riomus/runs/sfora-identity-diversity-metadata-v1/freeze_identity_diversity_scope.py: OK
/home/riomus/runs/sfora-identity-diversity-metadata-v1/mapping.json: OK
/home/riomus/runs/sfora-identity-diversity-metadata-v1/official-partition.txt: OK
/home/riomus/runs/sfora-identity-diversity-metadata-v1/plan.json: OK
/home/riomus/runs/sfora-identity-diversity-metadata-v1/preflight.json: OK
/home/riomus/runs/sfora-identity-diversity-metadata-v1/roles.json: OK
/home/riomus/runs/sfora-identity-diversity-metadata-v1/schedule-consumer.py: OK
/home/riomus/runs/sfora-identity-diversity-metadata-v1/schedule-source.py: OK
/home/riomus/runs/sfora-identity-diversity-metadata-v1/scope.json: OK
/home/riomus/runs/sfora-native256-initialized-cpu-final-footer-v1.py: OK
/home/riomus/runs/sfora-native256-stop-cgroup-footer-v1.py: OK
/home/riomus/runs/sfora-so400-genuine-view-export-source-v1/train_sop_siglip2_compact.py: OK
/home/riomus/runs/sfora-so400-identity-diversity-view-source-v2/authority.json: OK
/home/riomus/runs/sfora-so400-identity-diversity-view-source-v2/execution.json: OK
/home/riomus/runs/sfora-so400-identity-diversity-view-source-v2/export_siglip2_identity_diversity_views.py: OK
/home/riomus/runs/sfora-so400-identity-diversity-view-source-v2/test_siglip2_identity_diversity_views.py: OK
/home/riomus/runs/sfora-so400-identity-diversity-view-source-v2/startup-candidate-v2-terminal.json: OK
/home/riomus/runs/sfora-so400-identity-diversity-view-startup-candidate-v2/proof.json: OK
/home/riomus/runs/sfora-so400-identity-diversity-view-source-v2/startup-candidate-v2.log: OK
FINAL_CGROUP {"command_exit_status": 0, "invocation_id": "572f43d96a204915a02a9dc00fbbc129", "path": "/sys/fs/cgroup/user.slice/user-1000.slice/user@1000.service/app.slice/sfora-so400-identity-diversity-view-export-candidate-v1.service", "values": {"memory.current": "1205403648", "memory.events": "low 0\nhigh 0\nmax 0\noom 0\noom_kill 0\noom_group_kill 0", "memory.max": "8589934592", "memory.peak": "8343240704", "memory.stat": "anon 6012928\nfile 1131401216\nkernel 66863104\nkernel_stack 65536\npagetables 344064\nsec_pagetables 0\npercpu 2112\nsock 0\nvmalloc 0\nshmem 0\nzswap 0\nzswapped 0\nfile_mapped 0\nfile_dirty 16384\nfile_writeback 0\nswapcached 0\nanon_thp 0\nfile_thp 69206016\nshmem_thp 0\ninactive_anon 0\nactive_anon 5828608\ninactive_file 554283008\nactive_file 577118208\nunevictable 0\nslab_reclaimable 66308656\nslab_unreclaimable 120104\nslab 66428760\nworkingset_refault_anon 0\nworkingset_refault_file 0\nworkingset_activate_anon 0\nworkingset_activate_file 0\nworkingset_restore_anon 0\nworkingset_restore_file 0\nworkingset_nodereclaim 0\npgdemote_kswapd 0\npgdemote_direct 0\npgdemote_khugepaged 0\npgdemote_proactive 0\npgpromote_success 0\npgscan 0\npgsteal 0\npswpin 0\npswpout 0\npgscan_kswapd 0\npgscan_direct 0\npgscan_khugepaged 0\npgscan_proactive 0\npgsteal_kswapd 0\npgsteal_direct 0\npgsteal_khugepaged 0\npgsteal_proactive 0\npgfault 685667\npgmajfault 12063\npgrefill 0\npgactivate 0\npgdeactivate 0\npglazyfree 0\npglazyfreed 0\nswpin_zero 0\nswpout_zero 0\nzswpin 0\nzswpout 0\nzswpwb 0\nthp_fault_alloc 1203\nthp_collapse_alloc 0\nthp_swpout 0\nthp_swpout_fallback 0\nnuma_pages_migrated 0\nnuma_pte_updates 0\nnuma_hint_faults 0", "memory.swap.current": "0", "memory.swap.max": "0", "memory.swap.peak": "0"}}
	Command being timed: "/bin/bash -c set -e; sudo -n /bin/sync; sudo -n /bin/sh -c "echo 3 > /proc/sys/vm/drop_caches"; exec /bin/bash /home/riomus/runs/sfora-so400-identity-diversity-view-source-v2/export-candidate-v1-command.sh"
	User time (seconds): 297.95
	System time (seconds): 12.12
	Percent of CPU this job got: 106%
	Elapsed (wall clock) time (h:mm:ss or m:ss): 4:51.44
	Average shared text size (kbytes): 0
	Average unshared data size (kbytes): 0
	Average stack size (kbytes): 0
	Average total size (kbytes): 0
	Maximum resident set size (kbytes): 5764108
	Average resident set size (kbytes): 0
	Major (requiring I/O) page faults: 12063
	Minor (reclaiming a frame) page faults: 566430
	Voluntary context switches: 640355
	Involuntary context switches: 2488
	Swaps: 0
	File system inputs: 58154064
	File system outputs: 162864
	Socket messages sent: 0
	Socket messages received: 0
	Signals delivered: 0
	Page size (bytes): 4096
	Exit status: 0
STOP_CGROUP {"exit_code": "exited", "exit_status": "0", "invocation_id": "572f43d96a204915a02a9dc00fbbc129", "path": "/sys/fs/cgroup/user.slice/user-1000.slice/user@1000.service/app.slice/sfora-so400-identity-diversity-view-export-candidate-v1.service", "service_result": "success", "values": {"memory.current": "1204809728", "memory.events": "low 0\nhigh 0\nmax 0\noom 0\noom_kill 0\noom_group_kill 0", "memory.max": "8589934592", "memory.peak": "8343240704", "memory.stat": "anon 5419008\nfile 1131405312\nkernel 66461696\nkernel_stack 0\npagetables 102400\nsec_pagetables 0\npercpu 1408\nsock 0\nvmalloc 0\nshmem 0\nzswap 0\nzswapped 0\nfile_mapped 0\nfile_dirty 20480\nfile_writeback 0\nswapcached 0\nanon_thp 0\nfile_thp 69206016\nshmem_thp 0\ninactive_anon 0\nactive_anon 5386240\ninactive_file 554283008\nactive_file 577118208\nunevictable 0\nslab_reclaimable 66302824\nslab_unreclaimable 38728\nslab 66341552\nworkingset_refault_anon 0\nworkingset_refault_file 0\nworkingset_activate_anon 0\nworkingset_activate_file 0\nworkingset_restore_anon 0\nworkingset_restore_file 0\nworkingset_nodereclaim 0\npgdemote_kswapd 0\npgdemote_direct 0\npgdemote_khugepaged 0\npgdemote_proactive 0\npgpromote_success 0\npgscan 0\npgsteal 0\npswpin 0\npswpout 0\npgscan_kswapd 0\npgscan_direct 0\npgscan_khugepaged 0\npgscan_proactive 0\npgsteal_kswapd 0\npgsteal_direct 0\npgsteal_khugepaged 0\npgsteal_proactive 0\npgfault 687184\npgmajfault 12063\npgrefill 0\npgactivate 0\npgdeactivate 0\npglazyfree 0\npglazyfreed 0\nswpin_zero 0\nswpout_zero 0\nzswpin 0\nzswpout 0\nzswpwb 0\nthp_fault_alloc 1203\nthp_collapse_alloc 0\nthp_swpout 0\nthp_swpout_fallback 0\nnuma_pages_migrated 0\nnuma_pte_updates 0\nnuma_hint_faults 0", "memory.swap.current": "0", "memory.swap.max": "0", "memory.swap.peak": "0"}}
Finished with result: success
Main processes terminated with: code=exited/status=0
Service runtime: 4min 51.484s
CPU time consumed: 5min 10.112s
Memory peak: 7.7G
Memory swap peak: 0B
