Python 3.12.13
..................
----------------------------------------------------------------------
Ran 18 tests in 3.900s

OK
Python 3.14.4
..................
----------------------------------------------------------------------
Ran 18 tests in 1.560s

OK
ruff 0.15.20
All checks passed!
2 files already formatted
mypy 2.1.0 (compiled: yes)
pyproject.toml: note: unused section(s): module = ['datasets', 'h5py', 'sentence_transformers', 'sklearn.*', 'torch', 'torchvision', 'torchvision.*']
Success: no issues found in 2 source files
	Command being timed: "bash"
	User time (seconds): 5.65
	System time (seconds): 1.05
	Percent of CPU this job got: 86%
	Elapsed (wall clock) time (h:mm:ss or m:ss): 0:07.74
	Average shared text size (kbytes): 0
	Average unshared data size (kbytes): 0
	Average stack size (kbytes): 0
	Average total size (kbytes): 0
	Maximum resident set size (kbytes): 124004
	Average resident set size (kbytes): 0
	Major (requiring I/O) page faults: 0
	Minor (reclaiming a frame) page faults: 114439
	Voluntary context switches: 359
	Involuntary context switches: 1195
	Swaps: 0
	File system inputs: 8144
	File system outputs: 8
	Socket messages sent: 0
	Socket messages received: 0
	Signals delivered: 0
	Page size (bytes): 4096
	Exit status: 0
