test_actual_control_and_new_candidate_preparation_costs_separate (test_identity_diversity_evaluation.DiversityTests.test_actual_control_and_new_candidate_preparation_costs_separate) ... ok
test_actual_trainer_exact2_descriptor_and_public_apis (test_identity_diversity_evaluation.DiversityTests.test_actual_trainer_exact2_descriptor_and_public_apis) ... ok
test_archived_perquery_replay_and_all_wire_readbacks_precede_candidate_metrics (test_identity_diversity_evaluation.DiversityTests.test_archived_perquery_replay_and_all_wire_readbacks_precede_candidate_metrics) ... ok
test_common_input_and_state_exact_with_legitimately_different_scopes (test_identity_diversity_evaluation.DiversityTests.test_common_input_and_state_exact_with_legitimately_different_scopes) ... ok
test_complete_source_delta_and_unchanged_native_math_quality_seams (test_identity_diversity_evaluation.DiversityTests.test_complete_source_delta_and_unchanged_native_math_quality_seams) ... ok
test_each_train_scope_schedule_matches_its_complete_cpu_qualification (test_identity_diversity_evaluation.DiversityTests.test_each_train_scope_schedule_matches_its_complete_cpu_qualification) ... ok
test_first_explicit_retained_concat_floors_and_full_original_gates (test_identity_diversity_evaluation.DiversityTests.test_first_explicit_retained_concat_floors_and_full_original_gates) ... FAIL
test_launch_file_unit_scope_cache_and_prerequisite_mutants (test_identity_diversity_evaluation.DiversityTests.test_launch_file_unit_scope_cache_and_prerequisite_mutants) ... ok
test_runtime_and_448_vision_readout_scope_fingerprints (test_identity_diversity_evaluation.DiversityTests.test_runtime_and_448_vision_readout_scope_fingerprints) ... ok
test_scope_lifetime_release_before_next_endpoint_and_on_error (test_identity_diversity_evaluation.DiversityTests.test_scope_lifetime_release_before_next_endpoint_and_on_error) ... ok
test_scope_payload_facts_and_official_train_micro16_namespaces (test_identity_diversity_evaluation.DiversityTests.test_scope_payload_facts_and_official_train_micro16_namespaces) ... ok
test_bundle_boundary_denies_train_warm_optimizer_reads (test_identity_diversity_evaluation.RetainedSeamsTests.test_bundle_boundary_denies_train_warm_optimizer_reads) ... {"event": "COMPACT_RUNTIME_HASH", "boundary": "begin", "elapsed_seconds": 0.0, "item_count": 353}
{"event": "COMPACT_RUNTIME_HASH", "boundary": "end", "elapsed_seconds": 0.04966432205401361, "item_count": 353}
ok
test_bundle_boundary_grouped_md_identity_record_and_origin_denials (test_identity_diversity_evaluation.RetainedSeamsTests.test_bundle_boundary_grouped_md_identity_record_and_origin_denials) ... {"event": "COMPACT_RUNTIME_HASH", "boundary": "begin", "elapsed_seconds": 0.0, "item_count": 353}
{"event": "COMPACT_RUNTIME_HASH", "boundary": "end", "elapsed_seconds": 0.05866151407826692, "item_count": 353}
{"event": "COMPACT_RUNTIME_HASH", "boundary": "begin", "elapsed_seconds": 0.0, "item_count": 353}
{"event": "COMPACT_RUNTIME_HASH", "boundary": "end", "elapsed_seconds": 0.05776985303964466, "item_count": 353}
{"event": "COMPACT_RUNTIME_HASH", "boundary": "begin", "elapsed_seconds": 0.0, "item_count": 353}
{"event": "COMPACT_RUNTIME_HASH", "boundary": "end", "elapsed_seconds": 0.056797900004312396, "item_count": 353}
{"event": "COMPACT_RUNTIME_HASH", "boundary": "begin", "elapsed_seconds": 0.0, "item_count": 353}
{"event": "COMPACT_RUNTIME_HASH", "boundary": "end", "elapsed_seconds": 0.050015226006507874, "item_count": 353}
{"event": "COMPACT_RUNTIME_HASH", "boundary": "begin", "elapsed_seconds": 0.0, "item_count": 353}
{"event": "COMPACT_RUNTIME_HASH", "boundary": "end", "elapsed_seconds": 0.0742264479631558, "item_count": 353}
{"event": "COMPACT_RUNTIME_HASH", "boundary": "begin", "elapsed_seconds": 0.0, "item_count": 353}
{"event": "COMPACT_RUNTIME_HASH", "boundary": "end", "elapsed_seconds": 0.05402220808900893, "item_count": 353}
{"event": "COMPACT_RUNTIME_HASH", "boundary": "begin", "elapsed_seconds": 0.0, "item_count": 353}
{"event": "COMPACT_RUNTIME_HASH", "boundary": "end", "elapsed_seconds": 0.050978904007934034, "item_count": 353}
{"event": "COMPACT_RUNTIME_HASH", "boundary": "begin", "elapsed_seconds": 0.0, "item_count": 353}
{"event": "COMPACT_RUNTIME_HASH", "boundary": "end", "elapsed_seconds": 0.0639130410272628, "item_count": 353}
{"event": "COMPACT_RUNTIME_HASH", "boundary": "begin", "elapsed_seconds": 0.0, "item_count": 353}
{"event": "COMPACT_RUNTIME_HASH", "boundary": "end", "elapsed_seconds": 0.060551085975021124, "item_count": 353}
ok
test_bundle_boundary_grouped_md_map_denials_before_hashing (test_identity_diversity_evaluation.RetainedSeamsTests.test_bundle_boundary_grouped_md_map_denials_before_hashing) ... {"event": "COMPACT_RUNTIME_HASH", "boundary": "begin", "elapsed_seconds": 0.0, "item_count": 353}
{"event": "COMPACT_RUNTIME_HASH", "boundary": "end", "elapsed_seconds": 0.0424708379432559, "item_count": 353}
ok
test_bundle_boundary_grouped_md_metadata_fresh_cached_and_source (test_identity_diversity_evaluation.RetainedSeamsTests.test_bundle_boundary_grouped_md_metadata_fresh_cached_and_source) ... {"event": "COMPACT_RUNTIME_HASH", "boundary": "begin", "elapsed_seconds": 0.0, "item_count": 353}
{"event": "COMPACT_RUNTIME_HASH", "boundary": "end", "elapsed_seconds": 0.05759863101411611, "item_count": 353}
{"event": "COMPACT_RUNTIME_HASH", "boundary": "begin", "elapsed_seconds": 0.0, "item_count": 353}
{"event": "COMPACT_RUNTIME_HASH", "boundary": "end", "elapsed_seconds": 0.05817380198277533, "item_count": 353}
{"event": "COMPACT_RUNTIME_HASH", "boundary": "begin", "elapsed_seconds": 0.0, "item_count": 353}
{"event": "COMPACT_RUNTIME_HASH", "boundary": "end", "elapsed_seconds": 0.04769017407670617, "item_count": 353}
ok
test_bundle_boundary_imports_record_pinned_source_without_cached_code (test_identity_diversity_evaluation.RetainedSeamsTests.test_bundle_boundary_imports_record_pinned_source_without_cached_code) ... {"event": "COMPACT_RUNTIME_HASH", "boundary": "begin", "elapsed_seconds": 0.0, "item_count": 353}
{"event": "COMPACT_RUNTIME_HASH", "boundary": "end", "elapsed_seconds": 0.04888249805662781, "item_count": 353}
{"event": "COMPACT_RUNTIME_HASH", "boundary": "begin", "elapsed_seconds": 0.0, "item_count": 353}
{"event": "COMPACT_RUNTIME_HASH", "boundary": "end", "elapsed_seconds": 0.047241549007594585, "item_count": 353}
{"event": "COMPACT_RUNTIME_HASH", "boundary": "begin", "elapsed_seconds": 0.0, "item_count": 353}
{"event": "COMPACT_RUNTIME_HASH", "boundary": "end", "elapsed_seconds": 0.05575294198933989, "item_count": 353}
{"event": "COMPACT_RUNTIME_HASH", "boundary": "begin", "elapsed_seconds": 0.0, "item_count": 353}
{"event": "COMPACT_RUNTIME_HASH", "boundary": "end", "elapsed_seconds": 0.0607576600741595, "item_count": 353}
ok
test_bundle_boundary_native_grants_require_record_guard_and_original_cpu_origin (test_identity_diversity_evaluation.RetainedSeamsTests.test_bundle_boundary_native_grants_require_record_guard_and_original_cpu_origin) ... {"event": "COMPACT_RUNTIME_HASH", "boundary": "begin", "elapsed_seconds": 0.0, "item_count": 353}
{"event": "COMPACT_RUNTIME_HASH", "boundary": "end", "elapsed_seconds": 0.060784211033023894, "item_count": 353}
{"event": "COMPACT_RUNTIME_HASH", "boundary": "begin", "elapsed_seconds": 0.0, "item_count": 353}
{"event": "COMPACT_RUNTIME_HASH", "boundary": "end", "elapsed_seconds": 0.06229960499331355, "item_count": 353}
{"event": "COMPACT_RUNTIME_HASH", "boundary": "begin", "elapsed_seconds": 0.0, "item_count": 353}
{"event": "COMPACT_RUNTIME_HASH", "boundary": "end", "elapsed_seconds": 0.04140837793238461, "item_count": 353}
{"event": "COMPACT_RUNTIME_HASH", "boundary": "begin", "elapsed_seconds": 0.0, "item_count": 353}
{"event": "COMPACT_RUNTIME_HASH", "boundary": "end", "elapsed_seconds": 6.303295958787203e-05, "item_count": 353}
{"event": "COMPACT_RUNTIME_HASH", "boundary": "begin", "elapsed_seconds": 0.0, "item_count": 353}
{"event": "COMPACT_RUNTIME_HASH", "boundary": "end", "elapsed_seconds": 0.06133970501832664, "item_count": 353}
{"event": "COMPACT_RUNTIME_HASH", "boundary": "begin", "elapsed_seconds": 0.0, "item_count": 353}
{"event": "COMPACT_RUNTIME_HASH", "boundary": "end", "elapsed_seconds": 4.386599175632e-05, "item_count": 353}
ok
test_bundle_boundary_self_maps_reads_and_proc_denials_fresh_and_cached (test_identity_diversity_evaluation.RetainedSeamsTests.test_bundle_boundary_self_maps_reads_and_proc_denials_fresh_and_cached) ... {"event": "COMPACT_RUNTIME_HASH", "boundary": "begin", "elapsed_seconds": 0.0, "item_count": 353}
{"event": "COMPACT_RUNTIME_HASH", "boundary": "end", "elapsed_seconds": 0.06474138598423451, "item_count": 353}
{"event": "COMPACT_RUNTIME_HASH", "boundary": "begin", "elapsed_seconds": 0.0, "item_count": 353}
{"event": "COMPACT_RUNTIME_HASH", "boundary": "end", "elapsed_seconds": 0.0737138669937849, "item_count": 353}
ok
test_diagnostic_and_native_roles (test_identity_diversity_evaluation.RetainedSeamsTests.test_diagnostic_and_native_roles) ... ok
test_each_seed_core_and_whole_cost_boundary (test_identity_diversity_evaluation.RetainedSeamsTests.test_each_seed_core_and_whole_cost_boundary) ... ok
test_first_screen_never_bootstraps (test_identity_diversity_evaluation.RetainedSeamsTests.test_first_screen_never_bootstraps) ... ok
test_full_equal_seed_floor_sign_and_intervals (test_identity_diversity_evaluation.RetainedSeamsTests.test_full_equal_seed_floor_sign_and_intervals) ... ok
test_no_quality_before_readiness (test_identity_diversity_evaluation.RetainedSeamsTests.test_no_quality_before_readiness) ... ok
test_numpy_missing_origin_rejects_new_files_symlinks_and_record_rows (test_identity_diversity_evaluation.RetainedSeamsTests.test_numpy_missing_origin_rejects_new_files_symlinks_and_record_rows) ... {"event": "COMPACT_RUNTIME_HASH", "boundary": "begin", "elapsed_seconds": 0.0, "item_count": 353}
{"event": "COMPACT_RUNTIME_HASH", "boundary": "end", "elapsed_seconds": 0.05653214000631124, "item_count": 353}
{"event": "COMPACT_RUNTIME_HASH", "boundary": "begin", "elapsed_seconds": 0.0, "item_count": 353}
{"event": "COMPACT_RUNTIME_HASH", "boundary": "end", "elapsed_seconds": 0.059615732985548675, "item_count": 353}
{"event": "COMPACT_RUNTIME_HASH", "boundary": "begin", "elapsed_seconds": 0.0, "item_count": 353}
{"event": "COMPACT_RUNTIME_HASH", "boundary": "end", "elapsed_seconds": 0.05796166800428182, "item_count": 353}
{"event": "COMPACT_RUNTIME_HASH", "boundary": "begin", "elapsed_seconds": 0.0, "item_count": 353}
{"event": "COMPACT_RUNTIME_HASH", "boundary": "end", "elapsed_seconds": 0.05565470992587507, "item_count": 353}
{"event": "COMPACT_RUNTIME_HASH", "boundary": "begin", "elapsed_seconds": 0.0, "item_count": 353}
{"event": "COMPACT_RUNTIME_HASH", "boundary": "end", "elapsed_seconds": 0.05796187894884497, "item_count": 353}
{"event": "COMPACT_RUNTIME_HASH", "boundary": "begin", "elapsed_seconds": 0.0, "item_count": 353}
{"event": "COMPACT_RUNTIME_HASH", "boundary": "end", "elapsed_seconds": 0.05311457789503038, "item_count": 353}
{"event": "COMPACT_RUNTIME_HASH", "boundary": "begin", "elapsed_seconds": 0.0, "item_count": 353}
{"event": "COMPACT_RUNTIME_HASH", "boundary": "end", "elapsed_seconds": 0.047828434035182, "item_count": 353}
{"event": "COMPACT_RUNTIME_HASH", "boundary": "begin", "elapsed_seconds": 0.0, "item_count": 353}
{"event": "COMPACT_RUNTIME_HASH", "boundary": "end", "elapsed_seconds": 0.045602093916386366, "item_count": 353}
{"event": "COMPACT_RUNTIME_HASH", "boundary": "begin", "elapsed_seconds": 0.0, "item_count": 353}
{"event": "COMPACT_RUNTIME_HASH", "boundary": "end", "elapsed_seconds": 0.06870533293113112, "item_count": 353}
{"event": "COMPACT_RUNTIME_HASH", "boundary": "begin", "elapsed_seconds": 0.0, "item_count": 353}
{"event": "COMPACT_RUNTIME_HASH", "boundary": "end", "elapsed_seconds": 0.06327012798283249, "item_count": 353}
ok
test_partition_order_descriptor_cache_and_hash_rejected_before_source (test_identity_diversity_evaluation.RetainedSeamsTests.test_partition_order_descriptor_cache_and_hash_rejected_before_source) ... ok
test_pre_native_partition_and_pinned_source_adapter (test_identity_diversity_evaluation.RetainedSeamsTests.test_pre_native_partition_and_pinned_source_adapter) ... ok
test_strict_files_closure_and_restored_mtime (test_identity_diversity_evaluation.RetainedSeamsTests.test_strict_files_closure_and_restored_mtime) ... ok
test_whole_unit_resource_caps (test_identity_diversity_evaluation.RetainedSeamsTests.test_whole_unit_resource_caps) ... ok

======================================================================
FAIL: test_first_explicit_retained_concat_floors_and_full_original_gates (test_identity_diversity_evaluation.DiversityTests.test_first_explicit_retained_concat_floors_and_full_original_gates)
----------------------------------------------------------------------
Traceback (most recent call last):
  File "/home/rb/worktrees/sfora-identity-diversity-evaluator-20261004/scripts/test_identity_diversity_evaluation.py", line 328, in test_first_explicit_retained_concat_floors_and_full_original_gates
    self.assertEqual(e.decide(math_helper,bad,low_source,low_concat,'first','selection',{},cost)['decision'],'KILL')
    ~~~~~~~~~~~~~~~~^^^^^^^^^^^^^^^^^^^^^^^^^^^^^^^^^^^^^^^^^^^^^^^^^^^^^^^^^^^^^^^^^^^^^^^^^^^^^^^^^^^^^^^^^^^^^^^^
AssertionError: 'CONTINUE' != 'KILL'
- CONTINUE
+ KILL


----------------------------------------------------------------------
Ran 28 tests in 6.567s

FAILED (failures=1)
