test_actual_control_and_new_candidate_preparation_costs_separate (test_identity_diversity_evaluation.DiversityTests.test_actual_control_and_new_candidate_preparation_costs_separate) ... ok
test_actual_trainer_exact2_descriptor_and_public_apis (test_identity_diversity_evaluation.DiversityTests.test_actual_trainer_exact2_descriptor_and_public_apis) ... ok
test_archived_perquery_replay_and_all_wire_readbacks_precede_candidate_metrics (test_identity_diversity_evaluation.DiversityTests.test_archived_perquery_replay_and_all_wire_readbacks_precede_candidate_metrics) ... ok
test_common_input_and_state_exact_with_legitimately_different_scopes (test_identity_diversity_evaluation.DiversityTests.test_common_input_and_state_exact_with_legitimately_different_scopes) ... ok
test_complete_source_delta_and_unchanged_native_math_quality_seams (test_identity_diversity_evaluation.DiversityTests.test_complete_source_delta_and_unchanged_native_math_quality_seams) ... ok
test_each_train_scope_schedule_matches_its_complete_cpu_qualification (test_identity_diversity_evaluation.DiversityTests.test_each_train_scope_schedule_matches_its_complete_cpu_qualification) ... ok
test_first_explicit_retained_concat_floors_and_full_original_gates (test_identity_diversity_evaluation.DiversityTests.test_first_explicit_retained_concat_floors_and_full_original_gates) ... ok
test_launch_file_unit_scope_cache_and_prerequisite_mutants (test_identity_diversity_evaluation.DiversityTests.test_launch_file_unit_scope_cache_and_prerequisite_mutants) ... ok
test_runtime_and_448_vision_readout_scope_fingerprints (test_identity_diversity_evaluation.DiversityTests.test_runtime_and_448_vision_readout_scope_fingerprints) ... ok
test_scope_lifetime_release_before_next_endpoint_and_on_error (test_identity_diversity_evaluation.DiversityTests.test_scope_lifetime_release_before_next_endpoint_and_on_error) ... ok
test_scope_payload_facts_and_official_train_micro16_namespaces (test_identity_diversity_evaluation.DiversityTests.test_scope_payload_facts_and_official_train_micro16_namespaces) ... ok
test_bundle_boundary_denies_train_warm_optimizer_reads (test_identity_diversity_evaluation.RetainedSeamsTests.test_bundle_boundary_denies_train_warm_optimizer_reads) ... {"event": "COMPACT_RUNTIME_HASH", "boundary": "begin", "elapsed_seconds": 0.0, "item_count": 353}
{"event": "COMPACT_RUNTIME_HASH", "boundary": "end", "elapsed_seconds": 0.05797523201908916, "item_count": 353}
ok
test_bundle_boundary_grouped_md_identity_record_and_origin_denials (test_identity_diversity_evaluation.RetainedSeamsTests.test_bundle_boundary_grouped_md_identity_record_and_origin_denials) ... {"event": "COMPACT_RUNTIME_HASH", "boundary": "begin", "elapsed_seconds": 0.0, "item_count": 353}
{"event": "COMPACT_RUNTIME_HASH", "boundary": "end", "elapsed_seconds": 0.06550279806833714, "item_count": 353}
{"event": "COMPACT_RUNTIME_HASH", "boundary": "begin", "elapsed_seconds": 0.0, "item_count": 353}
{"event": "COMPACT_RUNTIME_HASH", "boundary": "end", "elapsed_seconds": 0.0650501549243927, "item_count": 353}
{"event": "COMPACT_RUNTIME_HASH", "boundary": "begin", "elapsed_seconds": 0.0, "item_count": 353}
{"event": "COMPACT_RUNTIME_HASH", "boundary": "end", "elapsed_seconds": 0.057791083003394306, "item_count": 353}
{"event": "COMPACT_RUNTIME_HASH", "boundary": "begin", "elapsed_seconds": 0.0, "item_count": 353}
{"event": "COMPACT_RUNTIME_HASH", "boundary": "end", "elapsed_seconds": 0.059341185027733445, "item_count": 353}
{"event": "COMPACT_RUNTIME_HASH", "boundary": "begin", "elapsed_seconds": 0.0, "item_count": 353}
{"event": "COMPACT_RUNTIME_HASH", "boundary": "end", "elapsed_seconds": 0.04881760897114873, "item_count": 353}
{"event": "COMPACT_RUNTIME_HASH", "boundary": "begin", "elapsed_seconds": 0.0, "item_count": 353}
{"event": "COMPACT_RUNTIME_HASH", "boundary": "end", "elapsed_seconds": 0.060725984047167, "item_count": 353}
{"event": "COMPACT_RUNTIME_HASH", "boundary": "begin", "elapsed_seconds": 0.0, "item_count": 353}
{"event": "COMPACT_RUNTIME_HASH", "boundary": "end", "elapsed_seconds": 0.05951576610095799, "item_count": 353}
{"event": "COMPACT_RUNTIME_HASH", "boundary": "begin", "elapsed_seconds": 0.0, "item_count": 353}
{"event": "COMPACT_RUNTIME_HASH", "boundary": "end", "elapsed_seconds": 0.06289440207183361, "item_count": 353}
{"event": "COMPACT_RUNTIME_HASH", "boundary": "begin", "elapsed_seconds": 0.0, "item_count": 353}
{"event": "COMPACT_RUNTIME_HASH", "boundary": "end", "elapsed_seconds": 0.05707450595218688, "item_count": 353}
ok
test_bundle_boundary_grouped_md_map_denials_before_hashing (test_identity_diversity_evaluation.RetainedSeamsTests.test_bundle_boundary_grouped_md_map_denials_before_hashing) ... {"event": "COMPACT_RUNTIME_HASH", "boundary": "begin", "elapsed_seconds": 0.0, "item_count": 353}
{"event": "COMPACT_RUNTIME_HASH", "boundary": "end", "elapsed_seconds": 0.06083690095692873, "item_count": 353}
ok
test_bundle_boundary_grouped_md_metadata_fresh_cached_and_source (test_identity_diversity_evaluation.RetainedSeamsTests.test_bundle_boundary_grouped_md_metadata_fresh_cached_and_source) ... {"event": "COMPACT_RUNTIME_HASH", "boundary": "begin", "elapsed_seconds": 0.0, "item_count": 353}
{"event": "COMPACT_RUNTIME_HASH", "boundary": "end", "elapsed_seconds": 0.05176024592947215, "item_count": 353}
{"event": "COMPACT_RUNTIME_HASH", "boundary": "begin", "elapsed_seconds": 0.0, "item_count": 353}
{"event": "COMPACT_RUNTIME_HASH", "boundary": "end", "elapsed_seconds": 0.05628948495723307, "item_count": 353}
{"event": "COMPACT_RUNTIME_HASH", "boundary": "begin", "elapsed_seconds": 0.0, "item_count": 353}
{"event": "COMPACT_RUNTIME_HASH", "boundary": "end", "elapsed_seconds": 0.05602898809593171, "item_count": 353}
ok
test_bundle_boundary_imports_record_pinned_source_without_cached_code (test_identity_diversity_evaluation.RetainedSeamsTests.test_bundle_boundary_imports_record_pinned_source_without_cached_code) ... {"event": "COMPACT_RUNTIME_HASH", "boundary": "begin", "elapsed_seconds": 0.0, "item_count": 353}
{"event": "COMPACT_RUNTIME_HASH", "boundary": "end", "elapsed_seconds": 0.041787914000451565, "item_count": 353}
{"event": "COMPACT_RUNTIME_HASH", "boundary": "begin", "elapsed_seconds": 0.0, "item_count": 353}
{"event": "COMPACT_RUNTIME_HASH", "boundary": "end", "elapsed_seconds": 0.043154750019311905, "item_count": 353}
{"event": "COMPACT_RUNTIME_HASH", "boundary": "begin", "elapsed_seconds": 0.0, "item_count": 353}
{"event": "COMPACT_RUNTIME_HASH", "boundary": "end", "elapsed_seconds": 0.05214068794157356, "item_count": 353}
{"event": "COMPACT_RUNTIME_HASH", "boundary": "begin", "elapsed_seconds": 0.0, "item_count": 353}
{"event": "COMPACT_RUNTIME_HASH", "boundary": "end", "elapsed_seconds": 0.049430403974838555, "item_count": 353}
ok
test_bundle_boundary_native_grants_require_record_guard_and_original_cpu_origin (test_identity_diversity_evaluation.RetainedSeamsTests.test_bundle_boundary_native_grants_require_record_guard_and_original_cpu_origin) ... {"event": "COMPACT_RUNTIME_HASH", "boundary": "begin", "elapsed_seconds": 0.0, "item_count": 353}
{"event": "COMPACT_RUNTIME_HASH", "boundary": "end", "elapsed_seconds": 0.05741060106083751, "item_count": 353}
{"event": "COMPACT_RUNTIME_HASH", "boundary": "begin", "elapsed_seconds": 0.0, "item_count": 353}
{"event": "COMPACT_RUNTIME_HASH", "boundary": "end", "elapsed_seconds": 0.06232693395577371, "item_count": 353}
{"event": "COMPACT_RUNTIME_HASH", "boundary": "begin", "elapsed_seconds": 0.0, "item_count": 353}
{"event": "COMPACT_RUNTIME_HASH", "boundary": "end", "elapsed_seconds": 0.04966267594136298, "item_count": 353}
{"event": "COMPACT_RUNTIME_HASH", "boundary": "begin", "elapsed_seconds": 0.0, "item_count": 353}
{"event": "COMPACT_RUNTIME_HASH", "boundary": "end", "elapsed_seconds": 4.656100645661354e-05, "item_count": 353}
{"event": "COMPACT_RUNTIME_HASH", "boundary": "begin", "elapsed_seconds": 0.0, "item_count": 353}
{"event": "COMPACT_RUNTIME_HASH", "boundary": "end", "elapsed_seconds": 0.05609286203980446, "item_count": 353}
{"event": "COMPACT_RUNTIME_HASH", "boundary": "begin", "elapsed_seconds": 0.0, "item_count": 353}
{"event": "COMPACT_RUNTIME_HASH", "boundary": "end", "elapsed_seconds": 4.0007056668400764e-05, "item_count": 353}
ok
test_bundle_boundary_self_maps_reads_and_proc_denials_fresh_and_cached (test_identity_diversity_evaluation.RetainedSeamsTests.test_bundle_boundary_self_maps_reads_and_proc_denials_fresh_and_cached) ... {"event": "COMPACT_RUNTIME_HASH", "boundary": "begin", "elapsed_seconds": 0.0, "item_count": 353}
{"event": "COMPACT_RUNTIME_HASH", "boundary": "end", "elapsed_seconds": 0.061616010032594204, "item_count": 353}
{"event": "COMPACT_RUNTIME_HASH", "boundary": "begin", "elapsed_seconds": 0.0, "item_count": 353}
{"event": "COMPACT_RUNTIME_HASH", "boundary": "end", "elapsed_seconds": 0.05367019004188478, "item_count": 353}
ok
test_diagnostic_and_native_roles (test_identity_diversity_evaluation.RetainedSeamsTests.test_diagnostic_and_native_roles) ... ok
test_each_seed_core_and_whole_cost_boundary (test_identity_diversity_evaluation.RetainedSeamsTests.test_each_seed_core_and_whole_cost_boundary) ... ok
test_first_screen_never_bootstraps (test_identity_diversity_evaluation.RetainedSeamsTests.test_first_screen_never_bootstraps) ... ok
test_full_equal_seed_floor_sign_and_intervals (test_identity_diversity_evaluation.RetainedSeamsTests.test_full_equal_seed_floor_sign_and_intervals) ... ok
test_no_quality_before_readiness (test_identity_diversity_evaluation.RetainedSeamsTests.test_no_quality_before_readiness) ... ok
test_numpy_missing_origin_rejects_new_files_symlinks_and_record_rows (test_identity_diversity_evaluation.RetainedSeamsTests.test_numpy_missing_origin_rejects_new_files_symlinks_and_record_rows) ... {"event": "COMPACT_RUNTIME_HASH", "boundary": "begin", "elapsed_seconds": 0.0, "item_count": 353}
{"event": "COMPACT_RUNTIME_HASH", "boundary": "end", "elapsed_seconds": 0.059515805914998055, "item_count": 353}
{"event": "COMPACT_RUNTIME_HASH", "boundary": "begin", "elapsed_seconds": 0.0, "item_count": 353}
{"event": "COMPACT_RUNTIME_HASH", "boundary": "end", "elapsed_seconds": 0.05728235200513154, "item_count": 353}
{"event": "COMPACT_RUNTIME_HASH", "boundary": "begin", "elapsed_seconds": 0.0, "item_count": 353}
{"event": "COMPACT_RUNTIME_HASH", "boundary": "end", "elapsed_seconds": 0.061336804064922035, "item_count": 353}
{"event": "COMPACT_RUNTIME_HASH", "boundary": "begin", "elapsed_seconds": 0.0, "item_count": 353}
{"event": "COMPACT_RUNTIME_HASH", "boundary": "end", "elapsed_seconds": 0.05445660196710378, "item_count": 353}
{"event": "COMPACT_RUNTIME_HASH", "boundary": "begin", "elapsed_seconds": 0.0, "item_count": 353}
{"event": "COMPACT_RUNTIME_HASH", "boundary": "end", "elapsed_seconds": 0.06027941300999373, "item_count": 353}
{"event": "COMPACT_RUNTIME_HASH", "boundary": "begin", "elapsed_seconds": 0.0, "item_count": 353}
{"event": "COMPACT_RUNTIME_HASH", "boundary": "end", "elapsed_seconds": 0.05268878606148064, "item_count": 353}
{"event": "COMPACT_RUNTIME_HASH", "boundary": "begin", "elapsed_seconds": 0.0, "item_count": 353}
{"event": "COMPACT_RUNTIME_HASH", "boundary": "end", "elapsed_seconds": 0.04751847707666457, "item_count": 353}
{"event": "COMPACT_RUNTIME_HASH", "boundary": "begin", "elapsed_seconds": 0.0, "item_count": 353}
{"event": "COMPACT_RUNTIME_HASH", "boundary": "end", "elapsed_seconds": 0.04716536798514426, "item_count": 353}
{"event": "COMPACT_RUNTIME_HASH", "boundary": "begin", "elapsed_seconds": 0.0, "item_count": 353}
{"event": "COMPACT_RUNTIME_HASH", "boundary": "end", "elapsed_seconds": 0.05592350207734853, "item_count": 353}
{"event": "COMPACT_RUNTIME_HASH", "boundary": "begin", "elapsed_seconds": 0.0, "item_count": 353}
{"event": "COMPACT_RUNTIME_HASH", "boundary": "end", "elapsed_seconds": 0.04792275500949472, "item_count": 353}
ok
test_partition_order_descriptor_cache_and_hash_rejected_before_source (test_identity_diversity_evaluation.RetainedSeamsTests.test_partition_order_descriptor_cache_and_hash_rejected_before_source) ... ok
test_pre_native_partition_and_pinned_source_adapter (test_identity_diversity_evaluation.RetainedSeamsTests.test_pre_native_partition_and_pinned_source_adapter) ... ok
test_strict_files_closure_and_restored_mtime (test_identity_diversity_evaluation.RetainedSeamsTests.test_strict_files_closure_and_restored_mtime) ... ok
test_whole_unit_resource_caps (test_identity_diversity_evaluation.RetainedSeamsTests.test_whole_unit_resource_caps) ... ok

----------------------------------------------------------------------
Ran 28 tests in 5.998s

OK
