/home/riomus/runs/sfora-connected-installed-wheel-stage-v1/install-v1.sh: OK
/snap/astral-uv/1779/bin/uv: OK
/home/riomus/.local/share/uv/python/cpython-3.13.9-linux-aarch64-gnu/bin/python3.13: OK
/home/riomus/runs/sfora-connected-installed-wheel-stage-v1/sfora-0.3.0rc4-py3-none-any.whl: OK
Using CPython 3.13.9 interpreter at: group-learning/.venv/bin/python
Resolved 1 package in 3ms
Prepared 1 package in 13ms
Installed 1 package in 2ms
 + sfora==0.3.0rc4 (from file:///home/riomus/runs/sfora-connected-installed-wheel-stage-v1/sfora-0.3.0rc4-py3-none-any.whl)
	Command being timed: "/usr/bin/timeout 30 /usr/bin/prlimit --as=1073741824 /snap/astral-uv/1779/bin/uv pip install --offline --no-deps --no-cache --python /home/riomus/group-learning/.venv/bin/python --target /home/riomus/runs/sfora-connected-installed-control-serving-wheel-v1/site-packages /home/riomus/runs/sfora-connected-installed-wheel-stage-v1/sfora-0.3.0rc4-py3-none-any.whl"
	User time (seconds): 0.02
	System time (seconds): 0.03
	Percent of CPU this job got: 84%
	Elapsed (wall clock) time (h:mm:ss or m:ss): 0:00.07
	Average shared text size (kbytes): 0
	Average unshared data size (kbytes): 0
	Average stack size (kbytes): 0
	Average total size (kbytes): 0
	Maximum resident set size (kbytes): 36888
	Average resident set size (kbytes): 0
	Major (requiring I/O) page faults: 2
	Minor (reclaiming a frame) page faults: 5499
	Voluntary context switches: 34
	Involuntary context switches: 4
	Swaps: 0
	File system inputs: 288
	File system outputs: 6712
	Socket messages sent: 0
	Socket messages received: 0
	Signals delivered: 0
	Page size (bytes): 4096
	Exit status: 0
{"decision": "PASS_WHEEL_INSTALL_SOURCE_BYTES_ONLY", "files": 110, "manifest_sha256": "9240a5cf340b7c34f7d36eac03e3b8ec78cdeff6397a78eb7d66c06cce93098c", "metadata_files": 8, "native_qualified": false}
