Running as unit: sfora-dense-retained-serving-cpu-v1.service; invocation ID: 02db05d0dcce4b6c9fe7e04e165bf914
PASS retained source/decision/startup authority; no model/images/quality
Finished with result: success
Main processes terminated with: code=exited/status=0
Service runtime: 1min 991ms
CPU time consumed: 1min 963ms
Memory peak: 2.9G
Memory swap peak: 0B
	Command being timed: "systemd-run --user --wait --collect --pipe --unit=sfora-dense-retained-serving-cpu-v1 -p WorkingDirectory=/home/riomus/runs/sfora-dense-retained-serving-source-v1 -p RuntimeMaxSec=120 -p MemoryMax=8G -p MemorySwapMax=0 -p KillMode=control-group -p OOMPolicy=stop --setenv=CUDA_VISIBLE_DEVICES= --setenv=OMP_NUM_THREADS=8 --setenv=OPENBLAS_NUM_THREADS=1 --setenv=TOKENIZERS_PARALLELISM=false --setenv=PYTHONPATH=/home/riomus/runs/sfora-dense-retained-serving-source-v1:/home/riomus/runs/sfora-dense-retained-serving-source-v1/src:/home/riomus/runs/sfora-dense-retained-serving-source-v1/isolated-deps flock -n /home/riomus/runs/.sfora-siglip2-gpu.lock flock -n /home/riomus/.sfora-siglip2-gpu.lock /home/riomus/group-learning/.venv/bin/python qualify_large_dense_retained_serving.py --execution-sha256 30ef46109c4ce8da704a3ac842526a41e6687ddc6afe3eeaae811822bd8cf9ca --check-startup-only --output /home/riomus/runs/sfora-dense-retained-serving-source-v1/startup.json"
	User time (seconds): 0.00
	System time (seconds): 0.00
	Percent of CPU this job got: 0%
	Elapsed (wall clock) time (h:mm:ss or m:ss): 1:01.02
	Average shared text size (kbytes): 0
	Average unshared data size (kbytes): 0
	Average stack size (kbytes): 0
	Average total size (kbytes): 0
	Maximum resident set size (kbytes): 7412
	Average resident set size (kbytes): 0
	Major (requiring I/O) page faults: 0
	Minor (reclaiming a frame) page faults: 378
	Voluntary context switches: 10
	Involuntary context switches: 0
	Swaps: 0
	File system inputs: 0
	File system outputs: 0
	Socket messages sent: 0
	Socket messages received: 0
	Signals delivered: 0
	Page size (bytes): 4096
	Exit status: 0
