Running as unit: sfora-pe-muon-pilot-v1.service; invocation ID: 1ef73e64ff7c42458d7afc408e1b24e1
{"step": 1, "seconds": 1.2742215828038752, "loss": 4.966567039489746}
{"step": 2, "seconds": 0.6078370846807957, "loss": 7.345654010772705}
{"step": 3, "seconds": 0.5475450670346618, "loss": 7.432360649108887}
{"step": 4, "seconds": 0.5894254427403212, "loss": 5.90911865234375}
{"step": 5, "seconds": 0.561301517765969, "loss": 5.907602310180664}
{"step": 6, "seconds": 0.5740690119564533, "loss": 6.7893571853637695}
{"step": 7, "seconds": 0.5280108996666968, "loss": 3.965815544128418}
{"step": 8, "seconds": 0.575329152867198, "loss": 5.297146797180176}
{"step": 9, "seconds": 0.5676116179674864, "loss": 8.262996673583984}
{"step": 10, "seconds": 0.6047602440230548, "loss": 4.6457977294921875}
{"step": 11, "seconds": 0.5160407181829214, "loss": 4.130466938018799}
{"step": 12, "seconds": 0.5997737268917263, "loss": 3.522399425506592}
{"step": 13, "seconds": 0.5405809073708951, "loss": 6.721843242645264}
{"step": 14, "seconds": 0.5937564107589424, "loss": 5.153668403625488}
{"step": 15, "seconds": 0.6034475602209568, "loss": 6.899409294128418}
{"step": 16, "seconds": 0.5667803399264812, "loss": 5.404402256011963}
{"step": 17, "seconds": 0.6017673402093351, "loss": 7.7612528800964355}
{"step": 18, "seconds": 0.5627198368310928, "loss": 4.486752986907959}
{"step": 19, "seconds": 0.5931803174316883, "loss": 8.793307304382324}
{"step": 20, "seconds": 0.5362257971428335, "loss": 4.529882907867432}
{"step": 21, "seconds": 0.5707854530774057, "loss": 5.172652244567871}
{"step": 22, "seconds": 0.5980365322902799, "loss": 6.410139083862305}
{"step": 23, "seconds": 0.6005227509886026, "loss": 4.916268825531006}
{"step": 24, "seconds": 0.5848419670946896, "loss": 5.783352375030518}
{"step": 25, "seconds": 0.5854139989241958, "loss": 4.446331024169922}
{"step": 26, "seconds": 0.5791392759419978, "loss": 4.7062554359436035}
{"step": 27, "seconds": 0.48318890016525984, "loss": 3.526439666748047}
{"step": 28, "seconds": 0.5725669688545167, "loss": 5.3321614265441895}
{"step": 29, "seconds": 0.5464179208502173, "loss": 5.404077053070068}
{"step": 30, "seconds": 0.5869132126681507, "loss": 3.8904683589935303}
{"step": 31, "seconds": 0.5883609862066805, "loss": 3.292924404144287}
{"step": 32, "seconds": 0.5911000189371407, "loss": 5.025578498840332}
{"step": 33, "seconds": 0.5529333469457924, "loss": 4.857608795166016}
{"step": 34, "seconds": 0.568507619202137, "loss": 4.755913734436035}
{"step": 35, "seconds": 0.5647950987331569, "loss": 4.118119239807129}
{"step": 36, "seconds": 0.5879738498479128, "loss": 4.919984817504883}
{"step": 37, "seconds": 0.5656976890750229, "loss": 5.766757488250732}
{"step": 38, "seconds": 0.5700672320090234, "loss": 4.2804670333862305}
{"step": 39, "seconds": 0.5768646579235792, "loss": 4.998435020446777}
{"step": 40, "seconds": 0.6012112321332097, "loss": 5.312944412231445}
{"step": 41, "seconds": 0.5567395482212305, "loss": 5.109358787536621}
{"step": 42, "seconds": 0.5224082921631634, "loss": 2.2632694244384766}
{"step": 43, "seconds": 0.5421886509284377, "loss": 3.3012871742248535}
{"step": 44, "seconds": 0.5747412070631981, "loss": 6.144940376281738}
{"step": 45, "seconds": 0.5855271690525115, "loss": 6.487872123718262}
{"step": 46, "seconds": 0.6004477459937334, "loss": 3.8385581970214844}
{"step": 47, "seconds": 0.5715289581567049, "loss": 5.364589691162109}
{"step": 48, "seconds": 0.5315096010453999, "loss": 2.27919864654541}
{"step": 49, "seconds": 0.5979090160690248, "loss": 3.834707498550415}
{"step": 50, "seconds": 0.5803947160020471, "loss": 3.6930384635925293}
{"step": 51, "seconds": 0.5257287011481822, "loss": 1.1060889959335327}
{"step": 52, "seconds": 0.5815404420718551, "loss": 4.207620620727539}
{"step": 53, "seconds": 0.620748985093087, "loss": 4.27473258972168}
{"step": 54, "seconds": 0.5841443729586899, "loss": 4.679208278656006}
{"step": 55, "seconds": 0.5569080929271877, "loss": 4.781176567077637}
{"step": 56, "seconds": 0.5639290707185864, "loss": 4.972107887268066}
{"step": 57, "seconds": 0.5754289831966162, "loss": 6.5839996337890625}
{"step": 58, "seconds": 0.5856150747276843, "loss": 5.810692310333252}
{"step": 59, "seconds": 0.574034923221916, "loss": 4.757084846496582}
{"step": 60, "seconds": 0.557142844889313, "loss": 4.846890926361084}
{"step": 61, "seconds": 0.5319872819818556, "loss": 3.00783109664917}
{"step": 62, "seconds": 0.5812502359040082, "loss": 3.1111226081848145}
{"step": 63, "seconds": 0.5810154681093991, "loss": 4.604215621948242}
{"step": 64, "seconds": 0.6006179400719702, "loss": 3.6462900638580322}
{"step": 65, "seconds": 0.5824614497832954, "loss": 6.7229485511779785}
{"step": 66, "seconds": 0.5887599010020494, "loss": 6.012024879455566}
{"step": 67, "seconds": 0.579212065320462, "loss": 5.413895130157471}
{"step": 68, "seconds": 0.5639788317494094, "loss": 6.490583896636963}
{"step": 69, "seconds": 0.5464521646499634, "loss": 4.324618816375732}
{"step": 70, "seconds": 0.601895890198648, "loss": 3.4821720123291016}
{"step": 71, "seconds": 0.5895414189435542, "loss": 2.91456937789917}
{"step": 72, "seconds": 0.5770163419656456, "loss": 3.1758999824523926}
{"step": 73, "seconds": 0.5923625021241605, "loss": 3.2753028869628906}
{"step": 74, "seconds": 0.5930217169225216, "loss": 4.263772964477539}
{"step": 75, "seconds": 0.5685651442036033, "loss": 4.705521106719971}
{"step": 76, "seconds": 0.4943775380961597, "loss": 1.4247161149978638}
{"step": 77, "seconds": 0.5322271231561899, "loss": 3.4208319187164307}
{"step": 78, "seconds": 0.6082942779175937, "loss": 4.476462364196777}
{"step": 79, "seconds": 0.586433076299727, "loss": 4.577111721038818}
{"step": 80, "seconds": 0.5795384971424937, "loss": 4.494211196899414}
{"step": 81, "seconds": 0.5735965576022863, "loss": 4.013527870178223}
{"step": 82, "seconds": 0.5258314567618072, "loss": 5.156294822692871}
{"step": 83, "seconds": 0.5713987862691283, "loss": 3.6834163665771484}
{"step": 84, "seconds": 0.5692326789721847, "loss": 5.240651607513428}
{"step": 85, "seconds": 0.573621294926852, "loss": 3.4567666053771973}
{"step": 86, "seconds": 0.5680775940418243, "loss": 4.76154088973999}
{"step": 87, "seconds": 0.5627128700725734, "loss": 3.0042080879211426}
{"step": 88, "seconds": 0.555946642998606, "loss": 3.3675243854522705}
{"step": 89, "seconds": 0.5654148473404348, "loss": 6.370014190673828}
{"step": 90, "seconds": 0.5524460589513183, "loss": 5.787176132202148}
{"step": 91, "seconds": 0.5529961376450956, "loss": 2.8756375312805176}
{"step": 92, "seconds": 0.5506975031457841, "loss": 5.822287082672119}
{"step": 93, "seconds": 0.5853189830668271, "loss": 3.5997114181518555}
{"step": 94, "seconds": 0.5692109041847289, "loss": 3.4865455627441406}
{"step": 95, "seconds": 0.5748764933086932, "loss": 4.450562477111816}
{"step": 96, "seconds": 0.5737990709021688, "loss": 3.363600254058838}
{"step": 97, "seconds": 0.5574575532227755, "loss": 2.9382240772247314}
{"step": 98, "seconds": 0.5667032776400447, "loss": 2.8571159839630127}
{"step": 99, "seconds": 0.5913450201041996, "loss": 4.2993292808532715}
{"step": 100, "seconds": 0.5770645062439144, "loss": 4.218156814575195}
KILL fixed TRAIN quality gate
Finished with result: success
Main processes terminated with: code=exited/status=0
Service runtime: 2min 51.907s
CPU time consumed: 4min 39.549s
Memory peak: 3.0G
Memory swap peak: 0B
