Running as unit: sfora-large-native-pool-pilot-v1.service; invocation ID: 1cba351464b94493835fa6679a7dcd8a
[transformers] Model config: bos_token_id must be `None` or an integer within the vocabulary (between 0 and 31999), got 49406. This may result in unexpected behavior.
[transformers] Model config: eos_token_id must be `None` or an integer within the vocabulary (between 0 and 31999), got 49407. This may result in unexpected behavior.
Loading weights:   0%|          | 0/792 [00:00<?, ?it/s]Loading weights: 100%|██████████| 792/792 [00:00<00:00, 14843.71it/s]
{"calibration": {"fp16_fp32": [0.9999905228614807, 0.999983012676239, 0.9999576807022095, 0.9999924898147583], "cached_fresh_fp16": [0.9999966025352478, 0.9999984502792358, 0.999997615814209, 0.9999980926513672]}}
{"phase": "resource-check", "peak_cuda_allocated_bytes": 1378523136, "current_cuda_allocated_bytes": 1323997184}
{"phase": "resource-check", "peak_cuda_allocated_bytes": 3149834752, "current_cuda_allocated_bytes": 1563976704}
{"step": 1, "seconds": 1.0273488820530474, "loss": 8.457447052001953}
{"phase": "resource-check", "peak_cuda_allocated_bytes": 3287252992, "current_cuda_allocated_bytes": 1563976704}
{"step": 2, "seconds": 0.4553322200663388, "loss": 9.613040924072266}
{"phase": "resource-check", "peak_cuda_allocated_bytes": 3287252992, "current_cuda_allocated_bytes": 1563976704}
{"step": 3, "seconds": 0.46112507581710815, "loss": 9.847179412841797}
{"phase": "resource-check", "peak_cuda_allocated_bytes": 3287252992, "current_cuda_allocated_bytes": 1563976704}
{"step": 4, "seconds": 0.4590808250941336, "loss": 8.078771591186523}
{"phase": "resource-check", "peak_cuda_allocated_bytes": 3287252992, "current_cuda_allocated_bytes": 1563976704}
{"step": 5, "seconds": 0.46146454429253936, "loss": 8.016183853149414}
{"phase": "resource-check", "peak_cuda_allocated_bytes": 3287252992, "current_cuda_allocated_bytes": 1563976704}
{"step": 6, "seconds": 0.46236353926360607, "loss": 9.350751876831055}
{"phase": "resource-check", "peak_cuda_allocated_bytes": 3287252992, "current_cuda_allocated_bytes": 1563976704}
{"step": 7, "seconds": 0.4162544091232121, "loss": 5.737327575683594}
{"phase": "resource-check", "peak_cuda_allocated_bytes": 3287252992, "current_cuda_allocated_bytes": 1563976704}
{"step": 8, "seconds": 0.4619497247040272, "loss": 7.341097354888916}
{"phase": "resource-check", "peak_cuda_allocated_bytes": 3287252992, "current_cuda_allocated_bytes": 1563976704}
{"step": 9, "seconds": 0.4612668678164482, "loss": 9.89570426940918}
{"phase": "resource-check", "peak_cuda_allocated_bytes": 3287252992, "current_cuda_allocated_bytes": 1563976704}
{"step": 10, "seconds": 0.45932919485494494, "loss": 7.795602798461914}
{"phase": "resource-check", "peak_cuda_allocated_bytes": 3287252992, "current_cuda_allocated_bytes": 1563976704}
{"step": 11, "seconds": 0.4146956722252071, "loss": 5.14711856842041}
{"phase": "resource-check", "peak_cuda_allocated_bytes": 3287252992, "current_cuda_allocated_bytes": 1563976704}
{"step": 12, "seconds": 0.4580984152853489, "loss": 4.802914619445801}
{"phase": "resource-check", "peak_cuda_allocated_bytes": 3287252992, "current_cuda_allocated_bytes": 1563976704}
{"step": 13, "seconds": 0.461457883939147, "loss": 7.423261642456055}
{"phase": "resource-check", "peak_cuda_allocated_bytes": 3287252992, "current_cuda_allocated_bytes": 1563976704}
{"step": 14, "seconds": 0.4623722368851304, "loss": 7.034782886505127}
{"phase": "resource-check", "peak_cuda_allocated_bytes": 3287252992, "current_cuda_allocated_bytes": 1563976704}
{"step": 15, "seconds": 0.4631090392358601, "loss": 8.975093841552734}
{"phase": "resource-check", "peak_cuda_allocated_bytes": 3287252992, "current_cuda_allocated_bytes": 1563976704}
{"step": 16, "seconds": 0.46016428573057055, "loss": 8.864566802978516}
{"phase": "resource-check", "peak_cuda_allocated_bytes": 3287252992, "current_cuda_allocated_bytes": 1563976704}
{"step": 17, "seconds": 0.4611490401439369, "loss": 9.326777458190918}
{"phase": "resource-check", "peak_cuda_allocated_bytes": 3287252992, "current_cuda_allocated_bytes": 1563976704}
{"step": 18, "seconds": 0.45599731616675854, "loss": 6.947940826416016}
{"phase": "resource-check", "peak_cuda_allocated_bytes": 3287252992, "current_cuda_allocated_bytes": 1563976704}
{"step": 19, "seconds": 0.4564146939665079, "loss": 10.592500686645508}
{"phase": "resource-check", "peak_cuda_allocated_bytes": 3287252992, "current_cuda_allocated_bytes": 1563976704}
{"step": 20, "seconds": 0.4565402418375015, "loss": 6.052387714385986}
{"phase": "resource-check", "peak_cuda_allocated_bytes": 3287252992, "current_cuda_allocated_bytes": 1563976704}
{"step": 21, "seconds": 0.4558869255706668, "loss": 6.463598728179932}
{"phase": "resource-check", "peak_cuda_allocated_bytes": 3287252992, "current_cuda_allocated_bytes": 1563976704}
{"step": 22, "seconds": 0.45938216894865036, "loss": 7.912054538726807}
{"phase": "resource-check", "peak_cuda_allocated_bytes": 3287252992, "current_cuda_allocated_bytes": 1563976704}
{"step": 23, "seconds": 0.45873760571703315, "loss": 9.250537872314453}
{"phase": "resource-check", "peak_cuda_allocated_bytes": 3287252992, "current_cuda_allocated_bytes": 1563976704}
{"step": 24, "seconds": 0.4587590419687331, "loss": 7.373744487762451}
{"phase": "resource-check", "peak_cuda_allocated_bytes": 3287252992, "current_cuda_allocated_bytes": 1563976704}
{"step": 25, "seconds": 0.4570561037398875, "loss": 6.101024150848389}
{"phase": "resource-check", "peak_cuda_allocated_bytes": 3287252992, "current_cuda_allocated_bytes": 1563976704}
{"step": 26, "seconds": 0.4591584950685501, "loss": 6.514683723449707}
{"phase": "resource-check", "peak_cuda_allocated_bytes": 3287252992, "current_cuda_allocated_bytes": 1563976704}
{"step": 27, "seconds": 0.4160559452138841, "loss": 4.394413471221924}
{"phase": "resource-check", "peak_cuda_allocated_bytes": 3287252992, "current_cuda_allocated_bytes": 1563976704}
{"step": 28, "seconds": 0.46076393919065595, "loss": 7.980098724365234}
{"phase": "resource-check", "peak_cuda_allocated_bytes": 3287252992, "current_cuda_allocated_bytes": 1563976704}
{"step": 29, "seconds": 0.4567538038827479, "loss": 6.52394962310791}
{"phase": "resource-check", "peak_cuda_allocated_bytes": 3287252992, "current_cuda_allocated_bytes": 1563976704}
{"step": 30, "seconds": 0.45901259826496243, "loss": 5.931811809539795}
{"phase": "resource-check", "peak_cuda_allocated_bytes": 3287252992, "current_cuda_allocated_bytes": 1563976704}
{"step": 31, "seconds": 0.45672672614455223, "loss": 5.859410762786865}
{"phase": "resource-check", "peak_cuda_allocated_bytes": 3287252992, "current_cuda_allocated_bytes": 1563976704}
{"step": 32, "seconds": 0.4601306621916592, "loss": 6.964019775390625}
{"phase": "resource-check", "peak_cuda_allocated_bytes": 3287252992, "current_cuda_allocated_bytes": 1563976704}
{"step": 33, "seconds": 0.45527809066697955, "loss": 7.453546047210693}
{"phase": "resource-check", "peak_cuda_allocated_bytes": 3287252992, "current_cuda_allocated_bytes": 1563976704}
{"step": 34, "seconds": 0.4581091906875372, "loss": 7.039983749389648}
{"phase": "resource-check", "peak_cuda_allocated_bytes": 3287252992, "current_cuda_allocated_bytes": 1563976704}
{"step": 35, "seconds": 0.459002950694412, "loss": 5.480315208435059}
{"phase": "resource-check", "peak_cuda_allocated_bytes": 3287252992, "current_cuda_allocated_bytes": 1563976704}
{"step": 36, "seconds": 0.45858541084453464, "loss": 7.8741655349731445}
{"phase": "resource-check", "peak_cuda_allocated_bytes": 3287252992, "current_cuda_allocated_bytes": 1563976704}
{"step": 37, "seconds": 0.45831643138080835, "loss": 8.353950500488281}
{"phase": "resource-check", "peak_cuda_allocated_bytes": 3287252992, "current_cuda_allocated_bytes": 1563976704}
{"step": 38, "seconds": 0.4583563320338726, "loss": 6.972611427307129}
{"phase": "resource-check", "peak_cuda_allocated_bytes": 3287252992, "current_cuda_allocated_bytes": 1563976704}
{"step": 39, "seconds": 0.45913892704993486, "loss": 6.352860927581787}
{"phase": "resource-check", "peak_cuda_allocated_bytes": 3287252992, "current_cuda_allocated_bytes": 1563976704}
{"step": 40, "seconds": 0.45796062937006354, "loss": 6.421541690826416}
{"phase": "resource-check", "peak_cuda_allocated_bytes": 3287252992, "current_cuda_allocated_bytes": 1563976704}
{"step": 41, "seconds": 0.46133992401883006, "loss": 6.951668739318848}
{"phase": "resource-check", "peak_cuda_allocated_bytes": 3287252992, "current_cuda_allocated_bytes": 1563976704}
{"step": 42, "seconds": 0.4126640069298446, "loss": 2.153071880340576}
{"phase": "resource-check", "peak_cuda_allocated_bytes": 3287252992, "current_cuda_allocated_bytes": 1563976704}
{"step": 43, "seconds": 0.41505819326266646, "loss": 4.135836601257324}
{"phase": "resource-check", "peak_cuda_allocated_bytes": 3287252992, "current_cuda_allocated_bytes": 1563976704}
{"step": 44, "seconds": 0.4586430392228067, "loss": 9.435432434082031}
{"phase": "resource-check", "peak_cuda_allocated_bytes": 3287252992, "current_cuda_allocated_bytes": 1563976704}
{"step": 45, "seconds": 0.45743490383028984, "loss": 6.621060371398926}
{"phase": "resource-check", "peak_cuda_allocated_bytes": 3287252992, "current_cuda_allocated_bytes": 1563976704}
{"step": 46, "seconds": 0.4576378930360079, "loss": 5.079761028289795}
{"phase": "resource-check", "peak_cuda_allocated_bytes": 3287252992, "current_cuda_allocated_bytes": 1563976704}
{"step": 47, "seconds": 0.4582215421833098, "loss": 6.8997015953063965}
{"phase": "resource-check", "peak_cuda_allocated_bytes": 3287252992, "current_cuda_allocated_bytes": 1563976704}
{"step": 48, "seconds": 0.45517997397109866, "loss": 3.9036459922790527}
{"phase": "resource-check", "peak_cuda_allocated_bytes": 3287252992, "current_cuda_allocated_bytes": 1563976704}
{"step": 49, "seconds": 0.4592311251908541, "loss": 5.456573486328125}
{"phase": "resource-check", "peak_cuda_allocated_bytes": 3287252992, "current_cuda_allocated_bytes": 1563976704}
{"step": 50, "seconds": 0.45717277796939015, "loss": 6.044689655303955}
{"phase": "resource-check", "peak_cuda_allocated_bytes": 3287252992, "current_cuda_allocated_bytes": 1563976704}
{"step": 51, "seconds": 0.41667826008051634, "loss": 2.542863130569458}
{"phase": "resource-check", "peak_cuda_allocated_bytes": 3287252992, "current_cuda_allocated_bytes": 1563976704}
{"step": 52, "seconds": 0.4600942749530077, "loss": 5.4364542961120605}
{"phase": "resource-check", "peak_cuda_allocated_bytes": 3287252992, "current_cuda_allocated_bytes": 1563976704}
{"step": 53, "seconds": 0.4612220018170774, "loss": 6.535179138183594}
{"phase": "resource-check", "peak_cuda_allocated_bytes": 3287252992, "current_cuda_allocated_bytes": 1563976704}
{"step": 54, "seconds": 0.4600354367867112, "loss": 6.858582496643066}
{"phase": "resource-check", "peak_cuda_allocated_bytes": 3287252992, "current_cuda_allocated_bytes": 1563976704}
{"step": 55, "seconds": 0.4597197361290455, "loss": 5.75753927230835}
{"phase": "resource-check", "peak_cuda_allocated_bytes": 3287252992, "current_cuda_allocated_bytes": 1563976704}
{"step": 56, "seconds": 0.45976706221699715, "loss": 6.4449052810668945}
{"phase": "resource-check", "peak_cuda_allocated_bytes": 3287252992, "current_cuda_allocated_bytes": 1563976704}
{"step": 57, "seconds": 0.4595446581952274, "loss": 9.244646072387695}
{"phase": "resource-check", "peak_cuda_allocated_bytes": 3287252992, "current_cuda_allocated_bytes": 1563976704}
{"step": 58, "seconds": 0.4586510518565774, "loss": 7.512106895446777}
{"phase": "resource-check", "peak_cuda_allocated_bytes": 3287252992, "current_cuda_allocated_bytes": 1563976704}
{"step": 59, "seconds": 0.459987408015877, "loss": 6.676965713500977}
{"phase": "resource-check", "peak_cuda_allocated_bytes": 3287252992, "current_cuda_allocated_bytes": 1563976704}
{"step": 60, "seconds": 0.4620632850565016, "loss": 6.9781999588012695}
{"phase": "resource-check", "peak_cuda_allocated_bytes": 3287252992, "current_cuda_allocated_bytes": 1563976704}
{"step": 61, "seconds": 0.4148943922482431, "loss": 3.558279037475586}
{"phase": "resource-check", "peak_cuda_allocated_bytes": 3287252992, "current_cuda_allocated_bytes": 1563976704}
{"step": 62, "seconds": 0.456939784809947, "loss": 6.355082035064697}
{"phase": "resource-check", "peak_cuda_allocated_bytes": 3287252992, "current_cuda_allocated_bytes": 1563976704}
{"step": 63, "seconds": 0.4575751000083983, "loss": 6.7151594161987305}
{"phase": "resource-check", "peak_cuda_allocated_bytes": 3287252992, "current_cuda_allocated_bytes": 1563976704}
{"step": 64, "seconds": 0.45964100817218423, "loss": 6.388269424438477}
{"phase": "resource-check", "peak_cuda_allocated_bytes": 3287252992, "current_cuda_allocated_bytes": 1563976704}
{"step": 65, "seconds": 0.4610052048228681, "loss": 8.123140335083008}
{"phase": "resource-check", "peak_cuda_allocated_bytes": 3287252992, "current_cuda_allocated_bytes": 1563976704}
{"step": 66, "seconds": 0.462163413874805, "loss": 6.933749675750732}
{"phase": "resource-check", "peak_cuda_allocated_bytes": 3287252992, "current_cuda_allocated_bytes": 1563976704}
{"step": 67, "seconds": 0.4607873111963272, "loss": 8.047507286071777}
{"phase": "resource-check", "peak_cuda_allocated_bytes": 3287252992, "current_cuda_allocated_bytes": 1563976704}
{"step": 68, "seconds": 0.456546472851187, "loss": 8.94041633605957}
{"phase": "resource-check", "peak_cuda_allocated_bytes": 3287252992, "current_cuda_allocated_bytes": 1563976704}
{"step": 69, "seconds": 0.45689996099099517, "loss": 5.161229610443115}
{"phase": "resource-check", "peak_cuda_allocated_bytes": 3287252992, "current_cuda_allocated_bytes": 1563976704}
{"step": 70, "seconds": 0.4569364390335977, "loss": 5.616469383239746}
{"phase": "resource-check", "peak_cuda_allocated_bytes": 3287252992, "current_cuda_allocated_bytes": 1563976704}
{"step": 71, "seconds": 0.4580596718005836, "loss": 6.373115539550781}
{"phase": "resource-check", "peak_cuda_allocated_bytes": 3287252992, "current_cuda_allocated_bytes": 1563976704}
{"step": 72, "seconds": 0.4599254708737135, "loss": 5.902799606323242}
{"phase": "resource-check", "peak_cuda_allocated_bytes": 3287252992, "current_cuda_allocated_bytes": 1563976704}
{"step": 73, "seconds": 0.45966013707220554, "loss": 5.102534770965576}
{"phase": "resource-check", "peak_cuda_allocated_bytes": 3287252992, "current_cuda_allocated_bytes": 1563976704}
{"step": 74, "seconds": 0.45791971404105425, "loss": 6.223788738250732}
{"phase": "resource-check", "peak_cuda_allocated_bytes": 3287252992, "current_cuda_allocated_bytes": 1563976704}
{"step": 75, "seconds": 0.45812343806028366, "loss": 7.516238212585449}
{"phase": "resource-check", "peak_cuda_allocated_bytes": 3287252992, "current_cuda_allocated_bytes": 1563976704}
{"step": 76, "seconds": 0.4118844890035689, "loss": 2.3352909088134766}
{"phase": "resource-check", "peak_cuda_allocated_bytes": 3287252992, "current_cuda_allocated_bytes": 1563976704}
{"step": 77, "seconds": 0.4133447469212115, "loss": 3.4719090461730957}
{"phase": "resource-check", "peak_cuda_allocated_bytes": 3287252992, "current_cuda_allocated_bytes": 1563976704}
{"step": 78, "seconds": 0.4584372420795262, "loss": 6.418615341186523}
{"phase": "resource-check", "peak_cuda_allocated_bytes": 3287252992, "current_cuda_allocated_bytes": 1563976704}
{"step": 79, "seconds": 0.45860940031707287, "loss": 6.905115127563477}
{"phase": "resource-check", "peak_cuda_allocated_bytes": 3287252992, "current_cuda_allocated_bytes": 1563976704}
{"step": 80, "seconds": 0.4580501951277256, "loss": 6.408736228942871}
{"phase": "resource-check", "peak_cuda_allocated_bytes": 3287252992, "current_cuda_allocated_bytes": 1563976704}
{"step": 81, "seconds": 0.4574458380229771, "loss": 4.874355792999268}
{"phase": "resource-check", "peak_cuda_allocated_bytes": 3287252992, "current_cuda_allocated_bytes": 1563976704}
{"step": 82, "seconds": 0.4628501939587295, "loss": 7.498785018920898}
{"phase": "resource-check", "peak_cuda_allocated_bytes": 3287252992, "current_cuda_allocated_bytes": 1563976704}
{"step": 83, "seconds": 0.4613635139539838, "loss": 6.182519912719727}
{"phase": "resource-check", "peak_cuda_allocated_bytes": 3287252992, "current_cuda_allocated_bytes": 1563976704}
{"step": 84, "seconds": 0.4576072860509157, "loss": 7.821201324462891}
{"phase": "resource-check", "peak_cuda_allocated_bytes": 3287252992, "current_cuda_allocated_bytes": 1563976704}
{"step": 85, "seconds": 0.458304600790143, "loss": 4.771376132965088}
{"phase": "resource-check", "peak_cuda_allocated_bytes": 3287252992, "current_cuda_allocated_bytes": 1563976704}
{"step": 86, "seconds": 0.4579788981936872, "loss": 7.452216625213623}
{"phase": "resource-check", "peak_cuda_allocated_bytes": 3287252992, "current_cuda_allocated_bytes": 1563976704}
{"step": 87, "seconds": 0.4545631562359631, "loss": 5.5821146965026855}
{"phase": "resource-check", "peak_cuda_allocated_bytes": 3287252992, "current_cuda_allocated_bytes": 1563976704}
{"step": 88, "seconds": 0.46025029569864273, "loss": 5.114498615264893}
{"phase": "resource-check", "peak_cuda_allocated_bytes": 3287252992, "current_cuda_allocated_bytes": 1563976704}
{"step": 89, "seconds": 0.4604952069930732, "loss": 8.595012664794922}
{"phase": "resource-check", "peak_cuda_allocated_bytes": 3287252992, "current_cuda_allocated_bytes": 1563976704}
{"step": 90, "seconds": 0.456559379119426, "loss": 8.131722450256348}
{"phase": "resource-check", "peak_cuda_allocated_bytes": 3287252992, "current_cuda_allocated_bytes": 1563976704}
{"step": 91, "seconds": 0.4602862731553614, "loss": 5.4005231857299805}
{"phase": "resource-check", "peak_cuda_allocated_bytes": 3287252992, "current_cuda_allocated_bytes": 1563976704}
{"step": 92, "seconds": 0.46009470196440816, "loss": 5.751521587371826}
{"phase": "resource-check", "peak_cuda_allocated_bytes": 3287252992, "current_cuda_allocated_bytes": 1563976704}
{"step": 93, "seconds": 0.46055543702095747, "loss": 5.723750114440918}
{"phase": "resource-check", "peak_cuda_allocated_bytes": 3287252992, "current_cuda_allocated_bytes": 1563976704}
{"step": 94, "seconds": 0.45602810475975275, "loss": 5.253199577331543}
{"phase": "resource-check", "peak_cuda_allocated_bytes": 3287252992, "current_cuda_allocated_bytes": 1563976704}
{"step": 95, "seconds": 0.46102988068014383, "loss": 6.87491512298584}
{"phase": "resource-check", "peak_cuda_allocated_bytes": 3287252992, "current_cuda_allocated_bytes": 1563976704}
{"step": 96, "seconds": 0.4610736407339573, "loss": 4.223604679107666}
{"phase": "resource-check", "peak_cuda_allocated_bytes": 3287252992, "current_cuda_allocated_bytes": 1563976704}
{"step": 97, "seconds": 0.4568160502240062, "loss": 4.930958271026611}
{"phase": "resource-check", "peak_cuda_allocated_bytes": 3287252992, "current_cuda_allocated_bytes": 1563976704}
{"step": 98, "seconds": 0.4601595210842788, "loss": 5.315450668334961}
{"phase": "resource-check", "peak_cuda_allocated_bytes": 3287252992, "current_cuda_allocated_bytes": 1563976704}
{"step": 99, "seconds": 0.4608300141990185, "loss": 5.039204120635986}
{"phase": "resource-check", "peak_cuda_allocated_bytes": 3287252992, "current_cuda_allocated_bytes": 1563976704}
{"step": 100, "seconds": 0.4581400500610471, "loss": 5.67740535736084}
{"phase": "resource-check", "peak_cuda_allocated_bytes": 3287252992, "current_cuda_allocated_bytes": 1409960448}
{"phase": "resource-check", "peak_cuda_allocated_bytes": 3809852928, "current_cuda_allocated_bytes": 2675688448}
{"phase": "strict-loaded-verified-batch", "peak_cuda_allocated_bytes": 3809852928, "current_cuda_allocated_bytes": 2675983360}
{"phase": "strict-loaded-verified-batch", "peak_cuda_allocated_bytes": 3809852928, "current_cuda_allocated_bytes": 2675983360}
{"phase": "strict-loaded-verified-batch", "peak_cuda_allocated_bytes": 3809852928, "current_cuda_allocated_bytes": 2675983360}
{"phase": "strict-loaded-verified-batch", "peak_cuda_allocated_bytes": 3809852928, "current_cuda_allocated_bytes": 2675983360}
{"phase": "strict-loaded-verified-batch", "peak_cuda_allocated_bytes": 3809852928, "current_cuda_allocated_bytes": 2675983360}
{"phase": "strict-loaded-verified-batch", "peak_cuda_allocated_bytes": 3809852928, "current_cuda_allocated_bytes": 2675983360}
{"phase": "strict-loaded-verified-batch", "peak_cuda_allocated_bytes": 3809852928, "current_cuda_allocated_bytes": 2675983360}
{"phase": "strict-loaded-verified-batch", "peak_cuda_allocated_bytes": 3809852928, "current_cuda_allocated_bytes": 2675983360}
{"phase": "strict-loaded-verified-batch", "peak_cuda_allocated_bytes": 3809852928, "current_cuda_allocated_bytes": 2675983360}
{"phase": "strict-loaded-verified-batch", "peak_cuda_allocated_bytes": 3809852928, "current_cuda_allocated_bytes": 2675983360}
{"phase": "strict-loaded-verified-batch", "peak_cuda_allocated_bytes": 3809852928, "current_cuda_allocated_bytes": 2675983360}
{"phase": "strict-loaded-verified-batch", "peak_cuda_allocated_bytes": 3809852928, "current_cuda_allocated_bytes": 2675983360}
{"phase": "strict-loaded-verified-batch", "peak_cuda_allocated_bytes": 3809852928, "current_cuda_allocated_bytes": 2675983360}
{"phase": "strict-loaded-verified-batch", "peak_cuda_allocated_bytes": 3809852928, "current_cuda_allocated_bytes": 2675983360}
{"phase": "strict-loaded-verified-batch", "peak_cuda_allocated_bytes": 3809852928, "current_cuda_allocated_bytes": 2675983360}
{"phase": "strict-loaded-verified-batch", "peak_cuda_allocated_bytes": 3809852928, "current_cuda_allocated_bytes": 2675983360}
{"phase": "strict-loaded-verified-batch", "peak_cuda_allocated_bytes": 3809852928, "current_cuda_allocated_bytes": 2675983360}
{"phase": "strict-loaded-verified-batch", "peak_cuda_allocated_bytes": 3809852928, "current_cuda_allocated_bytes": 2675983360}
{"phase": "strict-loaded-verified-batch", "peak_cuda_allocated_bytes": 3809852928, "current_cuda_allocated_bytes": 2675983360}
{"phase": "strict-loaded-verified-batch", "peak_cuda_allocated_bytes": 3809852928, "current_cuda_allocated_bytes": 2675983360}
{"phase": "strict-loaded-verified-batch", "peak_cuda_allocated_bytes": 3809852928, "current_cuda_allocated_bytes": 2675983360}
{"phase": "strict-loaded-verified-batch", "peak_cuda_allocated_bytes": 3809852928, "current_cuda_allocated_bytes": 2675983360}
{"phase": "strict-loaded-verified-batch", "peak_cuda_allocated_bytes": 3809852928, "current_cuda_allocated_bytes": 2675983360}
{"phase": "strict-loaded-verified-batch", "peak_cuda_allocated_bytes": 3809852928, "current_cuda_allocated_bytes": 2675983360}
{"phase": "strict-loaded-verified-batch", "peak_cuda_allocated_bytes": 3809852928, "current_cuda_allocated_bytes": 2675983360}
{"phase": "strict-loaded-verified-batch", "peak_cuda_allocated_bytes": 3809852928, "current_cuda_allocated_bytes": 2675983360}
{"phase": "strict-loaded-verified-batch", "peak_cuda_allocated_bytes": 3809852928, "current_cuda_allocated_bytes": 2675983360}
{"phase": "strict-loaded-verified-batch", "peak_cuda_allocated_bytes": 3809852928, "current_cuda_allocated_bytes": 2675983360}
{"phase": "strict-loaded-verified-batch", "peak_cuda_allocated_bytes": 3809852928, "current_cuda_allocated_bytes": 2675983360}
{"phase": "strict-loaded-verified-batch", "peak_cuda_allocated_bytes": 3809852928, "current_cuda_allocated_bytes": 2675983360}
{"phase": "strict-loaded-verified-batch", "peak_cuda_allocated_bytes": 3809852928, "current_cuda_allocated_bytes": 2675983360}
{"phase": "strict-loaded-verified-batch", "peak_cuda_allocated_bytes": 3809852928, "current_cuda_allocated_bytes": 2675983360}
{"phase": "strict-loaded-verified-batch", "peak_cuda_allocated_bytes": 3809852928, "current_cuda_allocated_bytes": 2675983360}
{"phase": "strict-loaded-verified-batch", "peak_cuda_allocated_bytes": 3809852928, "current_cuda_allocated_bytes": 2675983360}
{"phase": "strict-loaded-verified-batch", "peak_cuda_allocated_bytes": 3809852928, "current_cuda_allocated_bytes": 2675983360}
{"phase": "strict-loaded-verified-batch", "peak_cuda_allocated_bytes": 3809852928, "current_cuda_allocated_bytes": 2675983360}
{"phase": "strict-loaded-verified-batch", "peak_cuda_allocated_bytes": 3809852928, "current_cuda_allocated_bytes": 2675983360}
{"phase": "strict-loaded-verified-batch", "peak_cuda_allocated_bytes": 3809852928, "current_cuda_allocated_bytes": 2675983360}
{"phase": "strict-loaded-verified-batch", "peak_cuda_allocated_bytes": 3809852928, "current_cuda_allocated_bytes": 2675983360}
{"phase": "strict-loaded-verified-batch", "peak_cuda_allocated_bytes": 3809852928, "current_cuda_allocated_bytes": 2675983360}
{"phase": "strict-loaded-verified-batch", "peak_cuda_allocated_bytes": 3809852928, "current_cuda_allocated_bytes": 2675983360}
{"phase": "strict-loaded-verified-batch", "peak_cuda_allocated_bytes": 3809852928, "current_cuda_allocated_bytes": 2675983360}
{"phase": "strict-loaded-verified-batch", "peak_cuda_allocated_bytes": 3809852928, "current_cuda_allocated_bytes": 2675983360}
{"phase": "strict-loaded-verified-batch", "peak_cuda_allocated_bytes": 3809852928, "current_cuda_allocated_bytes": 2675983360}
{"phase": "strict-loaded-verified-batch", "peak_cuda_allocated_bytes": 3809852928, "current_cuda_allocated_bytes": 2675983360}
{"phase": "strict-loaded-verified-batch", "peak_cuda_allocated_bytes": 3809852928, "current_cuda_allocated_bytes": 2675983360}
{"phase": "strict-loaded-verified-batch", "peak_cuda_allocated_bytes": 3809852928, "current_cuda_allocated_bytes": 2675983360}
{"phase": "strict-loaded-verified-batch", "peak_cuda_allocated_bytes": 3809852928, "current_cuda_allocated_bytes": 2675983360}
{"phase": "strict-loaded-verified-batch", "peak_cuda_allocated_bytes": 3809852928, "current_cuda_allocated_bytes": 2675983360}
{"phase": "strict-loaded-verified-batch", "peak_cuda_allocated_bytes": 3809852928, "current_cuda_allocated_bytes": 2675983360}
{"phase": "strict-loaded-verified-batch", "peak_cuda_allocated_bytes": 3809852928, "current_cuda_allocated_bytes": 2675983360}
{"phase": "strict-loaded-verified-batch", "peak_cuda_allocated_bytes": 3809852928, "current_cuda_allocated_bytes": 2675983360}
{"phase": "strict-loaded-verified-batch", "peak_cuda_allocated_bytes": 3809852928, "current_cuda_allocated_bytes": 2675983360}
{"phase": "strict-loaded-verified-batch", "peak_cuda_allocated_bytes": 3809852928, "current_cuda_allocated_bytes": 2675983360}
{"phase": "strict-loaded-verified-batch", "peak_cuda_allocated_bytes": 3809852928, "current_cuda_allocated_bytes": 2675983360}
{"phase": "strict-loaded-verified-batch", "peak_cuda_allocated_bytes": 3809852928, "current_cuda_allocated_bytes": 2675983360}
{"phase": "strict-loaded-verified-batch", "peak_cuda_allocated_bytes": 3809852928, "current_cuda_allocated_bytes": 2675983360}
{"phase": "strict-loaded-verified-batch", "peak_cuda_allocated_bytes": 3809852928, "current_cuda_allocated_bytes": 2675983360}
{"phase": "strict-loaded-verified-batch", "peak_cuda_allocated_bytes": 3809852928, "current_cuda_allocated_bytes": 2675983360}
{"phase": "strict-loaded-verified-batch", "peak_cuda_allocated_bytes": 3809852928, "current_cuda_allocated_bytes": 2675983360}
{"phase": "strict-loaded-verified-batch", "peak_cuda_allocated_bytes": 3809852928, "current_cuda_allocated_bytes": 2675983360}
{"phase": "strict-loaded-verified-batch", "peak_cuda_allocated_bytes": 3809852928, "current_cuda_allocated_bytes": 2675983360}
{"phase": "strict-loaded-verified-batch", "peak_cuda_allocated_bytes": 3809852928, "current_cuda_allocated_bytes": 2675983360}
{"phase": "strict-loaded-verified-batch", "peak_cuda_allocated_bytes": 3809852928, "current_cuda_allocated_bytes": 2675983360}
{"phase": "strict-loaded-verified-batch", "peak_cuda_allocated_bytes": 3809852928, "current_cuda_allocated_bytes": 2675983360}
{"phase": "strict-loaded-verified-batch", "peak_cuda_allocated_bytes": 3809852928, "current_cuda_allocated_bytes": 2675983360}
{"phase": "strict-loaded-verified-batch", "peak_cuda_allocated_bytes": 3809852928, "current_cuda_allocated_bytes": 2675983360}
{"phase": "strict-loaded-verified-batch", "peak_cuda_allocated_bytes": 3809852928, "current_cuda_allocated_bytes": 2675983360}
{"phase": "strict-loaded-verified-batch", "peak_cuda_allocated_bytes": 3809852928, "current_cuda_allocated_bytes": 2675983360}
{"phase": "strict-loaded-verified-batch", "peak_cuda_allocated_bytes": 3809852928, "current_cuda_allocated_bytes": 2675983360}
{"phase": "strict-loaded-verified-batch", "peak_cuda_allocated_bytes": 3809852928, "current_cuda_allocated_bytes": 2675983360}
{"phase": "strict-loaded-verified-batch", "peak_cuda_allocated_bytes": 3809852928, "current_cuda_allocated_bytes": 2675983360}
{"phase": "strict-loaded-verified-batch", "peak_cuda_allocated_bytes": 3809852928, "current_cuda_allocated_bytes": 2675983360}
{"phase": "strict-loaded-verified-batch", "peak_cuda_allocated_bytes": 3809852928, "current_cuda_allocated_bytes": 2675983360}
{"phase": "strict-loaded-verified-batch", "peak_cuda_allocated_bytes": 3809852928, "current_cuda_allocated_bytes": 2675983360}
{"phase": "strict-loaded-verified-batch", "peak_cuda_allocated_bytes": 3809852928, "current_cuda_allocated_bytes": 2675983360}
{"phase": "strict-loaded-verified-batch", "peak_cuda_allocated_bytes": 3809852928, "current_cuda_allocated_bytes": 2675983360}
{"phase": "strict-loaded-verified-batch", "peak_cuda_allocated_bytes": 3809852928, "current_cuda_allocated_bytes": 2675983360}
{"phase": "strict-loaded-verified-batch", "peak_cuda_allocated_bytes": 3809852928, "current_cuda_allocated_bytes": 2675983360}
{"phase": "strict-loaded-verified-batch", "peak_cuda_allocated_bytes": 3809852928, "current_cuda_allocated_bytes": 2675983360}
{"phase": "strict-loaded-verified-batch", "peak_cuda_allocated_bytes": 3809852928, "current_cuda_allocated_bytes": 2675983360}
{"phase": "strict-loaded-verified-batch", "peak_cuda_allocated_bytes": 3809852928, "current_cuda_allocated_bytes": 2675983360}
{"phase": "strict-loaded-verified-batch", "peak_cuda_allocated_bytes": 3809852928, "current_cuda_allocated_bytes": 2675983360}
{"phase": "strict-loaded-verified-batch", "peak_cuda_allocated_bytes": 3809852928, "current_cuda_allocated_bytes": 2675983360}
{"phase": "strict-loaded-verified-batch", "peak_cuda_allocated_bytes": 3809852928, "current_cuda_allocated_bytes": 2675983360}
{"phase": "strict-loaded-verified-batch", "peak_cuda_allocated_bytes": 3809852928, "current_cuda_allocated_bytes": 2675983360}
{"phase": "strict-loaded-verified-batch", "peak_cuda_allocated_bytes": 3809852928, "current_cuda_allocated_bytes": 2675983360}
{"phase": "strict-loaded-verified-batch", "peak_cuda_allocated_bytes": 3809852928, "current_cuda_allocated_bytes": 2675983360}
{"phase": "strict-loaded-verified-batch", "peak_cuda_allocated_bytes": 3809852928, "current_cuda_allocated_bytes": 2675983360}
{"phase": "strict-loaded-verified-batch", "peak_cuda_allocated_bytes": 3809852928, "current_cuda_allocated_bytes": 2675983360}
{"phase": "strict-loaded-verified-batch", "peak_cuda_allocated_bytes": 3809852928, "current_cuda_allocated_bytes": 2675983360}
{"phase": "strict-loaded-verified-batch", "peak_cuda_allocated_bytes": 3809852928, "current_cuda_allocated_bytes": 2675983360}
{"phase": "strict-loaded-verified-batch", "peak_cuda_allocated_bytes": 3809852928, "current_cuda_allocated_bytes": 2675983360}
{"phase": "strict-loaded-verified-batch", "peak_cuda_allocated_bytes": 3809852928, "current_cuda_allocated_bytes": 2675983360}
{"phase": "strict-loaded-verified-batch", "peak_cuda_allocated_bytes": 3809852928, "current_cuda_allocated_bytes": 2675983360}
{"phase": "strict-loaded-verified-batch", "peak_cuda_allocated_bytes": 3809852928, "current_cuda_allocated_bytes": 2675983360}
{"phase": "strict-loaded-verified-batch", "peak_cuda_allocated_bytes": 3809852928, "current_cuda_allocated_bytes": 2675983360}
{"phase": "strict-loaded-verified-batch", "peak_cuda_allocated_bytes": 3809852928, "current_cuda_allocated_bytes": 2675983360}
{"phase": "strict-loaded-verified-batch", "peak_cuda_allocated_bytes": 3809852928, "current_cuda_allocated_bytes": 2675983360}
{"phase": "strict-loaded-verified-batch", "peak_cuda_allocated_bytes": 3809852928, "current_cuda_allocated_bytes": 2675983360}
{"phase": "strict-loaded-verified-batch", "peak_cuda_allocated_bytes": 3809852928, "current_cuda_allocated_bytes": 2675983360}
{"phase": "strict-loaded-verified-batch", "peak_cuda_allocated_bytes": 3809852928, "current_cuda_allocated_bytes": 2675983360}
{"phase": "strict-loaded-verified-batch", "peak_cuda_allocated_bytes": 3809852928, "current_cuda_allocated_bytes": 2675983360}
{"phase": "strict-loaded-verified-batch", "peak_cuda_allocated_bytes": 3809852928, "current_cuda_allocated_bytes": 2675983360}
{"phase": "strict-loaded-verified-batch", "peak_cuda_allocated_bytes": 3809852928, "current_cuda_allocated_bytes": 2675983360}
{"phase": "strict-loaded-verified-batch", "peak_cuda_allocated_bytes": 3809852928, "current_cuda_allocated_bytes": 2675983360}
{"phase": "strict-loaded-verified-batch", "peak_cuda_allocated_bytes": 3809852928, "current_cuda_allocated_bytes": 2675983360}
{"phase": "strict-loaded-verified-batch", "peak_cuda_allocated_bytes": 3809852928, "current_cuda_allocated_bytes": 2675983360}
{"phase": "strict-loaded-verified-batch", "peak_cuda_allocated_bytes": 3809852928, "current_cuda_allocated_bytes": 2675983360}
{"phase": "strict-loaded-verified-batch", "peak_cuda_allocated_bytes": 3809852928, "current_cuda_allocated_bytes": 2675983360}
{"phase": "strict-loaded-verified-batch", "peak_cuda_allocated_bytes": 3809852928, "current_cuda_allocated_bytes": 2675983360}
{"phase": "strict-loaded-verified-batch", "peak_cuda_allocated_bytes": 3809852928, "current_cuda_allocated_bytes": 2675983360}
{"phase": "strict-loaded-verified-batch", "peak_cuda_allocated_bytes": 3809852928, "current_cuda_allocated_bytes": 2675983360}
{"phase": "strict-loaded-verified-batch", "peak_cuda_allocated_bytes": 3809852928, "current_cuda_allocated_bytes": 2675983360}
{"phase": "strict-loaded-verified-batch", "peak_cuda_allocated_bytes": 3809852928, "current_cuda_allocated_bytes": 2675983360}
{"phase": "strict-loaded-verified-batch", "peak_cuda_allocated_bytes": 3809852928, "current_cuda_allocated_bytes": 2675983360}
{"phase": "strict-loaded-verified-batch", "peak_cuda_allocated_bytes": 3809852928, "current_cuda_allocated_bytes": 2675983360}
{"phase": "strict-loaded-verified-batch", "peak_cuda_allocated_bytes": 3809852928, "current_cuda_allocated_bytes": 2675983360}
{"phase": "strict-loaded-verified-batch", "peak_cuda_allocated_bytes": 3809852928, "current_cuda_allocated_bytes": 2675983360}
{"phase": "strict-loaded-verified-batch", "peak_cuda_allocated_bytes": 3809852928, "current_cuda_allocated_bytes": 2675983360}
{"phase": "strict-loaded-verified-batch", "peak_cuda_allocated_bytes": 3809852928, "current_cuda_allocated_bytes": 2675983360}
{"phase": "strict-loaded-verified-batch", "peak_cuda_allocated_bytes": 3809852928, "current_cuda_allocated_bytes": 2675983360}
{"phase": "strict-loaded-verified-batch", "peak_cuda_allocated_bytes": 3809852928, "current_cuda_allocated_bytes": 2675983360}
{"phase": "strict-loaded-verified-batch", "peak_cuda_allocated_bytes": 3809852928, "current_cuda_allocated_bytes": 2675983360}
{"phase": "strict-loaded-verified-batch", "peak_cuda_allocated_bytes": 3809852928, "current_cuda_allocated_bytes": 2675983360}
{"phase": "strict-loaded-verified-batch", "peak_cuda_allocated_bytes": 3809852928, "current_cuda_allocated_bytes": 2675983360}
{"phase": "strict-loaded-verified-batch", "peak_cuda_allocated_bytes": 3809852928, "current_cuda_allocated_bytes": 2675983360}
{"phase": "strict-loaded-verified-batch", "peak_cuda_allocated_bytes": 3809852928, "current_cuda_allocated_bytes": 2675983360}
{"phase": "strict-loaded-verified-batch", "peak_cuda_allocated_bytes": 3809852928, "current_cuda_allocated_bytes": 2675983360}
{"phase": "strict-loaded-verified-batch", "peak_cuda_allocated_bytes": 3809852928, "current_cuda_allocated_bytes": 2675983360}
{"phase": "strict-loaded-verified-batch", "peak_cuda_allocated_bytes": 3809852928, "current_cuda_allocated_bytes": 2675983360}
{"phase": "strict-loaded-verified-batch", "peak_cuda_allocated_bytes": 3809852928, "current_cuda_allocated_bytes": 2675983360}
{"phase": "strict-loaded-verified-batch", "peak_cuda_allocated_bytes": 3809852928, "current_cuda_allocated_bytes": 2675983360}
{"phase": "strict-loaded-verified-batch", "peak_cuda_allocated_bytes": 3809852928, "current_cuda_allocated_bytes": 2675983360}
{"phase": "strict-loaded-verified-batch", "peak_cuda_allocated_bytes": 3809852928, "current_cuda_allocated_bytes": 2675983360}
{"phase": "strict-loaded-verified-batch", "peak_cuda_allocated_bytes": 3809852928, "current_cuda_allocated_bytes": 2675983360}
{"phase": "strict-loaded-verified-batch", "peak_cuda_allocated_bytes": 3809852928, "current_cuda_allocated_bytes": 2675983360}
{"phase": "strict-loaded-verified-batch", "peak_cuda_allocated_bytes": 3809852928, "current_cuda_allocated_bytes": 2675983360}
{"phase": "strict-loaded-verified-batch", "peak_cuda_allocated_bytes": 3809852928, "current_cuda_allocated_bytes": 2675983360}
{"phase": "strict-loaded-verified-batch", "peak_cuda_allocated_bytes": 3809852928, "current_cuda_allocated_bytes": 2675983360}
{"phase": "strict-loaded-verified-batch", "peak_cuda_allocated_bytes": 3809852928, "current_cuda_allocated_bytes": 2675983360}
{"phase": "strict-loaded-verified-batch", "peak_cuda_allocated_bytes": 3809852928, "current_cuda_allocated_bytes": 2675983360}
{"phase": "strict-loaded-verified-batch", "peak_cuda_allocated_bytes": 3809852928, "current_cuda_allocated_bytes": 2675983360}
{"phase": "strict-loaded-verified-batch", "peak_cuda_allocated_bytes": 3809852928, "current_cuda_allocated_bytes": 2675983360}
{"phase": "strict-loaded-verified-batch", "peak_cuda_allocated_bytes": 3809852928, "current_cuda_allocated_bytes": 2675983360}
{"phase": "strict-loaded-verified-batch", "peak_cuda_allocated_bytes": 3809852928, "current_cuda_allocated_bytes": 2675983360}
{"phase": "strict-loaded-verified-batch", "peak_cuda_allocated_bytes": 3809852928, "current_cuda_allocated_bytes": 2675983360}
{"phase": "strict-loaded-verified-batch", "peak_cuda_allocated_bytes": 3809852928, "current_cuda_allocated_bytes": 2675983360}
{"phase": "strict-loaded-verified-batch", "peak_cuda_allocated_bytes": 3809852928, "current_cuda_allocated_bytes": 2675983360}
{"phase": "strict-loaded-verified-batch", "peak_cuda_allocated_bytes": 3809852928, "current_cuda_allocated_bytes": 2675983360}
{"phase": "strict-loaded-verified-batch", "peak_cuda_allocated_bytes": 3809852928, "current_cuda_allocated_bytes": 2675983360}
{"phase": "strict-loaded-verified-batch", "peak_cuda_allocated_bytes": 3809852928, "current_cuda_allocated_bytes": 2675983360}
{"phase": "strict-loaded-verified-batch", "peak_cuda_allocated_bytes": 3809852928, "current_cuda_allocated_bytes": 2675983360}
{"phase": "strict-loaded-verified-batch", "peak_cuda_allocated_bytes": 3809852928, "current_cuda_allocated_bytes": 2675983360}
{"phase": "strict-loaded-verified-batch", "peak_cuda_allocated_bytes": 3809852928, "current_cuda_allocated_bytes": 2675983360}
{"phase": "strict-loaded-verified-batch", "peak_cuda_allocated_bytes": 3809852928, "current_cuda_allocated_bytes": 2675983360}
{"phase": "strict-loaded-verified-batch", "peak_cuda_allocated_bytes": 3809852928, "current_cuda_allocated_bytes": 2675983360}
{"phase": "strict-loaded-verified-batch", "peak_cuda_allocated_bytes": 3809852928, "current_cuda_allocated_bytes": 2675983360}
{"phase": "strict-loaded-verified-batch", "peak_cuda_allocated_bytes": 3809852928, "current_cuda_allocated_bytes": 2675983360}
{"phase": "strict-loaded-verified-batch", "peak_cuda_allocated_bytes": 3809852928, "current_cuda_allocated_bytes": 2675983360}
{"phase": "strict-loaded-verified-batch", "peak_cuda_allocated_bytes": 3809852928, "current_cuda_allocated_bytes": 2675983360}
{"phase": "strict-loaded-verified-batch", "peak_cuda_allocated_bytes": 3809852928, "current_cuda_allocated_bytes": 2675983360}
{"phase": "strict-loaded-verified-batch", "peak_cuda_allocated_bytes": 3809852928, "current_cuda_allocated_bytes": 2675983360}
{"phase": "strict-loaded-verified-batch", "peak_cuda_allocated_bytes": 3809852928, "current_cuda_allocated_bytes": 2675983360}
{"phase": "strict-loaded-verified-batch", "peak_cuda_allocated_bytes": 3809852928, "current_cuda_allocated_bytes": 2675983360}
{"phase": "strict-loaded-verified-batch", "peak_cuda_allocated_bytes": 3809852928, "current_cuda_allocated_bytes": 2675983360}
{"phase": "strict-loaded-verified-batch", "peak_cuda_allocated_bytes": 3809852928, "current_cuda_allocated_bytes": 2675983360}
{"phase": "strict-loaded-verified-batch", "peak_cuda_allocated_bytes": 3809852928, "current_cuda_allocated_bytes": 2675983360}
{"phase": "strict-loaded-verified-batch", "peak_cuda_allocated_bytes": 3809852928, "current_cuda_allocated_bytes": 2675983360}
{"phase": "strict-loaded-verified-batch", "peak_cuda_allocated_bytes": 3809852928, "current_cuda_allocated_bytes": 2675983360}
{"phase": "strict-loaded-verified-batch", "peak_cuda_allocated_bytes": 3809852928, "current_cuda_allocated_bytes": 2675983360}
{"phase": "strict-loaded-verified-batch", "peak_cuda_allocated_bytes": 3809852928, "current_cuda_allocated_bytes": 2675983360}
{"phase": "strict-loaded-verified-batch", "peak_cuda_allocated_bytes": 3809852928, "current_cuda_allocated_bytes": 2675983360}
{"phase": "strict-loaded-verified-batch", "peak_cuda_allocated_bytes": 3809852928, "current_cuda_allocated_bytes": 2675983360}
{"phase": "strict-loaded-verified-batch", "peak_cuda_allocated_bytes": 3809852928, "current_cuda_allocated_bytes": 2675983360}
{"phase": "strict-loaded-verified-batch", "peak_cuda_allocated_bytes": 3809852928, "current_cuda_allocated_bytes": 2675983360}
{"phase": "strict-loaded-verified-batch", "peak_cuda_allocated_bytes": 3809852928, "current_cuda_allocated_bytes": 2675983360}
{"phase": "strict-loaded-verified-batch", "peak_cuda_allocated_bytes": 3809852928, "current_cuda_allocated_bytes": 2675983360}
{"phase": "strict-loaded-verified-batch", "peak_cuda_allocated_bytes": 3809852928, "current_cuda_allocated_bytes": 2675983360}
{"phase": "strict-loaded-verified-batch", "peak_cuda_allocated_bytes": 3809852928, "current_cuda_allocated_bytes": 2675983360}
{"phase": "strict-loaded-verified-batch", "peak_cuda_allocated_bytes": 3809852928, "current_cuda_allocated_bytes": 2675983360}
{"phase": "strict-loaded-verified-batch", "peak_cuda_allocated_bytes": 3809852928, "current_cuda_allocated_bytes": 2675983360}
{"phase": "strict-loaded-verified-batch", "peak_cuda_allocated_bytes": 3809852928, "current_cuda_allocated_bytes": 2675983360}
{"phase": "strict-loaded-verified-batch", "peak_cuda_allocated_bytes": 3809852928, "current_cuda_allocated_bytes": 2675983360}
{"phase": "strict-loaded-verified-batch", "peak_cuda_allocated_bytes": 3809852928, "current_cuda_allocated_bytes": 2675983360}
{"phase": "strict-loaded-verified-batch", "peak_cuda_allocated_bytes": 3809852928, "current_cuda_allocated_bytes": 2675983360}
{"phase": "strict-loaded-verified-batch", "peak_cuda_allocated_bytes": 3809852928, "current_cuda_allocated_bytes": 2675983360}
{"phase": "strict-loaded-verified-batch", "peak_cuda_allocated_bytes": 3809852928, "current_cuda_allocated_bytes": 2675983360}
{"phase": "strict-loaded-verified-batch", "peak_cuda_allocated_bytes": 3809852928, "current_cuda_allocated_bytes": 2675983360}
{"phase": "strict-loaded-verified-batch", "peak_cuda_allocated_bytes": 3809852928, "current_cuda_allocated_bytes": 2675983360}
{"phase": "strict-loaded-verified-batch", "peak_cuda_allocated_bytes": 3809852928, "current_cuda_allocated_bytes": 2675983360}
{"phase": "strict-loaded-verified-batch", "peak_cuda_allocated_bytes": 3809852928, "current_cuda_allocated_bytes": 2675983360}
{"phase": "strict-loaded-verified-batch", "peak_cuda_allocated_bytes": 3809852928, "current_cuda_allocated_bytes": 2675983360}
{"phase": "strict-loaded-verified-batch", "peak_cuda_allocated_bytes": 3809852928, "current_cuda_allocated_bytes": 2675983360}
{"phase": "strict-loaded-verified-batch", "peak_cuda_allocated_bytes": 3809852928, "current_cuda_allocated_bytes": 2675983360}
{"phase": "strict-loaded-verified-batch", "peak_cuda_allocated_bytes": 3809852928, "current_cuda_allocated_bytes": 2675983360}
{"phase": "strict-loaded-verified-batch", "peak_cuda_allocated_bytes": 3809852928, "current_cuda_allocated_bytes": 2675983360}
{"phase": "strict-loaded-verified-batch", "peak_cuda_allocated_bytes": 3809852928, "current_cuda_allocated_bytes": 2675983360}
{"phase": "strict-loaded-verified-batch", "peak_cuda_allocated_bytes": 3809852928, "current_cuda_allocated_bytes": 2675983360}
{"phase": "strict-loaded-verified-batch", "peak_cuda_allocated_bytes": 3809852928, "current_cuda_allocated_bytes": 2675983360}
{"phase": "strict-loaded-verified-batch", "peak_cuda_allocated_bytes": 3809852928, "current_cuda_allocated_bytes": 2675983360}
{"phase": "strict-loaded-verified-batch", "peak_cuda_allocated_bytes": 3809852928, "current_cuda_allocated_bytes": 2675983360}
{"phase": "strict-loaded-verified-batch", "peak_cuda_allocated_bytes": 3809852928, "current_cuda_allocated_bytes": 2675983360}
{"phase": "strict-loaded-verified-batch", "peak_cuda_allocated_bytes": 3809852928, "current_cuda_allocated_bytes": 2675983360}
{"phase": "strict-loaded-verified-batch", "peak_cuda_allocated_bytes": 3809852928, "current_cuda_allocated_bytes": 2675983360}
{"phase": "strict-loaded-verified-batch", "peak_cuda_allocated_bytes": 3809852928, "current_cuda_allocated_bytes": 2675983360}
{"phase": "strict-loaded-verified-batch", "peak_cuda_allocated_bytes": 3809852928, "current_cuda_allocated_bytes": 2675983360}
{"phase": "strict-loaded-verified-batch", "peak_cuda_allocated_bytes": 3809852928, "current_cuda_allocated_bytes": 2675983360}
{"phase": "strict-loaded-verified-batch", "peak_cuda_allocated_bytes": 3809852928, "current_cuda_allocated_bytes": 2675983360}
{"phase": "strict-loaded-verified-batch", "peak_cuda_allocated_bytes": 3809852928, "current_cuda_allocated_bytes": 2675983360}
{"phase": "strict-loaded-verified-batch", "peak_cuda_allocated_bytes": 3809852928, "current_cuda_allocated_bytes": 2675983360}
{"phase": "strict-loaded-verified-batch", "peak_cuda_allocated_bytes": 3809852928, "current_cuda_allocated_bytes": 2675983360}
{"phase": "strict-loaded-verified-batch", "peak_cuda_allocated_bytes": 3809852928, "current_cuda_allocated_bytes": 2675983360}
{"phase": "strict-loaded-verified-batch", "peak_cuda_allocated_bytes": 3809852928, "current_cuda_allocated_bytes": 2675983360}
{"phase": "strict-loaded-verified-batch", "peak_cuda_allocated_bytes": 3809852928, "current_cuda_allocated_bytes": 2675983360}
{"phase": "strict-loaded-verified-batch", "peak_cuda_allocated_bytes": 3809852928, "current_cuda_allocated_bytes": 2675983360}
{"phase": "strict-loaded-verified-batch", "peak_cuda_allocated_bytes": 3809852928, "current_cuda_allocated_bytes": 2675983360}
{"phase": "strict-loaded-verified-batch", "peak_cuda_allocated_bytes": 3809852928, "current_cuda_allocated_bytes": 2675983360}
{"phase": "strict-loaded-verified-batch", "peak_cuda_allocated_bytes": 3809852928, "current_cuda_allocated_bytes": 2675983360}
{"phase": "strict-loaded-verified-batch", "peak_cuda_allocated_bytes": 3809852928, "current_cuda_allocated_bytes": 2675983360}
{"phase": "strict-loaded-verified-batch", "peak_cuda_allocated_bytes": 3809852928, "current_cuda_allocated_bytes": 2675983360}
{"phase": "strict-loaded-verified-batch", "peak_cuda_allocated_bytes": 3809852928, "current_cuda_allocated_bytes": 2675983360}
{"phase": "strict-loaded-verified-batch", "peak_cuda_allocated_bytes": 3809852928, "current_cuda_allocated_bytes": 2675983360}
{"phase": "strict-loaded-verified-batch", "peak_cuda_allocated_bytes": 3809852928, "current_cuda_allocated_bytes": 2675983360}
{"phase": "strict-loaded-verified-batch", "peak_cuda_allocated_bytes": 3809852928, "current_cuda_allocated_bytes": 2675983360}
{"phase": "strict-loaded-verified-batch", "peak_cuda_allocated_bytes": 3809852928, "current_cuda_allocated_bytes": 2675983360}
{"phase": "strict-loaded-verified-batch", "peak_cuda_allocated_bytes": 3809852928, "current_cuda_allocated_bytes": 2675983360}
{"phase": "strict-loaded-verified-batch", "peak_cuda_allocated_bytes": 3809852928, "current_cuda_allocated_bytes": 2675983360}
{"phase": "strict-loaded-verified-batch", "peak_cuda_allocated_bytes": 3809852928, "current_cuda_allocated_bytes": 2675983360}
{"phase": "strict-loaded-verified-batch", "peak_cuda_allocated_bytes": 3809852928, "current_cuda_allocated_bytes": 2675983360}
{"phase": "strict-loaded-verified-batch", "peak_cuda_allocated_bytes": 3809852928, "current_cuda_allocated_bytes": 2675983360}
{"phase": "strict-loaded-verified-batch", "peak_cuda_allocated_bytes": 3809852928, "current_cuda_allocated_bytes": 2675983360}
{"phase": "strict-loaded-verified-batch", "peak_cuda_allocated_bytes": 3809852928, "current_cuda_allocated_bytes": 2675983360}
{"phase": "strict-loaded-verified-batch", "peak_cuda_allocated_bytes": 3809852928, "current_cuda_allocated_bytes": 2675983360}
{"phase": "strict-loaded-verified-batch", "peak_cuda_allocated_bytes": 3809852928, "current_cuda_allocated_bytes": 2675983360}
{"phase": "strict-loaded-verified-batch", "peak_cuda_allocated_bytes": 3809852928, "current_cuda_allocated_bytes": 2675983360}
{"phase": "strict-loaded-verified-batch", "peak_cuda_allocated_bytes": 3809852928, "current_cuda_allocated_bytes": 2675983360}
{"phase": "strict-loaded-verified-batch", "peak_cuda_allocated_bytes": 3809852928, "current_cuda_allocated_bytes": 2675983360}
{"phase": "strict-loaded-verified-batch", "peak_cuda_allocated_bytes": 3809852928, "current_cuda_allocated_bytes": 2675983360}
{"phase": "strict-loaded-verified-batch", "peak_cuda_allocated_bytes": 3809852928, "current_cuda_allocated_bytes": 2675983360}
{"phase": "strict-loaded-verified-batch", "peak_cuda_allocated_bytes": 3809852928, "current_cuda_allocated_bytes": 2675983360}
{"phase": "strict-loaded-verified-batch", "peak_cuda_allocated_bytes": 3809852928, "current_cuda_allocated_bytes": 2675983360}
{"phase": "strict-loaded-verified-batch", "peak_cuda_allocated_bytes": 3809852928, "current_cuda_allocated_bytes": 2675983360}
{"phase": "strict-loaded-verified-batch", "peak_cuda_allocated_bytes": 3809852928, "current_cuda_allocated_bytes": 2675983360}
{"phase": "strict-loaded-verified-batch", "peak_cuda_allocated_bytes": 3809852928, "current_cuda_allocated_bytes": 2675983360}
{"phase": "strict-loaded-verified-batch", "peak_cuda_allocated_bytes": 3809852928, "current_cuda_allocated_bytes": 2675983360}
{"phase": "strict-loaded-verified-batch", "peak_cuda_allocated_bytes": 3809852928, "current_cuda_allocated_bytes": 2675983360}
{"phase": "strict-loaded-verified-batch", "peak_cuda_allocated_bytes": 3809852928, "current_cuda_allocated_bytes": 2675983360}
{"phase": "strict-loaded-verified-batch", "peak_cuda_allocated_bytes": 3809852928, "current_cuda_allocated_bytes": 2675983360}
{"phase": "strict-loaded-verified-batch", "peak_cuda_allocated_bytes": 3809852928, "current_cuda_allocated_bytes": 2675983360}
{"phase": "strict-loaded-verified-batch", "peak_cuda_allocated_bytes": 3809852928, "current_cuda_allocated_bytes": 2675983360}
{"phase": "strict-loaded-verified-batch", "peak_cuda_allocated_bytes": 3809852928, "current_cuda_allocated_bytes": 2675983360}
{"phase": "strict-loaded-verified-batch", "peak_cuda_allocated_bytes": 3809852928, "current_cuda_allocated_bytes": 2675983360}
{"phase": "strict-loaded-verified-batch", "peak_cuda_allocated_bytes": 3809852928, "current_cuda_allocated_bytes": 2675983360}
{"phase": "strict-loaded-verified-batch", "peak_cuda_allocated_bytes": 3809852928, "current_cuda_allocated_bytes": 2675983360}
{"phase": "strict-loaded-verified-batch", "peak_cuda_allocated_bytes": 3809852928, "current_cuda_allocated_bytes": 2675983360}
{"phase": "strict-loaded-verified-batch", "peak_cuda_allocated_bytes": 3809852928, "current_cuda_allocated_bytes": 2675983360}
{"phase": "strict-loaded-verified-batch", "peak_cuda_allocated_bytes": 3809852928, "current_cuda_allocated_bytes": 2675983360}
{"phase": "strict-loaded-verified-batch", "peak_cuda_allocated_bytes": 3809852928, "current_cuda_allocated_bytes": 2675983360}
{"phase": "strict-loaded-verified-batch", "peak_cuda_allocated_bytes": 3809852928, "current_cuda_allocated_bytes": 2675983360}
{"phase": "strict-loaded-verified-batch", "peak_cuda_allocated_bytes": 3809852928, "current_cuda_allocated_bytes": 2675983360}
{"phase": "strict-loaded-verified-batch", "peak_cuda_allocated_bytes": 3809852928, "current_cuda_allocated_bytes": 2675983360}
{"phase": "strict-loaded-verified-batch", "peak_cuda_allocated_bytes": 3809852928, "current_cuda_allocated_bytes": 2675983360}
{"phase": "strict-loaded-verified-batch", "peak_cuda_allocated_bytes": 3809852928, "current_cuda_allocated_bytes": 2675983360}
{"phase": "strict-loaded-verified-batch", "peak_cuda_allocated_bytes": 3809852928, "current_cuda_allocated_bytes": 2675983360}
{"phase": "strict-loaded-verified-batch", "peak_cuda_allocated_bytes": 3809852928, "current_cuda_allocated_bytes": 2675983360}
{"phase": "strict-loaded-verified-batch", "peak_cuda_allocated_bytes": 3809852928, "current_cuda_allocated_bytes": 2675983360}
{"phase": "strict-loaded-verified-batch", "peak_cuda_allocated_bytes": 3809852928, "current_cuda_allocated_bytes": 2675983360}
{"phase": "strict-loaded-verified-batch", "peak_cuda_allocated_bytes": 3809852928, "current_cuda_allocated_bytes": 2675983360}
{"phase": "strict-loaded-verified-batch", "peak_cuda_allocated_bytes": 3809852928, "current_cuda_allocated_bytes": 2675983360}
{"phase": "strict-loaded-verified-batch", "peak_cuda_allocated_bytes": 3809852928, "current_cuda_allocated_bytes": 2675983360}
{"phase": "strict-loaded-verified-batch", "peak_cuda_allocated_bytes": 3809852928, "current_cuda_allocated_bytes": 2675983360}
{"phase": "strict-loaded-verified-batch", "peak_cuda_allocated_bytes": 3809852928, "current_cuda_allocated_bytes": 2675983360}
{"phase": "strict-loaded-verified-batch", "peak_cuda_allocated_bytes": 3809852928, "current_cuda_allocated_bytes": 2675983360}
{"phase": "strict-loaded-verified-batch", "peak_cuda_allocated_bytes": 3809852928, "current_cuda_allocated_bytes": 2675983360}
{"phase": "strict-loaded-verified-batch", "peak_cuda_allocated_bytes": 3809852928, "current_cuda_allocated_bytes": 2675983360}
{"phase": "strict-loaded-verified-batch", "peak_cuda_allocated_bytes": 3809852928, "current_cuda_allocated_bytes": 2675983360}
{"phase": "strict-loaded-verified-batch", "peak_cuda_allocated_bytes": 3809852928, "current_cuda_allocated_bytes": 2675983360}
{"phase": "strict-loaded-verified-batch", "peak_cuda_allocated_bytes": 3809852928, "current_cuda_allocated_bytes": 2675983360}
{"phase": "strict-loaded-verified-batch", "peak_cuda_allocated_bytes": 3809852928, "current_cuda_allocated_bytes": 2675983360}
{"phase": "strict-loaded-verified-batch", "peak_cuda_allocated_bytes": 3809852928, "current_cuda_allocated_bytes": 2675983360}
{"phase": "strict-loaded-verified-batch", "peak_cuda_allocated_bytes": 3809852928, "current_cuda_allocated_bytes": 2675983360}
{"phase": "strict-loaded-verified-batch", "peak_cuda_allocated_bytes": 3809852928, "current_cuda_allocated_bytes": 2675983360}
{"phase": "strict-loaded-verified-batch", "peak_cuda_allocated_bytes": 3809852928, "current_cuda_allocated_bytes": 2675983360}
{"phase": "strict-loaded-verified-batch", "peak_cuda_allocated_bytes": 3809852928, "current_cuda_allocated_bytes": 2675983360}
{"phase": "strict-loaded-verified-batch", "peak_cuda_allocated_bytes": 3809852928, "current_cuda_allocated_bytes": 2675983360}
{"phase": "strict-loaded-verified-batch", "peak_cuda_allocated_bytes": 3809852928, "current_cuda_allocated_bytes": 2675983360}
{"phase": "strict-loaded-verified-batch", "peak_cuda_allocated_bytes": 3809852928, "current_cuda_allocated_bytes": 2675983360}
{"phase": "strict-loaded-verified-batch", "peak_cuda_allocated_bytes": 3809852928, "current_cuda_allocated_bytes": 2675983360}
{"phase": "strict-loaded-verified-batch", "peak_cuda_allocated_bytes": 3809852928, "current_cuda_allocated_bytes": 2675983360}
{"phase": "strict-loaded-verified-batch", "peak_cuda_allocated_bytes": 3809852928, "current_cuda_allocated_bytes": 2675983360}
{"phase": "strict-loaded-verified-batch", "peak_cuda_allocated_bytes": 3809852928, "current_cuda_allocated_bytes": 2675983360}
{"phase": "strict-loaded-verified-batch", "peak_cuda_allocated_bytes": 3809852928, "current_cuda_allocated_bytes": 2675983360}
{"phase": "strict-loaded-verified-batch", "peak_cuda_allocated_bytes": 3809852928, "current_cuda_allocated_bytes": 2675983360}
{"phase": "strict-loaded-verified-batch", "peak_cuda_allocated_bytes": 3809852928, "current_cuda_allocated_bytes": 2675983360}
{"phase": "strict-loaded-verified-batch", "peak_cuda_allocated_bytes": 3809852928, "current_cuda_allocated_bytes": 2675983360}
{"phase": "strict-loaded-verified-batch", "peak_cuda_allocated_bytes": 3809852928, "current_cuda_allocated_bytes": 2675983360}
{"phase": "strict-loaded-verified-batch", "peak_cuda_allocated_bytes": 3809852928, "current_cuda_allocated_bytes": 2675983360}
{"phase": "strict-loaded-verified-batch", "peak_cuda_allocated_bytes": 3809852928, "current_cuda_allocated_bytes": 2675983360}
{"phase": "strict-loaded-verified-batch", "peak_cuda_allocated_bytes": 3809852928, "current_cuda_allocated_bytes": 2675983360}
{"phase": "strict-loaded-verified-batch", "peak_cuda_allocated_bytes": 3809852928, "current_cuda_allocated_bytes": 2675983360}
{"phase": "strict-loaded-verified-batch", "peak_cuda_allocated_bytes": 3809852928, "current_cuda_allocated_bytes": 2675983360}
{"phase": "strict-loaded-verified-batch", "peak_cuda_allocated_bytes": 3809852928, "current_cuda_allocated_bytes": 2675983360}
{"phase": "strict-loaded-verified-batch", "peak_cuda_allocated_bytes": 3809852928, "current_cuda_allocated_bytes": 2675983360}
{"phase": "strict-loaded-verified-batch", "peak_cuda_allocated_bytes": 3809852928, "current_cuda_allocated_bytes": 2675983360}
{"phase": "strict-loaded-verified-batch", "peak_cuda_allocated_bytes": 3809852928, "current_cuda_allocated_bytes": 2675983360}
{"phase": "strict-loaded-verified-batch", "peak_cuda_allocated_bytes": 3809852928, "current_cuda_allocated_bytes": 2675983360}
{"phase": "strict-loaded-verified-batch", "peak_cuda_allocated_bytes": 3809852928, "current_cuda_allocated_bytes": 2675983360}
{"phase": "strict-loaded-verified-batch", "peak_cuda_allocated_bytes": 3809852928, "current_cuda_allocated_bytes": 2675983360}
{"phase": "strict-loaded-verified-batch", "peak_cuda_allocated_bytes": 3809852928, "current_cuda_allocated_bytes": 2675983360}
{"phase": "strict-loaded-verified-batch", "peak_cuda_allocated_bytes": 3809852928, "current_cuda_allocated_bytes": 2675983360}
{"phase": "strict-loaded-verified-batch", "peak_cuda_allocated_bytes": 3809852928, "current_cuda_allocated_bytes": 2675983360}
{"phase": "strict-loaded-verified-batch", "peak_cuda_allocated_bytes": 3809852928, "current_cuda_allocated_bytes": 2675983360}
{"phase": "strict-loaded-verified-batch", "peak_cuda_allocated_bytes": 3809852928, "current_cuda_allocated_bytes": 2675983360}
{"phase": "strict-loaded-verified-batch", "peak_cuda_allocated_bytes": 3809852928, "current_cuda_allocated_bytes": 2675983360}
{"phase": "strict-loaded-verified-batch", "peak_cuda_allocated_bytes": 3809852928, "current_cuda_allocated_bytes": 2675983360}
{"phase": "strict-loaded-verified-batch", "peak_cuda_allocated_bytes": 3809852928, "current_cuda_allocated_bytes": 2675983360}
{"phase": "strict-loaded-verified-batch", "peak_cuda_allocated_bytes": 3809852928, "current_cuda_allocated_bytes": 2675983360}
{"phase": "strict-loaded-verified-batch", "peak_cuda_allocated_bytes": 3809852928, "current_cuda_allocated_bytes": 2675983360}
{"phase": "strict-loaded-verified-batch", "peak_cuda_allocated_bytes": 3809852928, "current_cuda_allocated_bytes": 2675983360}
{"phase": "strict-loaded-verified-batch", "peak_cuda_allocated_bytes": 3809852928, "current_cuda_allocated_bytes": 2675983360}
{"phase": "strict-loaded-verified-batch", "peak_cuda_allocated_bytes": 3809852928, "current_cuda_allocated_bytes": 2675983360}
{"phase": "strict-loaded-verified-batch", "peak_cuda_allocated_bytes": 3809852928, "current_cuda_allocated_bytes": 2675983360}
{"phase": "strict-loaded-verified-batch", "peak_cuda_allocated_bytes": 3809852928, "current_cuda_allocated_bytes": 2675983360}
{"phase": "strict-loaded-verified-batch", "peak_cuda_allocated_bytes": 3809852928, "current_cuda_allocated_bytes": 2675983360}
{"phase": "strict-loaded-verified-batch", "peak_cuda_allocated_bytes": 3809852928, "current_cuda_allocated_bytes": 2675983360}
{"phase": "strict-loaded-verified-batch", "peak_cuda_allocated_bytes": 3809852928, "current_cuda_allocated_bytes": 2675983360}
{"phase": "strict-loaded-verified-batch", "peak_cuda_allocated_bytes": 3809852928, "current_cuda_allocated_bytes": 2675983360}
{"phase": "strict-loaded-verified-batch", "peak_cuda_allocated_bytes": 3809852928, "current_cuda_allocated_bytes": 2675983360}
{"phase": "strict-loaded-verified-batch", "peak_cuda_allocated_bytes": 3809852928, "current_cuda_allocated_bytes": 2675983360}
{"phase": "strict-loaded-verified-batch", "peak_cuda_allocated_bytes": 3809852928, "current_cuda_allocated_bytes": 2675983360}
{"phase": "strict-loaded-verified-batch", "peak_cuda_allocated_bytes": 3809852928, "current_cuda_allocated_bytes": 2675983360}
{"phase": "strict-loaded-verified-batch", "peak_cuda_allocated_bytes": 3809852928, "current_cuda_allocated_bytes": 2675983360}
{"phase": "strict-loaded-verified-batch", "peak_cuda_allocated_bytes": 3809852928, "current_cuda_allocated_bytes": 2675983360}
{"phase": "strict-loaded-verified-batch", "peak_cuda_allocated_bytes": 3809852928, "current_cuda_allocated_bytes": 2675983360}
{"phase": "strict-loaded-verified-batch", "peak_cuda_allocated_bytes": 3809852928, "current_cuda_allocated_bytes": 2675983360}
{"phase": "strict-loaded-verified-batch", "peak_cuda_allocated_bytes": 3809852928, "current_cuda_allocated_bytes": 2675983360}
{"phase": "strict-loaded-verified-batch", "peak_cuda_allocated_bytes": 3809852928, "current_cuda_allocated_bytes": 2675983360}
{"phase": "strict-loaded-verified-batch", "peak_cuda_allocated_bytes": 3809852928, "current_cuda_allocated_bytes": 2675983360}
{"phase": "strict-loaded-verified-batch", "peak_cuda_allocated_bytes": 3809852928, "current_cuda_allocated_bytes": 2675983360}
{"phase": "strict-loaded-verified-batch", "peak_cuda_allocated_bytes": 3809852928, "current_cuda_allocated_bytes": 2675983360}
{"phase": "strict-loaded-verified-batch", "peak_cuda_allocated_bytes": 3809852928, "current_cuda_allocated_bytes": 2675983360}
{"phase": "strict-loaded-verified-batch", "peak_cuda_allocated_bytes": 3809852928, "current_cuda_allocated_bytes": 2675983360}
{"phase": "strict-loaded-verified-batch", "peak_cuda_allocated_bytes": 3809852928, "current_cuda_allocated_bytes": 2675983360}
{"phase": "strict-loaded-verified-batch", "peak_cuda_allocated_bytes": 3809852928, "current_cuda_allocated_bytes": 2675983360}
{"phase": "strict-loaded-verified-batch", "peak_cuda_allocated_bytes": 3809852928, "current_cuda_allocated_bytes": 2675983360}
{"phase": "strict-loaded-verified-batch", "peak_cuda_allocated_bytes": 3809852928, "current_cuda_allocated_bytes": 2675983360}
{"phase": "strict-loaded-verified-batch", "peak_cuda_allocated_bytes": 3809852928, "current_cuda_allocated_bytes": 2675983360}
{"phase": "strict-loaded-verified-batch", "peak_cuda_allocated_bytes": 3809852928, "current_cuda_allocated_bytes": 2675983360}
{"phase": "strict-loaded-verified-batch", "peak_cuda_allocated_bytes": 3809852928, "current_cuda_allocated_bytes": 2675983360}
{"phase": "strict-loaded-verified-batch", "peak_cuda_allocated_bytes": 3809852928, "current_cuda_allocated_bytes": 2675983360}
{"phase": "strict-loaded-verified-batch", "peak_cuda_allocated_bytes": 3809852928, "current_cuda_allocated_bytes": 2675983360}
{"phase": "strict-loaded-verified-batch", "peak_cuda_allocated_bytes": 3809852928, "current_cuda_allocated_bytes": 2675983360}
{"phase": "strict-loaded-verified-batch", "peak_cuda_allocated_bytes": 3809852928, "current_cuda_allocated_bytes": 2675983360}
{"phase": "strict-loaded-verified-batch", "peak_cuda_allocated_bytes": 3809852928, "current_cuda_allocated_bytes": 2675983360}
{"phase": "strict-loaded-verified-batch", "peak_cuda_allocated_bytes": 3809852928, "current_cuda_allocated_bytes": 2675983360}
{"phase": "strict-loaded-verified-batch", "peak_cuda_allocated_bytes": 3809852928, "current_cuda_allocated_bytes": 2675983360}
{"phase": "strict-loaded-verified-batch", "peak_cuda_allocated_bytes": 3809852928, "current_cuda_allocated_bytes": 2675983360}
{"phase": "strict-loaded-verified-batch", "peak_cuda_allocated_bytes": 3809852928, "current_cuda_allocated_bytes": 2675983360}
{"phase": "strict-loaded-verified-batch", "peak_cuda_allocated_bytes": 3809852928, "current_cuda_allocated_bytes": 2675983360}
{"phase": "strict-loaded-verified-batch", "peak_cuda_allocated_bytes": 3809852928, "current_cuda_allocated_bytes": 2675983360}
{"phase": "strict-loaded-verified-batch", "peak_cuda_allocated_bytes": 3809852928, "current_cuda_allocated_bytes": 2675983360}
{"phase": "strict-loaded-verified-batch", "peak_cuda_allocated_bytes": 3809852928, "current_cuda_allocated_bytes": 2675983360}
{"phase": "strict-loaded-verified-batch", "peak_cuda_allocated_bytes": 3809852928, "current_cuda_allocated_bytes": 2675983360}
{"phase": "strict-loaded-verified-batch", "peak_cuda_allocated_bytes": 3809852928, "current_cuda_allocated_bytes": 2675983360}
{"phase": "strict-loaded-verified-batch", "peak_cuda_allocated_bytes": 3809852928, "current_cuda_allocated_bytes": 2675983360}
{"phase": "strict-loaded-verified-batch", "peak_cuda_allocated_bytes": 3809852928, "current_cuda_allocated_bytes": 2675983360}
{"phase": "strict-loaded-verified-batch", "peak_cuda_allocated_bytes": 3809852928, "current_cuda_allocated_bytes": 2675983360}
{"phase": "strict-loaded-verified-batch", "peak_cuda_allocated_bytes": 3809852928, "current_cuda_allocated_bytes": 2675983360}
{"phase": "strict-loaded-verified-batch", "peak_cuda_allocated_bytes": 3809852928, "current_cuda_allocated_bytes": 2675983360}
{"phase": "strict-loaded-verified-batch", "peak_cuda_allocated_bytes": 3809852928, "current_cuda_allocated_bytes": 2675983360}
{"phase": "strict-loaded-verified-batch", "peak_cuda_allocated_bytes": 3809852928, "current_cuda_allocated_bytes": 2675983360}
{"phase": "strict-loaded-verified-batch", "peak_cuda_allocated_bytes": 3809852928, "current_cuda_allocated_bytes": 2675983360}
Finished with result: timeout
Main processes terminated with: code=killed/status=TERM
Service runtime: 4min 59.602s
CPU time consumed: 5min 35.750s
Memory peak: 4.8G
Memory swap peak: 0B
