/home/riomus/runs/sfora-identity-diversity-path-diagnostic-v1-command.sh: OK
Running as unit: sfora-identity-diversity-path-diagnostic-v1.service; invocation ID: 519fa2c96a0047b7b598c9a6b909776b
/home/riomus/runs/sfora-identity-diversity-path-diagnostic-v1.py: OK
{"schema": "diversity-canonical-path-observation-v1", "path": "/home/riomus/datasets/inshop_official_standard/Img/img/WOMEN/Dresses/id_00000002/02_1_front.jpg", "exception": "canonical regular file required", "file": "/home/riomus/runs/sfora-so400-identity-diversity-view-source-v1/export_siglip2_identity_diversity_views.py", "line": 115, "stack": [{"file": "/home/riomus/runs/sfora-identity-diversity-path-diagnostic-v1.py", "line": 28, "name": "<module>"}, {"file": "/home/riomus/runs/sfora-so400-identity-diversity-view-source-v1/export_siglip2_identity_diversity_views.py", "line": 622, "name": "authority"}, {"file": "/home/riomus/runs/sfora-so400-identity-diversity-view-source-v1/export_siglip2_identity_diversity_views.py", "line": 587, "name": "admit_scope"}, {"file": "/home/riomus/runs/sfora-so400-identity-diversity-view-source-v1/export_siglip2_identity_diversity_views.py", "line": 551, "name": "resolve_scope_images"}, {"file": "/home/riomus/runs/sfora-so400-identity-diversity-view-source-v1/export_siglip2_identity_diversity_views.py", "line": 115, "name": "canonical"}], "qualification_eligible": false}
Traceback (most recent call last):
  File "/home/riomus/runs/sfora-identity-diversity-path-diagnostic-v1.py", line 28, in <module>
    context = driver.authority(args)
  File "/home/riomus/runs/sfora-so400-identity-diversity-view-source-v1/export_siglip2_identity_diversity_views.py", line 622, in authority
    selected = admit_scope(launch, prior, partition, args.arm, guards)
  File "/home/riomus/runs/sfora-so400-identity-diversity-view-source-v1/export_siglip2_identity_diversity_views.py", line 587, in admit_scope
    selected['resolved_paths'] = resolve_scope_images(selected, prior['fit']['dataset_root'], guards)
                                 ~~~~~~~~~~~~~~~~~~~~^^^^^^^^^^^^^^^^^^^^^^^^^^^^^^^^^^^^^^^^^^^^^^^^
  File "/home/riomus/runs/sfora-so400-identity-diversity-view-source-v1/export_siglip2_identity_diversity_views.py", line 551, in resolve_scope_images
    path = canonical(root / relative)
  File "/home/riomus/runs/sfora-so400-identity-diversity-view-source-v1/export_siglip2_identity_diversity_views.py", line 115, in canonical
    require(path.is_absolute() and path.resolve() == path and path.is_file(), 'canonical regular file required')
    ~~~~~~~^^^^^^^^^^^^^^^^^^^^^^^^^^^^^^^^^^^^^^^^^^^^^^^^^^^^^^^^^^^^^^^^^^^^^^^^^^^^^^^^^^^^^^^^^^^^^^^^^^^^^
  File "/home/riomus/runs/sfora-so400-identity-diversity-view-source-v1/export_siglip2_identity_diversity_views.py", line 110, in require
    raise ValueError(message)
ValueError: canonical regular file required
FINAL_CGROUP {"command_exit_status": 1, "invocation_id": "519fa2c96a0047b7b598c9a6b909776b", "path": "/sys/fs/cgroup/user.slice/user-1000.slice/user@1000.service/app.slice/sfora-identity-diversity-path-diagnostic-v1.service", "values": {"memory.current": "20951040", "memory.events": "low 0\nhigh 0\nmax 0\noom 0\noom_kill 0\noom_group_kill 0", "memory.max": "8589934592", "memory.peak": "131801088", "memory.stat": "anon 5976064\nfile 12861440\nkernel 819200\nkernel_stack 65536\npagetables 573440\nsec_pagetables 0\npercpu 2112\nsock 0\nvmalloc 0\nshmem 0\nzswap 0\nzswapped 0\nfile_mapped 0\nfile_dirty 0\nfile_writeback 0\nswapcached 0\nanon_thp 0\nfile_thp 0\nshmem_thp 0\ninactive_anon 0\nactive_anon 5865472\ninactive_file 12595200\nactive_file 266240\nunevictable 0\nslab_reclaimable 44552\nslab_unreclaimable 119464\nslab 164016\nworkingset_refault_anon 0\nworkingset_refault_file 0\nworkingset_activate_anon 0\nworkingset_activate_file 0\nworkingset_restore_anon 0\nworkingset_restore_file 0\nworkingset_nodereclaim 0\npgdemote_kswapd 0\npgdemote_direct 0\npgdemote_khugepaged 0\npgdemote_proactive 0\npgpromote_success 0\npgscan 0\npgsteal 0\npswpin 0\npswpout 0\npgscan_kswapd 0\npgscan_direct 0\npgscan_khugepaged 0\npgscan_proactive 0\npgsteal_kswapd 0\npgsteal_direct 0\npgsteal_khugepaged 0\npgsteal_proactive 0\npgfault 43212\npgmajfault 10\npgrefill 0\npgactivate 0\npgdeactivate 0\npglazyfree 0\npglazyfreed 0\nswpin_zero 0\nswpout_zero 0\nzswpin 0\nzswpout 0\nzswpwb 0\nthp_fault_alloc 0\nthp_collapse_alloc 0\nthp_swpout 0\nthp_swpout_fallback 0\nnuma_pages_migrated 0\nnuma_pte_updates 0\nnuma_hint_faults 0", "memory.swap.current": "0", "memory.swap.max": "0", "memory.swap.peak": "0"}}
Command exited with non-zero status 1
	Command being timed: "/bin/bash /home/riomus/runs/sfora-identity-diversity-path-diagnostic-v1-command.sh"
	User time (seconds): 6.28
	System time (seconds): 1.24
	Percent of CPU this job got: 31%
	Elapsed (wall clock) time (h:mm:ss or m:ss): 0:24.23
	Average shared text size (kbytes): 0
	Average unshared data size (kbytes): 0
	Average stack size (kbytes): 0
	Average total size (kbytes): 0
	Maximum resident set size (kbytes): 126128
	Average resident set size (kbytes): 0
	Major (requiring I/O) page faults: 8
	Minor (reclaiming a frame) page faults: 43034
	Voluntary context switches: 56053
	Involuntary context switches: 48
	Swaps: 0
	File system inputs: 21465288
	File system outputs: 8
	Socket messages sent: 0
	Socket messages received: 0
	Signals delivered: 0
	Page size (bytes): 4096
	Exit status: 1
STOP_CGROUP {"exit_code": "exited", "exit_status": "1", "invocation_id": "519fa2c96a0047b7b598c9a6b909776b", "path": "/sys/fs/cgroup/user.slice/user-1000.slice/user@1000.service/app.slice/sfora-identity-diversity-path-diagnostic-v1.service", "service_result": "exit-code", "values": {"memory.current": "19787776", "memory.events": "low 0\nhigh 0\nmax 0\noom 0\noom_kill 0\noom_group_kill 0", "memory.max": "8589934592", "memory.peak": "131801088", "memory.stat": "anon 5419008\nfile 12865536\nkernel 217088\nkernel_stack 0\npagetables 106496\nsec_pagetables 0\npercpu 1760\nsock 0\nvmalloc 0\nshmem 0\nzswap 0\nzswapped 0\nfile_mapped 0\nfile_dirty 4096\nfile_writeback 0\nswapcached 0\nanon_thp 0\nfile_thp 0\nshmem_thp 0\ninactive_anon 0\nactive_anon 5386240\ninactive_file 12595200\nactive_file 266240\nunevictable 0\nslab_reclaimable 48944\nslab_unreclaimable 58240\nslab 107184\nworkingset_refault_anon 0\nworkingset_refault_file 0\nworkingset_activate_anon 0\nworkingset_activate_file 0\nworkingset_restore_anon 0\nworkingset_restore_file 0\nworkingset_nodereclaim 0\npgdemote_kswapd 0\npgdemote_direct 0\npgdemote_khugepaged 0\npgdemote_proactive 0\npgpromote_success 0\npgscan 0\npgsteal 0\npswpin 0\npswpout 0\npgscan_kswapd 0\npgscan_direct 0\npgscan_khugepaged 0\npgscan_proactive 0\npgsteal_kswapd 0\npgsteal_direct 0\npgsteal_khugepaged 0\npgsteal_proactive 0\npgfault 44726\npgmajfault 10\npgrefill 0\npgactivate 0\npgdeactivate 0\npglazyfree 0\npglazyfreed 0\nswpin_zero 0\nswpout_zero 0\nzswpin 0\nzswpout 0\nzswpwb 0\nthp_fault_alloc 0\nthp_collapse_alloc 0\nthp_swpout 0\nthp_swpout_fallback 0\nnuma_pages_migrated 0\nnuma_pte_updates 0\nnuma_hint_faults 0", "memory.swap.current": "0", "memory.swap.max": "0", "memory.swap.peak": "0"}}
Finished with result: exit-code
Main processes terminated with: code=exited/status=1
Service runtime: 24.270s
CPU time consumed: 7.552s
Memory peak: 125.6M
Memory swap peak: 0B
