.............................
----------------------------------------------------------------------
Ran 29 tests in 41.749s

OK
	Command being timed: "timeout 120 python3 scripts/test_siglip2_compact_ranking.py"
	User time (seconds): 31.07
	System time (seconds): 6.18
	Percent of CPU this job got: 88%
	Elapsed (wall clock) time (h:mm:ss or m:ss): 0:42.23
	Average shared text size (kbytes): 0
	Average unshared data size (kbytes): 0
	Average stack size (kbytes): 0
	Average total size (kbytes): 0
	Maximum resident set size (kbytes): 170664
	Average resident set size (kbytes): 0
	Major (requiring I/O) page faults: 2
	Minor (reclaiming a frame) page faults: 66377
	Voluntary context switches: 3941
	Involuntary context switches: 5768
	Swaps: 0
	File system inputs: 156128
	File system outputs: 992
	Socket messages sent: 0
	Socket messages received: 0
	Signals delivered: 0
	Page size (bytes): 4096
	Exit status: 0
