/home/riomus/runs/sfora-so400-nearest-ranking-current-bytes-native-source-v2/launch.sh: OK
/home/riomus/runs/sfora-so400-nearest-ranking-current-bytes-native-source-v2/command.sh: OK
Running as unit: sfora-so400-nearest-ranking-current-bytes-native-v2.service; invocation ID: a3b49425dfdc42469fdc718843c74b3b
/home/riomus/runs/sfora-so400-nearest-ranking-current-bytes-native-source-v2/execution.json: OK
/home/riomus/runs/sfora-so400-nearest-ranking-current-bytes-native-source-v2/authority.json: OK
/home/riomus/runs/sfora-so400-nearest-ranking-current-bytes-native-source-v2/compare_nearest_ranking_current_bytes.py: OK
/home/riomus/runs/sfora-so400-nearest-ranking-current-bytes-native-source-v2/test_compare_nearest_ranking_current_bytes.py: OK
/home/riomus/runs/sfora-so400-nearest-ranking-cpu-v4/receipt.json: OK
/home/riomus/runs/sfora-so400-nearest-ranking-train-source-v4/cpu-v4.log: OK
/home/riomus/.local/share/uv/python/cpython-3.13.9-linux-aarch64-gnu/bin/python3.13: OK
/home/riomus/runs/sfora-native256-initialized-cpu-final-footer-v1.py: OK
/home/riomus/runs/sfora-native256-stop-cgroup-footer-v1.py: OK
/home/riomus/runs/sfora-so400-nearest-ranking-train-source-v4/authority-cpu-v4.json: OK
/home/riomus/runs/sfora-so400-nearest-ranking-train-source-v4/execution.json: OK
/home/riomus/runs/sfora-so400-nearest-ranking-train-source-v4/nearest_ranking_readout.py: OK
/home/riomus/runs/sfora-so400-nearest-ranking-train-source-v4/test_siglip2_nearest_ranking.py: OK
/home/riomus/runs/sfora-so400-nearest-ranking-train-source-v4/train_siglip2_nearest_ranking.py: OK
/home/riomus/runs/sfora-so400-signed-concat-fit-concat-v1/receipt.json: OK
/home/riomus/runs/sfora-so400-signed-concat-fit-concat-v1/resume.pt: OK
/home/riomus/runs/sfora-so400-signed-concat-fit-source-v2/authority-fit-concat-v1.json: OK
/home/riomus/runs/sfora-so400-signed-concat-fit-source-v2/execution.json: OK
/home/riomus/runs/sfora-so400-signed-concat-fit-source-v2/fit-concat-v1.log: OK
/home/riomus/runs/sfora-so400-signed-concat-fit-source-v2/fit_siglip2_prototype_residual.py: OK
/home/riomus/runs/sfora-so400-signed-concat-fit-source-v2/prototype_residual_readout.py: OK
/home/riomus/runs/sfora-so400-signed-concat-fit-source-v2/test_siglip2_prototype_residual.py: OK
{"event": "NEAREST_PHASE", "phase": "accepted_payload_admission", "boundary": "begin", "seconds": 76.20253351517022}
{"event": "NEAREST_PHASE", "phase": "target_construction", "boundary": "begin", "seconds": 76.60387551644817}
{"event": "NEAREST_PHASE", "phase": "target_construction", "boundary": "end", "delta_seconds": 0.11538752960041165, "seconds": 76.71926696645096}
{"event": "NEAREST_PHASE", "phase": "accepted_payload_admission", "boundary": "end", "delta_seconds": 0.8089175042696297, "seconds": 77.01145674707368}
{"event": "NEAREST_PHASE", "phase": "target_construction", "boundary": "begin", "seconds": 77.0115222344175}
{"event": "NEAREST_PHASE", "phase": "target_construction", "boundary": "end", "delta_seconds": 4.832778257783502, "seconds": 81.8443029243499}
{"event": "NEAREST_PHASE", "phase": "source_construction", "boundary": "begin", "seconds": 91.69517084211111}
{"boundary": "begin", "cgroup": {"path": "/sys/fs/cgroup/user.slice/user-1000.slice/user@1000.service/app.slice/sfora-so400-nearest-ranking-current-bytes-native-v2.service", "values": {"memory.current": "1219883008", "memory.events": "low 0\nhigh 0\nmax 0\noom 0\noom_kill 0\noom_group_kill 0", "memory.max": "8589934592", "memory.peak": "1221836800", "memory.stat": "anon 653283328\nfile 517701632\nkernel 38359040\nkernel_stack 311296\npagetables 3448832\nsec_pagetables 0\npercpu 1760\nsock 0\nvmalloc 0\nshmem 0\nzswap 0\nzswapped 0\nfile_mapped 326074368\nfile_dirty 12288\nfile_writeback 0\nswapcached 0\nanon_thp 88080384\nfile_thp 0\nshmem_thp 0\ninactive_anon 0\nactive_anon 661274624\ninactive_file 143937536\nactive_file 373764096\nunevictable 0\nslab_reclaimable 34025472\nslab_unreclaimable 554072\nslab 34579544\nworkingset_refault_anon 0\nworkingset_refault_file 0\nworkingset_activate_anon 0\nworkingset_activate_file 0\nworkingset_restore_anon 0\nworkingset_restore_file 0\nworkingset_nodereclaim 0\npgdemote_kswapd 0\npgdemote_direct 0\npgdemote_khugepaged 0\npgdemote_proactive 0\npgpromote_success 0\npgscan 0\npgsteal 0\npswpin 0\npswpout 0\npgscan_kswapd 0\npgscan_direct 0\npgscan_khugepaged 0\npgscan_proactive 0\npgsteal_kswapd 0\npgsteal_direct 0\npgsteal_khugepaged 0\npgsteal_proactive 0\npgfault 290061\npgmajfault 3430\npgrefill 0\npgactivate 0\npgdeactivate 0\npglazyfree 0\npglazyfreed 0\nswpin_zero 0\nswpout_zero 0\nzswpin 0\nzswpout 0\nzswpwb 0\nthp_fault_alloc 68\nthp_collapse_alloc 0\nthp_swpout 0\nthp_swpout_fallback 0\nnuma_pages_migrated 0\nnuma_pte_updates 0\nnuma_hint_faults 0", "memory.swap.current": "0", "memory.swap.max": "0", "memory.swap.peak": "0"}}, "event": "NEAREST_RESTORE_MEMORY", "invocation_id": "a3b49425dfdc42469fdc718843c74b3b", "phase": "source_construction", "seconds": 91.69543429743499}
{"boundary": "begin", "cgroup": {"path": "/sys/fs/cgroup/user.slice/user-1000.slice/user@1000.service/app.slice/sfora-so400-nearest-ranking-current-bytes-native-v2.service", "values": {"memory.current": "5095534592", "memory.events": "low 0\nhigh 0\nmax 0\noom 0\noom_kill 0\noom_group_kill 0", "memory.max": "8589934592", "memory.peak": "5100142592", "memory.stat": "anon 2595180544\nfile 2420035584\nkernel 69505024\nkernel_stack 311296\npagetables 7577600\nsec_pagetables 0\npercpu 1760\nsock 0\nvmalloc 0\nshmem 0\nzswap 0\nzswapped 0\nfile_mapped 381337600\nfile_dirty 12288\nfile_writeback 0\nswapcached 0\nanon_thp 1918894080\nfile_thp 0\nshmem_thp 0\ninactive_anon 0\nactive_anon 2603606016\ninactive_file 236969984\nactive_file 2182500352\nunevictable 0\nslab_reclaimable 60624192\nslab_unreclaimable 953536\nslab 61577728\nworkingset_refault_anon 0\nworkingset_refault_file 0\nworkingset_activate_anon 0\nworkingset_activate_file 0\nworkingset_restore_anon 0\nworkingset_restore_file 0\nworkingset_nodereclaim 0\npgdemote_kswapd 0\npgdemote_direct 0\npgdemote_khugepaged 0\npgdemote_proactive 0\npgpromote_success 0\npgscan 0\npgsteal 0\npswpin 0\npswpout 0\npgscan_kswapd 0\npgscan_direct 0\npgscan_khugepaged 0\npgscan_proactive 0\npgsteal_kswapd 0\npgsteal_direct 0\npgsteal_khugepaged 0\npgsteal_proactive 0\npgfault 352832\npgmajfault 6892\npgrefill 0\npgactivate 0\npgdeactivate 0\npglazyfree 0\npglazyfreed 0\nswpin_zero 0\nswpout_zero 0\nzswpin 0\nzswpout 0\nzswpwb 0\nthp_fault_alloc 946\nthp_collapse_alloc 3\nthp_swpout 0\nthp_swpout_fallback 0\nnuma_pages_migrated 0\nnuma_pte_updates 0\nnuma_hint_faults 0", "memory.swap.current": "0", "memory.swap.max": "0", "memory.swap.peak": "0"}}, "event": "NEAREST_RESTORE_MEMORY", "invocation_id": "a3b49425dfdc42469fdc718843c74b3b", "phase": "vision_transfer", "seconds": 103.22308130702004}
{"boundary": "end", "cgroup": {"path": "/sys/fs/cgroup/user.slice/user-1000.slice/user@1000.service/app.slice/sfora-so400-nearest-ranking-current-bytes-native-v2.service", "values": {"memory.current": "5099433984", "memory.events": "low 0\nhigh 0\nmax 0\noom 0\noom_kill 0\noom_group_kill 0", "memory.max": "8589934592", "memory.peak": "5176295424", "memory.stat": "anon 2521092096\nfile 2475565056\nkernel 76333056\nkernel_stack 327680\npagetables 7663616\nsec_pagetables 0\npercpu 1760\nsock 0\nvmalloc 0\nshmem 44236800\nzswap 0\nzswapped 0\nfile_mapped 438964224\nfile_dirty 12288\nfile_writeback 0\nswapcached 0\nanon_thp 1818230784\nfile_thp 0\nshmem_thp 0\ninactive_anon 0\nactive_anon 2589167616\ninactive_file 236969984\nactive_file 2194358272\nunevictable 0\nslab_reclaimable 60768544\nslab_unreclaimable 998504\nslab 61767048\nworkingset_refault_anon 0\nworkingset_refault_file 0\nworkingset_activate_anon 0\nworkingset_activate_file 0\nworkingset_restore_anon 0\nworkingset_restore_file 0\nworkingset_nodereclaim 0\npgdemote_kswapd 0\npgdemote_direct 0\npgdemote_khugepaged 0\npgdemote_proactive 0\npgpromote_success 0\npgscan 0\npgsteal 0\npswpin 0\npswpout 0\npgscan_kswapd 0\npgscan_direct 0\npgscan_khugepaged 0\npgscan_proactive 0\npgsteal_kswapd 0\npgsteal_direct 0\npgsteal_khugepaged 0\npgsteal_proactive 0\npgfault 369204\npgmajfault 6986\npgrefill 0\npgactivate 0\npgdeactivate 0\npglazyfree 0\npglazyfreed 0\nswpin_zero 0\nswpout_zero 0\nzswpin 0\nzswpout 0\nzswpwb 0\nthp_fault_alloc 946\nthp_collapse_alloc 3\nthp_swpout 0\nthp_swpout_fallback 0\nnuma_pages_migrated 0\nnuma_pte_updates 0\nnuma_hint_faults 0", "memory.swap.current": "0", "memory.swap.max": "0", "memory.swap.peak": "0"}}, "event": "NEAREST_RESTORE_MEMORY", "invocation_id": "a3b49425dfdc42469fdc718843c74b3b", "phase": "vision_transfer", "seconds": 103.59792767511681}
{"boundary": "end", "cgroup": {"path": "/sys/fs/cgroup/user.slice/user-1000.slice/user@1000.service/app.slice/sfora-so400-nearest-ranking-current-bytes-native-v2.service", "values": {"memory.current": "5077934080", "memory.events": "low 0\nhigh 0\nmax 0\noom 0\noom_kill 0\noom_group_kill 0", "memory.max": "8589934592", "memory.peak": "5176295424", "memory.stat": "anon 2499657728\nfile 2475565056\nkernel 76300288\nkernel_stack 327680\npagetables 7626752\nsec_pagetables 0\npercpu 1760\nsock 0\nvmalloc 0\nshmem 44236800\nzswap 0\nzswapped 0\nfile_mapped 438964224\nfile_dirty 12288\nfile_writeback 0\nswapcached 0\nanon_thp 1795162112\nfile_thp 0\nshmem_thp 0\ninactive_anon 0\nactive_anon 2567749632\ninactive_file 236969984\nactive_file 2194358272\nunevictable 0\nslab_reclaimable 60768544\nslab_unreclaimable 998504\nslab 61767048\nworkingset_refault_anon 0\nworkingset_refault_file 0\nworkingset_activate_anon 0\nworkingset_activate_file 0\nworkingset_restore_anon 0\nworkingset_restore_file 0\nworkingset_nodereclaim 0\npgdemote_kswapd 0\npgdemote_direct 0\npgdemote_khugepaged 0\npgdemote_proactive 0\npgpromote_success 0\npgscan 0\npgsteal 0\npswpin 0\npswpout 0\npgscan_kswapd 0\npgscan_direct 0\npgscan_khugepaged 0\npgscan_proactive 0\npgsteal_kswapd 0\npgsteal_direct 0\npgsteal_khugepaged 0\npgsteal_proactive 0\npgfault 369603\npgmajfault 6986\npgrefill 0\npgactivate 0\npgdeactivate 0\npglazyfree 0\npglazyfreed 0\nswpin_zero 0\nswpout_zero 0\nzswpin 0\nzswpout 0\nzswpwb 0\nthp_fault_alloc 946\nthp_collapse_alloc 3\nthp_swpout 0\nthp_swpout_fallback 0\nnuma_pages_migrated 0\nnuma_pte_updates 0\nnuma_hint_faults 0", "memory.swap.current": "0", "memory.swap.max": "0", "memory.swap.peak": "0"}}, "event": "NEAREST_RESTORE_MEMORY", "invocation_id": "a3b49425dfdc42469fdc718843c74b3b", "phase": "source_construction", "seconds": 103.61292847711593}
{"event": "NEAREST_PHASE", "phase": "source_construction", "boundary": "end", "delta_seconds": 11.917794755194336, "seconds": 103.61296665342525}
{"event": "NEAREST_PHASE", "phase": "calibration", "boundary": "begin", "seconds": 110.12883921945468}
{"event": "NEAREST_PHASE", "phase": "calibration", "boundary": "end", "delta_seconds": 1.8277400168590248, "seconds": 111.95658189244568}
{"event": "NEAREST_PHASE", "phase": "source_exit_rehash", "boundary": "begin", "seconds": 152.76038200827315}
{"event": "PROTOTYPE_PHASE", "phase": "old_exit_begin", "seconds": 152.83054206240922}
{"event": "NEAREST_PHASE", "phase": "source_exit_rehash", "boundary": "end", "delta_seconds": 8.764290884137154, "seconds": 161.52467726031318}
Current-byte comparison rejected: unknown or changed native origin
FINAL_CGROUP {"command_exit_status": 1, "invocation_id": "a3b49425dfdc42469fdc718843c74b3b", "path": "/sys/fs/cgroup/user.slice/user-1000.slice/user@1000.service/app.slice/sfora-so400-nearest-ranking-current-bytes-native-v2.service", "values": {"memory.current": "2889338880", "memory.events": "low 0\nhigh 0\nmax 0\noom 0\noom_kill 0\noom_group_kill 0", "memory.max": "8589934592", "memory.peak": "5265911808", "memory.stat": "anon 5980160\nfile 2819944448\nkernel 62578688\nkernel_stack 65536\npagetables 356352\nsec_pagetables 0\npercpu 2464\nsock 0\nvmalloc 0\nshmem 0\nzswap 0\nzswapped 0\nfile_mapped 0\nfile_dirty 8192\nfile_writeback 0\nswapcached 0\nanon_thp 0\nfile_thp 4194304\nshmem_thp 0\ninactive_anon 0\nactive_anon 5943296\ninactive_file 470192128\nactive_file 2349752320\nunevictable 0\nslab_reclaimable 62020624\nslab_unreclaimable 123008\nslab 62143632\nworkingset_refault_anon 0\nworkingset_refault_file 0\nworkingset_activate_anon 0\nworkingset_activate_file 0\nworkingset_restore_anon 0\nworkingset_restore_file 0\nworkingset_nodereclaim 0\npgdemote_kswapd 0\npgdemote_direct 0\npgdemote_khugepaged 0\npgdemote_proactive 0\npgpromote_success 0\npgscan 0\npgsteal 0\npswpin 0\npswpout 0\npgscan_kswapd 0\npgscan_direct 0\npgscan_khugepaged 0\npgscan_proactive 0\npgsteal_kswapd 0\npgsteal_direct 0\npgsteal_khugepaged 0\npgsteal_proactive 0\npgfault 1082530\npgmajfault 9426\npgrefill 0\npgactivate 0\npgdeactivate 0\npglazyfree 0\npglazyfreed 0\nswpin_zero 0\nswpout_zero 0\nzswpin 0\nzswpout 0\nzswpwb 0\nthp_fault_alloc 1029\nthp_collapse_alloc 32\nthp_swpout 0\nthp_swpout_fallback 0\nnuma_pages_migrated 0\nnuma_pte_updates 0\nnuma_hint_faults 0", "memory.swap.current": "0", "memory.swap.max": "0", "memory.swap.peak": "0"}}
Command exited with non-zero status 1
	Command being timed: "/bin/bash -c set -e; sudo -n /bin/sync; sudo -n /bin/sh -c "echo 3 > /proc/sys/vm/drop_caches"; exec /bin/bash /home/riomus/runs/sfora-so400-nearest-ranking-current-bytes-native-source-v2/command.sh"
	User time (seconds): 77.82
	System time (seconds): 11.47
	Percent of CPU this job got: 54%
	Elapsed (wall clock) time (h:mm:ss or m:ss): 2:43.52
	Average shared text size (kbytes): 0
	Average unshared data size (kbytes): 0
	Average stack size (kbytes): 0
	Average total size (kbytes): 0
	Maximum resident set size (kbytes): 4581696
	Average resident set size (kbytes): 0
	Major (requiring I/O) page faults: 9425
	Minor (reclaiming a frame) page faults: 724704
	Voluntary context switches: 371117
	Involuntary context switches: 871
	Swaps: 0
	File system inputs: 130544152
	File system outputs: 11152
	Socket messages sent: 0
	Socket messages received: 0
	Signals delivered: 0
	Page size (bytes): 4096
	Exit status: 1
STOP_CGROUP {"exit_code": "exited", "exit_status": "1", "invocation_id": "a3b49425dfdc42469fdc718843c74b3b", "path": "/sys/fs/cgroup/user.slice/user-1000.slice/user@1000.service/app.slice/sfora-so400-nearest-ranking-current-bytes-native-v2.service", "service_result": "exit-code", "values": {"memory.current": "2888859648", "memory.events": "low 0\nhigh 0\nmax 0\noom 0\noom_kill 0\noom_group_kill 0", "memory.max": "8589934592", "memory.peak": "5265911808", "memory.stat": "anon 5410816\nfile 2819944448\nkernel 62201856\nkernel_stack 0\npagetables 114688\nsec_pagetables 0\npercpu 1760\nsock 0\nvmalloc 0\nshmem 0\nzswap 0\nzswapped 0\nfile_mapped 0\nfile_dirty 8192\nfile_writeback 0\nswapcached 0\nanon_thp 0\nfile_thp 4194304\nshmem_thp 0\ninactive_anon 0\nactive_anon 5402624\ninactive_file 470192128\nactive_file 2349752320\nunevictable 0\nslab_reclaimable 62024744\nslab_unreclaimable 50048\nslab 62074792\nworkingset_refault_anon 0\nworkingset_refault_file 0\nworkingset_activate_anon 0\nworkingset_activate_file 0\nworkingset_restore_anon 0\nworkingset_restore_file 0\nworkingset_nodereclaim 0\npgdemote_kswapd 0\npgdemote_direct 0\npgdemote_khugepaged 0\npgdemote_proactive 0\npgpromote_success 0\npgscan 0\npgsteal 0\npswpin 0\npswpout 0\npgscan_kswapd 0\npgscan_direct 0\npgscan_khugepaged 0\npgscan_proactive 0\npgsteal_kswapd 0\npgsteal_direct 0\npgsteal_khugepaged 0\npgsteal_proactive 0\npgfault 1084043\npgmajfault 9426\npgrefill 0\npgactivate 0\npgdeactivate 0\npglazyfree 0\npglazyfreed 0\nswpin_zero 0\nswpout_zero 0\nzswpin 0\nzswpout 0\nzswpwb 0\nthp_fault_alloc 1029\nthp_collapse_alloc 32\nthp_swpout 0\nthp_swpout_fallback 0\nnuma_pages_migrated 0\nnuma_pte_updates 0\nnuma_hint_faults 0", "memory.swap.current": "0", "memory.swap.max": "0", "memory.swap.peak": "0"}}
Finished with result: exit-code
Main processes terminated with: code=exited/status=1
Service runtime: 2min 43.563s
CPU time consumed: 1min 29.322s
Memory peak: 4.9G
Memory swap peak: 0B
