Running as unit: sfora-archived-consensus-v1.service; invocation ID: 665ebd3d1c72482daa004c744a911e42
	Command being timed: "/home/riomus/group-learning/.venv/bin/python /home/riomus/runs/sfora-archived-consensus-source-v1/score_inshop_archived_consensus.py --authority /home/riomus/runs/sfora-archived-consensus-source-v1/authority.json --authority-sha256 6ab23b07ce1366470e83d0296d1a22a9c3fd5918583f1a8522266b71a6b796da --output /home/riomus/runs/sfora-archived-consensus-source-v1/decision-v1.json"
	User time (seconds): 34.76
	System time (seconds): 2.01
	Percent of CPU this job got: 132%
	Elapsed (wall clock) time (h:mm:ss or m:ss): 0:27.69
	Average shared text size (kbytes): 0
	Average unshared data size (kbytes): 0
	Average stack size (kbytes): 0
	Average total size (kbytes): 0
	Maximum resident set size (kbytes): 1035800
	Average resident set size (kbytes): 0
	Major (requiring I/O) page faults: 0
	Minor (reclaiming a frame) page faults: 215958
	Voluntary context switches: 71219
	Involuntary context switches: 286
	Swaps: 0
	File system inputs: 15602456
	File system outputs: 4344
	Socket messages sent: 0
	Socket messages received: 0
	Signals delivered: 0
	Page size (bytes): 4096
	Exit status: 0
Finished with result: success
Main processes terminated with: code=exited/status=0
Service runtime: 27.696s
CPU time consumed: 36.791s
Memory peak: 256.0K
Memory swap peak: 0B
	Command being timed: "systemd-run --user --wait --collect --pipe --unit=sfora-archived-consensus-v1 --property=WorkingDirectory=/home/riomus/runs/sfora-archived-consensus-source-v1 --property=RuntimeMaxSec=120 --property=MemoryMax=8G --property=MemorySwapMax=0 --property=KillMode=control-group --property=OOMPolicy=stop --setenv=CUDA_VISIBLE_DEVICES= --setenv=CUBLAS_WORKSPACE_CONFIG=:4096:8 --setenv=OMP_NUM_THREADS=8 --setenv=OPENBLAS_NUM_THREADS=1 --setenv=TOKENIZERS_PARALLELISM=false --setenv=TMPDIR=/home/riomus/runs/sfora-archived-consensus-source-v1 --setenv=CUTILE_TILEIRAS_PATH=/home/riomus/toolchains/cuda-13.4-wheel-env/lib/python3.12/site-packages/nvidia/cu13/bin/tileiras --setenv=PATH=/home/riomus/toolchains/cuda-13.4-wheel-env/lib/python3.12/site-packages/nvidia/cu13/bin:/usr/local/bin:/usr/bin:/bin --setenv=PYTHONPATH=/home/riomus/runs/sfora-archived-consensus-source-v1:/home/riomus/runs/sfora-image-queue-held-source-v1:/home/riomus/runs/sfora-image-queue-held-source-v1/src:/home/riomus/runs/sfora-image-queue-held-source-v1/isolated-deps flock -n /home/riomus/runs/.sfora-siglip2-gpu.lock flock -n /home/riomus/.sfora-siglip2-gpu.lock /usr/bin/time -v /home/riomus/group-learning/.venv/bin/python /home/riomus/runs/sfora-archived-consensus-source-v1/score_inshop_archived_consensus.py --authority /home/riomus/runs/sfora-archived-consensus-source-v1/authority.json --authority-sha256 6ab23b07ce1366470e83d0296d1a22a9c3fd5918583f1a8522266b71a6b796da --output /home/riomus/runs/sfora-archived-consensus-source-v1/decision-v1.json"
	User time (seconds): 0.00
	System time (seconds): 0.00
	Percent of CPU this job got: 0%
	Elapsed (wall clock) time (h:mm:ss or m:ss): 0:27.72
	Average shared text size (kbytes): 0
	Average unshared data size (kbytes): 0
	Average stack size (kbytes): 0
	Average total size (kbytes): 0
	Maximum resident set size (kbytes): 7284
	Average resident set size (kbytes): 0
	Major (requiring I/O) page faults: 0
	Minor (reclaiming a frame) page faults: 378
	Voluntary context switches: 10
	Involuntary context switches: 0
	Swaps: 0
	File system inputs: 0
	File system outputs: 0
	Socket messages sent: 0
	Socket messages received: 0
	Signals delivered: 0
	Page size (bytes): 4096
	Exit status: 0
