Running as unit: sfora-late-dense-cpu-v1.service; invocation ID: d91cb1dcacee4c758b549d7758bf18b8
Traceback (most recent call last):
  File "/home/riomus/runs/sfora-late-dense-source-v1/qualify_late_dense_adaptation_cpu.py", line 145, in <module>
    main()
    ~~~~^^
  File "/home/riomus/runs/sfora-late-dense-source-v1/qualify_late_dense_adaptation_cpu.py", line 76, in main
    assert not args.output.exists()
           ^^^^^^^^^^^^^^^^^^^^^^^^
AssertionError
Finished with result: exit-code
Main processes terminated with: code=exited/status=1
Service runtime: 3.076s
CPU time consumed: 2.825s
Memory peak: 256.0K
Memory swap peak: 0B
Command exited with non-zero status 1
	Command being timed: "systemd-run --user --wait --collect --pipe --unit=sfora-late-dense-cpu-v1 --property=WorkingDirectory=/home/riomus/runs/sfora-late-dense-source-v1 --property=RuntimeMaxSec=120 --property=MemoryMax=8G --property=MemorySwapMax=0 --property=KillMode=control-group --property=OOMPolicy=stop --setenv=CUDA_VISIBLE_DEVICES= --setenv=OMP_NUM_THREADS=8 --setenv=OPENBLAS_NUM_THREADS=1 --setenv=TOKENIZERS_PARALLELISM=false --setenv=PYTHONPATH=/home/riomus/runs/sfora-late-dense-source-v1:/home/riomus/runs/sfora-late-dense-source-v1/src:/home/riomus/runs/sfora-late-dense-source-v1/isolated-deps flock -n /home/riomus/runs/.sfora-siglip2-gpu.lock flock -n /home/riomus/.sfora-siglip2-gpu.lock /home/riomus/group-learning/.venv/bin/python /home/riomus/runs/sfora-late-dense-source-v1/qualify_late_dense_adaptation_cpu.py --execution-sha256 0778de96f17c853423c9acd04add420af172b098b7b43ac65c60c57ae163b366 --output /home/riomus/runs/sfora-late-dense-source-v1/cpu-proof.json"
	User time (seconds): 0.00
	System time (seconds): 0.00
	Percent of CPU this job got: 0%
	Elapsed (wall clock) time (h:mm:ss or m:ss): 0:03.10
	Average shared text size (kbytes): 0
	Average unshared data size (kbytes): 0
	Average stack size (kbytes): 0
	Average total size (kbytes): 0
	Maximum resident set size (kbytes): 7412
	Average resident set size (kbytes): 0
	Major (requiring I/O) page faults: 1
	Minor (reclaiming a frame) page faults: 376
	Voluntary context switches: 11
	Involuntary context switches: 0
	Swaps: 0
	File system inputs: 32
	File system outputs: 0
	Socket messages sent: 0
	Socket messages received: 0
	Signals delivered: 0
	Page size (bytes): 4096
	Exit status: 1
