Running as unit: sfora-late-dense-cpu-v3.service; invocation ID: 0b001dd9f924486181e162d1e2aff529
[transformers] Model config: bos_token_id must be `None` or an integer within the vocabulary (between 0 and 31999), got 49406. This may result in unexpected behavior.
[transformers] Model config: eos_token_id must be `None` or an integer within the vocabulary (between 0 and 31999), got 49407. This may result in unexpected behavior.
Loading weights:   0%|          | 0/792 [00:00<?, ?it/s]Loading weights: 100%|██████████| 792/792 [00:00<00:00, 14369.03it/s]
Loading weights:   0%|          | 0/792 [00:00<?, ?it/s]Loading weights: 100%|██████████| 792/792 [00:00<00:00, 12415.31it/s]
Loading weights:   0%|          | 0/792 [00:00<?, ?it/s]Loading weights:  93%|█████████▎| 739/792 [00:00<00:00, 7388.46it/s]Loading weights: 100%|██████████| 792/792 [00:00<00:00, 7506.41it/s]
PASS actual native late-stage CPU constructor/reload; no training or quality
	Command being timed: "/home/riomus/group-learning/.venv/bin/python /home/riomus/runs/sfora-late-dense-source-v2/qualify_late_dense_adaptation_cpu.py --execution-sha256 e5aac1bd966873100bf41fe53866c91942dd18e535739d6782c930972bc6c434 --output /home/riomus/runs/sfora-late-dense-source-v2/late-cpu-proof-v2.json"
	User time (seconds): 39.31
	System time (seconds): 7.04
	Percent of CPU this job got: 133%
	Elapsed (wall clock) time (h:mm:ss or m:ss): 0:34.63
	Average shared text size (kbytes): 0
	Average unshared data size (kbytes): 0
	Average stack size (kbytes): 0
	Average total size (kbytes): 0
	Maximum resident set size (kbytes): 5761928
	Average resident set size (kbytes): 0
	Major (requiring I/O) page faults: 53285
	Minor (reclaiming a frame) page faults: 1182961
	Voluntary context switches: 221164
	Involuntary context switches: 508
	Swaps: 0
	File system inputs: 1824
	File system outputs: 2469888
	Socket messages sent: 0
	Socket messages received: 0
	Signals delivered: 0
	Page size (bytes): 4096
	Exit status: 0
Finished with result: success
Main processes terminated with: code=exited/status=0
Service runtime: 34.642s
CPU time consumed: 46.360s
Memory peak: 764.0K
Memory swap peak: 0B
	Command being timed: "systemd-run --user --wait --collect --pipe --unit=sfora-late-dense-cpu-v3 --property=WorkingDirectory=/home/riomus/runs/sfora-late-dense-source-v2 --property=RuntimeMaxSec=120 --property=MemoryMax=8G --property=MemorySwapMax=0 --property=KillMode=control-group --property=OOMPolicy=stop --setenv=CUDA_VISIBLE_DEVICES= --setenv=OMP_NUM_THREADS=8 --setenv=OPENBLAS_NUM_THREADS=1 --setenv=TOKENIZERS_PARALLELISM=false --setenv=PYTHONPATH=/home/riomus/runs/sfora-late-dense-source-v2:/home/riomus/runs/sfora-late-dense-source-v2/src:/home/riomus/runs/sfora-late-dense-source-v2/isolated-deps flock -n /home/riomus/runs/.sfora-siglip2-gpu.lock flock -n /home/riomus/.sfora-siglip2-gpu.lock /usr/bin/time -v /home/riomus/group-learning/.venv/bin/python /home/riomus/runs/sfora-late-dense-source-v2/qualify_late_dense_adaptation_cpu.py --execution-sha256 e5aac1bd966873100bf41fe53866c91942dd18e535739d6782c930972bc6c434 --output /home/riomus/runs/sfora-late-dense-source-v2/late-cpu-proof-v2.json"
	User time (seconds): 0.00
	System time (seconds): 0.00
	Percent of CPU this job got: 0%
	Elapsed (wall clock) time (h:mm:ss or m:ss): 0:34.66
	Average shared text size (kbytes): 0
	Average unshared data size (kbytes): 0
	Average stack size (kbytes): 0
	Average total size (kbytes): 0
	Maximum resident set size (kbytes): 7284
	Average resident set size (kbytes): 0
	Major (requiring I/O) page faults: 0
	Minor (reclaiming a frame) page faults: 376
	Voluntary context switches: 10
	Involuntary context switches: 0
	Swaps: 0
	File system inputs: 0
	File system outputs: 0
	Socket messages sent: 0
	Socket messages received: 0
	Signals delivered: 0
	Page size (bytes): 4096
	Exit status: 0
