Running as unit: sfora-full-valid-anchor-public-gpu-v4.service; invocation ID: 6387ec85ca034b788476537fadf571f5
[transformers] Model config: bos_token_id must be `None` or an integer within the vocabulary (between 0 and 31999), got 49406. This may result in unexpected behavior.
[transformers] Model config: eos_token_id must be `None` or an integer within the vocabulary (between 0 and 31999), got 49407. This may result in unexpected behavior.
Loading weights:   0%|          | 0/792 [00:00<?, ?it/s]Loading weights:  59%|█████▊    | 465/792 [00:00<00:00, 4611.74it/s]Loading weights: 100%|██████████| 792/792 [00:00<00:00, 5127.27it/s]
PASS full2000 gpu serving qualification; no quality/speed/p99 claim
	Command being timed: "/home/riomus/group-learning/.venv/bin/python /home/riomus/runs/sfora-full-valid-anchor-public-source-v4/qualify_full_valid_anchor_serving.py --phase gpu --authority-sha256 3a9687b5bc90157aca78f37db70eb8848555511746c0f7aaaa73f34abcc80dc2 --output /home/riomus/runs/sfora-full-valid-anchor-public-gpu-v4/proof.json --cpu-proof /home/riomus/runs/sfora-full-valid-anchor-public-cpu-v4/proof.json --cpu-sha256 c194ab46876bc63bca3f4bb26fc59817ffd39b45f079c3d6074cff2fa4e25712 --cpu-log /home/riomus/runs/sfora-full-valid-anchor-public-source-v4/sfora-full-valid-anchor-public-cpu-v4.log --cpu-log-sha256 fb0ee674ece29a167d07a622b8543947f5f579ee3f9e2bee844041d09dae1900"
	User time (seconds): 35.21
	System time (seconds): 8.61
	Percent of CPU this job got: 60%
	Elapsed (wall clock) time (h:mm:ss or m:ss): 1:12.17
	Average shared text size (kbytes): 0
	Average unshared data size (kbytes): 0
	Average stack size (kbytes): 0
	Average total size (kbytes): 0
	Maximum resident set size (kbytes): 5037840
	Average resident set size (kbytes): 0
	Major (requiring I/O) page faults: 12917
	Minor (reclaiming a frame) page faults: 937248
	Voluntary context switches: 221071
	Involuntary context switches: 417
	Swaps: 0
	File system inputs: 77210104
	File system outputs: 4064
	Socket messages sent: 0
	Socket messages received: 0
	Signals delivered: 0
	Page size (bytes): 4096
	Exit status: 0
Finished with result: success
Main processes terminated with: code=exited/status=0
Service runtime: 1min 12.184s
CPU time consumed: 43.843s
Memory peak: 512.0K
Memory swap peak: 0B
	Command being timed: "systemd-run --user --wait --collect --pipe --unit=sfora-full-valid-anchor-public-gpu-v4 --property=WorkingDirectory=/home/riomus/runs/sfora-full-valid-anchor-public-source-v4 --property=RuntimeMaxSec=300 --property=MemoryMax=8G --property=MemorySwapMax=0 --property=KillMode=control-group --property=OOMPolicy=stop --setenv=CUDA_VISIBLE_DEVICES=0 --setenv=CUBLAS_WORKSPACE_CONFIG=:4096:8 --setenv=OMP_NUM_THREADS=8 --setenv=OPENBLAS_NUM_THREADS=1 --setenv=TOKENIZERS_PARALLELISM=false --setenv=TMPDIR=/home/riomus/runs/sfora-full-valid-anchor-public-source-v4 --setenv=CUTILE_TILEIRAS_PATH=/home/riomus/toolchains/cuda-13.4-wheel-env/lib/python3.12/site-packages/nvidia/cu13/bin/tileiras --setenv=PATH=/home/riomus/toolchains/cuda-13.4-wheel-env/lib/python3.12/site-packages/nvidia/cu13/bin:/usr/local/bin:/usr/bin:/bin --setenv=PYTHONPATH=/home/riomus/runs/sfora-full-valid-anchor-public-source-v4:/home/riomus/runs/sfora-full-valid-anchor-public-source-v4/src:/home/riomus/runs/sfora-full-valid-anchor-public-source-v4/isolated-deps flock -n /home/riomus/runs/.sfora-siglip2-gpu.lock flock -n /home/riomus/.sfora-siglip2-gpu.lock /usr/bin/time -v /home/riomus/group-learning/.venv/bin/python /home/riomus/runs/sfora-full-valid-anchor-public-source-v4/qualify_full_valid_anchor_serving.py --phase gpu --authority-sha256 3a9687b5bc90157aca78f37db70eb8848555511746c0f7aaaa73f34abcc80dc2 --output /home/riomus/runs/sfora-full-valid-anchor-public-gpu-v4/proof.json --cpu-proof /home/riomus/runs/sfora-full-valid-anchor-public-cpu-v4/proof.json --cpu-sha256 c194ab46876bc63bca3f4bb26fc59817ffd39b45f079c3d6074cff2fa4e25712 --cpu-log /home/riomus/runs/sfora-full-valid-anchor-public-source-v4/sfora-full-valid-anchor-public-cpu-v4.log --cpu-log-sha256 fb0ee674ece29a167d07a622b8543947f5f579ee3f9e2bee844041d09dae1900"
	User time (seconds): 0.00
	System time (seconds): 0.00
	Percent of CPU this job got: 0%
	Elapsed (wall clock) time (h:mm:ss or m:ss): 1:12.23
	Average shared text size (kbytes): 0
	Average unshared data size (kbytes): 0
	Average stack size (kbytes): 0
	Average total size (kbytes): 0
	Maximum resident set size (kbytes): 7284
	Average resident set size (kbytes): 0
	Major (requiring I/O) page faults: 15
	Minor (reclaiming a frame) page faults: 367
	Voluntary context switches: 33
	Involuntary context switches: 0
	Swaps: 0
	File system inputs: 2176
	File system outputs: 0
	Socket messages sent: 0
	Socket messages received: 0
	Signals delivered: 0
	Page size (bytes): 4096
	Exit status: 0
