Running as unit: sfora-full-valid-anchor-public-gpu-v3.service; invocation ID: 95ed79d55d544302a285ab8c83ff5d9d
[transformers] Model config: bos_token_id must be `None` or an integer within the vocabulary (between 0 and 31999), got 49406. This may result in unexpected behavior.
[transformers] Model config: eos_token_id must be `None` or an integer within the vocabulary (between 0 and 31999), got 49407. This may result in unexpected behavior.
Loading weights:   0%|          | 0/792 [00:00<?, ?it/s]Loading weights:  52%|█████▏    | 411/792 [00:00<00:00, 4101.08it/s]Loading weights: 100%|██████████| 792/792 [00:00<00:00, 4455.87it/s]
PASS full2000 gpu serving qualification; no quality/speed/p99 claim
	Command being timed: "/home/riomus/group-learning/.venv/bin/python /home/riomus/runs/sfora-full-valid-anchor-public-source-v3/qualify_full_valid_anchor_serving.py --phase gpu --authority-sha256 dc9c7f7291e1a54745de425c25c4364dd1ff6b0b98b5a2cac0a356007e56f065 --output /home/riomus/runs/sfora-full-valid-anchor-public-gpu-v3/proof.json --cpu-proof /home/riomus/runs/sfora-full-valid-anchor-public-cpu-v3/proof.json --cpu-sha256 87e0c5cc855abbb838bfb6a6dd0bca8710fad4938ee37de33ada92c2eb6a1e30 --cpu-log /home/riomus/runs/sfora-full-valid-anchor-public-source-v3/sfora-full-valid-anchor-public-cpu-v3.log --cpu-log-sha256 4cf4c87a9b0000c12a1e79017587ec5abea05608db0b5c19432f5ebf1c5ee028"
	User time (seconds): 36.54
	System time (seconds): 7.55
	Percent of CPU this job got: 62%
	Elapsed (wall clock) time (h:mm:ss or m:ss): 1:10.43
	Average shared text size (kbytes): 0
	Average unshared data size (kbytes): 0
	Average stack size (kbytes): 0
	Average total size (kbytes): 0
	Maximum resident set size (kbytes): 5036968
	Average resident set size (kbytes): 0
	Major (requiring I/O) page faults: 12970
	Minor (reclaiming a frame) page faults: 1011420
	Voluntary context switches: 220949
	Involuntary context switches: 360
	Swaps: 0
	File system inputs: 77209544
	File system outputs: 4064
	Socket messages sent: 0
	Socket messages received: 0
	Signals delivered: 0
	Page size (bytes): 4096
	Exit status: 0
Finished with result: success
Main processes terminated with: code=exited/status=0
Service runtime: 1min 10.447s
CPU time consumed: 44.101s
Memory peak: 512.0K
Memory swap peak: 0B
	Command being timed: "systemd-run --user --wait --collect --pipe --unit=sfora-full-valid-anchor-public-gpu-v3 --property=WorkingDirectory=/home/riomus/runs/sfora-full-valid-anchor-public-source-v3 --property=RuntimeMaxSec=300 --property=MemoryMax=8G --property=MemorySwapMax=0 --property=KillMode=control-group --property=OOMPolicy=stop --setenv=CUDA_VISIBLE_DEVICES=0 --setenv=CUBLAS_WORKSPACE_CONFIG=:4096:8 --setenv=OMP_NUM_THREADS=8 --setenv=OPENBLAS_NUM_THREADS=1 --setenv=TOKENIZERS_PARALLELISM=false --setenv=TMPDIR=/home/riomus/runs/sfora-full-valid-anchor-public-source-v3 --setenv=CUTILE_TILEIRAS_PATH=/home/riomus/toolchains/cuda-13.4-wheel-env/lib/python3.12/site-packages/nvidia/cu13/bin/tileiras --setenv=PATH=/home/riomus/toolchains/cuda-13.4-wheel-env/lib/python3.12/site-packages/nvidia/cu13/bin:/usr/local/bin:/usr/bin:/bin --setenv=PYTHONPATH=/home/riomus/runs/sfora-full-valid-anchor-public-source-v3:/home/riomus/runs/sfora-full-valid-anchor-public-source-v3/src:/home/riomus/runs/sfora-full-valid-anchor-public-source-v3/isolated-deps flock -n /home/riomus/runs/.sfora-siglip2-gpu.lock flock -n /home/riomus/.sfora-siglip2-gpu.lock /usr/bin/time -v /home/riomus/group-learning/.venv/bin/python /home/riomus/runs/sfora-full-valid-anchor-public-source-v3/qualify_full_valid_anchor_serving.py --phase gpu --authority-sha256 dc9c7f7291e1a54745de425c25c4364dd1ff6b0b98b5a2cac0a356007e56f065 --output /home/riomus/runs/sfora-full-valid-anchor-public-gpu-v3/proof.json --cpu-proof /home/riomus/runs/sfora-full-valid-anchor-public-cpu-v3/proof.json --cpu-sha256 87e0c5cc855abbb838bfb6a6dd0bca8710fad4938ee37de33ada92c2eb6a1e30 --cpu-log /home/riomus/runs/sfora-full-valid-anchor-public-source-v3/sfora-full-valid-anchor-public-cpu-v3.log --cpu-log-sha256 4cf4c87a9b0000c12a1e79017587ec5abea05608db0b5c19432f5ebf1c5ee028"
	User time (seconds): 0.00
	System time (seconds): 0.00
	Percent of CPU this job got: 0%
	Elapsed (wall clock) time (h:mm:ss or m:ss): 1:10.48
	Average shared text size (kbytes): 0
	Average unshared data size (kbytes): 0
	Average stack size (kbytes): 0
	Average total size (kbytes): 0
	Maximum resident set size (kbytes): 7284
	Average resident set size (kbytes): 0
	Major (requiring I/O) page faults: 15
	Minor (reclaiming a frame) page faults: 367
	Voluntary context switches: 34
	Involuntary context switches: 1
	Swaps: 0
	File system inputs: 2176
	File system outputs: 0
	Socket messages sent: 0
	Socket messages received: 0
	Signals delivered: 0
	Page size (bytes): 4096
	Exit status: 0
