Running as unit: sfora-full-valid-anchor-public-gpu-v2.service; invocation ID: c8fae7e3623743b9921c4643e2863942
[transformers] Model config: bos_token_id must be `None` or an integer within the vocabulary (between 0 and 31999), got 49406. This may result in unexpected behavior.
[transformers] Model config: eos_token_id must be `None` or an integer within the vocabulary (between 0 and 31999), got 49407. This may result in unexpected behavior.
Loading weights:   0%|          | 0/792 [00:00<?, ?it/s]Loading weights: 100%|██████████| 792/792 [00:00<00:00, 14976.21it/s]
Traceback (most recent call last):
  File "/home/riomus/runs/sfora-full-valid-anchor-public-source-v1/qualify_full_valid_anchor_serving.py", line 656, in <module>
    main()
    ~~~~^^
  File "/home/riomus/runs/sfora-full-valid-anchor-public-source-v1/qualify_full_valid_anchor_serving.py", line 632, in main
    facts = cpu_phase(full, control, proof, authority) if args.phase == 'cpu' else gpu_phase(full, control, authority, data[-1], state)
                                                                                   ~~~~~~~~~^^^^^^^^^^^^^^^^^^^^^^^^^^^^^^^^^^^^^^^^^^^
  File "/home/riomus/runs/sfora-full-valid-anchor-public-source-v1/qualify_full_valid_anchor_serving.py", line 583, in gpu_phase
    usage(state)
    ~~~~~^^^^^^^
  File "/home/riomus/runs/sfora-full-valid-anchor-public-source-v1/qualify_full_valid_anchor_serving.py", line 303, in usage
    assert seconds < cap and stats.ru_maxrss * 1024 < HOST_CAP and peak < HOST_CAP
           ^^^^^^^^^^^^^^^^^^^^^^^^^^^^^^^^^^^^^^^^^^^^^^^^^^^^^^^^^^^^^^^^^^^^^^^
AssertionError
Command exited with non-zero status 1
	Command being timed: "/home/riomus/group-learning/.venv/bin/python /home/riomus/runs/sfora-full-valid-anchor-public-source-v1/qualify_full_valid_anchor_serving.py --phase gpu --authority-sha256 30ab21a4cd10408bf4c3772ed5f53cbcfd35658ee1b9bb38a8e9a6931384ce62 --output /home/riomus/runs/sfora-full-valid-anchor-public-gpu-v2/proof.json --cpu-proof /home/riomus/runs/sfora-full-valid-anchor-public-cpu-v1/proof.json --cpu-sha256 d56f57654846fc8d2462c0e5e6b1e17a8fc3dc8cace6482d43d0b22676521a62 --cpu-log /home/riomus/runs/sfora-full-valid-anchor-public-source-v1/sfora-full-valid-anchor-public-cpu-v1.log --cpu-log-sha256 03f609f07ecd44a7bf3facd0440267ba1c7fe7c4b048403d81e6d3463f42c8a2"
	User time (seconds): 27.79
	System time (seconds): 4.93
	Percent of CPU this job got: 96%
	Elapsed (wall clock) time (h:mm:ss or m:ss): 0:33.90
	Average shared text size (kbytes): 0
	Average unshared data size (kbytes): 0
	Average stack size (kbytes): 0
	Average total size (kbytes): 0
	Maximum resident set size (kbytes): 5904180
	Average resident set size (kbytes): 0
	Major (requiring I/O) page faults: 19078
	Minor (reclaiming a frame) page faults: 818514
	Voluntary context switches: 128903
	Involuntary context switches: 1502
	Swaps: 0
	File system inputs: 17298336
	File system outputs: 3376
	Socket messages sent: 0
	Socket messages received: 0
	Signals delivered: 0
	Page size (bytes): 4096
	Exit status: 1
Finished with result: exit-code
Main processes terminated with: code=exited/status=1
Service runtime: 33.907s
CPU time consumed: 32.728s
Memory peak: 8.0G
Memory swap peak: 0B
Command exited with non-zero status 1
	Command being timed: "systemd-run --user --wait --collect --pipe --unit=sfora-full-valid-anchor-public-gpu-v2 --property=WorkingDirectory=/home/riomus/runs/sfora-full-valid-anchor-public-source-v1 --property=RuntimeMaxSec=300 --property=MemoryMax=8G --property=MemorySwapMax=0 --property=KillMode=control-group --property=OOMPolicy=stop --setenv=CUDA_VISIBLE_DEVICES=0 --setenv=CUBLAS_WORKSPACE_CONFIG=:4096:8 --setenv=OMP_NUM_THREADS=8 --setenv=OPENBLAS_NUM_THREADS=1 --setenv=TOKENIZERS_PARALLELISM=false --setenv=TMPDIR=/home/riomus/runs/sfora-full-valid-anchor-public-source-v1 --setenv=CUTILE_TILEIRAS_PATH=/home/riomus/toolchains/cuda-13.4-wheel-env/lib/python3.12/site-packages/nvidia/cu13/bin/tileiras --setenv=PATH=/home/riomus/toolchains/cuda-13.4-wheel-env/lib/python3.12/site-packages/nvidia/cu13/bin:/usr/local/bin:/usr/bin:/bin --setenv=PYTHONPATH=/home/riomus/runs/sfora-full-valid-anchor-public-source-v1:/home/riomus/runs/sfora-full-valid-anchor-public-source-v1/src:/home/riomus/runs/sfora-full-valid-anchor-public-source-v1/isolated-deps flock -n /home/riomus/runs/.sfora-siglip2-gpu.lock flock -n /home/riomus/.sfora-siglip2-gpu.lock /usr/bin/time -v /home/riomus/group-learning/.venv/bin/python /home/riomus/runs/sfora-full-valid-anchor-public-source-v1/qualify_full_valid_anchor_serving.py --phase gpu --authority-sha256 30ab21a4cd10408bf4c3772ed5f53cbcfd35658ee1b9bb38a8e9a6931384ce62 --output /home/riomus/runs/sfora-full-valid-anchor-public-gpu-v2/proof.json --cpu-proof /home/riomus/runs/sfora-full-valid-anchor-public-cpu-v1/proof.json --cpu-sha256 d56f57654846fc8d2462c0e5e6b1e17a8fc3dc8cace6482d43d0b22676521a62 --cpu-log /home/riomus/runs/sfora-full-valid-anchor-public-source-v1/sfora-full-valid-anchor-public-cpu-v1.log --cpu-log-sha256 03f609f07ecd44a7bf3facd0440267ba1c7fe7c4b048403d81e6d3463f42c8a2"
	User time (seconds): 0.00
	System time (seconds): 0.00
	Percent of CPU this job got: 0%
	Elapsed (wall clock) time (h:mm:ss or m:ss): 0:33.93
	Average shared text size (kbytes): 0
	Average unshared data size (kbytes): 0
	Average stack size (kbytes): 0
	Average total size (kbytes): 0
	Maximum resident set size (kbytes): 7272
	Average resident set size (kbytes): 0
	Major (requiring I/O) page faults: 0
	Minor (reclaiming a frame) page faults: 378
	Voluntary context switches: 10
	Involuntary context switches: 0
	Swaps: 0
	File system inputs: 0
	File system outputs: 0
	Socket messages sent: 0
	Socket messages received: 0
	Signals delivered: 0
	Page size (bytes): 4096
	Exit status: 1
