Running as unit: sfora-late-dense-held-cpu-179032-candidate-v4.service; invocation ID: 4a76fd38ca9d4db3b0d0994477b487cf
{"stage": "endpoint-179032-control", "rss_kib": 879312, "max_rss_kib": 3403712, "elapsed_seconds": 4.670254081021994}
{"stage": "endpoint-179032-candidate", "rss_kib": 880072, "max_rss_kib": 3601440, "elapsed_seconds": 7.368171247188002}
{"stage": "endpoint-179041-candidate", "rss_kib": 880636, "max_rss_kib": 3602016, "elapsed_seconds": 10.069744627457112}
{"stage": "endpoint-179041-control", "rss_kib": 880860, "max_rss_kib": 3602016, "elapsed_seconds": 12.612442782148719}
{"stage": "source-authority", "rss_kib": 950696, "max_rss_kib": 3602016, "elapsed_seconds": 22.47463782224804}
{"stage": "all-authority", "rss_kib": 950696, "max_rss_kib": 3602016, "elapsed_seconds": 22.479666518047452}
[transformers] Model config: bos_token_id must be `None` or an integer within the vocabulary (between 0 and 31999), got 49406. This may result in unexpected behavior.
[transformers] Model config: eos_token_id must be `None` or an integer within the vocabulary (between 0 and 31999), got 49407. This may result in unexpected behavior.
Loading weights:   0%|          | 0/792 [00:00<?, ?it/s]Loading weights: 100%|██████████| 792/792 [00:00<00:00, 14079.02it/s]
{"stage": "fresh-initializer", "rss_kib": 2570268, "max_rss_kib": 3818048, "elapsed_seconds": 28.153985002078116}
{"stage": "selected-complete-state", "rss_kib": 5291996, "max_rss_kib": 5291084, "elapsed_seconds": 31.10494273621589}
{"stage": "model-pair", "rss_kib": 3937992, "max_rss_kib": 6658324, "elapsed_seconds": 37.28396852919832}
{"stage": "fit-forward", "rss_kib": 3969620, "max_rss_kib": 6658324, "elapsed_seconds": 41.45659762201831}
{"stage": "half-models", "rss_kib": 2988156, "max_rss_kib": 6658324, "elapsed_seconds": 42.79761703033}
	Command being timed: "/home/riomus/group-learning/.venv/bin/python /home/riomus/runs/sfora-late-dense-held-source-v4/export_late_dense_adaptation.py --phase cpu --authority-sha256 3d222e11d98045ed997147f107ba884be3ff2061da167fa715b9808f33e14e53 --seed 179032 --arm candidate --output /home/riomus/runs/sfora-late-dense-held-cpu-179032-candidate-v4"
	User time (seconds): 54.74
	System time (seconds): 6.12
	Percent of CPU this job got: 136%
	Elapsed (wall clock) time (h:mm:ss or m:ss): 0:44.66
	Average shared text size (kbytes): 0
	Average unshared data size (kbytes): 0
	Average stack size (kbytes): 0
	Average total size (kbytes): 0
	Maximum resident set size (kbytes): 6658324
	Average resident set size (kbytes): 0
	Major (requiring I/O) page faults: 18673
	Minor (reclaiming a frame) page faults: 1676735
	Voluntary context switches: 103403
	Involuntary context switches: 659
	Swaps: 0
	File system inputs: 0
	File system outputs: 48
	Socket messages sent: 0
	Socket messages received: 0
	Signals delivered: 0
	Page size (bytes): 4096
	Exit status: 0
Finished with result: success
Main processes terminated with: code=exited/status=0
Service runtime: 44.671s
CPU time consumed: 1min 867ms
Memory peak: 508.0K
Memory swap peak: 0B
	Command being timed: "systemd-run --user --wait --collect --pipe --unit=sfora-late-dense-held-cpu-179032-candidate-v4 --property=WorkingDirectory=/home/riomus/runs/sfora-late-dense-held-source-v4 --property=RuntimeMaxSec=120 --property=MemoryMax=8G --property=MemorySwapMax=0 --property=KillMode=control-group --property=OOMPolicy=stop --setenv=CUDA_VISIBLE_DEVICES= --setenv=CUBLAS_WORKSPACE_CONFIG=:4096:8 --setenv=OMP_NUM_THREADS=8 --setenv=OPENBLAS_NUM_THREADS=1 --setenv=TOKENIZERS_PARALLELISM=false --setenv=TMPDIR=/home/riomus/runs/sfora-late-dense-held-source-v4 --setenv=CUTILE_TILEIRAS_PATH=/home/riomus/toolchains/cuda-13.4-wheel-env/lib/python3.12/site-packages/nvidia/cu13/bin/tileiras --setenv=PATH=/home/riomus/toolchains/cuda-13.4-wheel-env/lib/python3.12/site-packages/nvidia/cu13/bin:/usr/local/bin:/usr/bin:/bin --setenv=PYTHONPATH=/home/riomus/runs/sfora-late-dense-held-source-v4:/home/riomus/runs/sfora-late-dense-held-source-v4/src:/home/riomus/runs/sfora-late-dense-held-source-v4/isolated-deps flock -n /home/riomus/runs/.sfora-siglip2-gpu.lock flock -n /home/riomus/.sfora-siglip2-gpu.lock /usr/bin/time -v /home/riomus/group-learning/.venv/bin/python /home/riomus/runs/sfora-late-dense-held-source-v4/export_late_dense_adaptation.py --phase cpu --authority-sha256 3d222e11d98045ed997147f107ba884be3ff2061da167fa715b9808f33e14e53 --seed 179032 --arm candidate --output /home/riomus/runs/sfora-late-dense-held-cpu-179032-candidate-v4"
	User time (seconds): 0.00
	System time (seconds): 0.00
	Percent of CPU this job got: 0%
	Elapsed (wall clock) time (h:mm:ss or m:ss): 0:44.69
	Average shared text size (kbytes): 0
	Average unshared data size (kbytes): 0
	Average stack size (kbytes): 0
	Average total size (kbytes): 0
	Maximum resident set size (kbytes): 7412
	Average resident set size (kbytes): 0
	Major (requiring I/O) page faults: 0
	Minor (reclaiming a frame) page faults: 377
	Voluntary context switches: 10
	Involuntary context switches: 0
	Swaps: 0
	File system inputs: 0
	File system outputs: 0
	Socket messages sent: 0
	Socket messages received: 0
	Signals delivered: 0
	Page size (bytes): 4096
	Exit status: 0
