Running as unit: sfora-late-dense-held-cpu-179032-control-v4.service; invocation ID: ebc6e8b3bf3d455a867ac8d4c8f49530
{"stage": "endpoint-179032-control", "rss_kib": 879200, "max_rss_kib": 3403640, "elapsed_seconds": 4.836118335369974}
{"stage": "endpoint-179032-candidate", "rss_kib": 879960, "max_rss_kib": 3601368, "elapsed_seconds": 7.591134136077017}
{"stage": "endpoint-179041-candidate", "rss_kib": 880520, "max_rss_kib": 3601944, "elapsed_seconds": 10.350905524101108}
{"stage": "endpoint-179041-control", "rss_kib": 880744, "max_rss_kib": 3601944, "elapsed_seconds": 12.94628956913948}
{"stage": "source-authority", "rss_kib": 949240, "max_rss_kib": 3601944, "elapsed_seconds": 22.972005849238485}
{"stage": "all-authority", "rss_kib": 949240, "max_rss_kib": 3601944, "elapsed_seconds": 22.977172641083598}
[transformers] Model config: bos_token_id must be `None` or an integer within the vocabulary (between 0 and 31999), got 49406. This may result in unexpected behavior.
[transformers] Model config: eos_token_id must be `None` or an integer within the vocabulary (between 0 and 31999), got 49407. This may result in unexpected behavior.
Loading weights:   0%|          | 0/792 [00:00<?, ?it/s]Loading weights: 100%|██████████| 792/792 [00:00<00:00, 14527.57it/s]
{"stage": "fresh-initializer", "rss_kib": 2570228, "max_rss_kib": 3818124, "elapsed_seconds": 28.663204920012504}
{"stage": "selected-complete-state", "rss_kib": 5095156, "max_rss_kib": 5094168, "elapsed_seconds": 31.573040132410824}
{"stage": "model-pair", "rss_kib": 3937956, "max_rss_kib": 6461536, "elapsed_seconds": 38.024028797168285}
{"stage": "fit-forward", "rss_kib": 3969584, "max_rss_kib": 6461536, "elapsed_seconds": 42.00271494034678}
{"stage": "half-models", "rss_kib": 2988120, "max_rss_kib": 6461536, "elapsed_seconds": 43.33898688899353}
	Command being timed: "/home/riomus/group-learning/.venv/bin/python /home/riomus/runs/sfora-late-dense-held-source-v4/export_late_dense_adaptation.py --phase cpu --authority-sha256 3d222e11d98045ed997147f107ba884be3ff2061da167fa715b9808f33e14e53 --seed 179032 --arm control --output /home/riomus/runs/sfora-late-dense-held-cpu-179032-control-v4"
	User time (seconds): 54.69
	System time (seconds): 6.03
	Percent of CPU this job got: 134%
	Elapsed (wall clock) time (h:mm:ss or m:ss): 0:45.21
	Average shared text size (kbytes): 0
	Average unshared data size (kbytes): 0
	Average stack size (kbytes): 0
	Average total size (kbytes): 0
	Maximum resident set size (kbytes): 6461536
	Average resident set size (kbytes): 0
	Major (requiring I/O) page faults: 18546
	Minor (reclaiming a frame) page faults: 1665502
	Voluntary context switches: 95541
	Involuntary context switches: 683
	Swaps: 0
	File system inputs: 0
	File system outputs: 48
	Socket messages sent: 0
	Socket messages received: 0
	Signals delivered: 0
	Page size (bytes): 4096
	Exit status: 0
Finished with result: success
Main processes terminated with: code=exited/status=0
Service runtime: 45.221s
CPU time consumed: 1min 737ms
Memory peak: 256.0K
Memory swap peak: 0B
	Command being timed: "systemd-run --user --wait --collect --pipe --unit=sfora-late-dense-held-cpu-179032-control-v4 --property=WorkingDirectory=/home/riomus/runs/sfora-late-dense-held-source-v4 --property=RuntimeMaxSec=120 --property=MemoryMax=8G --property=MemorySwapMax=0 --property=KillMode=control-group --property=OOMPolicy=stop --setenv=CUDA_VISIBLE_DEVICES= --setenv=CUBLAS_WORKSPACE_CONFIG=:4096:8 --setenv=OMP_NUM_THREADS=8 --setenv=OPENBLAS_NUM_THREADS=1 --setenv=TOKENIZERS_PARALLELISM=false --setenv=TMPDIR=/home/riomus/runs/sfora-late-dense-held-source-v4 --setenv=CUTILE_TILEIRAS_PATH=/home/riomus/toolchains/cuda-13.4-wheel-env/lib/python3.12/site-packages/nvidia/cu13/bin/tileiras --setenv=PATH=/home/riomus/toolchains/cuda-13.4-wheel-env/lib/python3.12/site-packages/nvidia/cu13/bin:/usr/local/bin:/usr/bin:/bin --setenv=PYTHONPATH=/home/riomus/runs/sfora-late-dense-held-source-v4:/home/riomus/runs/sfora-late-dense-held-source-v4/src:/home/riomus/runs/sfora-late-dense-held-source-v4/isolated-deps flock -n /home/riomus/runs/.sfora-siglip2-gpu.lock flock -n /home/riomus/.sfora-siglip2-gpu.lock /usr/bin/time -v /home/riomus/group-learning/.venv/bin/python /home/riomus/runs/sfora-late-dense-held-source-v4/export_late_dense_adaptation.py --phase cpu --authority-sha256 3d222e11d98045ed997147f107ba884be3ff2061da167fa715b9808f33e14e53 --seed 179032 --arm control --output /home/riomus/runs/sfora-late-dense-held-cpu-179032-control-v4"
	User time (seconds): 0.00
	System time (seconds): 0.00
	Percent of CPU this job got: 0%
	Elapsed (wall clock) time (h:mm:ss or m:ss): 0:45.25
	Average shared text size (kbytes): 0
	Average unshared data size (kbytes): 0
	Average stack size (kbytes): 0
	Average total size (kbytes): 0
	Maximum resident set size (kbytes): 7284
	Average resident set size (kbytes): 0
	Major (requiring I/O) page faults: 0
	Minor (reclaiming a frame) page faults: 377
	Voluntary context switches: 10
	Involuntary context switches: 0
	Swaps: 0
	File system inputs: 0
	File system outputs: 0
	Socket messages sent: 0
	Socket messages received: 0
	Signals delivered: 0
	Page size (bytes): 4096
	Exit status: 0
