Running as unit: sfora-late-dense-held-export-179032-candidate-v4.service; invocation ID: 96eabe97854a4e3dbc8827f25ec83a36
{"stage": "endpoint-179032-control", "rss_kib": 894640, "max_rss_kib": 3419124, "elapsed_seconds": 4.79045811900869}
{"stage": "endpoint-179032-candidate", "rss_kib": 895408, "max_rss_kib": 3616852, "elapsed_seconds": 7.494990485720336}
{"stage": "endpoint-179041-candidate", "rss_kib": 895952, "max_rss_kib": 3617428, "elapsed_seconds": 10.204240154009312}
{"stage": "endpoint-179041-control", "rss_kib": 896180, "max_rss_kib": 3617428, "elapsed_seconds": 12.754454591777176}
{"stage": "source-authority", "rss_kib": 966156, "max_rss_kib": 3617428, "elapsed_seconds": 22.650523134041578}
{"stage": "all-authority", "rss_kib": 966156, "max_rss_kib": 3617428, "elapsed_seconds": 22.655560563784093}
[transformers] Model config: bos_token_id must be `None` or an integer within the vocabulary (between 0 and 31999), got 49406. This may result in unexpected behavior.
[transformers] Model config: eos_token_id must be `None` or an integer within the vocabulary (between 0 and 31999), got 49407. This may result in unexpected behavior.
Loading weights:   0%|          | 0/792 [00:00<?, ?it/s]Loading weights: 100%|██████████| 792/792 [00:00<00:00, 13536.63it/s]
{"stage": "model-pair", "rss_kib": 3922236, "max_rss_kib": 6642900, "elapsed_seconds": 32.77748864889145}
{"stage": "fit-forward", "rss_kib": 3924172, "max_rss_kib": 6642900, "elapsed_seconds": 34.429684607777745}
{"stage": "half-models", "rss_kib": 2496940, "max_rss_kib": 6642900, "elapsed_seconds": 36.17888691695407}
	Command being timed: "/home/riomus/group-learning/.venv/bin/python /home/riomus/runs/sfora-late-dense-held-source-v4/export_late_dense_adaptation.py --phase export --authority-sha256 3d222e11d98045ed997147f107ba884be3ff2061da167fa715b9808f33e14e53 --seed 179032 --arm candidate --output /home/riomus/runs/sfora-late-dense-held-export-179032-candidate-v4 --cpu-proof /home/riomus/runs/sfora-late-dense-held-cpu-179032-candidate-v4/proof.json --cpu-sha256 925f7b2be2ba6660f746dc28834ceaad451cddc246fff9829c7594d2c9b21fd8 --cpu-log /home/riomus/runs/sfora-late-dense-held-source-v4/held-cpu-179032-candidate-v4.log --cpu-log-sha256 0540854e96e722583602b9e7c6f11ad98da63861838ca744e138d6b9d793af46"
	User time (seconds): 253.58
	System time (seconds): 6.59
	Percent of CPU this job got: 111%
	Elapsed (wall clock) time (h:mm:ss or m:ss): 3:53.29
	Average shared text size (kbytes): 0
	Average unshared data size (kbytes): 0
	Average stack size (kbytes): 0
	Average total size (kbytes): 0
	Maximum resident set size (kbytes): 6642900
	Average resident set size (kbytes): 0
	Major (requiring I/O) page faults: 18745
	Minor (reclaiming a frame) page faults: 958011
	Voluntary context switches: 219733
	Involuntary context switches: 3002
	Swaps: 0
	File system inputs: 0
	File system outputs: 21320
	Socket messages sent: 0
	Socket messages received: 0
	Signals delivered: 0
	Page size (bytes): 4096
	Exit status: 0
Finished with result: success
Main processes terminated with: code=exited/status=0
Service runtime: 3min 53.299s
CPU time consumed: 4min 20.183s
Memory peak: 256.0K
Memory swap peak: 0B
	Command being timed: "systemd-run --user --wait --collect --pipe --unit=sfora-late-dense-held-export-179032-candidate-v4 --property=WorkingDirectory=/home/riomus/runs/sfora-late-dense-held-source-v4 --property=RuntimeMaxSec=300 --property=MemoryMax=8G --property=MemorySwapMax=0 --property=KillMode=control-group --property=OOMPolicy=stop --setenv=CUDA_VISIBLE_DEVICES=0 --setenv=CUBLAS_WORKSPACE_CONFIG=:4096:8 --setenv=OMP_NUM_THREADS=8 --setenv=OPENBLAS_NUM_THREADS=1 --setenv=TOKENIZERS_PARALLELISM=false --setenv=TMPDIR=/home/riomus/runs/sfora-late-dense-held-source-v4 --setenv=CUTILE_TILEIRAS_PATH=/home/riomus/toolchains/cuda-13.4-wheel-env/lib/python3.12/site-packages/nvidia/cu13/bin/tileiras --setenv=PATH=/home/riomus/toolchains/cuda-13.4-wheel-env/lib/python3.12/site-packages/nvidia/cu13/bin:/usr/local/bin:/usr/bin:/bin --setenv=PYTHONPATH=/home/riomus/runs/sfora-late-dense-held-source-v4:/home/riomus/runs/sfora-late-dense-held-source-v4/src:/home/riomus/runs/sfora-late-dense-held-source-v4/isolated-deps flock -n /home/riomus/runs/.sfora-siglip2-gpu.lock flock -n /home/riomus/.sfora-siglip2-gpu.lock /usr/bin/time -v /home/riomus/group-learning/.venv/bin/python /home/riomus/runs/sfora-late-dense-held-source-v4/export_late_dense_adaptation.py --phase export --authority-sha256 3d222e11d98045ed997147f107ba884be3ff2061da167fa715b9808f33e14e53 --seed 179032 --arm candidate --output /home/riomus/runs/sfora-late-dense-held-export-179032-candidate-v4 --cpu-proof /home/riomus/runs/sfora-late-dense-held-cpu-179032-candidate-v4/proof.json --cpu-sha256 925f7b2be2ba6660f746dc28834ceaad451cddc246fff9829c7594d2c9b21fd8 --cpu-log /home/riomus/runs/sfora-late-dense-held-source-v4/held-cpu-179032-candidate-v4.log --cpu-log-sha256 0540854e96e722583602b9e7c6f11ad98da63861838ca744e138d6b9d793af46"
	User time (seconds): 0.00
	System time (seconds): 0.00
	Percent of CPU this job got: 0%
	Elapsed (wall clock) time (h:mm:ss or m:ss): 3:53.32
	Average shared text size (kbytes): 0
	Average unshared data size (kbytes): 0
	Average stack size (kbytes): 0
	Average total size (kbytes): 0
	Maximum resident set size (kbytes): 7284
	Average resident set size (kbytes): 0
	Major (requiring I/O) page faults: 0
	Minor (reclaiming a frame) page faults: 377
	Voluntary context switches: 10
	Involuntary context switches: 0
	Swaps: 0
	File system inputs: 0
	File system outputs: 0
	Socket messages sent: 0
	Socket messages received: 0
	Signals delivered: 0
	Page size (bytes): 4096
	Exit status: 0
