Running as unit: sfora-late-dense-held-export-179041-candidate-v4.service; invocation ID: 54663882fd924581a0bdc763704c647f
{"stage": "endpoint-179032-control", "rss_kib": 894648, "max_rss_kib": 3418772, "elapsed_seconds": 5.0066328826360404}
{"stage": "endpoint-179032-candidate", "rss_kib": 895260, "max_rss_kib": 3616340, "elapsed_seconds": 7.774539194069803}
{"stage": "endpoint-179041-candidate", "rss_kib": 895724, "max_rss_kib": 3616756, "elapsed_seconds": 10.548102370928973}
{"stage": "endpoint-179041-control", "rss_kib": 895968, "max_rss_kib": 3616756, "elapsed_seconds": 13.155778601765633}
{"stage": "source-authority", "rss_kib": 964840, "max_rss_kib": 3616756, "elapsed_seconds": 23.236725646071136}
{"stage": "all-authority", "rss_kib": 964840, "max_rss_kib": 3616756, "elapsed_seconds": 23.2419968736358}
[transformers] Model config: bos_token_id must be `None` or an integer within the vocabulary (between 0 and 31999), got 49406. This may result in unexpected behavior.
[transformers] Model config: eos_token_id must be `None` or an integer within the vocabulary (between 0 and 31999), got 49407. This may result in unexpected behavior.
Loading weights:   0%|          | 0/792 [00:00<?, ?it/s]Loading weights: 100%|██████████| 792/792 [00:00<00:00, 12755.01it/s]
{"stage": "model-pair", "rss_kib": 3922196, "max_rss_kib": 6642576, "elapsed_seconds": 33.38843457493931}
{"stage": "fit-forward", "rss_kib": 3924128, "max_rss_kib": 6642576, "elapsed_seconds": 35.03508269274607}
{"stage": "half-models", "rss_kib": 2496896, "max_rss_kib": 6642576, "elapsed_seconds": 36.75346957473084}
	Command being timed: "/home/riomus/group-learning/.venv/bin/python /home/riomus/runs/sfora-late-dense-held-source-v4/export_late_dense_adaptation.py --phase export --authority-sha256 3d222e11d98045ed997147f107ba884be3ff2061da167fa715b9808f33e14e53 --seed 179041 --arm candidate --output /home/riomus/runs/sfora-late-dense-held-export-179041-candidate-v4 --cpu-proof /home/riomus/runs/sfora-late-dense-held-cpu-179041-candidate-v4/proof.json --cpu-sha256 841688776037ef1a1b33aa21b4437227be2b722457c12f36bd29b3b069216354 --cpu-log /home/riomus/runs/sfora-late-dense-held-source-v4/held-cpu-179041-candidate-v4.log --cpu-log-sha256 5379cedbf1dab2138b24f6b47a96454b8fc48f59c44c6c48c403d90295b4e6db"
	User time (seconds): 251.35
	System time (seconds): 6.24
	Percent of CPU this job got: 110%
	Elapsed (wall clock) time (h:mm:ss or m:ss): 3:52.21
	Average shared text size (kbytes): 0
	Average unshared data size (kbytes): 0
	Average stack size (kbytes): 0
	Average total size (kbytes): 0
	Maximum resident set size (kbytes): 6642576
	Average resident set size (kbytes): 0
	Major (requiring I/O) page faults: 18271
	Minor (reclaiming a frame) page faults: 885223
	Voluntary context switches: 175540
	Involuntary context switches: 2846
	Swaps: 0
	File system inputs: 104
	File system outputs: 21320
	Socket messages sent: 0
	Socket messages received: 0
	Signals delivered: 0
	Page size (bytes): 4096
	Exit status: 0
Finished with result: success
Main processes terminated with: code=exited/status=0
Service runtime: 3min 52.215s
CPU time consumed: 4min 17.597s
Memory peak: 256.0K
Memory swap peak: 0B
	Command being timed: "systemd-run --user --wait --collect --pipe --unit=sfora-late-dense-held-export-179041-candidate-v4 --property=WorkingDirectory=/home/riomus/runs/sfora-late-dense-held-source-v4 --property=RuntimeMaxSec=300 --property=MemoryMax=8G --property=MemorySwapMax=0 --property=KillMode=control-group --property=OOMPolicy=stop --setenv=CUDA_VISIBLE_DEVICES=0 --setenv=CUBLAS_WORKSPACE_CONFIG=:4096:8 --setenv=OMP_NUM_THREADS=8 --setenv=OPENBLAS_NUM_THREADS=1 --setenv=TOKENIZERS_PARALLELISM=false --setenv=TMPDIR=/home/riomus/runs/sfora-late-dense-held-source-v4 --setenv=CUTILE_TILEIRAS_PATH=/home/riomus/toolchains/cuda-13.4-wheel-env/lib/python3.12/site-packages/nvidia/cu13/bin/tileiras --setenv=PATH=/home/riomus/toolchains/cuda-13.4-wheel-env/lib/python3.12/site-packages/nvidia/cu13/bin:/usr/local/bin:/usr/bin:/bin --setenv=PYTHONPATH=/home/riomus/runs/sfora-late-dense-held-source-v4:/home/riomus/runs/sfora-late-dense-held-source-v4/src:/home/riomus/runs/sfora-late-dense-held-source-v4/isolated-deps flock -n /home/riomus/runs/.sfora-siglip2-gpu.lock flock -n /home/riomus/.sfora-siglip2-gpu.lock /usr/bin/time -v /home/riomus/group-learning/.venv/bin/python /home/riomus/runs/sfora-late-dense-held-source-v4/export_late_dense_adaptation.py --phase export --authority-sha256 3d222e11d98045ed997147f107ba884be3ff2061da167fa715b9808f33e14e53 --seed 179041 --arm candidate --output /home/riomus/runs/sfora-late-dense-held-export-179041-candidate-v4 --cpu-proof /home/riomus/runs/sfora-late-dense-held-cpu-179041-candidate-v4/proof.json --cpu-sha256 841688776037ef1a1b33aa21b4437227be2b722457c12f36bd29b3b069216354 --cpu-log /home/riomus/runs/sfora-late-dense-held-source-v4/held-cpu-179041-candidate-v4.log --cpu-log-sha256 5379cedbf1dab2138b24f6b47a96454b8fc48f59c44c6c48c403d90295b4e6db"
	User time (seconds): 0.00
	System time (seconds): 0.00
	Percent of CPU this job got: 0%
	Elapsed (wall clock) time (h:mm:ss or m:ss): 3:52.24
	Average shared text size (kbytes): 0
	Average unshared data size (kbytes): 0
	Average stack size (kbytes): 0
	Average total size (kbytes): 0
	Maximum resident set size (kbytes): 7208
	Average resident set size (kbytes): 0
	Major (requiring I/O) page faults: 0
	Minor (reclaiming a frame) page faults: 378
	Voluntary context switches: 10
	Involuntary context switches: 1
	Swaps: 0
	File system inputs: 0
	File system outputs: 0
	Socket messages sent: 0
	Socket messages received: 0
	Signals delivered: 0
	Page size (bytes): 4096
	Exit status: 0
