Running as unit: sfora-late-dense-held-export-179041-control-v4.service; invocation ID: 0f9beeaa79414d7db86b864993b7ca20
{"stage": "endpoint-179032-control", "rss_kib": 894748, "max_rss_kib": 3419128, "elapsed_seconds": 5.000391393899918}
{"stage": "endpoint-179032-candidate", "rss_kib": 895512, "max_rss_kib": 3616856, "elapsed_seconds": 7.763355442788452}
{"stage": "endpoint-179041-candidate", "rss_kib": 896064, "max_rss_kib": 3617432, "elapsed_seconds": 10.531632103957236}
{"stage": "endpoint-179041-control", "rss_kib": 896292, "max_rss_kib": 3617432, "elapsed_seconds": 13.134575620759279}
{"stage": "source-authority", "rss_kib": 966152, "max_rss_kib": 3617432, "elapsed_seconds": 23.18266191193834}
{"stage": "all-authority", "rss_kib": 966152, "max_rss_kib": 3617432, "elapsed_seconds": 23.18783263862133}
[transformers] Model config: bos_token_id must be `None` or an integer within the vocabulary (between 0 and 31999), got 49406. This may result in unexpected behavior.
[transformers] Model config: eos_token_id must be `None` or an integer within the vocabulary (between 0 and 31999), got 49407. This may result in unexpected behavior.
Loading weights:   0%|          | 0/792 [00:00<?, ?it/s]Loading weights: 100%|██████████| 792/792 [00:00<00:00, 16608.03it/s]
{"stage": "model-pair", "rss_kib": 3922204, "max_rss_kib": 6446116, "elapsed_seconds": 33.300213678739965}
{"stage": "fit-forward", "rss_kib": 3924132, "max_rss_kib": 6446116, "elapsed_seconds": 34.9806635286659}
{"stage": "half-models", "rss_kib": 2496900, "max_rss_kib": 6446116, "elapsed_seconds": 36.71029892889783}
	Command being timed: "/home/riomus/group-learning/.venv/bin/python /home/riomus/runs/sfora-late-dense-held-source-v4/export_late_dense_adaptation.py --phase export --authority-sha256 3d222e11d98045ed997147f107ba884be3ff2061da167fa715b9808f33e14e53 --seed 179041 --arm control --output /home/riomus/runs/sfora-late-dense-held-export-179041-control-v4 --cpu-proof /home/riomus/runs/sfora-late-dense-held-cpu-179041-control-v4/proof.json --cpu-sha256 100ad14aec224e5b9e588091b7d16bdebd7d0f1fdf9fa333d660415b1b122932 --cpu-log /home/riomus/runs/sfora-late-dense-held-source-v4/held-cpu-179041-control-v4.log --cpu-log-sha256 be90042afe4138e1953972fc2f7e2ffcff133b5ce4b82041de1e6a4eb1b4e109"
	User time (seconds): 250.25
	System time (seconds): 6.25
	Percent of CPU this job got: 110%
	Elapsed (wall clock) time (h:mm:ss or m:ss): 3:52.08
	Average shared text size (kbytes): 0
	Average unshared data size (kbytes): 0
	Average stack size (kbytes): 0
	Average total size (kbytes): 0
	Maximum resident set size (kbytes): 6446116
	Average resident set size (kbytes): 0
	Major (requiring I/O) page faults: 19616
	Minor (reclaiming a frame) page faults: 873821
	Voluntary context switches: 188599
	Involuntary context switches: 2904
	Swaps: 0
	File system inputs: 608
	File system outputs: 21320
	Socket messages sent: 0
	Socket messages received: 0
	Signals delivered: 0
	Page size (bytes): 4096
	Exit status: 0
Finished with result: success
Main processes terminated with: code=exited/status=0
Service runtime: 3min 52.093s
CPU time consumed: 4min 16.514s
Memory peak: 3.8G
Memory swap peak: 0B
	Command being timed: "systemd-run --user --wait --collect --pipe --unit=sfora-late-dense-held-export-179041-control-v4 --property=WorkingDirectory=/home/riomus/runs/sfora-late-dense-held-source-v4 --property=RuntimeMaxSec=300 --property=MemoryMax=8G --property=MemorySwapMax=0 --property=KillMode=control-group --property=OOMPolicy=stop --setenv=CUDA_VISIBLE_DEVICES=0 --setenv=CUBLAS_WORKSPACE_CONFIG=:4096:8 --setenv=OMP_NUM_THREADS=8 --setenv=OPENBLAS_NUM_THREADS=1 --setenv=TOKENIZERS_PARALLELISM=false --setenv=TMPDIR=/home/riomus/runs/sfora-late-dense-held-source-v4 --setenv=CUTILE_TILEIRAS_PATH=/home/riomus/toolchains/cuda-13.4-wheel-env/lib/python3.12/site-packages/nvidia/cu13/bin/tileiras --setenv=PATH=/home/riomus/toolchains/cuda-13.4-wheel-env/lib/python3.12/site-packages/nvidia/cu13/bin:/usr/local/bin:/usr/bin:/bin --setenv=PYTHONPATH=/home/riomus/runs/sfora-late-dense-held-source-v4:/home/riomus/runs/sfora-late-dense-held-source-v4/src:/home/riomus/runs/sfora-late-dense-held-source-v4/isolated-deps flock -n /home/riomus/runs/.sfora-siglip2-gpu.lock flock -n /home/riomus/.sfora-siglip2-gpu.lock /usr/bin/time -v /home/riomus/group-learning/.venv/bin/python /home/riomus/runs/sfora-late-dense-held-source-v4/export_late_dense_adaptation.py --phase export --authority-sha256 3d222e11d98045ed997147f107ba884be3ff2061da167fa715b9808f33e14e53 --seed 179041 --arm control --output /home/riomus/runs/sfora-late-dense-held-export-179041-control-v4 --cpu-proof /home/riomus/runs/sfora-late-dense-held-cpu-179041-control-v4/proof.json --cpu-sha256 100ad14aec224e5b9e588091b7d16bdebd7d0f1fdf9fa333d660415b1b122932 --cpu-log /home/riomus/runs/sfora-late-dense-held-source-v4/held-cpu-179041-control-v4.log --cpu-log-sha256 be90042afe4138e1953972fc2f7e2ffcff133b5ce4b82041de1e6a4eb1b4e109"
	User time (seconds): 0.00
	System time (seconds): 0.00
	Percent of CPU this job got: 0%
	Elapsed (wall clock) time (h:mm:ss or m:ss): 3:52.11
	Average shared text size (kbytes): 0
	Average unshared data size (kbytes): 0
	Average stack size (kbytes): 0
	Average total size (kbytes): 0
	Maximum resident set size (kbytes): 7220
	Average resident set size (kbytes): 0
	Major (requiring I/O) page faults: 0
	Minor (reclaiming a frame) page faults: 377
	Voluntary context switches: 10
	Involuntary context switches: 0
	Swaps: 0
	File system inputs: 0
	File system outputs: 0
	Socket messages sent: 0
	Socket messages received: 0
	Signals delivered: 0
	Page size (bytes): 4096
	Exit status: 0
