Running as unit: sfora-late-dense-held-cpu-179032-control-v1.service; invocation ID: 5e040b7f2e0941a6ae6d4ddac593195c
[transformers] Model config: bos_token_id must be `None` or an integer within the vocabulary (between 0 and 31999), got 49406. This may result in unexpected behavior.
[transformers] Model config: eos_token_id must be `None` or an integer within the vocabulary (between 0 and 31999), got 49407. This may result in unexpected behavior.
Loading weights:   0%|          | 0/792 [00:00<?, ?it/s]Loading weights: 100%|██████████| 792/792 [00:00<00:00, 8527.83it/s]
Loading weights:   0%|          | 0/792 [00:00<?, ?it/s]Loading weights: 100%|██████████| 792/792 [00:00<00:00, 13944.92it/s]
Traceback (most recent call last):
  File "/home/riomus/runs/sfora-late-dense-held-source-v1/export_late_dense_adaptation.py", line 399, in <module>
    main()
    ~~~~^^
  File "/home/riomus/runs/sfora-late-dense-held-source-v1/export_late_dense_adaptation.py", line 341, in main
    publish(args.output / "proof.json", {**binding, **resource_unit(120, False), "pass": True,
                                                      ~~~~~~~~~~~~~^^^^^^^^^^^^
  File "/home/riomus/runs/sfora-late-dense-held-source-v1/export_late_dense_adaptation.py", line 241, in resource_unit
    assert total < cap and 0 < rss <= 8 * 1024 * 1024 and swap == 0
           ^^^^^^^^^^^^^^^^^^^^^^^^^^^^^^^^^^^^^^^^^^^^^^^^^^^^^^^^
AssertionError
Command exited with non-zero status 1
	Command being timed: "/home/riomus/group-learning/.venv/bin/python /home/riomus/runs/sfora-late-dense-held-source-v1/export_late_dense_adaptation.py --phase cpu --authority-sha256 598011c9478e7789ac4f1ff2a6470dc2b7b1534d6ed1214c19dba6d10c39061f --seed 179032 --arm control --output /home/riomus/runs/sfora-late-dense-held-cpu-179032-control-v1"
	User time (seconds): 55.67
	System time (seconds): 7.15
	Percent of CPU this job got: 134%
	Elapsed (wall clock) time (h:mm:ss or m:ss): 0:46.85
	Average shared text size (kbytes): 0
	Average unshared data size (kbytes): 0
	Average stack size (kbytes): 0
	Average total size (kbytes): 0
	Maximum resident set size (kbytes): 8592392
	Average resident set size (kbytes): 0
	Major (requiring I/O) page faults: 35908
	Minor (reclaiming a frame) page faults: 1954932
	Voluntary context switches: 162762
	Involuntary context switches: 648
	Swaps: 0
	File system inputs: 0
	File system outputs: 112
	Socket messages sent: 0
	Socket messages received: 0
	Signals delivered: 0
	Page size (bytes): 4096
	Exit status: 1
Finished with result: exit-code
Main processes terminated with: code=exited/status=1
Service runtime: 46.854s
CPU time consumed: 1min 2.836s
Memory peak: 764.0K
Memory swap peak: 0B
Command exited with non-zero status 1
	Command being timed: "systemd-run --user --wait --collect --pipe --unit=sfora-late-dense-held-cpu-179032-control-v1 --property=WorkingDirectory=/home/riomus/runs/sfora-late-dense-held-source-v1 --property=RuntimeMaxSec=120 --property=MemoryMax=8G --property=MemorySwapMax=0 --property=KillMode=control-group --property=OOMPolicy=stop --setenv=CUDA_VISIBLE_DEVICES= --setenv=CUBLAS_WORKSPACE_CONFIG=:4096:8 --setenv=OMP_NUM_THREADS=8 --setenv=OPENBLAS_NUM_THREADS=1 --setenv=TOKENIZERS_PARALLELISM=false --setenv=TMPDIR=/home/riomus/runs/sfora-late-dense-held-source-v1 --setenv=CUTILE_TILEIRAS_PATH=/home/riomus/toolchains/cuda-13.4-wheel-env/lib/python3.12/site-packages/nvidia/cu13/bin/tileiras --setenv=PATH=/home/riomus/toolchains/cuda-13.4-wheel-env/lib/python3.12/site-packages/nvidia/cu13/bin:/usr/local/bin:/usr/bin:/bin --setenv=PYTHONPATH=/home/riomus/runs/sfora-late-dense-held-source-v1:/home/riomus/runs/sfora-late-dense-held-source-v1/src:/home/riomus/runs/sfora-late-dense-held-source-v1/isolated-deps flock -n /home/riomus/runs/.sfora-siglip2-gpu.lock flock -n /home/riomus/.sfora-siglip2-gpu.lock /usr/bin/time -v /home/riomus/group-learning/.venv/bin/python /home/riomus/runs/sfora-late-dense-held-source-v1/export_late_dense_adaptation.py --phase cpu --authority-sha256 598011c9478e7789ac4f1ff2a6470dc2b7b1534d6ed1214c19dba6d10c39061f --seed 179032 --arm control --output /home/riomus/runs/sfora-late-dense-held-cpu-179032-control-v1"
	User time (seconds): 0.00
	System time (seconds): 0.00
	Percent of CPU this job got: 0%
	Elapsed (wall clock) time (h:mm:ss or m:ss): 0:46.88
	Average shared text size (kbytes): 0
	Average unshared data size (kbytes): 0
	Average stack size (kbytes): 0
	Average total size (kbytes): 0
	Maximum resident set size (kbytes): 7280
	Average resident set size (kbytes): 0
	Major (requiring I/O) page faults: 0
	Minor (reclaiming a frame) page faults: 378
	Voluntary context switches: 10
	Involuntary context switches: 0
	Swaps: 0
	File system inputs: 0
	File system outputs: 0
	Socket messages sent: 0
	Socket messages received: 0
	Signals delivered: 0
	Page size (bytes): 4096
	Exit status: 1
