Running as unit: sfora-late-dense-held-score-v4.service; invocation ID: bd842a94f37c42dabbb886ee97dc7700
{"stage": "endpoint-179032-control", "rss_kib": 877908, "max_rss_kib": 3402260, "elapsed_seconds": 4.327593059744686}
{"stage": "endpoint-179032-candidate", "rss_kib": 878544, "max_rss_kib": 3599828, "elapsed_seconds": 7.088824819773436}
{"stage": "endpoint-179041-candidate", "rss_kib": 878996, "max_rss_kib": 3600244, "elapsed_seconds": 9.855791069101542}
{"stage": "endpoint-179041-control", "rss_kib": 879244, "max_rss_kib": 3600244, "elapsed_seconds": 12.457200402859598}
{"stage": "source-authority", "rss_kib": 949316, "max_rss_kib": 3600244, "elapsed_seconds": 22.52451572706923}
	Command being timed: "/home/riomus/group-learning/.venv/bin/python /home/riomus/runs/sfora-late-dense-held-source-v4/score_late_dense_adaptation.py --authority-sha256 3d222e11d98045ed997147f107ba884be3ff2061da167fa715b9808f33e14e53 --wires-authority-sha256 55362438eee130a95c61fc6bbf4908dbabb57bbe1461d07d61d8064ffc342aab --output /home/riomus/runs/sfora-late-dense-held-source-v4/late-dense-decision-v4.json"
	User time (seconds): 34.53
	System time (seconds): 2.35
	Percent of CPU this job got: 136%
	Elapsed (wall clock) time (h:mm:ss or m:ss): 0:27.08
	Average shared text size (kbytes): 0
	Average unshared data size (kbytes): 0
	Average stack size (kbytes): 0
	Average total size (kbytes): 0
	Maximum resident set size (kbytes): 3600244
	Average resident set size (kbytes): 0
	Major (requiring I/O) page faults: 0
	Minor (reclaiming a frame) page faults: 294662
	Voluntary context switches: 20928
	Involuntary context switches: 399
	Swaps: 0
	File system inputs: 0
	File system outputs: 1672
	Socket messages sent: 0
	Socket messages received: 0
	Signals delivered: 0
	Page size (bytes): 4096
	Exit status: 0
Finished with result: success
Main processes terminated with: code=exited/status=0
Service runtime: 27.091s
CPU time consumed: 36.892s
Memory peak: 256.0K
Memory swap peak: 0B
	Command being timed: "systemd-run --user --wait --collect --pipe --unit=sfora-late-dense-held-score-v4 --property=WorkingDirectory=/home/riomus/runs/sfora-late-dense-held-source-v4 --property=RuntimeMaxSec=120 --property=MemoryMax=8G --property=MemorySwapMax=0 --property=KillMode=control-group --property=OOMPolicy=stop --setenv=CUDA_VISIBLE_DEVICES= --setenv=CUBLAS_WORKSPACE_CONFIG=:4096:8 --setenv=OMP_NUM_THREADS=8 --setenv=OPENBLAS_NUM_THREADS=1 --setenv=TOKENIZERS_PARALLELISM=false --setenv=TMPDIR=/home/riomus/runs/sfora-late-dense-held-source-v4 --setenv=CUTILE_TILEIRAS_PATH=/home/riomus/toolchains/cuda-13.4-wheel-env/lib/python3.12/site-packages/nvidia/cu13/bin/tileiras --setenv=PATH=/home/riomus/toolchains/cuda-13.4-wheel-env/lib/python3.12/site-packages/nvidia/cu13/bin:/usr/local/bin:/usr/bin:/bin --setenv=PYTHONPATH=/home/riomus/runs/sfora-late-dense-held-source-v4:/home/riomus/runs/sfora-late-dense-held-source-v4/src:/home/riomus/runs/sfora-late-dense-held-source-v4/isolated-deps flock -n /home/riomus/runs/.sfora-siglip2-gpu.lock flock -n /home/riomus/.sfora-siglip2-gpu.lock /usr/bin/time -v /home/riomus/group-learning/.venv/bin/python /home/riomus/runs/sfora-late-dense-held-source-v4/score_late_dense_adaptation.py --authority-sha256 3d222e11d98045ed997147f107ba884be3ff2061da167fa715b9808f33e14e53 --wires-authority-sha256 55362438eee130a95c61fc6bbf4908dbabb57bbe1461d07d61d8064ffc342aab --output /home/riomus/runs/sfora-late-dense-held-source-v4/late-dense-decision-v4.json"
	User time (seconds): 0.00
	System time (seconds): 0.00
	Percent of CPU this job got: 0%
	Elapsed (wall clock) time (h:mm:ss or m:ss): 0:27.11
	Average shared text size (kbytes): 0
	Average unshared data size (kbytes): 0
	Average stack size (kbytes): 0
	Average total size (kbytes): 0
	Maximum resident set size (kbytes): 7284
	Average resident set size (kbytes): 0
	Major (requiring I/O) page faults: 0
	Minor (reclaiming a frame) page faults: 376
	Voluntary context switches: 9
	Involuntary context switches: 0
	Swaps: 0
	File system inputs: 0
	File system outputs: 0
	Socket messages sent: 0
	Socket messages received: 0
	Signals delivered: 0
	Page size (bytes): 4096
	Exit status: 0
