Running as unit: sfora-image-queue-held-export-179041-control-v1.service; invocation ID: 377927d21e1642ffbec9fe3bacb43f2e
{"stage": "endpoint-179032-control", "rss_kib": 992484, "max_rss_kib": 3516860, "elapsed_seconds": 17.08058845810592}
{"stage": "endpoint-179032-queue", "rss_kib": 992892, "max_rss_kib": 3517116, "elapsed_seconds": 19.9001647811383}
{"stage": "endpoint-179041-queue", "rss_kib": 993392, "max_rss_kib": 3517596, "elapsed_seconds": 22.771489741280675}
{"stage": "endpoint-179041-control", "rss_kib": 993964, "max_rss_kib": 3518236, "elapsed_seconds": 25.526297579985112}
{"stage": "source-authority", "rss_kib": 993964, "max_rss_kib": 3518236, "elapsed_seconds": 25.52682462334633}
{"stage": "all-authority", "rss_kib": 993964, "max_rss_kib": 3518236, "elapsed_seconds": 25.52741777896881}
[transformers] Model config: bos_token_id must be `None` or an integer within the vocabulary (between 0 and 31999), got 49406. This may result in unexpected behavior.
[transformers] Model config: eos_token_id must be `None` or an integer within the vocabulary (between 0 and 31999), got 49407. This may result in unexpected behavior.
Loading weights:   0%|          | 0/792 [00:00<?, ?it/s]Loading weights: 100%|██████████| 792/792 [00:00<00:00, 8815.59it/s]
{"stage": "model-pair", "rss_kib": 3925576, "max_rss_kib": 6449400, "elapsed_seconds": 35.68145294301212}
{"stage": "fit-forward", "rss_kib": 3927456, "max_rss_kib": 6449400, "elapsed_seconds": 37.37766208127141}
{"stage": "half-models", "rss_kib": 2964728, "max_rss_kib": 6449400, "elapsed_seconds": 38.71400276524946}
	Command being timed: "/home/riomus/group-learning/.venv/bin/python /home/riomus/runs/sfora-image-queue-held-source-v1/export_image_queue_adaptation.py --phase export --seed 179041 --arm control --authority-sha256 f1b1ba0abbba635afc062a967b139ac503230d6202e5ebd112bd285c2cb8070a --output /home/riomus/runs/sfora-image-queue-held-export-179041-control-v1 --cpu-proof /home/riomus/runs/sfora-image-queue-held-cpu-179041-control-v1/proof.json --cpu-sha256 90c7a6913e133fe8b4e887a438a36d752b4664e21372beb6149d79e7b576923d --cpu-log /home/riomus/runs/sfora-image-queue-held-source-v1/held-cpu-179041-control-v1.log --cpu-log-sha256 f4d42d5ae6de3eb368d0dd700c8c6d73dbafc3d100d41d7f1040088e980da93b"
	User time (seconds): 252.47
	System time (seconds): 6.50
	Percent of CPU this job got: 109%
	Elapsed (wall clock) time (h:mm:ss or m:ss): 3:55.77
	Average shared text size (kbytes): 0
	Average unshared data size (kbytes): 0
	Average stack size (kbytes): 0
	Average total size (kbytes): 0
	Maximum resident set size (kbytes): 6449400
	Average resident set size (kbytes): 0
	Major (requiring I/O) page faults: 18367
	Minor (reclaiming a frame) page faults: 911720
	Voluntary context switches: 196916
	Involuntary context switches: 3003
	Swaps: 0
	File system inputs: 11224
	File system outputs: 21320
	Socket messages sent: 0
	Socket messages received: 0
	Signals delivered: 0
	Page size (bytes): 4096
	Exit status: 0
Finished with result: success
Main processes terminated with: code=exited/status=0
Service runtime: 3min 55.774s
CPU time consumed: 4min 18.980s
Memory peak: 764.0K
Memory swap peak: 0B
	Command being timed: "systemd-run --user --wait --collect --pipe --unit=sfora-image-queue-held-export-179041-control-v1 --property=WorkingDirectory=/home/riomus/runs/sfora-image-queue-held-source-v1 --property=RuntimeMaxSec=300 --property=MemoryMax=8G --property=MemorySwapMax=0 --property=KillMode=control-group --property=OOMPolicy=stop --setenv=CUDA_VISIBLE_DEVICES=0 --setenv=CUBLAS_WORKSPACE_CONFIG=:4096:8 --setenv=OMP_NUM_THREADS=8 --setenv=OPENBLAS_NUM_THREADS=1 --setenv=TOKENIZERS_PARALLELISM=false --setenv=TMPDIR=/home/riomus/runs/sfora-image-queue-held-source-v1 --setenv=CUTILE_TILEIRAS_PATH=/home/riomus/toolchains/cuda-13.4-wheel-env/lib/python3.12/site-packages/nvidia/cu13/bin/tileiras --setenv=PATH=/home/riomus/toolchains/cuda-13.4-wheel-env/lib/python3.12/site-packages/nvidia/cu13/bin:/usr/local/bin:/usr/bin:/bin --setenv=PYTHONPATH=/home/riomus/runs/sfora-image-queue-held-source-v1:/home/riomus/runs/sfora-image-queue-held-source-v1/src:/home/riomus/runs/sfora-image-queue-held-source-v1/isolated-deps flock -n /home/riomus/runs/.sfora-siglip2-gpu.lock flock -n /home/riomus/.sfora-siglip2-gpu.lock /usr/bin/time -v /home/riomus/group-learning/.venv/bin/python /home/riomus/runs/sfora-image-queue-held-source-v1/export_image_queue_adaptation.py --phase export --seed 179041 --arm control --authority-sha256 f1b1ba0abbba635afc062a967b139ac503230d6202e5ebd112bd285c2cb8070a --output /home/riomus/runs/sfora-image-queue-held-export-179041-control-v1 --cpu-proof /home/riomus/runs/sfora-image-queue-held-cpu-179041-control-v1/proof.json --cpu-sha256 90c7a6913e133fe8b4e887a438a36d752b4664e21372beb6149d79e7b576923d --cpu-log /home/riomus/runs/sfora-image-queue-held-source-v1/held-cpu-179041-control-v1.log --cpu-log-sha256 f4d42d5ae6de3eb368d0dd700c8c6d73dbafc3d100d41d7f1040088e980da93b"
	User time (seconds): 0.00
	System time (seconds): 0.00
	Percent of CPU this job got: 0%
	Elapsed (wall clock) time (h:mm:ss or m:ss): 3:55.79
	Average shared text size (kbytes): 0
	Average unshared data size (kbytes): 0
	Average stack size (kbytes): 0
	Average total size (kbytes): 0
	Maximum resident set size (kbytes): 7204
	Average resident set size (kbytes): 0
	Major (requiring I/O) page faults: 0
	Minor (reclaiming a frame) page faults: 377
	Voluntary context switches: 9
	Involuntary context switches: 0
	Swaps: 0
	File system inputs: 0
	File system outputs: 0
	Socket messages sent: 0
	Socket messages received: 0
	Signals delivered: 0
	Page size (bytes): 4096
	Exit status: 0
