Running as unit: sfora-image-queue-held-cpu-179032-control-v1.service; invocation ID: 7f7b2a54fdf04848a444372c3c1ba6fa
{"stage": "endpoint-179032-control", "rss_kib": 975952, "max_rss_kib": 3500508, "elapsed_seconds": 16.4830085770227}
{"stage": "endpoint-179032-queue", "rss_kib": 976392, "max_rss_kib": 3500764, "elapsed_seconds": 19.1917914156802}
{"stage": "endpoint-179041-queue", "rss_kib": 976908, "max_rss_kib": 3501468, "elapsed_seconds": 21.918317135889083}
{"stage": "endpoint-179041-control", "rss_kib": 977436, "max_rss_kib": 3501884, "elapsed_seconds": 24.587888000998646}
{"stage": "source-authority", "rss_kib": 977436, "max_rss_kib": 3501884, "elapsed_seconds": 24.58835999807343}
{"stage": "all-authority", "rss_kib": 977436, "max_rss_kib": 3501884, "elapsed_seconds": 24.58891095407307}
[transformers] Model config: bos_token_id must be `None` or an integer within the vocabulary (between 0 and 31999), got 49406. This may result in unexpected behavior.
[transformers] Model config: eos_token_id must be `None` or an integer within the vocabulary (between 0 and 31999), got 49407. This may result in unexpected behavior.
Loading weights:   0%|          | 0/792 [00:00<?, ?it/s]Loading weights: 100%|██████████| 792/792 [00:00<00:00, 16975.69it/s]
{"stage": "fresh-initializer", "rss_kib": 2573804, "max_rss_kib": 3821568, "elapsed_seconds": 30.065321198664606}
{"stage": "selected-complete-state", "rss_kib": 5099076, "max_rss_kib": 5098112, "elapsed_seconds": 32.954706912860274}
{"stage": "model-pair", "rss_kib": 3940688, "max_rss_kib": 6453624, "elapsed_seconds": 39.314926663879305}
{"stage": "fit-forward", "rss_kib": 3973796, "max_rss_kib": 6453624, "elapsed_seconds": 43.08825583476573}
{"stage": "half-models", "rss_kib": 2532492, "max_rss_kib": 6453624, "elapsed_seconds": 44.86838256008923}
	Command being timed: "/home/riomus/group-learning/.venv/bin/python /home/riomus/runs/sfora-image-queue-held-source-v1/export_image_queue_adaptation.py --phase cpu --seed 179032 --arm control --authority-sha256 f1b1ba0abbba635afc062a967b139ac503230d6202e5ebd112bd285c2cb8070a --output /home/riomus/runs/sfora-image-queue-held-cpu-179032-control-v1"
	User time (seconds): 55.79
	System time (seconds): 6.53
	Percent of CPU this job got: 133%
	Elapsed (wall clock) time (h:mm:ss or m:ss): 0:46.76
	Average shared text size (kbytes): 0
	Average unshared data size (kbytes): 0
	Average stack size (kbytes): 0
	Average total size (kbytes): 0
	Maximum resident set size (kbytes): 6453624
	Average resident set size (kbytes): 0
	Major (requiring I/O) page faults: 17024
	Minor (reclaiming a frame) page faults: 1697023
	Voluntary context switches: 88335
	Involuntary context switches: 631
	Swaps: 0
	File system inputs: 26696
	File system outputs: 112
	Socket messages sent: 0
	Socket messages received: 0
	Signals delivered: 0
	Page size (bytes): 4096
	Exit status: 0
Finished with result: success
Main processes terminated with: code=exited/status=0
Service runtime: 46.771s
CPU time consumed: 1min 2.330s
Memory peak: 508.0K
Memory swap peak: 0B
	Command being timed: "systemd-run --user --wait --collect --pipe --unit=sfora-image-queue-held-cpu-179032-control-v1 --property=WorkingDirectory=/home/riomus/runs/sfora-image-queue-held-source-v1 --property=RuntimeMaxSec=120 --property=MemoryMax=8G --property=MemorySwapMax=0 --property=KillMode=control-group --property=OOMPolicy=stop --setenv=CUDA_VISIBLE_DEVICES= --setenv=CUBLAS_WORKSPACE_CONFIG=:4096:8 --setenv=OMP_NUM_THREADS=8 --setenv=OPENBLAS_NUM_THREADS=1 --setenv=TOKENIZERS_PARALLELISM=false --setenv=TMPDIR=/home/riomus/runs/sfora-image-queue-held-source-v1 --setenv=CUTILE_TILEIRAS_PATH=/home/riomus/toolchains/cuda-13.4-wheel-env/lib/python3.12/site-packages/nvidia/cu13/bin/tileiras --setenv=PATH=/home/riomus/toolchains/cuda-13.4-wheel-env/lib/python3.12/site-packages/nvidia/cu13/bin:/usr/local/bin:/usr/bin:/bin --setenv=PYTHONPATH=/home/riomus/runs/sfora-image-queue-held-source-v1:/home/riomus/runs/sfora-image-queue-held-source-v1/src:/home/riomus/runs/sfora-image-queue-held-source-v1/isolated-deps flock -n /home/riomus/runs/.sfora-siglip2-gpu.lock flock -n /home/riomus/.sfora-siglip2-gpu.lock /usr/bin/time -v /home/riomus/group-learning/.venv/bin/python /home/riomus/runs/sfora-image-queue-held-source-v1/export_image_queue_adaptation.py --phase cpu --seed 179032 --arm control --authority-sha256 f1b1ba0abbba635afc062a967b139ac503230d6202e5ebd112bd285c2cb8070a --output /home/riomus/runs/sfora-image-queue-held-cpu-179032-control-v1"
	User time (seconds): 0.00
	System time (seconds): 0.00
	Percent of CPU this job got: 0%
	Elapsed (wall clock) time (h:mm:ss or m:ss): 0:46.80
	Average shared text size (kbytes): 0
	Average unshared data size (kbytes): 0
	Average stack size (kbytes): 0
	Average total size (kbytes): 0
	Maximum resident set size (kbytes): 7268
	Average resident set size (kbytes): 0
	Major (requiring I/O) page faults: 0
	Minor (reclaiming a frame) page faults: 377
	Voluntary context switches: 9
	Involuntary context switches: 1
	Swaps: 0
	File system inputs: 0
	File system outputs: 0
	Socket messages sent: 0
	Socket messages received: 0
	Signals delivered: 0
	Page size (bytes): 4096
	Exit status: 0
