Running as unit: sfora-image-queue-held-cpu-179041-queue-v1.service; invocation ID: a436d68be25441e29df9fe1f3b7bd588
{"stage": "endpoint-179032-control", "rss_kib": 976968, "max_rss_kib": 3501660, "elapsed_seconds": 16.631869012024254}
{"stage": "endpoint-179032-queue", "rss_kib": 977408, "max_rss_kib": 3501916, "elapsed_seconds": 19.352500759996474}
{"stage": "endpoint-179041-queue", "rss_kib": 977920, "max_rss_kib": 3502556, "elapsed_seconds": 22.160705962684005}
{"stage": "endpoint-179041-control", "rss_kib": 978448, "max_rss_kib": 3503036, "elapsed_seconds": 24.828246535733342}
{"stage": "source-authority", "rss_kib": 978448, "max_rss_kib": 3503036, "elapsed_seconds": 24.828735797666013}
{"stage": "all-authority", "rss_kib": 978448, "max_rss_kib": 3503036, "elapsed_seconds": 24.829254258889705}
[transformers] Model config: bos_token_id must be `None` or an integer within the vocabulary (between 0 and 31999), got 49406. This may result in unexpected behavior.
[transformers] Model config: eos_token_id must be `None` or an integer within the vocabulary (between 0 and 31999), got 49407. This may result in unexpected behavior.
Loading weights:   0%|          | 0/792 [00:00<?, ?it/s]Loading weights: 100%|██████████| 792/792 [00:00<00:00, 12816.82it/s]
{"stage": "fresh-initializer", "rss_kib": 2573792, "max_rss_kib": 3821880, "elapsed_seconds": 30.317341446876526}
{"stage": "selected-complete-state", "rss_kib": 5099056, "max_rss_kib": 5098232, "elapsed_seconds": 33.271506547927856}
{"stage": "model-pair", "rss_kib": 3940668, "max_rss_kib": 6464792, "elapsed_seconds": 39.396754642017186}
{"stage": "fit-forward", "rss_kib": 3974292, "max_rss_kib": 6464792, "elapsed_seconds": 43.017860217019916}
{"stage": "half-models", "rss_kib": 2992252, "max_rss_kib": 6464792, "elapsed_seconds": 44.39987634681165}
	Command being timed: "/home/riomus/group-learning/.venv/bin/python /home/riomus/runs/sfora-image-queue-held-source-v1/export_image_queue_adaptation.py --phase cpu --seed 179041 --arm queue --authority-sha256 f1b1ba0abbba635afc062a967b139ac503230d6202e5ebd112bd285c2cb8070a --output /home/riomus/runs/sfora-image-queue-held-cpu-179041-queue-v1"
	User time (seconds): 54.74
	System time (seconds): 6.35
	Percent of CPU this job got: 132%
	Elapsed (wall clock) time (h:mm:ss or m:ss): 0:46.24
	Average shared text size (kbytes): 0
	Average unshared data size (kbytes): 0
	Average stack size (kbytes): 0
	Average total size (kbytes): 0
	Maximum resident set size (kbytes): 6464792
	Average resident set size (kbytes): 0
	Major (requiring I/O) page faults: 17970
	Minor (reclaiming a frame) page faults: 1716051
	Voluntary context switches: 87421
	Involuntary context switches: 694
	Swaps: 0
	File system inputs: 60352
	File system outputs: 48
	Socket messages sent: 0
	Socket messages received: 0
	Signals delivered: 0
	Page size (bytes): 4096
	Exit status: 0
Finished with result: success
Main processes terminated with: code=exited/status=0
Service runtime: 46.251s
CPU time consumed: 1min 1.102s
Memory peak: 764.0K
Memory swap peak: 0B
	Command being timed: "systemd-run --user --wait --collect --pipe --unit=sfora-image-queue-held-cpu-179041-queue-v1 --property=WorkingDirectory=/home/riomus/runs/sfora-image-queue-held-source-v1 --property=RuntimeMaxSec=120 --property=MemoryMax=8G --property=MemorySwapMax=0 --property=KillMode=control-group --property=OOMPolicy=stop --setenv=CUDA_VISIBLE_DEVICES= --setenv=CUBLAS_WORKSPACE_CONFIG=:4096:8 --setenv=OMP_NUM_THREADS=8 --setenv=OPENBLAS_NUM_THREADS=1 --setenv=TOKENIZERS_PARALLELISM=false --setenv=TMPDIR=/home/riomus/runs/sfora-image-queue-held-source-v1 --setenv=CUTILE_TILEIRAS_PATH=/home/riomus/toolchains/cuda-13.4-wheel-env/lib/python3.12/site-packages/nvidia/cu13/bin/tileiras --setenv=PATH=/home/riomus/toolchains/cuda-13.4-wheel-env/lib/python3.12/site-packages/nvidia/cu13/bin:/usr/local/bin:/usr/bin:/bin --setenv=PYTHONPATH=/home/riomus/runs/sfora-image-queue-held-source-v1:/home/riomus/runs/sfora-image-queue-held-source-v1/src:/home/riomus/runs/sfora-image-queue-held-source-v1/isolated-deps flock -n /home/riomus/runs/.sfora-siglip2-gpu.lock flock -n /home/riomus/.sfora-siglip2-gpu.lock /usr/bin/time -v /home/riomus/group-learning/.venv/bin/python /home/riomus/runs/sfora-image-queue-held-source-v1/export_image_queue_adaptation.py --phase cpu --seed 179041 --arm queue --authority-sha256 f1b1ba0abbba635afc062a967b139ac503230d6202e5ebd112bd285c2cb8070a --output /home/riomus/runs/sfora-image-queue-held-cpu-179041-queue-v1"
	User time (seconds): 0.00
	System time (seconds): 0.00
	Percent of CPU this job got: 0%
	Elapsed (wall clock) time (h:mm:ss or m:ss): 0:46.28
	Average shared text size (kbytes): 0
	Average unshared data size (kbytes): 0
	Average stack size (kbytes): 0
	Average total size (kbytes): 0
	Maximum resident set size (kbytes): 7412
	Average resident set size (kbytes): 0
	Major (requiring I/O) page faults: 0
	Minor (reclaiming a frame) page faults: 377
	Voluntary context switches: 10
	Involuntary context switches: 0
	Swaps: 0
	File system inputs: 0
	File system outputs: 0
	Socket messages sent: 0
	Socket messages received: 0
	Signals delivered: 0
	Page size (bytes): 4096
	Exit status: 0
