Running as unit: sfora-image-queue-held-cpu-179041-control-v1.service; invocation ID: 2afc113f069d425c8bf574b172308bdd
{"stage": "endpoint-179032-control", "rss_kib": 976908, "max_rss_kib": 3501520, "elapsed_seconds": 16.932111487258226}
{"stage": "endpoint-179032-queue", "rss_kib": 977328, "max_rss_kib": 3501776, "elapsed_seconds": 19.78858349332586}
{"stage": "endpoint-179041-queue", "rss_kib": 977840, "max_rss_kib": 3502256, "elapsed_seconds": 22.64588629733771}
{"stage": "endpoint-179041-control", "rss_kib": 978388, "max_rss_kib": 3502896, "elapsed_seconds": 25.380255436059088}
{"stage": "source-authority", "rss_kib": 978388, "max_rss_kib": 3502896, "elapsed_seconds": 25.380769305396825}
{"stage": "all-authority", "rss_kib": 978388, "max_rss_kib": 3502896, "elapsed_seconds": 25.381335894111544}
[transformers] Model config: bos_token_id must be `None` or an integer within the vocabulary (between 0 and 31999), got 49406. This may result in unexpected behavior.
[transformers] Model config: eos_token_id must be `None` or an integer within the vocabulary (between 0 and 31999), got 49407. This may result in unexpected behavior.
Loading weights:   0%|          | 0/792 [00:00<?, ?it/s]Loading weights: 100%|██████████| 792/792 [00:00<00:00, 15926.44it/s]
{"stage": "fresh-initializer", "rss_kib": 2573768, "max_rss_kib": 3821744, "elapsed_seconds": 30.933110591955483}
{"stage": "selected-complete-state", "rss_kib": 5099040, "max_rss_kib": 5098224, "elapsed_seconds": 33.748623985331506}
{"stage": "model-pair", "rss_kib": 3940652, "max_rss_kib": 6464792, "elapsed_seconds": 39.99481061194092}
{"stage": "fit-forward", "rss_kib": 3972736, "max_rss_kib": 6464792, "elapsed_seconds": 43.8975450899452}
{"stage": "half-models", "rss_kib": 2993264, "max_rss_kib": 6464792, "elapsed_seconds": 45.38117325725034}
	Command being timed: "/home/riomus/group-learning/.venv/bin/python /home/riomus/runs/sfora-image-queue-held-source-v1/export_image_queue_adaptation.py --phase cpu --seed 179041 --arm control --authority-sha256 f1b1ba0abbba635afc062a967b139ac503230d6202e5ebd112bd285c2cb8070a --output /home/riomus/runs/sfora-image-queue-held-cpu-179041-control-v1"
	User time (seconds): 56.33
	System time (seconds): 6.39
	Percent of CPU this job got: 132%
	Elapsed (wall clock) time (h:mm:ss or m:ss): 0:47.40
	Average shared text size (kbytes): 0
	Average unshared data size (kbytes): 0
	Average stack size (kbytes): 0
	Average total size (kbytes): 0
	Maximum resident set size (kbytes): 6464792
	Average resident set size (kbytes): 0
	Major (requiring I/O) page faults: 17906
	Minor (reclaiming a frame) page faults: 1691996
	Voluntary context switches: 92815
	Involuntary context switches: 716
	Swaps: 0
	File system inputs: 212088
	File system outputs: 48
	Socket messages sent: 0
	Socket messages received: 0
	Signals delivered: 0
	Page size (bytes): 4096
	Exit status: 0
Finished with result: success
Main processes terminated with: code=exited/status=0
Service runtime: 47.409s
CPU time consumed: 1min 2.734s
Memory peak: 256.0K
Memory swap peak: 0B
	Command being timed: "systemd-run --user --wait --collect --pipe --unit=sfora-image-queue-held-cpu-179041-control-v1 --property=WorkingDirectory=/home/riomus/runs/sfora-image-queue-held-source-v1 --property=RuntimeMaxSec=120 --property=MemoryMax=8G --property=MemorySwapMax=0 --property=KillMode=control-group --property=OOMPolicy=stop --setenv=CUDA_VISIBLE_DEVICES= --setenv=CUBLAS_WORKSPACE_CONFIG=:4096:8 --setenv=OMP_NUM_THREADS=8 --setenv=OPENBLAS_NUM_THREADS=1 --setenv=TOKENIZERS_PARALLELISM=false --setenv=TMPDIR=/home/riomus/runs/sfora-image-queue-held-source-v1 --setenv=CUTILE_TILEIRAS_PATH=/home/riomus/toolchains/cuda-13.4-wheel-env/lib/python3.12/site-packages/nvidia/cu13/bin/tileiras --setenv=PATH=/home/riomus/toolchains/cuda-13.4-wheel-env/lib/python3.12/site-packages/nvidia/cu13/bin:/usr/local/bin:/usr/bin:/bin --setenv=PYTHONPATH=/home/riomus/runs/sfora-image-queue-held-source-v1:/home/riomus/runs/sfora-image-queue-held-source-v1/src:/home/riomus/runs/sfora-image-queue-held-source-v1/isolated-deps flock -n /home/riomus/runs/.sfora-siglip2-gpu.lock flock -n /home/riomus/.sfora-siglip2-gpu.lock /usr/bin/time -v /home/riomus/group-learning/.venv/bin/python /home/riomus/runs/sfora-image-queue-held-source-v1/export_image_queue_adaptation.py --phase cpu --seed 179041 --arm control --authority-sha256 f1b1ba0abbba635afc062a967b139ac503230d6202e5ebd112bd285c2cb8070a --output /home/riomus/runs/sfora-image-queue-held-cpu-179041-control-v1"
	User time (seconds): 0.00
	System time (seconds): 0.00
	Percent of CPU this job got: 0%
	Elapsed (wall clock) time (h:mm:ss or m:ss): 0:47.43
	Average shared text size (kbytes): 0
	Average unshared data size (kbytes): 0
	Average stack size (kbytes): 0
	Average total size (kbytes): 0
	Maximum resident set size (kbytes): 7412
	Average resident set size (kbytes): 0
	Major (requiring I/O) page faults: 0
	Minor (reclaiming a frame) page faults: 378
	Voluntary context switches: 9
	Involuntary context switches: 0
	Swaps: 0
	File system inputs: 0
	File system outputs: 0
	Socket messages sent: 0
	Socket messages received: 0
	Signals delivered: 0
	Page size (bytes): 4096
	Exit status: 0
