Running as unit: sfora-image-queue-startup-v2.service; invocation ID: d24d98015fb54620b9d3602bc16d9b2f
	Command being timed: "/home/riomus/group-learning/.venv/bin/python /home/riomus/runs/sfora-image-queue-source-v4/train_image_queue_adaptation.py --phase startup --arm queue --seed 179032 --output /home/riomus/runs/sfora-image-queue-startup-v2 --execution-sha256 e8f27358a48b1c2543ec5dbcb85fbbca4d6b7968022bfca5c484d38291f5b4a6 --cpu-execution-sha256 fdf48c2d8d1bf90143fecc68afce2bed2a0e468ddc6dd65148429165a9879188 --cpu-proof /home/riomus/runs/sfora-image-queue-source-v2/cpu-proof-v2.json --cpu-sha256 5d490958903ef5a1b0be1e06af2514566fc4464929f17827a159c83c4f7a1668 --cpu-log /home/riomus/runs/sfora-image-queue-source-v2/cpu-v2.log --cpu-log-sha256 8092cb815b2661a3065f188b6fd59e27dacc564365336c526f0cea5c5f1f22ca"
	User time (seconds): 11.26
	System time (seconds): 1.36
	Percent of CPU this job got: 99%
	Elapsed (wall clock) time (h:mm:ss or m:ss): 0:12.65
	Average shared text size (kbytes): 0
	Average unshared data size (kbytes): 0
	Average stack size (kbytes): 0
	Average total size (kbytes): 0
	Maximum resident set size (kbytes): 999636
	Average resident set size (kbytes): 0
	Major (requiring I/O) page faults: 0
	Minor (reclaiming a frame) page faults: 194983
	Voluntary context switches: 44
	Involuntary context switches: 200
	Swaps: 0
	File system inputs: 264
	File system outputs: 16
	Socket messages sent: 0
	Socket messages received: 0
	Signals delivered: 0
	Page size (bytes): 4096
	Exit status: 0
Finished with result: success
Main processes terminated with: code=exited/status=0
Service runtime: 12.655s
CPU time consumed: 12.629s
Memory peak: 256.0K
Memory swap peak: 0B
	Command being timed: "systemd-run --user --wait --collect --pipe --unit=sfora-image-queue-startup-v2 --property=WorkingDirectory=/home/riomus/runs/sfora-image-queue-source-v4 --property=RuntimeMaxSec=120 --property=MemoryMax=8G --property=MemorySwapMax=0 --property=KillMode=control-group --property=OOMPolicy=stop --setenv=CUDA_VISIBLE_DEVICES= --setenv=CUBLAS_WORKSPACE_CONFIG=:4096:8 --setenv=OMP_NUM_THREADS=8 --setenv=OPENBLAS_NUM_THREADS=1 --setenv=TOKENIZERS_PARALLELISM=false --setenv=TMPDIR=/home/riomus/runs/sfora-image-queue-source-v4 --setenv=CUTILE_TILEIRAS_PATH=/home/riomus/toolchains/cuda-13.4-wheel-env/lib/python3.12/site-packages/nvidia/cu13/bin/tileiras --setenv=PATH=/home/riomus/toolchains/cuda-13.4-wheel-env/lib/python3.12/site-packages/nvidia/cu13/bin:/usr/local/bin:/usr/bin:/bin --setenv=PYTHONPATH=/home/riomus/runs/sfora-image-queue-source-v4:/home/riomus/runs/sfora-image-queue-source-v4/src:/home/riomus/runs/sfora-image-queue-source-v4/isolated-deps flock -n /home/riomus/runs/.sfora-siglip2-gpu.lock flock -n /home/riomus/.sfora-siglip2-gpu.lock /usr/bin/time -v /home/riomus/group-learning/.venv/bin/python /home/riomus/runs/sfora-image-queue-source-v4/train_image_queue_adaptation.py --phase startup --arm queue --seed 179032 --output /home/riomus/runs/sfora-image-queue-startup-v2 --execution-sha256 e8f27358a48b1c2543ec5dbcb85fbbca4d6b7968022bfca5c484d38291f5b4a6 --cpu-execution-sha256 fdf48c2d8d1bf90143fecc68afce2bed2a0e468ddc6dd65148429165a9879188 --cpu-proof /home/riomus/runs/sfora-image-queue-source-v2/cpu-proof-v2.json --cpu-sha256 5d490958903ef5a1b0be1e06af2514566fc4464929f17827a159c83c4f7a1668 --cpu-log /home/riomus/runs/sfora-image-queue-source-v2/cpu-v2.log --cpu-log-sha256 8092cb815b2661a3065f188b6fd59e27dacc564365336c526f0cea5c5f1f22ca"
	User time (seconds): 0.00
	System time (seconds): 0.00
	Percent of CPU this job got: 0%
	Elapsed (wall clock) time (h:mm:ss or m:ss): 0:12.68
	Average shared text size (kbytes): 0
	Average unshared data size (kbytes): 0
	Average stack size (kbytes): 0
	Average total size (kbytes): 0
	Maximum resident set size (kbytes): 7412
	Average resident set size (kbytes): 0
	Major (requiring I/O) page faults: 0
	Minor (reclaiming a frame) page faults: 380
	Voluntary context switches: 10
	Involuntary context switches: 0
	Swaps: 0
	File system inputs: 0
	File system outputs: 0
	Socket messages sent: 0
	Socket messages received: 0
	Signals delivered: 0
	Page size (bytes): 4096
	Exit status: 0
