Running as unit: sfora-image-queue-startup-v1.service; invocation ID: 6185f69a40324ef4b87c536c1f0301dc
	Command being timed: "/home/riomus/group-learning/.venv/bin/python /home/riomus/runs/sfora-image-queue-source-v3/train_image_queue_adaptation.py --phase startup --arm queue --seed 179032 --output /home/riomus/runs/sfora-image-queue-startup-v1 --execution-sha256 7324ba2cc11592abefd158ba5e737dd1e034d4502f7cd8b2f92cfc0f3589d637 --cpu-execution-sha256 fdf48c2d8d1bf90143fecc68afce2bed2a0e468ddc6dd65148429165a9879188 --cpu-proof /home/riomus/runs/sfora-image-queue-source-v2/cpu-proof-v2.json --cpu-sha256 5d490958903ef5a1b0be1e06af2514566fc4464929f17827a159c83c4f7a1668 --cpu-log /home/riomus/runs/sfora-image-queue-source-v2/cpu-v2.log --cpu-log-sha256 8092cb815b2661a3065f188b6fd59e27dacc564365336c526f0cea5c5f1f22ca"
	User time (seconds): 11.50
	System time (seconds): 1.45
	Percent of CPU this job got: 99%
	Elapsed (wall clock) time (h:mm:ss or m:ss): 0:12.98
	Average shared text size (kbytes): 0
	Average unshared data size (kbytes): 0
	Average stack size (kbytes): 0
	Average total size (kbytes): 0
	Maximum resident set size (kbytes): 998348
	Average resident set size (kbytes): 0
	Major (requiring I/O) page faults: 0
	Minor (reclaiming a frame) page faults: 195519
	Voluntary context switches: 25
	Involuntary context switches: 210
	Swaps: 0
	File system inputs: 0
	File system outputs: 56
	Socket messages sent: 0
	Socket messages received: 0
	Signals delivered: 0
	Page size (bytes): 4096
	Exit status: 0
Finished with result: success
Main processes terminated with: code=exited/status=0
Service runtime: 12.993s
CPU time consumed: 12.965s
Memory peak: 512.0K
Memory swap peak: 0B
	Command being timed: "systemd-run --user --wait --collect --pipe --unit=sfora-image-queue-startup-v1 --property=WorkingDirectory=/home/riomus/runs/sfora-image-queue-source-v3 --property=RuntimeMaxSec=120 --property=MemoryMax=8G --property=MemorySwapMax=0 --property=KillMode=control-group --property=OOMPolicy=stop --setenv=CUDA_VISIBLE_DEVICES= --setenv=CUBLAS_WORKSPACE_CONFIG=:4096:8 --setenv=OMP_NUM_THREADS=8 --setenv=OPENBLAS_NUM_THREADS=1 --setenv=TOKENIZERS_PARALLELISM=false --setenv=TMPDIR=/home/riomus/runs/sfora-image-queue-source-v3 --setenv=CUTILE_TILEIRAS_PATH=/home/riomus/toolchains/cuda-13.4-wheel-env/lib/python3.12/site-packages/nvidia/cu13/bin/tileiras --setenv=PATH=/home/riomus/toolchains/cuda-13.4-wheel-env/lib/python3.12/site-packages/nvidia/cu13/bin:/usr/local/bin:/usr/bin:/bin --setenv=PYTHONPATH=/home/riomus/runs/sfora-image-queue-source-v3:/home/riomus/runs/sfora-image-queue-source-v3/src:/home/riomus/runs/sfora-image-queue-source-v3/isolated-deps flock -n /home/riomus/runs/.sfora-siglip2-gpu.lock flock -n /home/riomus/.sfora-siglip2-gpu.lock /usr/bin/time -v /home/riomus/group-learning/.venv/bin/python /home/riomus/runs/sfora-image-queue-source-v3/train_image_queue_adaptation.py --phase startup --arm queue --seed 179032 --output /home/riomus/runs/sfora-image-queue-startup-v1 --execution-sha256 7324ba2cc11592abefd158ba5e737dd1e034d4502f7cd8b2f92cfc0f3589d637 --cpu-execution-sha256 fdf48c2d8d1bf90143fecc68afce2bed2a0e468ddc6dd65148429165a9879188 --cpu-proof /home/riomus/runs/sfora-image-queue-source-v2/cpu-proof-v2.json --cpu-sha256 5d490958903ef5a1b0be1e06af2514566fc4464929f17827a159c83c4f7a1668 --cpu-log /home/riomus/runs/sfora-image-queue-source-v2/cpu-v2.log --cpu-log-sha256 8092cb815b2661a3065f188b6fd59e27dacc564365336c526f0cea5c5f1f22ca"
	User time (seconds): 0.00
	System time (seconds): 0.00
	Percent of CPU this job got: 0%
	Elapsed (wall clock) time (h:mm:ss or m:ss): 0:13.02
	Average shared text size (kbytes): 0
	Average unshared data size (kbytes): 0
	Average stack size (kbytes): 0
	Average total size (kbytes): 0
	Maximum resident set size (kbytes): 7220
	Average resident set size (kbytes): 0
	Major (requiring I/O) page faults: 0
	Minor (reclaiming a frame) page faults: 379
	Voluntary context switches: 10
	Involuntary context switches: 0
	Swaps: 0
	File system inputs: 0
	File system outputs: 0
	Socket messages sent: 0
	Socket messages received: 0
	Signals delivered: 0
	Page size (bytes): 4096
	Exit status: 0
