Running as unit: sfora-large-vision-extraction-v1.service; invocation ID: b533469bcedf437cb1ac95176ef270a9
extract_siglip2_vision_source.py: OK
test_extract_siglip2_vision_source.py: OK
inputs.json: OK
execution.json: OK
{"output": {"key_mapping": "strip exactly vision_model. for installed direct SiglipVisionModel", "path": "/home/riomus/runs/sfora-native256-source-extraction-v1/large/vision.safetensors", "payload_bytes": 1263824896, "sha256": "885c390eafa42b2dc977121dbbe7a56c730fb16d41ad57e9f59596b08f879f80", "size_bytes": 1263868496, "tensor_count": 400}, "provenance": "/home/riomus/runs/sfora-native256-source-extraction-v1/large/provenance.json", "schema": "siglip2-vision-source-extraction-v1"}
extract_siglip2_vision_source.py: OK
test_extract_siglip2_vision_source.py: OK
inputs.json: OK
execution.json: OK
	Command being timed: "/bin/bash /home/riomus/runs/sfora-native256-source-extraction-v1/large-command.sh"
	User time (seconds): 5.62
	System time (seconds): 1.05
	Percent of CPU this job got: 44%
	Elapsed (wall clock) time (h:mm:ss or m:ss): 0:14.96
	Average shared text size (kbytes): 0
	Average unshared data size (kbytes): 0
	Average stack size (kbytes): 0
	Average total size (kbytes): 0
	Maximum resident set size (kbytes): 38840
	Average resident set size (kbytes): 0
	Major (requiring I/O) page faults: 0
	Minor (reclaiming a frame) page faults: 6156
	Voluntary context switches: 32235
	Involuntary context switches: 61
	Swaps: 0
	File system inputs: 15931784
	File system outputs: 2469136
	Socket messages sent: 0
	Socket messages received: 0
	Signals delivered: 0
	Page size (bytes): 4096
	Exit status: 0
Finished with result: success
Main processes terminated with: code=exited/status=0
Service runtime: 14.971s
CPU time consumed: 6.677s
Memory peak: 508.0K
Memory swap peak: 0B
