Running as unit: sfora-late-dense-metadata-v1.service; invocation ID: 3c82d68739c84095bfc1e396b9751a79
{"buffer_devices": {"embeddings.position_ids": "cuda:0"}, "precision": "cuda_fp16", "seed": 179032, "step": 1000, "total_updates": 1000, "arm": "half", "width": 128, "cuda_rng_count": 1}
	Command being timed: "/home/riomus/group-learning/.venv/bin/python -c import torch,json,hashlib; from pathlib import Path; p=Path('/home/riomus/runs/sfora-teacher-retained256-128-1000-v1/resume.pt'); assert hashlib.file_digest(p.open('rb'),'sha256').hexdigest()=='cc58377f0e9aa90be529bf9a3eca1746a2dc467f765dd9681a3b9b690e324566'; s=torch.load(p,map_location='cpu',weights_only=True,mmap=True); i=s['identity']; print(json.dumps({'buffer_devices':i['runtime']['buffer_devices'],'precision':i['precision'],'seed':i['seed'],'step':i['global_step'],'total_updates':i['total_updates'],'arm':i['arm'],'width':i['width'],'cuda_rng_count':len(s['cuda_rng'])}))"
	User time (seconds): 2.97
	System time (seconds): 0.30
	Percent of CPU this job got: 164%
	Elapsed (wall clock) time (h:mm:ss or m:ss): 0:01.98
	Average shared text size (kbytes): 0
	Average unshared data size (kbytes): 0
	Average stack size (kbytes): 0
	Average total size (kbytes): 0
	Maximum resident set size (kbytes): 603132
	Average resident set size (kbytes): 0
	Major (requiring I/O) page faults: 0
	Minor (reclaiming a frame) page faults: 79104
	Voluntary context switches: 49
	Involuntary context switches: 64
	Swaps: 0
	File system inputs: 0
	File system outputs: 8
	Socket messages sent: 0
	Socket messages received: 0
	Signals delivered: 0
	Page size (bytes): 4096
	Exit status: 0
Finished with result: success
Main processes terminated with: code=exited/status=0
Service runtime: 1.991s
CPU time consumed: 3.274s
Memory peak: 508.0K
Memory swap peak: 0B
