Running as unit: sfora-native256-fit-initializer-so400-v1.service; invocation ID: c34a7c104aba44c6b0ec3115d8cd5ad2
initialize_siglip2_substrate_fit.py: OK
test_siglip2_substrate_initializer.py: OK
representation_ceiling.py: OK
execution.json: OK
authority-so400-v1.json: OK
PCA initializer rejected: cgroup memory failure event
Command exited with non-zero status 1
	Command being timed: "/bin/bash /home/riomus/runs/sfora-native256-fit-initializer-source-v1/so400-command.sh"
	User time (seconds): 23.05
	System time (seconds): 5.53
	Percent of CPU this job got: 49%
	Elapsed (wall clock) time (h:mm:ss or m:ss): 0:58.07
	Average shared text size (kbytes): 0
	Average unshared data size (kbytes): 0
	Average stack size (kbytes): 0
	Average total size (kbytes): 0
	Maximum resident set size (kbytes): 1331104
	Average resident set size (kbytes): 0
	Major (requiring I/O) page faults: 2265
	Minor (reclaiming a frame) page faults: 118305
	Voluntary context switches: 158955
	Involuntary context switches: 505
	Swaps: 0
	File system inputs: 45090016
	File system outputs: 17832
	Socket messages sent: 0
	Socket messages received: 0
	Signals delivered: 0
	Page size (bytes): 4096
	Exit status: 1
Finished with result: exit-code
Main processes terminated with: code=exited/status=1
Service runtime: 58.085s
CPU time consumed: 28.593s
Memory peak: 8.0G
Memory swap peak: 0B
