Running as unit: sfora-native256-initialized-cpu-so400-v1.service; invocation ID: 7574a2bf30214b2898fedad0e8230ecc
joint_relational_compaction.py: OK
qualify_siglip2_initialized_cpu.py: OK
test_siglip2_initialized_cpu.py: OK
execution.json: OK
authority-so400-v1.json: OK
/home/riomus/runs/sfora-native256-initialized-cpu-final-footer-v1.py: OK
{"output": "/home/riomus/runs/sfora-native256-initialized-cpu-so400-v1", "phase": "initialized-cpu", "schema": "siglip2-substrate-initialized-cpu-v1"}
joint_relational_compaction.py: OK
qualify_siglip2_initialized_cpu.py: OK
test_siglip2_initialized_cpu.py: OK
execution.json: OK
authority-so400-v1.json: OK
/home/riomus/runs/sfora-native256-initialized-cpu-final-footer-v1.py: OK
FINAL_CGROUP {"command_exit_status": 0, "invocation_id": "7574a2bf30214b2898fedad0e8230ecc", "path": "/sys/fs/cgroup/user.slice/user-1000.slice/user@1000.service/app.slice/sfora-native256-initialized-cpu-so400-v1.service", "values": {"memory.current": "2194903040", "memory.events": "low 0\nhigh 0\nmax 0\noom 0\noom_kill 0\noom_group_kill 0", "memory.max": "8589934592", "memory.peak": "7030775808", "memory.stat": "anon 5849088\nfile 2091298816\nkernel 95584256\nkernel_stack 65536\npagetables 348160\nsec_pagetables 0\npercpu 2112\nsock 0\nvmalloc 0\nshmem 0\nzswap 0\nzswapped 0\nfile_mapped 1269760\nfile_dirty 12288\nfile_writeback 0\nswapcached 0\nanon_thp 0\nfile_thp 1365245952\nshmem_thp 0\ninactive_anon 0\nactive_anon 5701632\ninactive_file 1571315712\nactive_file 519880704\nunevictable 0\nslab_reclaimable 95016888\nslab_unreclaimable 113064\nslab 95129952\nworkingset_refault_anon 0\nworkingset_refault_file 0\nworkingset_activate_anon 0\nworkingset_activate_file 0\nworkingset_restore_anon 0\nworkingset_restore_file 0\nworkingset_nodereclaim 0\npgdemote_kswapd 0\npgdemote_direct 0\npgdemote_khugepaged 0\npgdemote_proactive 0\npgpromote_success 0\npgscan 0\npgsteal 0\npswpin 0\npswpout 0\npgscan_kswapd 0\npgscan_direct 0\npgscan_khugepaged 0\npgscan_proactive 0\npgsteal_kswapd 0\npgsteal_direct 0\npgsteal_khugepaged 0\npgsteal_proactive 0\npgfault 264975\npgmajfault 9174\npgrefill 0\npgactivate 0\npgdeactivate 0\npglazyfree 0\npglazyfreed 0\nswpin_zero 0\nswpout_zero 0\nzswpin 0\nzswpout 0\nzswpwb 0\nthp_fault_alloc 1332\nthp_collapse_alloc 0\nthp_swpout 0\nthp_swpout_fallback 0\nnuma_pages_migrated 0\nnuma_pte_updates 0\nnuma_hint_faults 0", "memory.swap.current": "0", "memory.swap.max": "0", "memory.swap.peak": "0"}}
	Command being timed: "/bin/bash /home/riomus/runs/sfora-native256-initialized-cpu-source-v1/so400-command.sh"
	User time (seconds): 65.93
	System time (seconds): 8.10
	Percent of CPU this job got: 66%
	Elapsed (wall clock) time (h:mm:ss or m:ss): 1:51.51
	Average shared text size (kbytes): 0
	Average unshared data size (kbytes): 0
	Average stack size (kbytes): 0
	Average total size (kbytes): 0
	Maximum resident set size (kbytes): 4633988
	Average resident set size (kbytes): 0
	Major (requiring I/O) page faults: 9175
	Minor (reclaiming a frame) page faults: 255630
	Voluntary context switches: 324658
	Involuntary context switches: 549
	Swaps: 0
	File system inputs: 85527232
	File system outputs: 3368760
	Socket messages sent: 0
	Socket messages received: 0
	Signals delivered: 0
	Page size (bytes): 4096
	Exit status: 0
Finished with result: success
Main processes terminated with: code=exited/status=0
Service runtime: 1min 51.519s
CPU time consumed: 1min 14.043s
Memory peak: 77.8M
Memory swap peak: 0B
