Running as unit: sfora-native256-fit-startup-so400-v1.service; invocation ID: be93e4c499e14cd593fbe1b843fd4c36
export_siglip2_substrate_fit.py: OK
test_siglip2_substrate_fit.py: OK
execution.json: OK
authority.json: OK
{"output": "/home/riomus/runs/sfora-native256-fit-export-source-v1/startup-so400-v1.json", "phase": "startup", "schema": "siglip2-substrate-fit-export-v1"}
export_siglip2_substrate_fit.py: OK
test_siglip2_substrate_fit.py: OK
execution.json: OK
authority.json: OK
FINAL_CGROUP {"invocation_id": "be93e4c499e14cd593fbe1b843fd4c36", "path": "/sys/fs/cgroup/user.slice/user-1000.slice/user@1000.service/app.slice/sfora-native256-fit-startup-so400-v1.service", "values": {"memory.current": "102514688", "memory.events": "low 0\nhigh 0\nmax 0\noom 0\noom_kill 0\noom_group_kill 0", "memory.max": "8589934592", "memory.peak": "140677120", "memory.swap.current": "0", "memory.swap.max": "0", "memory.swap.peak": "0"}}
	Command being timed: "/bin/bash /home/riomus/runs/sfora-native256-fit-export-source-v1/startup-so400-command.sh"
	User time (seconds): 9.80
	System time (seconds): 1.96
	Percent of CPU this job got: 29%
	Elapsed (wall clock) time (h:mm:ss or m:ss): 0:39.97
	Average shared text size (kbytes): 0
	Average unshared data size (kbytes): 0
	Average stack size (kbytes): 0
	Average total size (kbytes): 0
	Maximum resident set size (kbytes): 60612
	Average resident set size (kbytes): 0
	Major (requiring I/O) page faults: 163
	Minor (reclaiming a frame) page faults: 21298
	Voluntary context switches: 116400
	Involuntary context switches: 59
	Swaps: 0
	File system inputs: 37344216
	File system outputs: 5136
	Socket messages sent: 0
	Socket messages received: 0
	Signals delivered: 0
	Page size (bytes): 4096
	Exit status: 0
Finished with result: success
Main processes terminated with: code=exited/status=0
Service runtime: 39.988s
CPU time consumed: 11.769s
Memory peak: 512.0K
Memory swap peak: 0B
