Running as unit: sfora-native256-initialized-cpu-large-v3.service; invocation ID: 71ea951cd5ee43ca8fd54149e2326604
joint_relational_compaction.py: OK
qualify_siglip2_initialized_cpu.py: OK
test_siglip2_initialized_cpu.py: OK
execution.json: OK
authority-large-v3.json: OK
/home/riomus/runs/sfora-native256-initialized-cpu-final-footer-v1.py: OK
{"output": "/home/riomus/runs/sfora-native256-initialized-cpu-large-v3", "phase": "initialized-cpu", "schema": "siglip2-substrate-initialized-cpu-v1"}
joint_relational_compaction.py: OK
qualify_siglip2_initialized_cpu.py: OK
test_siglip2_initialized_cpu.py: OK
execution.json: OK
authority-large-v3.json: OK
/home/riomus/runs/sfora-native256-initialized-cpu-final-footer-v1.py: OK
FINAL_CGROUP {"command_exit_status": 0, "invocation_id": "71ea951cd5ee43ca8fd54149e2326604", "path": "/sys/fs/cgroup/user.slice/user-1000.slice/user@1000.service/app.slice/sfora-native256-initialized-cpu-large-v3.service", "values": {"memory.current": "1767202816", "memory.events": "low 0\nhigh 0\nmax 0\noom 0\noom_kill 0\noom_group_kill 0", "memory.max": "8589934592", "memory.peak": "5630009344", "memory.stat": "anon 5849088\nfile 1674944512\nkernel 84152320\nkernel_stack 65536\npagetables 331776\nsec_pagetables 0\npercpu 2112\nsock 0\nvmalloc 0\nshmem 0\nzswap 0\nzswapped 0\nfile_mapped 40960\nfile_dirty 12288\nfile_writeback 0\nswapcached 0\nanon_thp 0\nfile_thp 954204160\nshmem_thp 0\ninactive_anon 0\nactive_anon 5722112\ninactive_file 1157984256\nactive_file 516956160\nunevictable 0\nslab_reclaimable 83584512\nslab_unreclaimable 144920\nslab 83729432\nworkingset_refault_anon 0\nworkingset_refault_file 0\nworkingset_activate_anon 0\nworkingset_activate_file 0\nworkingset_restore_anon 0\nworkingset_restore_file 0\nworkingset_nodereclaim 0\npgdemote_kswapd 0\npgdemote_direct 0\npgdemote_khugepaged 0\npgdemote_proactive 0\npgpromote_success 0\npgscan 0\npgsteal 0\npswpin 0\npswpout 0\npgscan_kswapd 0\npgscan_direct 0\npgscan_khugepaged 0\npgscan_proactive 0\npgsteal_kswapd 0\npgsteal_direct 0\npgsteal_khugepaged 0\npgsteal_proactive 0\npgfault 245902\npgmajfault 8261\npgrefill 0\npgactivate 0\npgdeactivate 0\npglazyfree 0\npglazyfreed 0\nswpin_zero 0\nswpout_zero 0\nzswpin 0\nzswpout 0\nzswpwb 0\nthp_fault_alloc 924\nthp_collapse_alloc 0\nthp_swpout 0\nthp_swpout_fallback 0\nnuma_pages_migrated 0\nnuma_pte_updates 0\nnuma_hint_faults 0", "memory.swap.current": "0", "memory.swap.max": "0", "memory.swap.peak": "0"}}
	Command being timed: "/bin/bash /home/riomus/runs/sfora-native256-initialized-cpu-source-v3/large-command.sh"
	User time (seconds): 60.19
	System time (seconds): 8.14
	Percent of CPU this job got: 61%
	Elapsed (wall clock) time (h:mm:ss or m:ss): 1:50.73
	Average shared text size (kbytes): 0
	Average unshared data size (kbytes): 0
	Average stack size (kbytes): 0
	Average total size (kbytes): 0
	Maximum resident set size (kbytes): 3735752
	Average resident set size (kbytes): 0
	Major (requiring I/O) page faults: 8259
	Minor (reclaiming a frame) page faults: 237473
	Voluntary context switches: 354068
	Involuntary context switches: 517
	Swaps: 0
	File system inputs: 91008704
	File system outputs: 2493872
	Socket messages sent: 0
	Socket messages received: 0
	Signals delivered: 0
	Page size (bytes): 4096
	Exit status: 0
Finished with result: success
Main processes terminated with: code=exited/status=0
Service runtime: 1min 50.738s
CPU time consumed: 1min 8.343s
Memory peak: 177.5M
Memory swap peak: 0B
