Running as unit: sfora-native256-initialized-cpu-large-v1.service; invocation ID: b2655ecdf4b742dc9247cdba15db6a80
joint_relational_compaction.py: OK
qualify_siglip2_initialized_cpu.py: OK
test_siglip2_initialized_cpu.py: OK
execution.json: OK
authority-large-v1.json: OK
/home/riomus/runs/sfora-native256-initialized-cpu-final-footer-v1.py: OK
Initialized CPU qualification rejected: cgroup memory failure event
FINAL_CGROUP {"command_exit_status": 1, "invocation_id": "b2655ecdf4b742dc9247cdba15db6a80", "path": "/sys/fs/cgroup/user.slice/user-1000.slice/user@1000.service/app.slice/sfora-native256-initialized-cpu-large-v1.service", "values": {"memory.current": "1713922048", "memory.events": "low 0\nhigh 0\nmax 1563\noom 0\noom_kill 0\noom_group_kill 0", "memory.max": "8589934592", "memory.peak": "8589934592", "memory.stat": "anon 5853184\nfile 1622315008\nkernel 83644416\nkernel_stack 65536\npagetables 335872\nsec_pagetables 0\npercpu 2112\nsock 0\nvmalloc 0\nshmem 0\nzswap 0\nzswapped 0\nfile_mapped 1265664\nfile_dirty 0\nfile_writeback 0\nswapcached 0\nanon_thp 0\nfile_thp 952107008\nshmem_thp 0\ninactive_anon 0\nactive_anon 5705728\ninactive_file 1034678272\nactive_file 587636736\nunevictable 0\nslab_reclaimable 83097920\nslab_unreclaimable 112496\nslab 83210416\nworkingset_refault_anon 0\nworkingset_refault_file 953527\nworkingset_activate_anon 0\nworkingset_activate_file 64\nworkingset_restore_anon 0\nworkingset_restore_file 0\nworkingset_nodereclaim 0\npgdemote_kswapd 0\npgdemote_direct 0\npgdemote_khugepaged 0\npgdemote_proactive 0\npgpromote_success 0\npgscan 1067133\npgsteal 982536\npswpin 0\npswpout 0\npgscan_kswapd 0\npgscan_direct 1067133\npgscan_khugepaged 0\npgscan_proactive 0\npgsteal_kswapd 0\npgsteal_direct 982536\npgsteal_khugepaged 0\npgsteal_proactive 0\npgfault 252066\npgmajfault 1911\npgrefill 963546\npgactivate 100927\npgdeactivate 0\npglazyfree 0\npglazyfreed 0\nswpin_zero 0\nswpout_zero 0\nzswpin 0\nzswpout 0\nzswpwb 0\nthp_fault_alloc 950\nthp_collapse_alloc 0\nthp_swpout 0\nthp_swpout_fallback 0\nnuma_pages_migrated 0\nnuma_pte_updates 0\nnuma_hint_faults 0", "memory.swap.current": "0", "memory.swap.max": "0", "memory.swap.peak": "0"}}
Command exited with non-zero status 1
	Command being timed: "/bin/bash /home/riomus/runs/sfora-native256-initialized-cpu-source-v1/large-command.sh"
	User time (seconds): 56.53
	System time (seconds): 6.18
	Percent of CPU this job got: 74%
	Elapsed (wall clock) time (h:mm:ss or m:ss): 1:24.75
	Average shared text size (kbytes): 0
	Average unshared data size (kbytes): 0
	Average stack size (kbytes): 0
	Average total size (kbytes): 0
	Maximum resident set size (kbytes): 3736004
	Average resident set size (kbytes): 0
	Major (requiring I/O) page faults: 1913
	Minor (reclaiming a frame) page faults: 249981
	Voluntary context switches: 223270
	Involuntary context switches: 1297
	Swaps: 0
	File system inputs: 47875936
	File system outputs: 2486928
	Socket messages sent: 0
	Socket messages received: 0
	Signals delivered: 0
	Page size (bytes): 4096
	Exit status: 1
Finished with result: exit-code
Main processes terminated with: code=exited/status=1
Service runtime: 1min 24.761s
CPU time consumed: 1min 2.725s
Memory peak: 256.0K
Memory swap peak: 0B
