Running as unit: sfora-native256-fit-initializer-large-v2.service; invocation ID: a23061ac4a2745cf834ad33dc32d08a3
initialize_siglip2_substrate_fit.py: OK
representation_ceiling.py: OK
test_siglip2_substrate_initializer.py: OK
execution.json: OK
authority-large-v2.json: OK
/home/riomus/runs/sfora-native256-fit-initializer-so400-v2-final-footer.py: OK
{"output": "/home/riomus/runs/sfora-native256-fit-initializer-large-v2", "phase": "pca", "schema": "siglip2-substrate-fit-initializer-v1"}
initialize_siglip2_substrate_fit.py: OK
representation_ceiling.py: OK
test_siglip2_substrate_initializer.py: OK
execution.json: OK
authority-large-v2.json: OK
/home/riomus/runs/sfora-native256-fit-initializer-so400-v2-final-footer.py: OK
FINAL_CGROUP {"command_exit_status": 0, "invocation_id": "a23061ac4a2745cf834ad33dc32d08a3", "path": "/sys/fs/cgroup/user.slice/user-1000.slice/user@1000.service/app.slice/sfora-native256-fit-initializer-large-v2.service", "values": {"memory.current": "505212928", "memory.events": "low 0\nhigh 0\nmax 0\noom 0\noom_kill 0\noom_group_kill 0", "memory.max": "8589934592", "memory.peak": "1524559872", "memory.stat": "anon 5853184\nfile 466116608\nkernel 31735808\nkernel_stack 65536\npagetables 348160\nsec_pagetables 0\npercpu 2464\nsock 0\nvmalloc 0\nshmem 0\nzswap 0\nzswapped 0\nfile_mapped 1269760\nfile_dirty 40960\nfile_writeback 0\nswapcached 0\nanon_thp 0\nfile_thp 8388608\nshmem_thp 0\ninactive_anon 0\nactive_anon 5754880\ninactive_file 89522176\nactive_file 376496128\nunevictable 0\nslab_reclaimable 31175864\nslab_unreclaimable 113840\nslab 31289704\nworkingset_refault_anon 0\nworkingset_refault_file 0\nworkingset_activate_anon 0\nworkingset_activate_file 0\nworkingset_restore_anon 0\nworkingset_restore_file 0\nworkingset_nodereclaim 0\npgdemote_kswapd 0\npgdemote_direct 0\npgdemote_khugepaged 0\npgdemote_proactive 0\npgpromote_success 0\npgscan 0\npgsteal 0\npswpin 0\npswpout 0\npgscan_kswapd 0\npgscan_direct 0\npgscan_khugepaged 0\npgscan_proactive 0\npgsteal_kswapd 0\npgsteal_direct 0\npgsteal_khugepaged 0\npgsteal_proactive 0\npgfault 120294\npgmajfault 4232\npgrefill 0\npgactivate 0\npgdeactivate 0\npglazyfree 0\npglazyfreed 0\nswpin_zero 0\nswpout_zero 0\nzswpin 0\nzswpout 0\nzswpwb 0\nthp_fault_alloc 461\nthp_collapse_alloc 0\nthp_swpout 0\nthp_swpout_fallback 0\nnuma_pages_migrated 0\nnuma_pte_updates 0\nnuma_hint_faults 0", "memory.swap.current": "0", "memory.swap.max": "0", "memory.swap.peak": "0"}}
	Command being timed: "/bin/bash /home/riomus/runs/sfora-native256-fit-initializer-source-v2/large-command.sh"
	User time (seconds): 21.87
	System time (seconds): 4.75
	Percent of CPU this job got: 44%
	Elapsed (wall clock) time (h:mm:ss or m:ss): 0:59.59
	Average shared text size (kbytes): 0
	Average unshared data size (kbytes): 0
	Average stack size (kbytes): 0
	Average total size (kbytes): 0
	Maximum resident set size (kbytes): 1234904
	Average resident set size (kbytes): 0
	Major (requiring I/O) page faults: 4231
	Minor (reclaiming a frame) page faults: 115889
	Voluntary context switches: 189578
	Involuntary context switches: 116
	Swaps: 0
	File system inputs: 58682336
	File system outputs: 23464
	Socket messages sent: 0
	Socket messages received: 0
	Signals delivered: 0
	Page size (bytes): 4096
	Exit status: 0
Finished with result: success
Main processes terminated with: code=exited/status=0
Service runtime: 59.601s
CPU time consumed: 26.626s
Memory peak: 256.0K
Memory swap peak: 0B
