Running as unit: sfora-native256-initialized-cpu-large-v2.service; invocation ID: f6dd27a7f58843bf8f89ed6e6b53007b
joint_relational_compaction.py: OK
qualify_siglip2_initialized_cpu.py: OK
test_siglip2_initialized_cpu.py: OK
execution.json: OK
authority-large-v2.json: OK
/home/riomus/runs/sfora-native256-initialized-cpu-final-footer-v1.py: OK
Initialized CPU qualification rejected: cgroup memory failure event
FINAL_CGROUP {"command_exit_status": 1, "invocation_id": "f6dd27a7f58843bf8f89ed6e6b53007b", "path": "/sys/fs/cgroup/user.slice/user-1000.slice/user@1000.service/app.slice/sfora-native256-initialized-cpu-large-v2.service", "values": {"memory.current": "1482633216", "memory.events": "low 0\nhigh 0\nmax 236\noom 0\noom_kill 0\noom_group_kill 0", "memory.max": "8589934592", "memory.peak": "8589934592", "memory.stat": "anon 5857280\nfile 1394507776\nkernel 80093184\nkernel_stack 65536\npagetables 344064\nsec_pagetables 0\npercpu 2112\nsock 0\nvmalloc 0\nshmem 0\nzswap 0\nzswapped 0\nfile_mapped 36864\nfile_dirty 4096\nfile_writeback 0\nswapcached 0\nanon_thp 0\nfile_thp 838860800\nshmem_thp 0\ninactive_anon 0\nactive_anon 5722112\ninactive_file 874237952\nactive_file 520269824\nunevictable 0\nslab_reclaimable 79534504\nslab_unreclaimable 134288\nslab 79668792\nworkingset_refault_anon 0\nworkingset_refault_file 56043\nworkingset_activate_anon 0\nworkingset_activate_file 0\nworkingset_restore_anon 0\nworkingset_restore_file 4\nworkingset_nodereclaim 0\npgdemote_kswapd 0\npgdemote_direct 0\npgdemote_khugepaged 0\npgdemote_proactive 0\npgpromote_success 0\npgscan 97027\npgsteal 95946\npswpin 0\npswpout 0\npgscan_kswapd 0\npgscan_direct 97027\npgscan_khugepaged 0\npgscan_proactive 0\npgsteal_kswapd 0\npgsteal_direct 95946\npgsteal_khugepaged 0\npgsteal_proactive 0\npgfault 251829\npgmajfault 7852\npgrefill 6859\npgactivate 3976\npgdeactivate 0\npglazyfree 0\npglazyfreed 0\nswpin_zero 0\nswpout_zero 0\nzswpin 0\nzswpout 0\nzswpwb 0\nthp_fault_alloc 895\nthp_collapse_alloc 0\nthp_swpout 0\nthp_swpout_fallback 0\nnuma_pages_migrated 0\nnuma_pte_updates 0\nnuma_hint_faults 0", "memory.swap.current": "0", "memory.swap.max": "0", "memory.swap.peak": "0"}}
Command exited with non-zero status 1
	Command being timed: "/bin/bash /home/riomus/runs/sfora-native256-initialized-cpu-source-v2/large-command.sh"
	User time (seconds): 59.52
	System time (seconds): 7.89
	Percent of CPU this job got: 75%
	Elapsed (wall clock) time (h:mm:ss or m:ss): 1:28.79
	Average shared text size (kbytes): 0
	Average unshared data size (kbytes): 0
	Average stack size (kbytes): 0
	Average total size (kbytes): 0
	Maximum resident set size (kbytes): 3735808
	Average resident set size (kbytes): 0
	Major (requiring I/O) page faults: 7856
	Minor (reclaiming a frame) page faults: 243802
	Voluntary context switches: 261140
	Involuntary context switches: 716
	Swaps: 0
	File system inputs: 55285248
	File system outputs: 2486928
	Socket messages sent: 0
	Socket messages received: 0
	Signals delivered: 0
	Page size (bytes): 4096
	Exit status: 1
Finished with result: exit-code
Main processes terminated with: code=exited/status=1
Service runtime: 1min 28.800s
CPU time consumed: 1min 7.423s
Memory peak: 6.8G
Memory swap peak: 0B
