Running as unit: sfora-native256-source-cpu-so400-v4.service; invocation ID: 1e6981dda5fc44989dd59a81ec975687
extract_siglip2_vision_source.py: OK
qualify_siglip2_substrate_cpu.py: OK
test_siglip2_substrate_cpu.py: OK
execution.json: OK
sources.json: OK
fit.json: OK
{"proof": "/home/riomus/runs/sfora-native256-source-cpu-so400-v4/proof.json", "schema": "siglip2-substrate-source-cpu-v1", "source_qualified": true}
extract_siglip2_vision_source.py: OK
qualify_siglip2_substrate_cpu.py: OK
test_siglip2_substrate_cpu.py: OK
execution.json: OK
sources.json: OK
fit.json: OK
FINAL_CGROUP {"invocation_id": "1e6981dda5fc44989dd59a81ec975687", "path": "/sys/fs/cgroup/user.slice/user-1000.slice/user@1000.service/app.slice/sfora-native256-source-cpu-so400-v4.service", "values": {"memory.current": "2133471232", "memory.events": "low 0\nhigh 0\nmax 0\noom 0\noom_kill 0\noom_group_kill 0", "memory.max": "8589934592", "memory.peak": "6855409664", "memory.swap.current": "0", "memory.swap.max": "0", "memory.swap.peak": "0"}}
	Command being timed: "/bin/bash /home/riomus/runs/sfora-native256-source-cpu-v4/so400-command.sh"
	User time (seconds): 38.31
	System time (seconds): 4.24
	Percent of CPU this job got: 97%
	Elapsed (wall clock) time (h:mm:ss or m:ss): 0:43.79
	Average shared text size (kbytes): 0
	Average unshared data size (kbytes): 0
	Average stack size (kbytes): 0
	Average total size (kbytes): 0
	Maximum resident set size (kbytes): 4502620
	Average resident set size (kbytes): 0
	Major (requiring I/O) page faults: 8971
	Minor (reclaiming a frame) page faults: 212722
	Voluntary context switches: 118096
	Involuntary context switches: 362
	Swaps: 0
	File system inputs: 22977408
	File system outputs: 3346040
	Socket messages sent: 0
	Socket messages received: 0
	Signals delivered: 0
	Page size (bytes): 4096
	Exit status: 0
Finished with result: success
Main processes terminated with: code=exited/status=0
Service runtime: 43.803s
CPU time consumed: 42.560s
Memory peak: 6.3G
Memory swap peak: 0B
