Running as unit: sfora-native256-source-cpu-so400-v1.service; invocation ID: c1a75a2ade7946d6a34a676fd0146949
extract_siglip2_vision_source.py: OK
qualify_siglip2_substrate_cpu.py: OK
test_siglip2_substrate_cpu.py: OK
execution.json: OK
sources.json: OK
fit.json: OK
source qualification rejected: FIT row/target binding differs
Command exited with non-zero status 1
	Command being timed: "/bin/bash /home/riomus/runs/sfora-native256-source-cpu-v1/so400-command.sh"
	User time (seconds): 0.82
	System time (seconds): 0.03
	Percent of CPU this job got: 40%
	Elapsed (wall clock) time (h:mm:ss or m:ss): 0:02.11
	Average shared text size (kbytes): 0
	Average unshared data size (kbytes): 0
	Average stack size (kbytes): 0
	Average total size (kbytes): 0
	Maximum resident set size (kbytes): 40548
	Average resident set size (kbytes): 0
	Major (requiring I/O) page faults: 119
	Minor (reclaiming a frame) page faults: 8289
	Voluntary context switches: 6895
	Involuntary context switches: 0
	Swaps: 0
	File system inputs: 3395488
	File system outputs: 0
	Socket messages sent: 0
	Socket messages received: 0
	Signals delivered: 0
	Page size (bytes): 4096
	Exit status: 1
Finished with result: exit-code
Main processes terminated with: code=exited/status=1
Service runtime: 2.117s
CPU time consumed: 857ms
Memory peak: 256.0K
Memory swap peak: 0B
