Running as unit: sfora-native256-fit-export-so400-v1.service; invocation ID: 77adf52aea754ff9aa0b79412c3a38ea
export_siglip2_substrate_fit.py: OK
test_siglip2_substrate_fit.py: OK
execution.json: OK
authority.json: OK
{"output": "/home/riomus/runs/sfora-native256-fit-export-so400-v1", "phase": "export", "schema": "siglip2-substrate-fit-export-v1"}
export_siglip2_substrate_fit.py: OK
test_siglip2_substrate_fit.py: OK
execution.json: OK
authority.json: OK
FINAL_CGROUP {"invocation_id": "77adf52aea754ff9aa0b79412c3a38ea", "path": "/sys/fs/cgroup/user.slice/user-1000.slice/user@1000.service/app.slice/sfora-native256-fit-export-so400-v1.service", "values": {"memory.current": "1156464640", "memory.events": "low 0\nhigh 0\nmax 0\noom 0\noom_kill 0\noom_group_kill 0", "memory.max": "8589934592", "memory.peak": "6663303168", "memory.swap.current": "0", "memory.swap.max": "0", "memory.swap.peak": "0"}}
	Command being timed: "/bin/bash /home/riomus/runs/sfora-native256-fit-export-source-v1/export-so400-command.sh"
	User time (seconds): 231.82
	System time (seconds): 7.72
	Percent of CPU this job got: 93%
	Elapsed (wall clock) time (h:mm:ss or m:ss): 4:17.09
	Average shared text size (kbytes): 0
	Average unshared data size (kbytes): 0
	Average stack size (kbytes): 0
	Average total size (kbytes): 0
	Maximum resident set size (kbytes): 4394684
	Average resident set size (kbytes): 0
	Major (requiring I/O) page faults: 9418
	Minor (reclaiming a frame) page faults: 692863
	Voluntary context switches: 331195
	Involuntary context switches: 2789
	Swaps: 0
	File system inputs: 53898664
	File system outputs: 139440
	Socket messages sent: 0
	Socket messages received: 0
	Signals delivered: 0
	Page size (bytes): 4096
	Exit status: 0
Finished with result: success
Main processes terminated with: code=exited/status=0
Service runtime: 4min 17.103s
CPU time consumed: 3min 59.555s
Memory peak: 5.7G
Memory swap peak: 0B
