Running as unit: sfora-role-matched-held-export-role_matched-179032-v1.service; invocation ID: bc0cf8256c1d4bea80ed9c9e61309a2e
{"stage": "endpoint-179032-control", "rss_kib": 1033040, "max_rss_kib": 3557332, "elapsed_seconds": 17.108225760050118}
{"stage": "endpoint-179032-role_matched", "rss_kib": 1033052, "max_rss_kib": 3557524, "elapsed_seconds": 20.29431430529803}
{"stage": "endpoint-179041-role_matched", "rss_kib": 1033556, "max_rss_kib": 3558132, "elapsed_seconds": 23.436088113114238}
{"stage": "endpoint-179041-control", "rss_kib": 1034148, "max_rss_kib": 3558292, "elapsed_seconds": 26.493810675106943}
[transformers] Model config: bos_token_id must be `None` or an integer within the vocabulary (between 0 and 31999), got 49406. This may result in unexpected behavior.
[transformers] Model config: eos_token_id must be `None` or an integer within the vocabulary (between 0 and 31999), got 49407. This may result in unexpected behavior.
Loading weights:   0%|          | 0/792 [00:00<?, ?it/s]Loading weights: 100%|██████████| 792/792 [00:00<00:00, 10293.98it/s]
{"stage": "updated-model-mmap-released", "rss_kib": 1758016, "max_rss_kib": 5113220, "elapsed_seconds": 39.727359475102276}
{"stage": "independent-reload-mmap-released", "rss_kib": 1926004, "max_rss_kib": 5113220, "elapsed_seconds": 52.052007392048836}
	Command being timed: "/home/riomus/group-learning/.venv/bin/python /home/riomus/runs/sfora-role-matched-held-source-v1/export_role_matched_adaptation.py --phase export --arm role_matched --seed 179032 --authority-sha256 0ddc99da546befa90b604fee87509b40ef2eb1ba02431d5a0537c0947ba7b31d --output /home/riomus/runs/sfora-role-matched-held-export-role_matched-179032-v1 --cpu-proof /home/riomus/runs/sfora-role-matched-held-cpu-role_matched-179032-v1/proof.json --cpu-sha256 8ca13eef68e664f7aae2965aa3223aa0e256e5a3e4d2ee31c4ddcdacb56f55ef --cpu-log /home/riomus/runs/sfora-role-matched-held-source-v1/sfora-role-matched-held-cpu-role_matched-179032-v1.log --cpu-log-sha256 ac589591620fe8a1bf7dc3360ae4d504ddc0e7ff8a78b5a4ff6d6934b345df31"
	User time (seconds): 279.52
	System time (seconds): 9.08
	Percent of CPU this job got: 114%
	Elapsed (wall clock) time (h:mm:ss or m:ss): 4:12.74
	Average shared text size (kbytes): 0
	Average unshared data size (kbytes): 0
	Average stack size (kbytes): 0
	Average total size (kbytes): 0
	Maximum resident set size (kbytes): 5113220
	Average resident set size (kbytes): 0
	Major (requiring I/O) page faults: 18674
	Minor (reclaiming a frame) page faults: 1504487
	Voluntary context switches: 222476
	Involuntary context switches: 3020
	Swaps: 0
	File system inputs: 0
	File system outputs: 21328
	Socket messages sent: 0
	Socket messages received: 0
	Signals delivered: 0
	Page size (bytes): 4096
	Exit status: 0
Finished with result: success
Main processes terminated with: code=exited/status=0
Service runtime: 4min 12.749s
CPU time consumed: 4min 48.612s
Memory peak: 256.0K
Memory swap peak: 0B
	Command being timed: "systemd-run --user --wait --collect --pipe --unit=sfora-role-matched-held-export-role_matched-179032-v1 --property=WorkingDirectory=/home/riomus/runs/sfora-role-matched-held-source-v1 --property=RuntimeMaxSec=300 --property=MemoryMax=8G --property=MemorySwapMax=0 --property=KillMode=control-group --property=OOMPolicy=stop --setenv=CUDA_VISIBLE_DEVICES=0 --setenv=CUBLAS_WORKSPACE_CONFIG=:4096:8 --setenv=OMP_NUM_THREADS=8 --setenv=OPENBLAS_NUM_THREADS=1 --setenv=TOKENIZERS_PARALLELISM=false --setenv=TMPDIR=/home/riomus/runs/sfora-role-matched-held-source-v1 --setenv=CUTILE_TILEIRAS_PATH=/home/riomus/toolchains/cuda-13.4-wheel-env/lib/python3.12/site-packages/nvidia/cu13/bin/tileiras --setenv=PATH=/home/riomus/toolchains/cuda-13.4-wheel-env/lib/python3.12/site-packages/nvidia/cu13/bin:/usr/local/bin:/usr/bin:/bin --setenv=PYTHONPATH=/home/riomus/runs/sfora-role-matched-held-source-v1:/home/riomus/runs/sfora-role-matched-held-source-v1/src:/home/riomus/runs/sfora-role-matched-held-source-v1/isolated-deps flock -n /home/riomus/runs/.sfora-siglip2-gpu.lock flock -n /home/riomus/.sfora-siglip2-gpu.lock /usr/bin/time -v /home/riomus/group-learning/.venv/bin/python /home/riomus/runs/sfora-role-matched-held-source-v1/export_role_matched_adaptation.py --phase export --arm role_matched --seed 179032 --authority-sha256 0ddc99da546befa90b604fee87509b40ef2eb1ba02431d5a0537c0947ba7b31d --output /home/riomus/runs/sfora-role-matched-held-export-role_matched-179032-v1 --cpu-proof /home/riomus/runs/sfora-role-matched-held-cpu-role_matched-179032-v1/proof.json --cpu-sha256 8ca13eef68e664f7aae2965aa3223aa0e256e5a3e4d2ee31c4ddcdacb56f55ef --cpu-log /home/riomus/runs/sfora-role-matched-held-source-v1/sfora-role-matched-held-cpu-role_matched-179032-v1.log --cpu-log-sha256 ac589591620fe8a1bf7dc3360ae4d504ddc0e7ff8a78b5a4ff6d6934b345df31"
	User time (seconds): 0.00
	System time (seconds): 0.00
	Percent of CPU this job got: 0%
	Elapsed (wall clock) time (h:mm:ss or m:ss): 4:12.77
	Average shared text size (kbytes): 0
	Average unshared data size (kbytes): 0
	Average stack size (kbytes): 0
	Average total size (kbytes): 0
	Maximum resident set size (kbytes): 7284
	Average resident set size (kbytes): 0
	Major (requiring I/O) page faults: 0
	Minor (reclaiming a frame) page faults: 379
	Voluntary context switches: 9
	Involuntary context switches: 0
	Swaps: 0
	File system inputs: 0
	File system outputs: 0
	Socket messages sent: 0
	Socket messages received: 0
	Signals delivered: 0
	Page size (bytes): 4096
	Exit status: 0
