Running as unit: sfora-role-matched-held-cpu-control-179032-v1.service; invocation ID: c0bc3c3dd917494d937c686367f1885a
{"stage": "endpoint-179032-control", "rss_kib": 1017488, "max_rss_kib": 3541232, "elapsed_seconds": 17.26410057209432}
{"stage": "endpoint-179032-role_matched", "rss_kib": 1017500, "max_rss_kib": 3541488, "elapsed_seconds": 20.306996145285666}
{"stage": "endpoint-179041-role_matched", "rss_kib": 1018004, "max_rss_kib": 3541904, "elapsed_seconds": 23.395867828279734}
{"stage": "endpoint-179041-control", "rss_kib": 1018592, "max_rss_kib": 3542320, "elapsed_seconds": 26.352477023843676}
[transformers] Model config: bos_token_id must be `None` or an integer within the vocabulary (between 0 and 31999), got 49406. This may result in unexpected behavior.
[transformers] Model config: eos_token_id must be `None` or an integer within the vocabulary (between 0 and 31999), got 49407. This may result in unexpected behavior.
Loading weights:   0%|          | 0/792 [00:00<?, ?it/s]Loading weights: 100%|██████████| 792/792 [00:00<00:00, 9283.97it/s]
{"stage": "updated-model-mmap-released", "rss_kib": 1742392, "max_rss_kib": 5096884, "elapsed_seconds": 39.55039836326614}
{"stage": "independent-reload-mmap-released", "rss_kib": 2249936, "max_rss_kib": 5096884, "elapsed_seconds": 46.314225867856294}
	Command being timed: "/home/riomus/group-learning/.venv/bin/python /home/riomus/runs/sfora-role-matched-held-source-v1/export_role_matched_adaptation.py --phase cpu --arm control --seed 179032 --authority-sha256 0ddc99da546befa90b604fee87509b40ef2eb1ba02431d5a0537c0947ba7b31d --output /home/riomus/runs/sfora-role-matched-held-cpu-control-179032-v1"
	User time (seconds): 65.54
	System time (seconds): 6.70
	Percent of CPU this job got: 146%
	Elapsed (wall clock) time (h:mm:ss or m:ss): 0:49.38
	Average shared text size (kbytes): 0
	Average unshared data size (kbytes): 0
	Average stack size (kbytes): 0
	Average total size (kbytes): 0
	Maximum resident set size (kbytes): 5096884
	Average resident set size (kbytes): 0
	Major (requiring I/O) page faults: 17461
	Minor (reclaiming a frame) page faults: 1716853
	Voluntary context switches: 111210
	Involuntary context switches: 731
	Swaps: 0
	File system inputs: 272
	File system outputs: 200
	Socket messages sent: 0
	Socket messages received: 0
	Signals delivered: 0
	Page size (bytes): 4096
	Exit status: 0
Finished with result: success
Main processes terminated with: code=exited/status=0
Service runtime: 49.390s
CPU time consumed: 1min 12.254s
Memory peak: 764.0K
Memory swap peak: 0B
	Command being timed: "systemd-run --user --wait --collect --pipe --unit=sfora-role-matched-held-cpu-control-179032-v1 --property=WorkingDirectory=/home/riomus/runs/sfora-role-matched-held-source-v1 --property=RuntimeMaxSec=120 --property=MemoryMax=8G --property=MemorySwapMax=0 --property=KillMode=control-group --property=OOMPolicy=stop --setenv=CUDA_VISIBLE_DEVICES= --setenv=CUBLAS_WORKSPACE_CONFIG=:4096:8 --setenv=OMP_NUM_THREADS=8 --setenv=OPENBLAS_NUM_THREADS=1 --setenv=TOKENIZERS_PARALLELISM=false --setenv=TMPDIR=/home/riomus/runs/sfora-role-matched-held-source-v1 --setenv=CUTILE_TILEIRAS_PATH=/home/riomus/toolchains/cuda-13.4-wheel-env/lib/python3.12/site-packages/nvidia/cu13/bin/tileiras --setenv=PATH=/home/riomus/toolchains/cuda-13.4-wheel-env/lib/python3.12/site-packages/nvidia/cu13/bin:/usr/local/bin:/usr/bin:/bin --setenv=PYTHONPATH=/home/riomus/runs/sfora-role-matched-held-source-v1:/home/riomus/runs/sfora-role-matched-held-source-v1/src:/home/riomus/runs/sfora-role-matched-held-source-v1/isolated-deps flock -n /home/riomus/runs/.sfora-siglip2-gpu.lock flock -n /home/riomus/.sfora-siglip2-gpu.lock /usr/bin/time -v /home/riomus/group-learning/.venv/bin/python /home/riomus/runs/sfora-role-matched-held-source-v1/export_role_matched_adaptation.py --phase cpu --arm control --seed 179032 --authority-sha256 0ddc99da546befa90b604fee87509b40ef2eb1ba02431d5a0537c0947ba7b31d --output /home/riomus/runs/sfora-role-matched-held-cpu-control-179032-v1"
	User time (seconds): 0.00
	System time (seconds): 0.00
	Percent of CPU this job got: 0%
	Elapsed (wall clock) time (h:mm:ss or m:ss): 0:49.41
	Average shared text size (kbytes): 0
	Average unshared data size (kbytes): 0
	Average stack size (kbytes): 0
	Average total size (kbytes): 0
	Maximum resident set size (kbytes): 7276
	Average resident set size (kbytes): 0
	Major (requiring I/O) page faults: 0
	Minor (reclaiming a frame) page faults: 378
	Voluntary context switches: 10
	Involuntary context switches: 0
	Swaps: 0
	File system inputs: 0
	File system outputs: 0
	Socket messages sent: 0
	Socket messages received: 0
	Signals delivered: 0
	Page size (bytes): 4096
	Exit status: 0
