Running as unit: sfora-role-matched-held-export-control-179032-v1.service; invocation ID: 350e43beb0f74d0b8112c75be480223d
{"stage": "endpoint-179032-control", "rss_kib": 1033356, "max_rss_kib": 3557496, "elapsed_seconds": 17.341361227910966}
{"stage": "endpoint-179032-role_matched", "rss_kib": 1033532, "max_rss_kib": 3557912, "elapsed_seconds": 20.50021255109459}
{"stage": "endpoint-179041-role_matched", "rss_kib": 1033688, "max_rss_kib": 3557912, "elapsed_seconds": 23.568515488877892}
{"stage": "endpoint-179041-control", "rss_kib": 1034276, "max_rss_kib": 3558360, "elapsed_seconds": 26.629508399870247}
[transformers] Model config: bos_token_id must be `None` or an integer within the vocabulary (between 0 and 31999), got 49406. This may result in unexpected behavior.
[transformers] Model config: eos_token_id must be `None` or an integer within the vocabulary (between 0 and 31999), got 49407. This may result in unexpected behavior.
Loading weights:   0%|          | 0/792 [00:00<?, ?it/s]Loading weights: 100%|██████████| 792/792 [00:00<00:00, 13195.61it/s]
{"stage": "updated-model-mmap-released", "rss_kib": 1758180, "max_rss_kib": 5113112, "elapsed_seconds": 39.75404442101717}
{"stage": "independent-reload-mmap-released", "rss_kib": 1924708, "max_rss_kib": 5113112, "elapsed_seconds": 52.15069484617561}
	Command being timed: "/home/riomus/group-learning/.venv/bin/python /home/riomus/runs/sfora-role-matched-held-source-v1/export_role_matched_adaptation.py --phase export --arm control --seed 179032 --authority-sha256 0ddc99da546befa90b604fee87509b40ef2eb1ba02431d5a0537c0947ba7b31d --output /home/riomus/runs/sfora-role-matched-held-export-control-179032-v1 --cpu-proof /home/riomus/runs/sfora-role-matched-held-cpu-control-179032-v1/proof.json --cpu-sha256 d03c02ee9aa63d95a362e4607547ee1c85eefa40b45df7b0604447b81101450d --cpu-log /home/riomus/runs/sfora-role-matched-held-source-v1/sfora-role-matched-held-cpu-control-179032-v1.log --cpu-log-sha256 9b02a38390a2aad62bb07d38cde23f9680f5e3d2b978ee02969f94da71322ce3"
	User time (seconds): 277.34
	System time (seconds): 8.47
	Percent of CPU this job got: 112%
	Elapsed (wall clock) time (h:mm:ss or m:ss): 4:14.25
	Average shared text size (kbytes): 0
	Average unshared data size (kbytes): 0
	Average stack size (kbytes): 0
	Average total size (kbytes): 0
	Maximum resident set size (kbytes): 5113112
	Average resident set size (kbytes): 0
	Major (requiring I/O) page faults: 18307
	Minor (reclaiming a frame) page faults: 1492351
	Voluntary context switches: 190153
	Involuntary context switches: 3394
	Swaps: 0
	File system inputs: 55032
	File system outputs: 21328
	Socket messages sent: 0
	Socket messages received: 0
	Signals delivered: 0
	Page size (bytes): 4096
	Exit status: 0
Finished with result: success
Main processes terminated with: code=exited/status=0
Service runtime: 4min 14.260s
CPU time consumed: 4min 45.825s
Memory peak: 3.8G
Memory swap peak: 0B
	Command being timed: "systemd-run --user --wait --collect --pipe --unit=sfora-role-matched-held-export-control-179032-v1 --property=WorkingDirectory=/home/riomus/runs/sfora-role-matched-held-source-v1 --property=RuntimeMaxSec=300 --property=MemoryMax=8G --property=MemorySwapMax=0 --property=KillMode=control-group --property=OOMPolicy=stop --setenv=CUDA_VISIBLE_DEVICES=0 --setenv=CUBLAS_WORKSPACE_CONFIG=:4096:8 --setenv=OMP_NUM_THREADS=8 --setenv=OPENBLAS_NUM_THREADS=1 --setenv=TOKENIZERS_PARALLELISM=false --setenv=TMPDIR=/home/riomus/runs/sfora-role-matched-held-source-v1 --setenv=CUTILE_TILEIRAS_PATH=/home/riomus/toolchains/cuda-13.4-wheel-env/lib/python3.12/site-packages/nvidia/cu13/bin/tileiras --setenv=PATH=/home/riomus/toolchains/cuda-13.4-wheel-env/lib/python3.12/site-packages/nvidia/cu13/bin:/usr/local/bin:/usr/bin:/bin --setenv=PYTHONPATH=/home/riomus/runs/sfora-role-matched-held-source-v1:/home/riomus/runs/sfora-role-matched-held-source-v1/src:/home/riomus/runs/sfora-role-matched-held-source-v1/isolated-deps flock -n /home/riomus/runs/.sfora-siglip2-gpu.lock flock -n /home/riomus/.sfora-siglip2-gpu.lock /usr/bin/time -v /home/riomus/group-learning/.venv/bin/python /home/riomus/runs/sfora-role-matched-held-source-v1/export_role_matched_adaptation.py --phase export --arm control --seed 179032 --authority-sha256 0ddc99da546befa90b604fee87509b40ef2eb1ba02431d5a0537c0947ba7b31d --output /home/riomus/runs/sfora-role-matched-held-export-control-179032-v1 --cpu-proof /home/riomus/runs/sfora-role-matched-held-cpu-control-179032-v1/proof.json --cpu-sha256 d03c02ee9aa63d95a362e4607547ee1c85eefa40b45df7b0604447b81101450d --cpu-log /home/riomus/runs/sfora-role-matched-held-source-v1/sfora-role-matched-held-cpu-control-179032-v1.log --cpu-log-sha256 9b02a38390a2aad62bb07d38cde23f9680f5e3d2b978ee02969f94da71322ce3"
	User time (seconds): 0.00
	System time (seconds): 0.00
	Percent of CPU this job got: 0%
	Elapsed (wall clock) time (h:mm:ss or m:ss): 4:14.28
	Average shared text size (kbytes): 0
	Average unshared data size (kbytes): 0
	Average stack size (kbytes): 0
	Average total size (kbytes): 0
	Maximum resident set size (kbytes): 7412
	Average resident set size (kbytes): 0
	Major (requiring I/O) page faults: 0
	Minor (reclaiming a frame) page faults: 377
	Voluntary context switches: 9
	Involuntary context switches: 0
	Swaps: 0
	File system inputs: 0
	File system outputs: 0
	Socket messages sent: 0
	Socket messages received: 0
	Signals delivered: 0
	Page size (bytes): 4096
	Exit status: 0
