Running as unit: sfora-role-matched-held-cpu-control-179041-v1.service; invocation ID: 63adb3a332424ad48af0bdd34f7dee10
{"stage": "endpoint-179032-control", "rss_kib": 1019380, "max_rss_kib": 3543352, "elapsed_seconds": 16.817666191142052}
{"stage": "endpoint-179032-role_matched", "rss_kib": 1019400, "max_rss_kib": 3543352, "elapsed_seconds": 20.02019699010998}
{"stage": "endpoint-179041-role_matched", "rss_kib": 1019908, "max_rss_kib": 3543828, "elapsed_seconds": 23.165295038372278}
{"stage": "endpoint-179041-control", "rss_kib": 1020500, "max_rss_kib": 3544664, "elapsed_seconds": 26.412631329149008}
[transformers] Model config: bos_token_id must be `None` or an integer within the vocabulary (between 0 and 31999), got 49406. This may result in unexpected behavior.
[transformers] Model config: eos_token_id must be `None` or an integer within the vocabulary (between 0 and 31999), got 49407. This may result in unexpected behavior.
Loading weights:   0%|          | 0/792 [00:00<?, ?it/s]Loading weights: 100%|██████████| 792/792 [00:00<00:00, 13427.74it/s]
{"stage": "updated-model-mmap-released", "rss_kib": 1742252, "max_rss_kib": 5097276, "elapsed_seconds": 39.22760727722198}
{"stage": "independent-reload-mmap-released", "rss_kib": 2249796, "max_rss_kib": 5097276, "elapsed_seconds": 46.02578528644517}
	Command being timed: "/home/riomus/group-learning/.venv/bin/python /home/riomus/runs/sfora-role-matched-held-source-v1/export_role_matched_adaptation.py --phase cpu --arm control --seed 179041 --authority-sha256 0ddc99da546befa90b604fee87509b40ef2eb1ba02431d5a0537c0947ba7b31d --output /home/riomus/runs/sfora-role-matched-held-cpu-control-179041-v1"
	User time (seconds): 65.22
	System time (seconds): 6.73
	Percent of CPU this job got: 146%
	Elapsed (wall clock) time (h:mm:ss or m:ss): 0:49.01
	Average shared text size (kbytes): 0
	Average unshared data size (kbytes): 0
	Average stack size (kbytes): 0
	Average total size (kbytes): 0
	Maximum resident set size (kbytes): 5097276
	Average resident set size (kbytes): 0
	Major (requiring I/O) page faults: 17414
	Minor (reclaiming a frame) page faults: 1711664
	Voluntary context switches: 112858
	Involuntary context switches: 705
	Swaps: 0
	File system inputs: 0
	File system outputs: 48
	Socket messages sent: 0
	Socket messages received: 0
	Signals delivered: 0
	Page size (bytes): 4096
	Exit status: 0
Finished with result: success
Main processes terminated with: code=exited/status=0
Service runtime: 49.020s
CPU time consumed: 1min 11.960s
Memory peak: 508.0K
Memory swap peak: 0B
	Command being timed: "systemd-run --user --wait --collect --pipe --unit=sfora-role-matched-held-cpu-control-179041-v1 --property=WorkingDirectory=/home/riomus/runs/sfora-role-matched-held-source-v1 --property=RuntimeMaxSec=120 --property=MemoryMax=8G --property=MemorySwapMax=0 --property=KillMode=control-group --property=OOMPolicy=stop --setenv=CUDA_VISIBLE_DEVICES= --setenv=CUBLAS_WORKSPACE_CONFIG=:4096:8 --setenv=OMP_NUM_THREADS=8 --setenv=OPENBLAS_NUM_THREADS=1 --setenv=TOKENIZERS_PARALLELISM=false --setenv=TMPDIR=/home/riomus/runs/sfora-role-matched-held-source-v1 --setenv=CUTILE_TILEIRAS_PATH=/home/riomus/toolchains/cuda-13.4-wheel-env/lib/python3.12/site-packages/nvidia/cu13/bin/tileiras --setenv=PATH=/home/riomus/toolchains/cuda-13.4-wheel-env/lib/python3.12/site-packages/nvidia/cu13/bin:/usr/local/bin:/usr/bin:/bin --setenv=PYTHONPATH=/home/riomus/runs/sfora-role-matched-held-source-v1:/home/riomus/runs/sfora-role-matched-held-source-v1/src:/home/riomus/runs/sfora-role-matched-held-source-v1/isolated-deps flock -n /home/riomus/runs/.sfora-siglip2-gpu.lock flock -n /home/riomus/.sfora-siglip2-gpu.lock /usr/bin/time -v /home/riomus/group-learning/.venv/bin/python /home/riomus/runs/sfora-role-matched-held-source-v1/export_role_matched_adaptation.py --phase cpu --arm control --seed 179041 --authority-sha256 0ddc99da546befa90b604fee87509b40ef2eb1ba02431d5a0537c0947ba7b31d --output /home/riomus/runs/sfora-role-matched-held-cpu-control-179041-v1"
	User time (seconds): 0.00
	System time (seconds): 0.00
	Percent of CPU this job got: 0%
	Elapsed (wall clock) time (h:mm:ss or m:ss): 0:49.04
	Average shared text size (kbytes): 0
	Average unshared data size (kbytes): 0
	Average stack size (kbytes): 0
	Average total size (kbytes): 0
	Maximum resident set size (kbytes): 7284
	Average resident set size (kbytes): 0
	Major (requiring I/O) page faults: 0
	Minor (reclaiming a frame) page faults: 377
	Voluntary context switches: 10
	Involuntary context switches: 0
	Swaps: 0
	File system inputs: 0
	File system outputs: 0
	Socket messages sent: 0
	Socket messages received: 0
	Signals delivered: 0
	Page size (bytes): 4096
	Exit status: 0
