Running as unit: sfora-so400-vision-extraction-v1.service; invocation ID: 881248c07e1f4529a99238e1ea5d53b7
extract_siglip2_vision_source.py: OK
test_extract_siglip2_vision_source.py: OK
inputs.json: OK
execution.json: OK
{"output": {"key_mapping": "strip exactly vision_model. for installed direct SiglipVisionModel", "path": "/home/riomus/runs/sfora-native256-source-extraction-v1/so400/vision.safetensors", "payload_bytes": 1711552256, "sha256": "0c7b828961d68c990f61f6a75158af83f66a5e36f76461edf7db5c8ab56ea20f", "size_bytes": 1711601328, "tensor_count": 448}, "provenance": "/home/riomus/runs/sfora-native256-source-extraction-v1/so400/provenance.json", "schema": "siglip2-vision-source-extraction-v1"}
extract_siglip2_vision_source.py: OK
test_extract_siglip2_vision_source.py: OK
inputs.json: OK
execution.json: OK
	Command being timed: "/bin/bash /home/riomus/runs/sfora-native256-source-extraction-v1/so400-command.sh"
	User time (seconds): 8.32
	System time (seconds): 0.73
	Percent of CPU this job got: 55%
	Elapsed (wall clock) time (h:mm:ss or m:ss): 0:16.19
	Average shared text size (kbytes): 0
	Average unshared data size (kbytes): 0
	Average stack size (kbytes): 0
	Average total size (kbytes): 0
	Maximum resident set size (kbytes): 38904
	Average resident set size (kbytes): 0
	Major (requiring I/O) page faults: 0
	Minor (reclaiming a frame) page faults: 6171
	Voluntary context switches: 41078
	Involuntary context switches: 94
	Swaps: 0
	File system inputs: 20297984
	File system outputs: 3343696
	Socket messages sent: 0
	Socket messages received: 0
	Signals delivered: 0
	Page size (bytes): 4096
	Exit status: 0
Finished with result: success
Main processes terminated with: code=exited/status=0
Service runtime: 16.196s
CPU time consumed: 9.069s
Memory peak: 360.2M
Memory swap peak: 0B
