Running as unit: sfora-so400-upstream-transport-v1.service; invocation ID: cdda4f73326e4391a1419a968d4a171b
{"files": {"config.json": {"bytes": 537, "sha256": "13ee943037e446415ff6e7e406ecf79fd955f482f4ba5b437d3bc10fba7f1362"}, "model.safetensors": {"bytes": 4542792928, "sha256": "810ddc85ac019e6b2738b9130ae3602e41eb093a848a297a0ad296ca1f39dc67"}, "preprocessor_config.json": {"bytes": 394, "sha256": "d14ba2ee3fd816f3de8abaddc31953565128eaf37c73ad4bed32101a98465aff"}}, "model": "google/siglip2-so400m-patch16-256", "model_qualified": false, "native_executed": false, "quality_read": false, "revision": "e8708ab72d125807e45b36fb7d4e0aacbb59f379", "schema": "siglip2-upstream-transport-v1", "verification_seconds": 2.633785295765847}
	Command being timed: "/bin/bash /home/riomus/runs/sfora-so400-upstream-transport-v1.sh"
	User time (seconds): 7.40
	System time (seconds): 10.26
	Percent of CPU this job got: 15%
	Elapsed (wall clock) time (h:mm:ss or m:ss): 1:51.49
	Average shared text size (kbytes): 0
	Average unshared data size (kbytes): 0
	Average stack size (kbytes): 0
	Average total size (kbytes): 0
	Maximum resident set size (kbytes): 21976
	Average resident set size (kbytes): 0
	Major (requiring I/O) page faults: 24
	Minor (reclaiming a frame) page faults: 7984
	Voluntary context switches: 164004
	Involuntary context switches: 161
	Swaps: 0
	File system inputs: 5536
	File system outputs: 8872672
	Socket messages sent: 0
	Socket messages received: 0
	Signals delivered: 0
	Page size (bytes): 4096
	Exit status: 0
Finished with result: success
Main processes terminated with: code=exited/status=0
Service runtime: 1min 51.498s
CPU time consumed: 17.681s
Memory peak: 392.1M
Memory swap peak: 0B
