Running as unit: sfora-token-residual-score-v1.service; invocation ID: bb07703eeed34777b34cc0e3223deeeb
{"stage": "endpoint-179032-control", "rss_kib": 1022328, "max_rss_kib": 3548708, "elapsed_seconds": 16.50616947701201}
{"stage": "endpoint-179032-candidate", "rss_kib": 1022328, "max_rss_kib": 3552612, "elapsed_seconds": 19.348304106853902}
{"stage": "endpoint-179041-candidate", "rss_kib": 1022824, "max_rss_kib": 3553348, "elapsed_seconds": 22.177208717912436}
{"stage": "endpoint-179041-control", "rss_kib": 1023420, "max_rss_kib": 3553348, "elapsed_seconds": 24.985678058117628}
	Command being timed: "/home/riomus/group-learning/.venv/bin/python /home/riomus/runs/sfora-token-residual-held-source-v1/score_token_residual_adaptation.py --authority-sha256 27098916e8fe8b2a838c6efb2ababc0a29cf6baa37b863fa2eedd18aa2cbe55c --wires-authority-sha256 419adbd0ab02326d2dedaaf851d84b5e82d5a653cb74191443a0a60ffac7706d --output /home/riomus/runs/sfora-token-residual-score-v1.json"
	User time (seconds): 38.43
	System time (seconds): 2.36
	Percent of CPU this job got: 142%
	Elapsed (wall clock) time (h:mm:ss or m:ss): 0:28.63
	Average shared text size (kbytes): 0
	Average unshared data size (kbytes): 0
	Average stack size (kbytes): 0
	Average total size (kbytes): 0
	Maximum resident set size (kbytes): 3553348
	Average resident set size (kbytes): 0
	Major (requiring I/O) page faults: 46
	Minor (reclaiming a frame) page faults: 304902
	Voluntary context switches: 23574
	Involuntary context switches: 425
	Swaps: 0
	File system inputs: 1264
	File system outputs: 1704
	Socket messages sent: 0
	Socket messages received: 0
	Signals delivered: 0
	Page size (bytes): 4096
	Exit status: 0
Finished with result: success
Main processes terminated with: code=exited/status=0
Service runtime: 28.633s
CPU time consumed: 40.809s
Memory peak: 764.0K
Memory swap peak: 0B
	Command being timed: "systemd-run --user --wait --collect --pipe --unit=sfora-token-residual-score-v1 --property=WorkingDirectory=/home/riomus/runs/sfora-token-residual-held-source-v1 --property=RuntimeMaxSec=120 --property=MemoryMax=8G --property=MemorySwapMax=0 --property=KillMode=control-group --property=OOMPolicy=stop --setenv=CUDA_VISIBLE_DEVICES= --setenv=CUBLAS_WORKSPACE_CONFIG=:4096:8 --setenv=OMP_NUM_THREADS=8 --setenv=OPENBLAS_NUM_THREADS=1 --setenv=TOKENIZERS_PARALLELISM=false --setenv=TMPDIR=/home/riomus/runs/sfora-token-residual-held-source-v1 --setenv=CUTILE_TILEIRAS_PATH=/home/riomus/toolchains/cuda-13.4-wheel-env/lib/python3.12/site-packages/nvidia/cu13/bin/tileiras --setenv=PATH=/home/riomus/toolchains/cuda-13.4-wheel-env/lib/python3.12/site-packages/nvidia/cu13/bin:/usr/local/bin:/usr/bin:/bin --setenv=PYTHONPATH=/home/riomus/runs/sfora-token-residual-held-source-v1:/home/riomus/runs/sfora-token-residual-held-source-v1/src:/home/riomus/runs/sfora-token-residual-held-source-v1/isolated-deps flock -n /home/riomus/runs/.sfora-siglip2-gpu.lock flock -n /home/riomus/.sfora-siglip2-gpu.lock /usr/bin/time -v /home/riomus/group-learning/.venv/bin/python /home/riomus/runs/sfora-token-residual-held-source-v1/score_token_residual_adaptation.py --authority-sha256 27098916e8fe8b2a838c6efb2ababc0a29cf6baa37b863fa2eedd18aa2cbe55c --wires-authority-sha256 419adbd0ab02326d2dedaaf851d84b5e82d5a653cb74191443a0a60ffac7706d --output /home/riomus/runs/sfora-token-residual-score-v1.json"
	User time (seconds): 0.00
	System time (seconds): 0.00
	Percent of CPU this job got: 0%
	Elapsed (wall clock) time (h:mm:ss or m:ss): 0:28.65
	Average shared text size (kbytes): 0
	Average unshared data size (kbytes): 0
	Average stack size (kbytes): 0
	Average total size (kbytes): 0
	Maximum resident set size (kbytes): 7272
	Average resident set size (kbytes): 0
	Major (requiring I/O) page faults: 0
	Minor (reclaiming a frame) page faults: 377
	Voluntary context switches: 10
	Involuntary context switches: 0
	Swaps: 0
	File system inputs: 0
	File system outputs: 0
	Socket messages sent: 0
	Socket messages received: 0
	Signals delivered: 0
	Page size (bytes): 4096
	Exit status: 0
