Running as unit: sfora-token-residual-held-cpu-control-179032-v1.service; invocation ID: 6290244fa24e44aca8c5ed0540e1c621
{"stage": "endpoint-179032-control", "rss_kib": 1021116, "max_rss_kib": 3547160, "elapsed_seconds": 16.788799969945103}
{"stage": "endpoint-179032-candidate", "rss_kib": 1021120, "max_rss_kib": 3551512, "elapsed_seconds": 19.66693306574598}
{"stage": "endpoint-179041-candidate", "rss_kib": 1021612, "max_rss_kib": 3551804, "elapsed_seconds": 22.529143220745027}
{"stage": "endpoint-179041-control", "rss_kib": 1022208, "max_rss_kib": 3551804, "elapsed_seconds": 25.36970444303006}
[transformers] Model config: bos_token_id must be `None` or an integer within the vocabulary (between 0 and 31999), got 49406. This may result in unexpected behavior.
[transformers] Model config: eos_token_id must be `None` or an integer within the vocabulary (between 0 and 31999), got 49407. This may result in unexpected behavior.
Loading weights:   0%|          | 0/792 [00:00<?, ?it/s]Loading weights: 100%|██████████| 792/792 [00:00<00:00, 10107.89it/s]
{"stage": "updated-model-mmap-released", "rss_kib": 1751980, "max_rss_kib": 5101132, "elapsed_seconds": 38.133296800777316}
{"stage": "independent-reload-mmap-released", "rss_kib": 2246188, "max_rss_kib": 5101132, "elapsed_seconds": 44.689980985131115}
	Command being timed: "/home/riomus/group-learning/.venv/bin/python /home/riomus/runs/sfora-token-residual-held-source-v1/export_token_residual_adaptation.py --phase cpu --seed 179032 --arm control --authority-sha256 27098916e8fe8b2a838c6efb2ababc0a29cf6baa37b863fa2eedd18aa2cbe55c --output /home/riomus/runs/sfora-token-residual-held-cpu-control-179032-v1"
	User time (seconds): 61.57
	System time (seconds): 6.15
	Percent of CPU this job got: 145%
	Elapsed (wall clock) time (h:mm:ss or m:ss): 0:46.59
	Average shared text size (kbytes): 0
	Average unshared data size (kbytes): 0
	Average stack size (kbytes): 0
	Average total size (kbytes): 0
	Maximum resident set size (kbytes): 5101132
	Average resident set size (kbytes): 0
	Major (requiring I/O) page faults: 17975
	Minor (reclaiming a frame) page faults: 1683113
	Voluntary context switches: 95440
	Involuntary context switches: 748
	Swaps: 0
	File system inputs: 49192
	File system outputs: 200
	Socket messages sent: 0
	Socket messages received: 0
	Signals delivered: 0
	Page size (bytes): 4096
	Exit status: 0
Finished with result: success
Main processes terminated with: code=exited/status=0
Service runtime: 46.598s
CPU time consumed: 1min 7.737s
Memory peak: 508.0K
Memory swap peak: 0B
	Command being timed: "systemd-run --user --wait --collect --pipe --unit=sfora-token-residual-held-cpu-control-179032-v1 --property=WorkingDirectory=/home/riomus/runs/sfora-token-residual-held-source-v1 --property=RuntimeMaxSec=120 --property=MemoryMax=8G --property=MemorySwapMax=0 --property=KillMode=control-group --property=OOMPolicy=stop --setenv=CUDA_VISIBLE_DEVICES= --setenv=CUBLAS_WORKSPACE_CONFIG=:4096:8 --setenv=OMP_NUM_THREADS=8 --setenv=OPENBLAS_NUM_THREADS=1 --setenv=TOKENIZERS_PARALLELISM=false --setenv=TMPDIR=/home/riomus/runs/sfora-token-residual-held-source-v1 --setenv=CUTILE_TILEIRAS_PATH=/home/riomus/toolchains/cuda-13.4-wheel-env/lib/python3.12/site-packages/nvidia/cu13/bin/tileiras --setenv=PATH=/home/riomus/toolchains/cuda-13.4-wheel-env/lib/python3.12/site-packages/nvidia/cu13/bin:/usr/local/bin:/usr/bin:/bin --setenv=PYTHONPATH=/home/riomus/runs/sfora-token-residual-held-source-v1:/home/riomus/runs/sfora-token-residual-held-source-v1/src:/home/riomus/runs/sfora-token-residual-held-source-v1/isolated-deps flock -n /home/riomus/runs/.sfora-siglip2-gpu.lock flock -n /home/riomus/.sfora-siglip2-gpu.lock /usr/bin/time -v /home/riomus/group-learning/.venv/bin/python /home/riomus/runs/sfora-token-residual-held-source-v1/export_token_residual_adaptation.py --phase cpu --seed 179032 --arm control --authority-sha256 27098916e8fe8b2a838c6efb2ababc0a29cf6baa37b863fa2eedd18aa2cbe55c --output /home/riomus/runs/sfora-token-residual-held-cpu-control-179032-v1"
	User time (seconds): 0.00
	System time (seconds): 0.00
	Percent of CPU this job got: 0%
	Elapsed (wall clock) time (h:mm:ss or m:ss): 0:46.61
	Average shared text size (kbytes): 0
	Average unshared data size (kbytes): 0
	Average stack size (kbytes): 0
	Average total size (kbytes): 0
	Maximum resident set size (kbytes): 7284
	Average resident set size (kbytes): 0
	Major (requiring I/O) page faults: 0
	Minor (reclaiming a frame) page faults: 378
	Voluntary context switches: 10
	Involuntary context switches: 0
	Swaps: 0
	File system inputs: 0
	File system outputs: 0
	Socket messages sent: 0
	Socket messages received: 0
	Signals delivered: 0
	Page size (bytes): 4096
	Exit status: 0
