Running as unit: sfora-token-residual-held-candidate-179032-v1.service; invocation ID: 61a052a8a0d549e989f89021c7bcf66c
{"stage": "endpoint-179032-control", "rss_kib": 1037488, "max_rss_kib": 3563636, "elapsed_seconds": 17.14018607372418}
{"stage": "endpoint-179032-candidate", "rss_kib": 1037488, "max_rss_kib": 3567732, "elapsed_seconds": 20.11404807679355}
{"stage": "endpoint-179041-candidate", "rss_kib": 1037996, "max_rss_kib": 3568340, "elapsed_seconds": 23.13839795300737}
{"stage": "endpoint-179041-control", "rss_kib": 1038588, "max_rss_kib": 3568340, "elapsed_seconds": 26.132341970689595}
[transformers] Model config: bos_token_id must be `None` or an integer within the vocabulary (between 0 and 31999), got 49406. This may result in unexpected behavior.
[transformers] Model config: eos_token_id must be `None` or an integer within the vocabulary (between 0 and 31999), got 49407. This may result in unexpected behavior.
Loading weights:   0%|          | 0/792 [00:00<?, ?it/s]Loading weights: 100%|██████████| 792/792 [00:00<00:00, 11079.20it/s]
{"stage": "updated-model-mmap-released", "rss_kib": 1764812, "max_rss_kib": 5122828, "elapsed_seconds": 39.049526006914675}
{"stage": "independent-reload-mmap-released", "rss_kib": 1934092, "max_rss_kib": 5122828, "elapsed_seconds": 51.61777666490525}
	Command being timed: "/home/riomus/group-learning/.venv/bin/python /home/riomus/runs/sfora-token-residual-held-source-v1/export_token_residual_adaptation.py --phase export --seed 179032 --arm candidate --authority-sha256 27098916e8fe8b2a838c6efb2ababc0a29cf6baa37b863fa2eedd18aa2cbe55c --cpu-proof /home/riomus/runs/sfora-token-residual-held-cpu-candidate-179032-v1/proof.json --cpu-sha256 4a331d50f4c1dc44e120610b8eff88995488a312e4ca8a8f13afe6a59b0a267a --cpu-log /home/riomus/runs/sfora-token-residual-held-source-v1/held-cpu-candidate-179032-v1.log --cpu-log-sha256 7aa39639ed7d6c1561ea6ace1ae42fdf7eb4934f68a5dd943015916fea601d44 --output /home/riomus/runs/sfora-token-residual-held-candidate-179032-v1"
	User time (seconds): 272.71
	System time (seconds): 7.37
	Percent of CPU this job got: 114%
	Elapsed (wall clock) time (h:mm:ss or m:ss): 4:05.57
	Average shared text size (kbytes): 0
	Average unshared data size (kbytes): 0
	Average stack size (kbytes): 0
	Average total size (kbytes): 0
	Maximum resident set size (kbytes): 5122828
	Average resident set size (kbytes): 0
	Major (requiring I/O) page faults: 17490
	Minor (reclaiming a frame) page faults: 1597364
	Voluntary context switches: 175311
	Involuntary context switches: 3116
	Swaps: 0
	File system inputs: 8
	File system outputs: 21328
	Socket messages sent: 0
	Socket messages received: 0
	Signals delivered: 0
	Page size (bytes): 4096
	Exit status: 0
Finished with result: success
Main processes terminated with: code=exited/status=0
Service runtime: 4min 5.579s
CPU time consumed: 4min 40.093s
Memory peak: 3.8G
Memory swap peak: 0B
	Command being timed: "systemd-run --user --wait --collect --pipe --unit=sfora-token-residual-held-candidate-179032-v1 --property=WorkingDirectory=/home/riomus/runs/sfora-token-residual-held-source-v1 --property=RuntimeMaxSec=300 --property=MemoryMax=8G --property=MemorySwapMax=0 --property=KillMode=control-group --property=OOMPolicy=stop --setenv=CUDA_VISIBLE_DEVICES=0 --setenv=CUBLAS_WORKSPACE_CONFIG=:4096:8 --setenv=OMP_NUM_THREADS=8 --setenv=OPENBLAS_NUM_THREADS=1 --setenv=TOKENIZERS_PARALLELISM=false --setenv=TMPDIR=/home/riomus/runs/sfora-token-residual-held-source-v1 --setenv=CUTILE_TILEIRAS_PATH=/home/riomus/toolchains/cuda-13.4-wheel-env/lib/python3.12/site-packages/nvidia/cu13/bin/tileiras --setenv=PATH=/home/riomus/toolchains/cuda-13.4-wheel-env/lib/python3.12/site-packages/nvidia/cu13/bin:/usr/local/bin:/usr/bin:/bin --setenv=PYTHONPATH=/home/riomus/runs/sfora-token-residual-held-source-v1:/home/riomus/runs/sfora-token-residual-held-source-v1/src:/home/riomus/runs/sfora-token-residual-held-source-v1/isolated-deps flock -n /home/riomus/runs/.sfora-siglip2-gpu.lock flock -n /home/riomus/.sfora-siglip2-gpu.lock /usr/bin/time -v /home/riomus/group-learning/.venv/bin/python /home/riomus/runs/sfora-token-residual-held-source-v1/export_token_residual_adaptation.py --phase export --seed 179032 --arm candidate --authority-sha256 27098916e8fe8b2a838c6efb2ababc0a29cf6baa37b863fa2eedd18aa2cbe55c --cpu-proof /home/riomus/runs/sfora-token-residual-held-cpu-candidate-179032-v1/proof.json --cpu-sha256 4a331d50f4c1dc44e120610b8eff88995488a312e4ca8a8f13afe6a59b0a267a --cpu-log /home/riomus/runs/sfora-token-residual-held-source-v1/held-cpu-candidate-179032-v1.log --cpu-log-sha256 7aa39639ed7d6c1561ea6ace1ae42fdf7eb4934f68a5dd943015916fea601d44 --output /home/riomus/runs/sfora-token-residual-held-candidate-179032-v1"
	User time (seconds): 0.00
	System time (seconds): 0.00
	Percent of CPU this job got: 0%
	Elapsed (wall clock) time (h:mm:ss or m:ss): 4:05.60
	Average shared text size (kbytes): 0
	Average unshared data size (kbytes): 0
	Average stack size (kbytes): 0
	Average total size (kbytes): 0
	Maximum resident set size (kbytes): 7400
	Average resident set size (kbytes): 0
	Major (requiring I/O) page faults: 0
	Minor (reclaiming a frame) page faults: 378
	Voluntary context switches: 9
	Involuntary context switches: 0
	Swaps: 0
	File system inputs: 0
	File system outputs: 0
	Socket messages sent: 0
	Socket messages received: 0
	Signals delivered: 0
	Page size (bytes): 4096
	Exit status: 0
