Running as unit: sfora-dense-retained-serving-gpu-v3.service; invocation ID: e0746cbe69ec494988efff3978328826
[transformers] Model config: bos_token_id must be `None` or an integer within the vocabulary (between 0 and 31999), got 49406. This may result in unexpected behavior.
[transformers] Model config: eos_token_id must be `None` or an integer within the vocabulary (between 0 and 31999), got 49407. This may result in unexpected behavior.
{"public_held_images_verified": 32}
{"public_held_images_verified": 2080}
{"public_held_images_verified": 4128}
{"public_held_images_verified": 6176}
{"public_held_images_verified": 8224}
{"public_held_images_verified": 10272}
{"public_held_images_verified": 12320}
PASS retained public B32 packed/native top10/B1 direct-whole parity; two-seed KILL unchanged
Finished with result: success
Main processes terminated with: code=exited/status=0
Service runtime: 3min 23.750s
CPU time consumed: 3min 42.476s
Memory peak: 2.9G
Memory swap peak: 0B
	Command being timed: "systemd-run --user --wait --collect --pipe --unit=sfora-dense-retained-serving-gpu-v3 -p WorkingDirectory=/home/riomus/runs/sfora-dense-retained-serving-source-v3 -p RuntimeMaxSec=300 -p MemoryMax=8G -p MemorySwapMax=0 -p KillMode=control-group -p OOMPolicy=stop --setenv=CUBLAS_WORKSPACE_CONFIG=:4096:8 --setenv=CUTILE_TILEIRAS_PATH=/home/riomus/toolchains/cuda-13.4-wheel-env/lib/python3.12/site-packages/nvidia/cu13/bin/tileiras --setenv=PATH=/home/riomus/toolchains/cuda-13.4-wheel-env/lib/python3.12/site-packages/nvidia/cu13/bin:/usr/local/bin:/usr/bin:/bin --setenv=OMP_NUM_THREADS=8 --setenv=OPENBLAS_NUM_THREADS=1 --setenv=TOKENIZERS_PARALLELISM=false --setenv=PYTHONPATH=/home/riomus/runs/sfora-dense-retained-serving-source-v3:/home/riomus/runs/sfora-dense-retained-serving-source-v3/src:/home/riomus/runs/sfora-dense-retained-serving-source-v3/isolated-deps flock -n /home/riomus/runs/.sfora-siglip2-gpu.lock flock -n /home/riomus/.sfora-siglip2-gpu.lock /home/riomus/group-learning/.venv/bin/python qualify_large_dense_retained_serving.py --execution-sha256 1b6b97a1298ffc287adc3ac0a3d57f23a5323185f00dd9010fa677a8e7434102 --startup-sha256 e178a5fb9ea5f5eaef9af325a0c7080373d23b9f1f31f8ae3912020e141f5108 --output /home/riomus/runs/sfora-dense-retained-serving-v3/receipt.json"
	User time (seconds): 0.00
	System time (seconds): 0.00
	Percent of CPU this job got: 0%
	Elapsed (wall clock) time (h:mm:ss or m:ss): 3:23.78
	Average shared text size (kbytes): 0
	Average unshared data size (kbytes): 0
	Average stack size (kbytes): 0
	Average total size (kbytes): 0
	Maximum resident set size (kbytes): 7220
	Average resident set size (kbytes): 0
	Major (requiring I/O) page faults: 0
	Minor (reclaiming a frame) page faults: 376
	Voluntary context switches: 11
	Involuntary context switches: 0
	Swaps: 0
	File system inputs: 0
	File system outputs: 0
	Socket messages sent: 0
	Socket messages received: 0
	Signals delivered: 0
	Page size (bytes): 4096
	Exit status: 0
