PASS witness scan: inverse source/AST, fresh occurrences, ordered owner, bounded/joined workers, negatives
PASS real original terminal AST: connected/gradient/control seams and binding/log/cgroup falsifiers
PASS source-only connected MLP contracts/falsifiers; native UNRUN
	Command being timed: "prlimit --as=1073741824 timeout 120s python3 -B scripts/test_siglip2_connected_mlp.py --source-only"
	User time (seconds): 2.85
	System time (seconds): 0.09
	Percent of CPU this job got: 46%
	Elapsed (wall clock) time (h:mm:ss or m:ss): 0:06.39
	Average shared text size (kbytes): 0
	Average unshared data size (kbytes): 0
	Average stack size (kbytes): 0
	Average total size (kbytes): 0
	Maximum resident set size (kbytes): 79076
	Average resident set size (kbytes): 0
	Major (requiring I/O) page faults: 2
	Minor (reclaiming a frame) page faults: 24354
	Voluntary context switches: 593
	Involuntary context switches: 590
	Swaps: 0
	File system inputs: 15512
	File system outputs: 0
	Socket messages sent: 0
	Socket messages received: 0
	Signals delivered: 0
	Page size (bytes): 4096
	Exit status: 0
