Running as unit: sfora-large-pool-checkpoint-score-v3.service; invocation ID: addafe3037014bdab448a2e6573ea0d7
{"decision": "KILL", "intervals": {"per_query_r1": {"mean_delta": -0.10686181932640856, "product_lower95": -0.11684855090035003, "product_upper95": -0.097091634042531, "query_lower95": -0.11551778407302486, "query_upper95": -0.09836323575700347}, "per_query_ap": {"mean_delta": -0.17485424788181544, "product_lower95": -0.1847447256017224, "product_upper95": -0.16486937041163205, "query_lower95": -0.18181254240359698, "query_upper95": -0.16811493253752355}}}
Finished with result: success
Main processes terminated with: code=exited/status=0
Service runtime: 10.427s
CPU time consumed: 14.537s
Memory peak: 764.0K
Memory swap peak: 0B
	Command being timed: "systemd-run --user --wait --collect --pipe --unit=sfora-large-pool-checkpoint-score-v3 -p WorkingDirectory=/home/riomus/runs/sfora-large-pool-checkpoint-score-source-v3 -p RuntimeMaxSec=120 -p MemoryMax=8G -p MemorySwapMax=0 -p KillMode=control-group -p OOMPolicy=stop --setenv=CUDA_VISIBLE_DEVICES= --setenv=OMP_NUM_THREADS=8 --setenv=OPENBLAS_NUM_THREADS=1 --setenv=TOKENIZERS_PARALLELISM=false --setenv=PYTHONPATH=/home/riomus/runs/sfora-large-pool-checkpoint-score-source-v3:/home/riomus/runs/sfora-large-pool-checkpoint-score-source-v3/src:/home/riomus/runs/sfora-large-pool-checkpoint-score-source-v3/isolated-deps flock -n /home/riomus/runs/.sfora-siglip2-gpu.lock flock -n /home/riomus/.sfora-siglip2-gpu.lock /home/riomus/group-learning/.venv/bin/python score_large_pool_checkpoint.py --execution-sha256 7a8d716ba5ebc8cf85558516572fa830ea1e916d362cac9be7b62b402872c2e9 --export-execution-sha256 dbd002dc9b45891bed48a66af540e6f5b5c2e5de14c55ae3062f649ac55e11ef --output /home/riomus/runs/sfora-large-pool-checkpoint-score-source-v3/decision-v3.json"
	User time (seconds): 0.00
	System time (seconds): 0.00
	Percent of CPU this job got: 0%
	Elapsed (wall clock) time (h:mm:ss or m:ss): 0:10.45
	Average shared text size (kbytes): 0
	Average unshared data size (kbytes): 0
	Average stack size (kbytes): 0
	Average total size (kbytes): 0
	Maximum resident set size (kbytes): 7208
	Average resident set size (kbytes): 0
	Major (requiring I/O) page faults: 0
	Minor (reclaiming a frame) page faults: 376
	Voluntary context switches: 9
	Involuntary context switches: 0
	Swaps: 0
	File system inputs: 0
	File system outputs: 0
	Socket messages sent: 0
	Socket messages received: 0
	Signals delivered: 0
	Page size (bytes): 4096
	Exit status: 0
