Running as unit: sfora-large-pool-checkpoint-cpu-v3.service; invocation ID: 82738ba398764034a54a46a0081fd7ba
{"phase": "authority", "seconds": 3.870225604157895}
[transformers] Model config: bos_token_id must be `None` or an integer within the vocabulary (between 0 and 31999), got 49406. This may result in unexpected behavior.
[transformers] Model config: eos_token_id must be `None` or an integer within the vocabulary (between 0 and 31999), got 49407. This may result in unexpected behavior.
Loading weights:   0%|          | 0/792 [00:00<?, ?it/s]Loading weights: 100%|██████████| 792/792 [00:00<00:00, 16701.47it/s]
{"phase": "independent_strict400_reload", "seconds": 10.685070761013776}
{"phase": "cpu_fit_pixels_direct_whole", "seconds": 3.442225814796984}
PASS CPU retained checkpoint authority; independent native copies, no quality
Finished with result: success
Main processes terminated with: code=exited/status=0
Service runtime: 27.026s
CPU time consumed: 45.326s
Memory peak: 3.0G
Memory swap peak: 0B
	Command being timed: "systemd-run --user --wait --collect --pipe --unit=sfora-large-pool-checkpoint-cpu-v3 -p WorkingDirectory=/home/riomus/runs/sfora-large-pool-checkpoint-export-source-v3 -p RuntimeMaxSec=120 -p MemoryMax=8G -p MemorySwapMax=0 -p KillMode=control-group -p OOMPolicy=stop --setenv=CUDA_VISIBLE_DEVICES= --setenv=OMP_NUM_THREADS=8 --setenv=OPENBLAS_NUM_THREADS=1 --setenv=TOKENIZERS_PARALLELISM=false --setenv=PYTHONPATH=/home/riomus/runs/sfora-large-pool-checkpoint-export-source-v3:/home/riomus/runs/sfora-large-pool-checkpoint-export-source-v3/src:/home/riomus/runs/sfora-large-pool-checkpoint-export-source-v3/isolated-deps flock -n /home/riomus/runs/.sfora-siglip2-gpu.lock flock -n /home/riomus/.sfora-siglip2-gpu.lock /home/riomus/group-learning/.venv/bin/python export_large_pool_checkpoint.py --execution-sha256 dbd002dc9b45891bed48a66af540e6f5b5c2e5de14c55ae3062f649ac55e11ef --qualify-cpu --output /home/riomus/runs/sfora-large-pool-checkpoint-cpu-v3"
	User time (seconds): 0.00
	System time (seconds): 0.00
	Percent of CPU this job got: 0%
	Elapsed (wall clock) time (h:mm:ss or m:ss): 0:27.04
	Average shared text size (kbytes): 0
	Average unshared data size (kbytes): 0
	Average stack size (kbytes): 0
	Average total size (kbytes): 0
	Maximum resident set size (kbytes): 7212
	Average resident set size (kbytes): 0
	Major (requiring I/O) page faults: 0
	Minor (reclaiming a frame) page faults: 377
	Voluntary context switches: 10
	Involuntary context switches: 0
	Swaps: 0
	File system inputs: 0
	File system outputs: 0
	Socket messages sent: 0
	Socket messages received: 0
	Signals delivered: 0
	Page size (bytes): 4096
	Exit status: 0
