	Command being timed: "timeout 120s python3 -B /tmp/sfora-installed-serving-body300-20261008/final.py"
	User time (seconds): 45.06
	System time (seconds): 8.78
	Percent of CPU this job got: 94%
	Elapsed (wall clock) time (h:mm:ss or m:ss): 0:57.20
	Average shared text size (kbytes): 0
	Average unshared data size (kbytes): 0
	Average stack size (kbytes): 0
	Average total size (kbytes): 0
	Maximum resident set size (kbytes): 140788
	Average resident set size (kbytes): 0
	Major (requiring I/O) page faults: 2
	Minor (reclaiming a frame) page faults: 109188
	Voluntary context switches: 8216
	Involuntary context switches: 4401
	Swaps: 0
	File system inputs: 220152
	File system outputs: 0
	Socket messages sent: 0
	Socket messages received: 0
	Signals delivered: 0
	Page size (bytes): 4096
	Exit status: 0
