/home/riomus/runs/sfora-actual-objective-gradient-source-v1/command.sh: OK
Running as unit: sfora-actual-objective-gradient-v1.service; invocation ID: ca6d6c7d21184176b0810911c803df54
/home/riomus/runs/sfora-actual-objective-gradient-source-v1/qualify_actual_objective_encoder_gradients.py: OK
/home/riomus/runs/sfora-actual-objective-gradient-source-v1/test_actual_objective_encoder_gradients.py: OK
/home/riomus/runs/sfora-actual-objective-gradient-source-v1/qualify_connected_encoder_gradients.py: OK
/home/riomus/runs/sfora-actual-objective-gradient-source-v1/train_siglip2_cached_readout.py: OK
/home/riomus/runs/sfora-actual-objective-gradient-source-v1/connected_residual_readout.py: OK
/home/riomus/runs/sfora-actual-objective-gradient-source-v1/prototype_residual_readout.py: OK
/home/riomus/runs/sfora-actual-objective-gradient-source-v1/quadratic_readout.py: OK
/home/riomus/runs/sfora-actual-objective-gradient-source-v1/authority.json: OK
/home/riomus/.local/share/uv/python/cpython-3.13.9-linux-aarch64-gnu/bin/python3.13: OK
/usr/lib/aarch64-linux-gnu/ld-linux-aarch64.so.1: OK
/usr/lib/aarch64-linux-gnu/libc.so.6: OK
/usr/lib/aarch64-linux-gnu/libcuda.so.580.159.03: OK
/usr/lib/aarch64-linux-gnu/libdl.so.2: OK
/usr/lib/aarch64-linux-gnu/libfribidi.so.0.4.0: OK
/usr/lib/aarch64-linux-gnu/libgcc_s.so.1: OK
/usr/lib/aarch64-linux-gnu/libm.so.6: OK
/usr/lib/aarch64-linux-gnu/libnvidia-ml.so.580.159.03: OK
/usr/lib/aarch64-linux-gnu/libpthread.so.0: OK
/usr/lib/aarch64-linux-gnu/librt.so.1: OK
/usr/lib/aarch64-linux-gnu/libstdc++.so.6.0.33: OK
/usr/lib/aarch64-linux-gnu/libutil.so.1: OK
/usr/lib/aarch64-linux-gnu/libz.so.1.3: OK
{"event": "COMPACT_PHASE", "phase": "independent_reload", "boundary": "begin", "seconds": 89.32318104499427}
{"event": "COMPACT_PHASE", "phase": "independent_reload", "boundary": "end", "delta_seconds": 2.2942391390097328, "seconds": 91.61742619999859}
Traceback (most recent call last):
  File "/home/riomus/runs/sfora-actual-objective-gradient-source-v1/qualify_actual_objective_encoder_gradients.py", line 502, in <module>
    main()
    ~~~~^^
  File "/home/riomus/runs/sfora-actual-objective-gradient-source-v1/qualify_actual_objective_encoder_gradients.py", line 498, in main
    qualify(parser.parse_args())
    ~~~~~~~^^^^^^^^^^^^^^^^^^^^^
  File "/home/riomus/runs/sfora-actual-objective-gradient-source-v1/qualify_actual_objective_encoder_gradients.py", line 443, in qualify
    require(all(ref() is None for ref in released), 'encoder/processor tensor lifetime survived release')
    ~~~~~~~^^^^^^^^^^^^^^^^^^^^^^^^^^^^^^^^^^^^^^^^^^^^^^^^^^^^^^^^^^^^^^^^^^^^^^^^^^^^^^^^^^^^^^^^^^^^^^
  File "/home/riomus/runs/sfora-actual-objective-gradient-source-v1/qualify_connected_encoder_gradients.py", line 52, in require
    raise ValueError(message)
ValueError: encoder/processor tensor lifetime survived release
FINAL_CGROUP {"command_exit_status": 1, "invocation_id": "ca6d6c7d21184176b0810911c803df54", "path": "/sys/fs/cgroup/user.slice/user-1000.slice/user@1000.service/app.slice/sfora-actual-objective-gradient-v1.service", "values": {"memory.current": "2982473728", "memory.events": "low 0\nhigh 0\nmax 0\noom 0\noom_kill 0\noom_group_kill 0", "memory.max": "8589934592", "memory.peak": "6968283136", "memory.stat": "anon 5988352\nfile 2865373184\nkernel 108814336\nkernel_stack 65536\npagetables 339968\nsec_pagetables 0\npercpu 2112\nsock 0\nvmalloc 0\nshmem 0\nzswap 0\nzswapped 0\nfile_mapped 0\nfile_dirty 4096\nfile_writeback 0\nswapcached 0\nanon_thp 0\nfile_thp 0\nshmem_thp 0\ninactive_anon 0\nactive_anon 5890048\ninactive_file 348811264\nactive_file 2516561920\nunevictable 0\nslab_reclaimable 108254616\nslab_unreclaimable 121648\nslab 108376264\nworkingset_refault_anon 0\nworkingset_refault_file 0\nworkingset_activate_anon 0\nworkingset_activate_file 0\nworkingset_restore_anon 0\nworkingset_restore_file 0\nworkingset_nodereclaim 0\npgdemote_kswapd 0\npgdemote_direct 0\npgdemote_khugepaged 0\npgdemote_proactive 0\npgpromote_success 0\npgscan 0\npgsteal 0\npswpin 0\npswpout 0\npgscan_kswapd 0\npgscan_direct 0\npgscan_khugepaged 0\npgscan_proactive 0\npgsteal_kswapd 0\npgsteal_direct 0\npgsteal_khugepaged 0\npgsteal_proactive 0\npgfault 735451\npgmajfault 9120\npgrefill 0\npgactivate 0\npgdeactivate 0\npglazyfree 0\npglazyfreed 0\nswpin_zero 0\nswpout_zero 0\nzswpin 0\nzswpout 0\nzswpwb 0\nthp_fault_alloc 995\nthp_collapse_alloc 3\nthp_swpout 0\nthp_swpout_fallback 0\nnuma_pages_migrated 0\nnuma_pte_updates 0\nnuma_hint_faults 0", "memory.swap.current": "0", "memory.swap.max": "0", "memory.swap.peak": "0"}}
Command exited with non-zero status 1
	Command being timed: "/bin/bash -c set -e; sudo -n /bin/sync; sudo -n /bin/sh -c "echo 3 > /proc/sys/vm/drop_caches"; exec /bin/bash /home/riomus/runs/sfora-actual-objective-gradient-source-v1/command.sh"
	User time (seconds): 54.38
	System time (seconds): 9.38
	Percent of CPU this job got: 56%
	Elapsed (wall clock) time (h:mm:ss or m:ss): 1:52.72
	Average shared text size (kbytes): 0
	Average unshared data size (kbytes): 0
	Average stack size (kbytes): 0
	Average total size (kbytes): 0
	Maximum resident set size (kbytes): 4688692
	Average resident set size (kbytes): 0
	Major (requiring I/O) page faults: 9119
	Minor (reclaiming a frame) page faults: 621426
	Voluntary context switches: 309428
	Involuntary context switches: 559
	Swaps: 0
	File system inputs: 93191008
	File system outputs: 16
	Socket messages sent: 0
	Socket messages received: 0
	Signals delivered: 0
	Page size (bytes): 4096
	Exit status: 1
STOP_CGROUP {"exit_code": "exited", "exit_status": "1", "invocation_id": "ca6d6c7d21184176b0810911c803df54", "path": "/sys/fs/cgroup/user.slice/user-1000.slice/user@1000.service/app.slice/sfora-actual-objective-gradient-v1.service", "service_result": "exit-code", "values": {"memory.current": "2981314560", "memory.events": "low 0\nhigh 0\nmax 0\noom 0\noom_kill 0\noom_group_kill 0", "memory.max": "8589934592", "memory.peak": "6968283136", "memory.stat": "anon 5427200\nfile 2865377280\nkernel 108408832\nkernel_stack 0\npagetables 94208\nsec_pagetables 0\npercpu 1056\nsock 0\nvmalloc 0\nshmem 0\nzswap 0\nzswapped 0\nfile_mapped 0\nfile_dirty 4096\nfile_writeback 0\nswapcached 0\nanon_thp 0\nfile_thp 0\nshmem_thp 0\ninactive_anon 0\nactive_anon 5382144\ninactive_file 348815360\nactive_file 2516561920\nunevictable 0\nslab_reclaimable 108262704\nslab_unreclaimable 23024\nslab 108285728\nworkingset_refault_anon 0\nworkingset_refault_file 0\nworkingset_activate_anon 0\nworkingset_activate_file 0\nworkingset_restore_anon 0\nworkingset_restore_file 0\nworkingset_nodereclaim 0\npgdemote_kswapd 0\npgdemote_direct 0\npgdemote_khugepaged 0\npgdemote_proactive 0\npgpromote_success 0\npgscan 0\npgsteal 0\npswpin 0\npswpout 0\npgscan_kswapd 0\npgscan_direct 0\npgscan_khugepaged 0\npgscan_proactive 0\npgsteal_kswapd 0\npgsteal_direct 0\npgsteal_khugepaged 0\npgsteal_proactive 0\npgfault 736970\npgmajfault 9120\npgrefill 0\npgactivate 0\npgdeactivate 0\npglazyfree 0\npglazyfreed 0\nswpin_zero 0\nswpout_zero 0\nzswpin 0\nzswpout 0\nzswpwb 0\nthp_fault_alloc 995\nthp_collapse_alloc 3\nthp_swpout 0\nthp_swpout_fallback 0\nnuma_pages_migrated 0\nnuma_pte_updates 0\nnuma_hint_faults 0", "memory.swap.current": "0", "memory.swap.max": "0", "memory.swap.peak": "0"}}
Finished with result: exit-code
Main processes terminated with: code=exited/status=1
Service runtime: 1min 52.780s
CPU time consumed: 1min 3.800s
Memory peak: 6.4G
Memory swap peak: 0B
