/home/riomus/runs/sfora-so400-identity-diversity-evaluation-source-v1/first-selection-score-v1-command.sh: OK
Running as unit: sfora-so400-identity-diversity-evaluation-first-selection-score-v1.service; invocation ID: 885d6b6c614a4e4298e431dd174e9cb6
/home/riomus/runs/sfora-so400-nearest-ranking-train-source-v5/native-authority.json: OK
/home/riomus/runs/sfora-cudnn-wheel-provenance-v1/proof.json: OK
/home/riomus/runs/sfora-cudnn-wheel-provenance-source-v1/decision.json: OK
/home/riomus/runs/sfora-cudnn-wheel-provenance-source-v1/original.log: OK
/home/riomus/.local/share/uv/python/cpython-3.13.9-linux-aarch64-gnu/bin/python3.13: OK
/home/riomus/runs/sfora-native256-initialized-cpu-final-footer-v1.py: OK
/home/riomus/runs/sfora-native256-stop-cgroup-footer-v1.py: OK
/home/riomus/runs/sfora-so400-nearest-ranking-train-source-v5/authority-cpu-v5.json: OK
/home/riomus/runs/sfora-so400-nearest-ranking-train-source-v5/execution.json: OK
/home/riomus/runs/sfora-so400-nearest-ranking-train-source-v5/nearest_ranking_readout.py: OK
/home/riomus/runs/sfora-so400-nearest-ranking-train-source-v5/test_siglip2_nearest_ranking.py: OK
/home/riomus/runs/sfora-so400-nearest-ranking-train-source-v5/train_siglip2_nearest_ranking.py: OK
/home/riomus/runs/sfora-so400-signed-concat-fit-concat-v1/receipt.json: OK
/home/riomus/runs/sfora-so400-signed-concat-fit-concat-v1/resume.pt: OK
/home/riomus/runs/sfora-so400-signed-concat-fit-source-v2/authority-fit-concat-v1.json: OK
/home/riomus/runs/sfora-so400-signed-concat-fit-source-v2/execution.json: OK
/home/riomus/runs/sfora-so400-signed-concat-fit-source-v2/fit-concat-v1.log: OK
/home/riomus/runs/sfora-so400-signed-concat-fit-source-v2/fit_siglip2_prototype_residual.py: OK
/home/riomus/runs/sfora-so400-signed-concat-fit-source-v2/prototype_residual_readout.py: OK
/home/riomus/runs/sfora-so400-signed-concat-fit-source-v2/test_siglip2_prototype_residual.py: OK
/home/riomus/runs/sfora-so400-fullfeature-residual-train-source-v1/train_siglip2_compact_ranking.py: OK
/home/riomus/runs/sfora-so400-fullfeature-residual-train-source-v1/test_siglip2_compact_ranking.py: OK
/home/riomus/runs/sfora-so400-fullfeature-residual-train-source-v1/execution.json: OK
/home/riomus/runs/sfora-so400-fullfeature-residual-train-source-v1/authority-cpu-v1.json: OK
/home/riomus/runs/sfora-so400-smooth-ap-train-candidate-179061-v1/bundle/bundle.json: OK
/home/riomus/runs/sfora-so400-smooth-ap-train-candidate-179061-v1/receipt.json: OK
/home/riomus/runs/sfora-so400-smooth-ap-train-candidate-179061-v1/resume.pt: OK
/home/riomus/runs/sfora-so400-smooth-ap-train-source-v1/authority-train-candidate-179061-v1.json: OK
/home/riomus/runs/sfora-so400-smooth-ap-train-source-v1/execution.json: OK
/home/riomus/runs/sfora-so400-smooth-ap-train-source-v1/test_siglip2_compact_ranking.py: OK
/home/riomus/runs/sfora-so400-smooth-ap-train-source-v1/train-candidate-179061-v1.log: OK
/home/riomus/runs/sfora-so400-smooth-ap-train-source-v1/train_siglip2_compact_ranking.py: OK
/home/riomus/runs/sfora-so400-identity-diversity-train-source-v5/authority-train-control-179061-v1.json: OK
/home/riomus/runs/sfora-so400-identity-diversity-train-source-v5/execution.json: OK
/home/riomus/runs/sfora-so400-identity-diversity-train-source-v5/test_siglip2_identity_diversity.py: OK
/home/riomus/runs/sfora-so400-identity-diversity-train-source-v5/train_siglip2_identity_diversity.py: OK
/home/riomus/runs/sfora-so400-identity-diversity-view-export-candidate-v1/receipt.json: OK
/home/riomus/runs/sfora-so400-identity-diversity-view-source-v2/export-candidate-v1.log: OK
/home/riomus/runs/sfora-so400-identity-diversity-view-export-candidate-v1/augmented.npy: OK
/home/riomus/runs/sfora-so400-identity-diversity-view-export-candidate-v1/canonical.npy: OK
/home/riomus/runs/sfora-identity-diversity-metadata-v1/scope.json: OK
/home/riomus/runs/sfora-so400-identity-diversity-view-source-v2/authority.json: OK
/home/riomus/runs/sfora-so400-identity-diversity-cpu-v5/receipt.json: OK
/home/riomus/runs/sfora-so400-identity-diversity-train-source-v5/cpu-v5.log: OK
/home/riomus/runs/sfora-so400-identity-diversity-mechanics-control-179061-v2/receipt.json: OK
/home/riomus/runs/sfora-so400-identity-diversity-train-source-v5/mechanics-control-179061-v2.log: OK
/home/riomus/runs/sfora-so400-identity-diversity-mechanics-candidate-179061-v2/receipt.json: OK
/home/riomus/runs/sfora-so400-identity-diversity-train-source-v5/mechanics-candidate-179061-v2.log: OK
/home/riomus/runs/sfora-so400-identity-diversity-evaluation-source-v1/execution.json: OK
/home/riomus/runs/sfora-so400-identity-diversity-evaluation-source-v1/evaluate_siglip2_identity_diversity.py: OK
/home/riomus/runs/sfora-so400-identity-diversity-evaluation-source-v1/test_identity_diversity_evaluation.py: OK
/home/riomus/runs/sfora-so400-identity-diversity-evaluation-source-v1/authority-first-cpu-v1.json: OK
/home/riomus/runs/sfora-so400-identity-diversity-train-control-179061-v2/receipt.json: OK
/home/riomus/runs/sfora-so400-identity-diversity-train-source-v5/train-control-179061-v2.log: OK
/home/riomus/runs/sfora-so400-identity-diversity-train-control-179061-v2/resume.pt: OK
/home/riomus/runs/sfora-so400-identity-diversity-train-control-179061-v2/bundle/bundle.json: OK
/home/riomus/runs/sfora-so400-identity-diversity-train-source-v5/authority-train-candidate-179061-v1.json: OK
/home/riomus/runs/sfora-so400-identity-diversity-train-candidate-179061-v1/receipt.json: OK
/home/riomus/runs/sfora-so400-identity-diversity-train-source-v5/train-candidate-179061-v1.log: OK
/home/riomus/runs/sfora-so400-identity-diversity-train-candidate-179061-v1/resume.pt: OK
/home/riomus/runs/sfora-so400-identity-diversity-train-candidate-179061-v1/bundle/bundle.json: OK
/home/riomus/runs/sfora-so400-identity-diversity-evaluation-first-cpu-v1/receipt.json: OK
/home/riomus/runs/sfora-so400-identity-diversity-evaluation-source-v1/first-cpu-v1.log: OK
/home/riomus/runs/sfora-so400-identity-diversity-evaluation-first-export-control-179061-v1/receipt.json: OK
/home/riomus/runs/sfora-so400-identity-diversity-evaluation-source-v1/first-export-control-179061-v1.log: OK
/home/riomus/runs/sfora-so400-identity-diversity-evaluation-first-export-candidate-179061-v1/receipt.json: OK
/home/riomus/runs/sfora-so400-identity-diversity-evaluation-source-v1/first-export-candidate-179061-v1.log: OK
/home/riomus/runs/sfora-so400-identity-diversity-evaluation-source-v1/authority-first-export-control-179061-v1.json: OK
/home/riomus/runs/sfora-so400-identity-diversity-evaluation-source-v1/authority-first-export-candidate-179061-v1.json: OK
/home/riomus/runs/sfora-so400-identity-diversity-evaluation-source-v1/authority-first-selection-score-v1.json: OK
{"progress": "admitted", "phase": "score", "stage": "first", "seconds": 268.56858303899935}
{"progress": "exit_rehash", "seconds": 270.1439858039994}
{"event": "COMPACT_TIMING", "stage": "exit_rehash", "boundary": "begin", "phase": "score", "seconds": 270.14404058699984}
{"event": "PROTOTYPE_PHASE", "phase": "old_exit_begin", "seconds": 281.10730811599933}
{"event": "QUADRATIC_PHASE", "phase": "exit_rehash", "delta_seconds": 15.978620679000414, "cumulative_seconds": 15.978620679000414}
{"event": "PROTOTYPE_PHASE", "phase": "old_exit_end", "seconds": 297.08716242599985}
{"event": "PROTOTYPE_PHASE", "phase": "own_union_begin", "seconds": 297.0871829059997}
{"event": "PROTOTYPE_PHASE", "phase": "own_union_end", "seconds": 312.68447754299996}
{"event": "PROTOTYPE_PHASE", "phase": "closure_begin", "seconds": 312.6845217179998}
{"event": "PROTOTYPE_PHASE", "phase": "closure_end", "seconds": 312.6864507169994}
{"event": "COMPACT_TIMING", "stage": "exit_rehash", "boundary": "end", "phase": "score", "seconds": 363.88091251900005}
{"schema": "siglip2-identity-diversity-evaluation-v1", "phase": "score", "output": "/home/riomus/runs/sfora-so400-identity-diversity-evaluation-first-selection-score-v1", "decision": "KILL"}
/home/riomus/runs/sfora-so400-nearest-ranking-train-source-v5/native-authority.json: OK
/home/riomus/runs/sfora-cudnn-wheel-provenance-v1/proof.json: OK
/home/riomus/runs/sfora-cudnn-wheel-provenance-source-v1/decision.json: OK
/home/riomus/runs/sfora-cudnn-wheel-provenance-source-v1/original.log: OK
/home/riomus/.local/share/uv/python/cpython-3.13.9-linux-aarch64-gnu/bin/python3.13: OK
/home/riomus/runs/sfora-native256-initialized-cpu-final-footer-v1.py: OK
/home/riomus/runs/sfora-native256-stop-cgroup-footer-v1.py: OK
/home/riomus/runs/sfora-so400-nearest-ranking-train-source-v5/authority-cpu-v5.json: OK
/home/riomus/runs/sfora-so400-nearest-ranking-train-source-v5/execution.json: OK
/home/riomus/runs/sfora-so400-nearest-ranking-train-source-v5/nearest_ranking_readout.py: OK
/home/riomus/runs/sfora-so400-nearest-ranking-train-source-v5/test_siglip2_nearest_ranking.py: OK
/home/riomus/runs/sfora-so400-nearest-ranking-train-source-v5/train_siglip2_nearest_ranking.py: OK
/home/riomus/runs/sfora-so400-signed-concat-fit-concat-v1/receipt.json: OK
/home/riomus/runs/sfora-so400-signed-concat-fit-concat-v1/resume.pt: OK
/home/riomus/runs/sfora-so400-signed-concat-fit-source-v2/authority-fit-concat-v1.json: OK
/home/riomus/runs/sfora-so400-signed-concat-fit-source-v2/execution.json: OK
/home/riomus/runs/sfora-so400-signed-concat-fit-source-v2/fit-concat-v1.log: OK
/home/riomus/runs/sfora-so400-signed-concat-fit-source-v2/fit_siglip2_prototype_residual.py: OK
/home/riomus/runs/sfora-so400-signed-concat-fit-source-v2/prototype_residual_readout.py: OK
/home/riomus/runs/sfora-so400-signed-concat-fit-source-v2/test_siglip2_prototype_residual.py: OK
/home/riomus/runs/sfora-so400-fullfeature-residual-train-source-v1/train_siglip2_compact_ranking.py: OK
/home/riomus/runs/sfora-so400-fullfeature-residual-train-source-v1/test_siglip2_compact_ranking.py: OK
/home/riomus/runs/sfora-so400-fullfeature-residual-train-source-v1/execution.json: OK
/home/riomus/runs/sfora-so400-fullfeature-residual-train-source-v1/authority-cpu-v1.json: OK
/home/riomus/runs/sfora-so400-smooth-ap-train-candidate-179061-v1/bundle/bundle.json: OK
/home/riomus/runs/sfora-so400-smooth-ap-train-candidate-179061-v1/receipt.json: OK
/home/riomus/runs/sfora-so400-smooth-ap-train-candidate-179061-v1/resume.pt: OK
/home/riomus/runs/sfora-so400-smooth-ap-train-source-v1/authority-train-candidate-179061-v1.json: OK
/home/riomus/runs/sfora-so400-smooth-ap-train-source-v1/execution.json: OK
/home/riomus/runs/sfora-so400-smooth-ap-train-source-v1/test_siglip2_compact_ranking.py: OK
/home/riomus/runs/sfora-so400-smooth-ap-train-source-v1/train-candidate-179061-v1.log: OK
/home/riomus/runs/sfora-so400-smooth-ap-train-source-v1/train_siglip2_compact_ranking.py: OK
/home/riomus/runs/sfora-so400-identity-diversity-train-source-v5/authority-train-control-179061-v1.json: OK
/home/riomus/runs/sfora-so400-identity-diversity-train-source-v5/execution.json: OK
/home/riomus/runs/sfora-so400-identity-diversity-train-source-v5/test_siglip2_identity_diversity.py: OK
/home/riomus/runs/sfora-so400-identity-diversity-train-source-v5/train_siglip2_identity_diversity.py: OK
/home/riomus/runs/sfora-so400-identity-diversity-view-export-candidate-v1/receipt.json: OK
/home/riomus/runs/sfora-so400-identity-diversity-view-source-v2/export-candidate-v1.log: OK
/home/riomus/runs/sfora-so400-identity-diversity-view-export-candidate-v1/augmented.npy: OK
/home/riomus/runs/sfora-so400-identity-diversity-view-export-candidate-v1/canonical.npy: OK
/home/riomus/runs/sfora-identity-diversity-metadata-v1/scope.json: OK
/home/riomus/runs/sfora-so400-identity-diversity-view-source-v2/authority.json: OK
/home/riomus/runs/sfora-so400-identity-diversity-cpu-v5/receipt.json: OK
/home/riomus/runs/sfora-so400-identity-diversity-train-source-v5/cpu-v5.log: OK
/home/riomus/runs/sfora-so400-identity-diversity-mechanics-control-179061-v2/receipt.json: OK
/home/riomus/runs/sfora-so400-identity-diversity-train-source-v5/mechanics-control-179061-v2.log: OK
/home/riomus/runs/sfora-so400-identity-diversity-mechanics-candidate-179061-v2/receipt.json: OK
/home/riomus/runs/sfora-so400-identity-diversity-train-source-v5/mechanics-candidate-179061-v2.log: OK
/home/riomus/runs/sfora-so400-identity-diversity-evaluation-source-v1/execution.json: OK
/home/riomus/runs/sfora-so400-identity-diversity-evaluation-source-v1/evaluate_siglip2_identity_diversity.py: OK
/home/riomus/runs/sfora-so400-identity-diversity-evaluation-source-v1/test_identity_diversity_evaluation.py: OK
/home/riomus/runs/sfora-so400-identity-diversity-evaluation-source-v1/authority-first-cpu-v1.json: OK
/home/riomus/runs/sfora-so400-identity-diversity-train-control-179061-v2/receipt.json: OK
/home/riomus/runs/sfora-so400-identity-diversity-train-source-v5/train-control-179061-v2.log: OK
/home/riomus/runs/sfora-so400-identity-diversity-train-control-179061-v2/resume.pt: OK
/home/riomus/runs/sfora-so400-identity-diversity-train-control-179061-v2/bundle/bundle.json: OK
/home/riomus/runs/sfora-so400-identity-diversity-train-source-v5/authority-train-candidate-179061-v1.json: OK
/home/riomus/runs/sfora-so400-identity-diversity-train-candidate-179061-v1/receipt.json: OK
/home/riomus/runs/sfora-so400-identity-diversity-train-source-v5/train-candidate-179061-v1.log: OK
/home/riomus/runs/sfora-so400-identity-diversity-train-candidate-179061-v1/resume.pt: OK
/home/riomus/runs/sfora-so400-identity-diversity-train-candidate-179061-v1/bundle/bundle.json: OK
/home/riomus/runs/sfora-so400-identity-diversity-evaluation-first-cpu-v1/receipt.json: OK
/home/riomus/runs/sfora-so400-identity-diversity-evaluation-source-v1/first-cpu-v1.log: OK
/home/riomus/runs/sfora-so400-identity-diversity-evaluation-first-export-control-179061-v1/receipt.json: OK
/home/riomus/runs/sfora-so400-identity-diversity-evaluation-source-v1/first-export-control-179061-v1.log: OK
/home/riomus/runs/sfora-so400-identity-diversity-evaluation-first-export-candidate-179061-v1/receipt.json: OK
/home/riomus/runs/sfora-so400-identity-diversity-evaluation-source-v1/first-export-candidate-179061-v1.log: OK
/home/riomus/runs/sfora-so400-identity-diversity-evaluation-source-v1/authority-first-export-control-179061-v1.json: OK
/home/riomus/runs/sfora-so400-identity-diversity-evaluation-source-v1/authority-first-export-candidate-179061-v1.json: OK
/home/riomus/runs/sfora-so400-identity-diversity-evaluation-source-v1/authority-first-selection-score-v1.json: OK
FINAL_CGROUP {"command_exit_status": 0, "invocation_id": "885d6b6c614a4e4298e431dd174e9cb6", "path": "/sys/fs/cgroup/user.slice/user-1000.slice/user@1000.service/app.slice/sfora-so400-identity-diversity-evaluation-first-selection-score-v1.service", "values": {"memory.current": "1157095424", "memory.events": "low 0\nhigh 0\nmax 0\noom 0\noom_kill 0\noom_group_kill 0", "memory.max": "8589934592", "memory.peak": "1500004352", "memory.stat": "anon 6049792\nfile 1049792512\nkernel 100433920\nkernel_stack 65536\npagetables 393216\nsec_pagetables 0\npercpu 2112\nsock 0\nvmalloc 0\nshmem 0\nzswap 0\nzswapped 0\nfile_mapped 0\nfile_dirty 57344\nfile_writeback 0\nswapcached 0\nanon_thp 0\nfile_thp 4194304\nshmem_thp 0\ninactive_anon 0\nactive_anon 5906432\ninactive_file 610164736\nactive_file 439627776\nunevictable 0\nslab_reclaimable 99831152\nslab_unreclaimable 120312\nslab 99951464\nworkingset_refault_anon 0\nworkingset_refault_file 0\nworkingset_activate_anon 0\nworkingset_activate_file 0\nworkingset_restore_anon 0\nworkingset_restore_file 0\nworkingset_nodereclaim 0\npgdemote_kswapd 0\npgdemote_direct 0\npgdemote_khugepaged 0\npgdemote_proactive 0\npgpromote_success 0\npgscan 0\npgsteal 0\npswpin 0\npswpout 0\npgscan_kswapd 0\npgscan_direct 0\npgscan_khugepaged 0\npgscan_proactive 0\npgsteal_kswapd 0\npgsteal_direct 0\npgsteal_khugepaged 0\npgsteal_proactive 0\npgfault 336546\npgmajfault 4929\npgrefill 0\npgactivate 0\npgdeactivate 0\npglazyfree 0\npglazyfreed 0\nswpin_zero 0\nswpout_zero 0\nzswpin 0\nzswpout 0\nzswpwb 0\nthp_fault_alloc 16\nthp_collapse_alloc 0\nthp_swpout 0\nthp_swpout_fallback 0\nnuma_pages_migrated 0\nnuma_pte_updates 0\nnuma_hint_faults 0", "memory.swap.current": "0", "memory.swap.max": "0", "memory.swap.peak": "0"}}
	Command being timed: "/bin/bash -c set -e; sudo -n /bin/sync; sudo -n /bin/sh -c "echo 3 > /proc/sys/vm/drop_caches"; exec /bin/bash /home/riomus/runs/sfora-so400-identity-diversity-evaluation-source-v1/first-selection-score-v1-command.sh"
	User time (seconds): 142.33
	System time (seconds): 33.77
	Percent of CPU this job got: 48%
	Elapsed (wall clock) time (h:mm:ss or m:ss): 6:06.58
	Average shared text size (kbytes): 0
	Average unshared data size (kbytes): 0
	Average stack size (kbytes): 0
	Average total size (kbytes): 0
	Maximum resident set size (kbytes): 1088344
	Average resident set size (kbytes): 0
	Major (requiring I/O) page faults: 4928
	Minor (reclaiming a frame) page faults: 331449
	Voluntary context switches: 1058103
	Involuntary context switches: 1281
	Swaps: 0
	File system inputs: 398115608
	File system outputs: 8576
	Socket messages sent: 0
	Socket messages received: 0
	Signals delivered: 0
	Page size (bytes): 4096
	Exit status: 0
STOP_CGROUP {"exit_code": "exited", "exit_status": "0", "invocation_id": "885d6b6c614a4e4298e431dd174e9cb6", "path": "/sys/fs/cgroup/user.slice/user-1000.slice/user@1000.service/app.slice/sfora-so400-identity-diversity-evaluation-first-selection-score-v1.service", "service_result": "success", "values": {"memory.current": "1156042752", "memory.events": "low 0\nhigh 0\nmax 0\noom 0\noom_kill 0\noom_group_kill 0", "memory.max": "8589934592", "memory.peak": "1500004352", "memory.stat": "anon 5423104\nfile 1049796608\nkernel 99975168\nkernel_stack 0\npagetables 94208\nsec_pagetables 0\npercpu 1056\nsock 0\nvmalloc 0\nshmem 0\nzswap 0\nzswapped 0\nfile_mapped 0\nfile_dirty 61440\nfile_writeback 0\nswapcached 0\nanon_thp 0\nfile_thp 4194304\nshmem_thp 0\ninactive_anon 0\nactive_anon 5386240\ninactive_file 610168832\nactive_file 439627776\nunevictable 0\nslab_reclaimable 99834656\nslab_unreclaimable 23968\nslab 99858624\nworkingset_refault_anon 0\nworkingset_refault_file 0\nworkingset_activate_anon 0\nworkingset_activate_file 0\nworkingset_restore_anon 0\nworkingset_restore_file 0\nworkingset_nodereclaim 0\npgdemote_kswapd 0\npgdemote_direct 0\npgdemote_khugepaged 0\npgdemote_proactive 0\npgpromote_success 0\npgscan 0\npgsteal 0\npswpin 0\npswpout 0\npgscan_kswapd 0\npgscan_direct 0\npgscan_khugepaged 0\npgscan_proactive 0\npgsteal_kswapd 0\npgsteal_direct 0\npgsteal_khugepaged 0\npgsteal_proactive 0\npgfault 338063\npgmajfault 4929\npgrefill 0\npgactivate 0\npgdeactivate 0\npglazyfree 0\npglazyfreed 0\nswpin_zero 0\nswpout_zero 0\nzswpin 0\nzswpout 0\nzswpwb 0\nthp_fault_alloc 16\nthp_collapse_alloc 0\nthp_swpout 0\nthp_swpout_fallback 0\nnuma_pages_migrated 0\nnuma_pte_updates 0\nnuma_hint_faults 0", "memory.swap.current": "0", "memory.swap.max": "0", "memory.swap.peak": "0"}}
Finished with result: success
Main processes terminated with: code=exited/status=0
Service runtime: 6min 6.642s
CPU time consumed: 2min 56.135s
Memory peak: 1.3G
Memory swap peak: 0B
