test_each_reader_rejects_the_other_modes_authority (test_connected_core_errors_torch.AllQueryAuthorityTests.test_each_reader_rejects_the_other_modes_authority) ... ok
test_exact_all_query_authority_pins_the_prior_core44_census_file (test_connected_core_errors_torch.AllQueryAuthorityTests.test_exact_all_query_authority_pins_the_prior_core44_census_file) ... ok
test_malformed_records_are_value_errors (test_connected_core_errors_torch.AllQueryAuthorityTests.test_malformed_records_are_value_errors) ... ok
test_rejects_shape_policy_status_and_prior_file_drift (test_connected_core_errors_torch.AllQueryAuthorityTests.test_rejects_shape_policy_status_and_prior_file_drift) ... ok
test_actual_transition_counts_must_reproduce_the_accepted_receipt (test_connected_core_errors_torch.AllQueryBuildTests.test_actual_transition_counts_must_reproduce_the_accepted_receipt) ... ok
test_actual_transitions_and_cohorts_are_recomputed_independently (test_connected_core_errors_torch.AllQueryBuildTests.test_actual_transitions_and_cohorts_are_recomputed_independently) ... ok
test_budget_is_checked_before_every_query_and_through_the_expanded_geometry (test_connected_core_errors_torch.AllQueryBuildTests.test_budget_is_checked_before_every_query_and_through_the_expanded_geometry) ... ok
test_core44_geometry_digests_and_all_row_digests (test_connected_core_errors_torch.AllQueryBuildTests.test_core44_geometry_digests_and_all_row_digests) ... ok
test_core_mismatch_is_rejected_by_indices_geometry_and_digests (test_connected_core_errors_torch.AllQueryBuildTests.test_core_mismatch_is_rejected_by_indices_geometry_and_digests) ... ok
test_every_query_record_has_four_endpoints_margins_and_two_exact_deltas (test_connected_core_errors_torch.AllQueryBuildTests.test_every_query_record_has_four_endpoints_margins_and_two_exact_deltas) ... ok
test_finalize_adds_only_exit_authority_and_provenance_to_an_all_query_payload (test_connected_core_errors_torch.AllQueryBuildTests.test_finalize_adds_only_exit_authority_and_provenance_to_an_all_query_payload) ... ok
test_missing_extra_or_short_rows_and_82_positives_are_rejected (test_connected_core_errors_torch.AllQueryBuildTests.test_missing_extra_or_short_rows_and_82_positives_are_rejected) ... ok
test_one_ulp_score_mutations_flip_the_margin_rule_and_are_rejected (test_connected_core_errors_torch.AllQueryBuildTests.test_one_ulp_score_mutations_flip_the_margin_rule_and_are_rejected) ... ok
test_payload_is_complete_ordered_finite_and_descriptive_only (test_connected_core_errors_torch.AllQueryBuildTests.test_payload_is_complete_ordered_finite_and_descriptive_only) ... ok
test_the_margin_rule_independently_checks_the_replayed_r1 (test_connected_core_errors_torch.AllQueryBuildTests.test_the_margin_rule_independently_checks_the_replayed_r1) ... ok
test_tie_winner_r1_in_both_directions_and_inconsistent_replay_is_rejected (test_connected_core_errors_torch.AllQueryBuildTests.test_tie_winner_r1_in_both_directions_and_inconsistent_replay_is_rejected) ... ok
test_capture_retains_every_query_ordinal_across_the_original_batches (test_connected_core_errors_torch.AllQueryCaptureTests.test_capture_retains_every_query_ordinal_across_the_original_batches) ... ok
test_any_mismatch_missing_or_duplicate_row_stops_before_geometry (test_connected_core_errors_torch.AllQueryReplayTests.test_any_mismatch_missing_or_duplicate_row_stops_before_geometry) ... ok
test_exact_replay_precedes_geometry_and_every_query_row_is_retained (test_connected_core_errors_torch.AllQueryReplayTests.test_exact_replay_precedes_geometry_and_every_query_row_is_retained) ... ok
test_final_check_follows_preparation_and_the_width_inventory_is_checked (test_connected_core_errors_torch.AllQueryReplayTests.test_final_check_follows_preparation_and_the_width_inventory_is_checked) ... ok
test_prior_binding_precedes_any_scoring (test_connected_core_errors_torch.AllQueryReplayTests.test_prior_binding_precedes_any_scoring) ... ok
test_reserve_crossing_skips_the_next_matmul_at_prelude_capture_or_between_batches (test_connected_core_errors_torch.AllQueryReplayTests.test_reserve_crossing_skips_the_next_matmul_at_prelude_capture_or_between_batches) ... ok
test_the_range_must_be_exactly_1734_queries (test_connected_core_errors_torch.AllQueryReplayTests.test_the_range_must_be_exactly_1734_queries) ... ok
test_cli_rejects_a_mode_authority_mismatch_before_reading_inputs (test_connected_core_errors_torch.AllQueryRunTests.test_cli_rejects_a_mode_authority_mismatch_before_reading_inputs) ... ok
test_dispatch_flag_and_authority_schema_select_the_mode (test_connected_core_errors_torch.AllQueryRunTests.test_dispatch_flag_and_authority_schema_select_the_mode) ... ok
test_own_source_check_covers_every_new_global_and_function (test_connected_core_errors_torch.AllQueryRunTests.test_own_source_check_covers_every_new_global_and_function) ... ok
test_run_all_query_publishes_only_through_the_owned_output_guard_in_the_core_order (test_connected_core_errors_torch.AllQueryRunTests.test_run_all_query_publishes_only_through_the_owned_output_guard_in_the_core_order) ... ok
test_contract_constants (test_connected_core_errors_torch.AuthorityTests.test_contract_constants) ... ok
test_duplicate_and_nonfinite_json_rejected (test_connected_core_errors_torch.AuthorityTests.test_duplicate_and_nonfinite_json_rejected) ... ok
test_exact_authority_is_admitted_with_current_bytes (test_connected_core_errors_torch.AuthorityTests.test_exact_authority_is_admitted_with_current_bytes) ... ok
test_file_descriptor_rejects_unsafe_files (test_connected_core_errors_torch.AuthorityTests.test_file_descriptor_rejects_unsafe_files) ... ok
test_rejects_shape_policy_and_status (test_connected_core_errors_torch.AuthorityTests.test_rejects_shape_policy_and_status) ... ok
test_rejects_source_roles_names_pins_and_driver (test_connected_core_errors_torch.AuthorityTests.test_rejects_source_roles_names_pins_and_driver) ... ok
test_accepted_score_environment_is_inside_the_cpu_proof (test_connected_core_errors_torch.EvidenceTests.test_accepted_score_environment_is_inside_the_cpu_proof) ... ok
test_original_source_cpu_unit_is_admitted_without_input_rehash (test_connected_core_errors_torch.EvidenceTests.test_original_source_cpu_unit_is_admitted_without_input_rehash) ... ok
test_source_cpu_unit_rejects_descriptor_log_and_cgroup_drift (test_connected_core_errors_torch.EvidenceTests.test_source_cpu_unit_rejects_descriptor_log_and_cgroup_drift) ... ok
test_cleanup_runs_everything_and_keeps_the_first_error (test_connected_core_errors_torch.ExitTests.test_cleanup_runs_everything_and_keeps_the_first_error) ... ok
test_exit_repeats_the_admission_interpreter_predicate_uncached (test_connected_core_errors_torch.ExitTests.test_exit_repeats_the_admission_interpreter_predicate_uncached) ... ok
test_exit_runs_origins_every_guard_sources_and_disposal (test_connected_core_errors_torch.ExitTests.test_exit_runs_origins_every_guard_sources_and_disposal) ... ok
test_exit_state_requires_hidden_cuda_flags_cgroup_and_cap (test_connected_core_errors_torch.ExitTests.test_exit_state_requires_hidden_cuda_flags_cgroup_and_cap) ... ok
test_any_mismatch_or_missing_core_row_stops_before_geometry (test_connected_core_errors_torch.GatingTests.test_any_mismatch_or_missing_core_row_stops_before_geometry) ... ok
test_census_has_no_aggregate_or_raw_rows_and_is_finite_json (test_connected_core_errors_torch.GatingTests.test_census_has_no_aggregate_or_raw_rows_and_is_finite_json) ... ok
test_core_census_bytes_are_unchanged_by_the_all_query_mode (test_connected_core_errors_torch.GatingTests.test_core_census_bytes_are_unchanged_by_the_all_query_mode) ... ok
test_exact_replay_precedes_geometry_and_uses_original_batches (test_connected_core_errors_torch.GatingTests.test_exact_replay_precedes_geometry_and_uses_original_batches) ... ok
test_final_check_follows_preparation_and_precedes_the_original_call (test_connected_core_errors_torch.GatingTests.test_final_check_follows_preparation_and_precedes_the_original_call) ... ok
test_reserve_blocks_metric_work_and_width_is_checked (test_connected_core_errors_torch.GatingTests.test_reserve_blocks_metric_work_and_width_is_checked) ... ok
test_reserve_crossing_skips_the_next_matmul_at_prelude_capture_or_between_batches (test_connected_core_errors_torch.GatingTests.test_reserve_crossing_skips_the_next_matmul_at_prelude_capture_or_between_batches) ... ok
test_genuine_audit_origins_with_proof_as_sole_authority (test_connected_core_errors_torch.HelperTests.test_genuine_audit_origins_with_proof_as_sole_authority) ... ok
test_helpers_load_guard_and_close_without_native_imports (test_connected_core_errors_torch.HelperTests.test_helpers_load_guard_and_close_without_native_imports) ... ok
test_interpreter_must_be_the_original_proof_interpreter (test_connected_core_errors_torch.HelperTests.test_interpreter_must_be_the_original_proof_interpreter) ... ok
test_package_origins_call_shape_and_proof_binding (test_connected_core_errors_torch.HelperTests.test_package_origins_call_shape_and_proof_binding) ... ok
test_margin_rule_truth_table_includes_both_tie_directions (test_connected_core_errors_torch.MarginRuleTests.test_margin_rule_truth_table_includes_both_tie_directions) ... ok
test_one_fp32_ulp_decides_margin_sign_exactly (test_connected_core_errors_torch.MarginRuleTests.test_one_fp32_ulp_decides_margin_sign_exactly) ... ok
test_rank_beyond_the_ap_width_is_ranked_in_the_full_gallery_and_82_positives_are_rejected (test_connected_core_errors_torch.MarginRuleTests.test_rank_beyond_the_ap_width_is_ranked_in_the_full_gallery_and_82_positives_are_rejected) ... ok
test_admit_authenticates_the_own_source_after_helpers_and_before_native_import (test_connected_core_errors_torch.OwnSourceTests.test_admit_authenticates_the_own_source_after_helpers_and_before_native_import) ... ok
test_guard_and_exit_check_the_own_source_and_never_remove_it (test_connected_core_errors_torch.OwnSourceTests.test_guard_and_exit_check_the_own_source_and_never_remove_it) ... ok
test_live_mutation_file_registry_and_policy_types_are_caught (test_connected_core_errors_torch.OwnSourceTests.test_live_mutation_file_registry_and_policy_types_are_caught) ... ok
test_edited_and_cloned_nodes_invert_exactly_to_their_historical_digests (test_connected_core_errors_torch.PreservationTests.test_edited_and_cloned_nodes_invert_exactly_to_their_historical_digests) ... ok
test_every_historical_node_is_unchanged_in_value_and_order (test_connected_core_errors_torch.PreservationTests.test_every_historical_node_is_unchanged_in_value_and_order) ... ok
test_frozen_transitions_are_the_committed_accepted_receipt_counts (test_connected_core_errors_torch.PreservationTests.test_frozen_transitions_are_the_committed_accepted_receipt_counts) ... ok
test_historical_hash_pins_and_limits_are_unchanged (test_connected_core_errors_torch.PreservationTests.test_historical_hash_pins_and_limits_are_unchanged) ... ok
test_original_failure_source_and_receipts_are_unchanged (test_connected_core_errors_torch.PreservedOriginalTests.test_original_failure_source_and_receipts_are_unchanged) ... ok
test_any_status_selection_replay_or_inventory_drift_is_rejected (test_connected_core_errors_torch.PriorCensusTests.test_any_status_selection_replay_or_inventory_drift_is_rejected) ... ok
test_binding_to_this_runs_selection_mapping_and_inputs (test_connected_core_errors_torch.PriorCensusTests.test_binding_to_this_runs_selection_mapping_and_inputs) ... ok
test_the_committed_census_binds_to_the_real_authenticated_inputs (test_connected_core_errors_torch.PriorCensusTests.test_the_committed_census_binds_to_the_real_authenticated_inputs) ... ok
test_the_committed_exact_census_is_admitted (test_connected_core_errors_torch.PriorCensusTests.test_the_committed_exact_census_is_admitted) ... ok
test_cli_rejects_without_output_and_before_any_authority_read (test_connected_core_errors_torch.ProcessTests.test_cli_rejects_without_output_and_before_any_authority_read) ... ok
test_import_and_help_never_touch_native_modules (test_connected_core_errors_torch.ProcessTests.test_import_and_help_never_touch_native_modules) ... ok
test_cap_crossing_after_promotion_removes_the_owned_output_and_leaves_no_staging (test_connected_core_errors_torch.PublishTests.test_cap_crossing_after_promotion_removes_the_owned_output_and_leaves_no_staging) ... ok
test_cap_crossing_before_promotion_publishes_nothing (test_connected_core_errors_torch.PublishTests.test_cap_crossing_before_promotion_publishes_nothing) ... ok
test_foreign_output_before_or_after_promotion_is_never_removed (test_connected_core_errors_torch.PublishTests.test_foreign_output_before_or_after_promotion_is_never_removed) ... ok
test_run_publishes_only_through_the_owned_output_guard (test_connected_core_errors_torch.PublishTests.test_run_publishes_only_through_the_owned_output_guard) ... ok
test_staged_file_failure_before_promotion_publishes_nothing (test_connected_core_errors_torch.PublishTests.test_staged_file_failure_before_promotion_publishes_nothing) ... ok
test_staging_cleanup_failure_after_promotion_still_removes_only_the_owned_output (test_connected_core_errors_torch.PublishTests.test_staging_cleanup_failure_after_promotion_still_removes_only_the_owned_output) ... ok
test_success_leaves_exactly_the_original_publication_and_no_staging (test_connected_core_errors_torch.PublishTests.test_success_leaves_exactly_the_original_publication_and_no_staging) ... ok
test_real_inputs_through_the_authenticated_loader_and_original_evidence (test_connected_core_errors_torch.RealInputTests.test_real_inputs_through_the_authenticated_loader_and_original_evidence) ... ok
test_budget_reserve_and_whole_process_boundaries (test_connected_core_errors_torch.ReplayTests.test_budget_reserve_and_whole_process_boundaries) ... ok
test_capture_keeps_only_core_rows_across_original_batches (test_connected_core_errors_torch.ReplayTests.test_capture_keeps_only_core_rows_across_original_batches) ... ok
test_exact_equality_is_required_everywhere (test_connected_core_errors_torch.ReplayTests.test_exact_equality_is_required_everywhere) ... ok
test_failure_lists_endpoint_query_and_both_values (test_connected_core_errors_torch.ReplayTests.test_failure_lists_endpoint_query_and_both_values) ... ok
test_geometry_rejects_disagreement_and_malformed_rows (test_connected_core_errors_torch.ReplayTests.test_geometry_rejects_disagreement_and_malformed_rows) ... ok
test_geometry_uses_stable_full_gallery_order_and_ties (test_connected_core_errors_torch.ReplayTests.test_geometry_uses_stable_full_gallery_order_and_ties) ... ok
test_adapted_scorer_resolves_only_torch_and_the_two_hooks (test_connected_core_errors_torch.ScorerTests.test_adapted_scorer_resolves_only_torch_and_the_two_hooks) ... ok
test_adapter_is_the_exact_inverse_and_only_touches_five_things (test_connected_core_errors_torch.ScorerTests.test_adapter_is_the_exact_inverse_and_only_touches_five_things) ... ok
test_any_computational_change_to_the_original_is_rejected (test_connected_core_errors_torch.ScorerTests.test_any_computational_change_to_the_original_is_rejected) ... ok
test_compile_scorer_defines_the_adapted_function_signature (test_connected_core_errors_torch.ScorerTests.test_compile_scorer_defines_the_adapted_function_signature) ... ok
test_in_place_adapter_declaration_mutation_is_rejected_before_execution (test_connected_core_errors_torch.ScorerTests.test_in_place_adapter_declaration_mutation_is_rejected_before_execution) ... ok
test_packed_input_keeps_original_dtypes_and_rejects_drift (test_connected_core_errors_torch.ScorerTests.test_packed_input_keeps_original_dtypes_and_rejects_drift) ... ok
test_pinned_scorer_bytes_and_function_ast (test_connected_core_errors_torch.ScorerTests.test_pinned_scorer_bytes_and_function_ast) ... ok
test_tampered_adaptation_is_not_the_inverse (test_connected_core_errors_torch.ScorerTests.test_tampered_adaptation_is_not_the_inverse) ... ok

----------------------------------------------------------------------
Ran 90 tests in 13.674s

OK
	Command being timed: "timeout 120 python3 -B -m unittest -v test_connected_core_errors_torch"
	User time (seconds): 12.71
	System time (seconds): 0.59
	Percent of CPU this job got: 94%
	Elapsed (wall clock) time (h:mm:ss or m:ss): 0:14.02
	Average shared text size (kbytes): 0
	Average unshared data size (kbytes): 0
	Average stack size (kbytes): 0
	Average total size (kbytes): 0
	Maximum resident set size (kbytes): 223264
	Average resident set size (kbytes): 0
	Major (requiring I/O) page faults: 10
	Minor (reclaiming a frame) page faults: 134173
	Voluntary context switches: 517
	Involuntary context switches: 1302
	Swaps: 0
	File system inputs: 31128
	File system outputs: 0
	Socket messages sent: 0
	Socket messages received: 0
	Signals delivered: 0
	Page size (bytes): 4096
	Exit status: 0
