test_current_bytes_tamper_and_collector_failures_propagate (_live_top1_archived_tests.FreshOriginAuditTests.test_current_bytes_tamper_and_collector_failures_propagate) ... ok
test_exit_adapter_releases_private_reader_cycles_on_rejection (_live_top1_archived_tests.FreshOriginAuditTests.test_exit_adapter_releases_private_reader_cycles_on_rejection) ... ok
test_fresh_original_reader_and_one_genuine_origin_hash_per_boundary (_live_top1_archived_tests.FreshOriginAuditTests.test_fresh_original_reader_and_one_genuine_origin_hash_per_boundary) ... ok
test_nested_exit_reader_composition_and_fail_closed_mutations (_live_top1_archived_tests.FreshOriginAuditTests.test_nested_exit_reader_composition_and_fail_closed_mutations) ... ok
test_post_run_promotion_reuses_only_its_fresh_origin_reader (_live_top1_archived_tests.FreshOriginAuditTests.test_post_run_promotion_reuses_only_its_fresh_origin_reader) ... ok
test_private_audit_predicates_and_guard_correspondence (_live_top1_archived_tests.FreshOriginAuditTests.test_private_audit_predicates_and_guard_correspondence) ... ok

----------------------------------------------------------------------
Ran 6 tests in 24.392s

OK
	Command being timed: "timeout 60s python3 scripts/test_siglip2_compact_ranking.py -k FreshOriginAuditTests -v"
	User time (seconds): 18.61
	System time (seconds): 6.10
	Percent of CPU this job got: 99%
	Elapsed (wall clock) time (h:mm:ss or m:ss): 0:24.95
	Average shared text size (kbytes): 0
	Average unshared data size (kbytes): 0
	Average stack size (kbytes): 0
	Average total size (kbytes): 0
	Maximum resident set size (kbytes): 169012
	Average resident set size (kbytes): 0
	Major (requiring I/O) page faults: 0
	Minor (reclaiming a frame) page faults: 52746
	Voluntary context switches: 276
	Involuntary context switches: 1811
	Swaps: 0
	File system inputs: 0
	File system outputs: 0
	Socket messages sent: 0
	Socket messages received: 0
	Signals delivered: 0
	Page size (bytes): 4096
	Exit status: 0
