test_CPU_receipts_bind_A_C_base_hinge_and_each_gallery_role (__main__.LiveTop1Tests.test_CPU_receipts_bind_A_C_base_hinge_and_each_gallery_role) ... ok
test_actual_loss_hinge_only_gallery_decomposition_and_mutant (__main__.LiveTop1Tests.test_actual_loss_hinge_only_gallery_decomposition_and_mutant) ... ok
test_archived_exact_inverse_and_actual_terminal_objective_pin (__main__.LiveTop1Tests.test_archived_exact_inverse_and_actual_terminal_objective_pin) ... ok
test_both_arms_own_A_C_and_reject_archived_authority (__main__.LiveTop1Tests.test_both_arms_own_A_C_and_reject_archived_authority) ... ok
test_current_CPU_terminal_rejects_old_roles_schema_and_auxiliary_proof (__main__.LiveTop1Tests.test_current_CPU_terminal_rejects_old_roles_schema_and_auxiliary_proof) ... ok
test_current_C_owner_requires_changed_trainable_control_and_candidate (__main__.LiveTop1Tests.test_current_C_owner_requires_changed_trainable_control_and_candidate) ... ok
test_hinge_gathers_connected_scores_global_occurrences_and_zero (__main__.LiveTop1Tests.test_hinge_gathers_connected_scores_global_occurrences_and_zero) ... ok
test_nonzero_control_raw_uses_identical_residual_and_wrong_mu_fails_oracle (__main__.LiveTop1Tests.test_nonzero_control_raw_uses_identical_residual_and_wrong_mu_fails_oracle) ... ok
test_separate_step_arithmetic_activity_and_C_changes_fail_closed (__main__.LiveTop1Tests.test_separate_step_arithmetic_activity_and_C_changes_fail_closed) ... ok
test_unsorted_ties_self_singletons_mixed_invalid_and_nonnearest (__main__.LiveTop1Tests.test_unsorted_ties_self_singletons_mixed_invalid_and_nonnearest) ... ok
test_updated_control_optimizer_current_bytes_and_portable_API (__main__.LiveTop1Tests.test_updated_control_optimizer_current_bytes_and_portable_API) ... ok
test_bundle_owned_files_and_forbidden_dependencies (_live_top1_archived_tests.ContractTests.test_bundle_owned_files_and_forbidden_dependencies) ... ok
test_complete_unit_and_resource_policy (_live_top1_archived_tests.ContractTests.test_complete_unit_and_resource_policy) ... ok
test_completion_timing_preserves_checks (_live_top1_archived_tests.ContractTests.test_completion_timing_preserves_checks) ... ok
test_current_file_bytes_symlink_fifo_and_restored_mtime (_live_top1_archived_tests.ContractTests.test_current_file_bytes_symlink_fifo_and_restored_mtime) ... ok
test_fixed_launch_and_seed_prerequisites (_live_top1_archived_tests.ContractTests.test_fixed_launch_and_seed_prerequisites) ... ok
test_global_both_view_denominators (_live_top1_archived_tests.ContractTests.test_global_both_view_denominators) ... ok
test_no_native_import_help_and_optimized_rejection (_live_top1_archived_tests.ContractTests.test_no_native_import_help_and_optimized_rejection) ... ok
test_original_miner_ties_singletons_and_nonfinite (_live_top1_archived_tests.ContractTests.test_original_miner_ties_singletons_and_nonfinite) ... ok
test_strict_json_and_exact_two_file_closure (_live_top1_archived_tests.ContractTests.test_strict_json_and_exact_two_file_closure) ... ok
test_terminal_rejects_partial_false_and_nonfinite_cpu_proof (_live_top1_archived_tests.ContractTests.test_terminal_rejects_partial_false_and_nonfinite_cpu_proof) ... ok
test_updated_A_current_bytes_binding (_live_top1_archived_tests.ContractTests.test_updated_A_current_bytes_binding) ... ok
test_active_objective_authentication_reads_source_only_and_rejects_substitution (_live_top1_archived_tests.CurrentGalleryTests.test_active_objective_authentication_reads_source_only_and_rejects_substitution) ... ok
test_candidate_rebuilds_gallery_from_current_same_A (_live_top1_archived_tests.CurrentGalleryTests.test_candidate_rebuilds_gallery_from_current_same_A) ... ok
test_precise_prospective_inverse_preserves_historical_source_and_test_guards (_live_top1_archived_tests.CurrentGalleryTests.test_precise_prospective_inverse_preserves_historical_source_and_test_guards) ... ok
test_real_loss_tied_gradient_and_detached_mutant (_live_top1_archived_tests.CurrentGalleryTests.test_real_loss_tied_gradient_and_detached_mutant) ... ok
test_exact_two_sites_original_bytes_and_predicate_correspondence (_live_top1_archived_tests.FreshFileBatchTests.test_exact_two_sites_original_bytes_and_predicate_correspondence) ... ok
test_four_workers_join_failure_no_publication_and_owner_order (_live_top1_archived_tests.FreshFileBatchTests.test_four_workers_join_failure_no_publication_and_owner_order) ... ok
test_fresh_same_size_restored_mtime_and_consumed_page_advice (_live_top1_archived_tests.FreshFileBatchTests.test_fresh_same_size_restored_mtime_and_consumed_page_advice) ... ok
test_serial_inventory_paths_errors_and_every_duplicate_read (_live_top1_archived_tests.FreshFileBatchTests.test_serial_inventory_paths_errors_and_every_duplicate_read) ... ok
test_current_bytes_tamper_and_collector_failures_propagate (_live_top1_archived_tests.FreshOriginAuditTests.test_current_bytes_tamper_and_collector_failures_propagate) ... ERROR
test_exit_adapter_releases_private_reader_cycles_on_rejection (_live_top1_archived_tests.FreshOriginAuditTests.test_exit_adapter_releases_private_reader_cycles_on_rejection) ... ERROR
test_fresh_original_reader_and_one_genuine_origin_hash_per_boundary (_live_top1_archived_tests.FreshOriginAuditTests.test_fresh_original_reader_and_one_genuine_origin_hash_per_boundary) ... ERROR
test_nested_exit_reader_composition_and_fail_closed_mutations (_live_top1_archived_tests.FreshOriginAuditTests.test_nested_exit_reader_composition_and_fail_closed_mutations) ... ERROR
test_post_run_promotion_reuses_only_its_fresh_origin_reader (_live_top1_archived_tests.FreshOriginAuditTests.test_post_run_promotion_reuses_only_its_fresh_origin_reader) ... ERROR
test_private_audit_predicates_and_guard_correspondence (_live_top1_archived_tests.FreshOriginAuditTests.test_private_audit_predicates_and_guard_correspondence) ... ERROR
test_A_C_decomposition_receipts_reject_each_detach_and_stale_role (_live_top1_archived_tests.FullfeatureResidualTests.test_A_C_decomposition_receipts_reject_each_detach_and_stale_role) ... ok
test_actual_public_inference_uses_loaded_nonzero_C_and_current_mean (_live_top1_archived_tests.FullfeatureResidualTests.test_actual_public_inference_uses_loaded_nonzero_C_and_current_mean) ... ok
test_current_C_mean_roles_and_source_substitutions_do_not_use_version_cache (_live_top1_archived_tests.FullfeatureResidualTests.test_current_C_mean_roles_and_source_substitutions_do_not_use_version_cache) ... ok
test_exact_formula_zero_parity_control_bypass_and_nonzero_mutants (_live_top1_archived_tests.FullfeatureResidualTests.test_exact_formula_zero_parity_control_bypass_and_nonzero_mutants) ... ok
test_exact_inverse_keeps_original_hashes_and_rejects_every_declared_delta_mutation (_live_top1_archived_tests.FullfeatureResidualTests.test_exact_inverse_keeps_original_hashes_and_rejects_every_declared_delta_mutation) ... ok
test_exact_role_allocation_and_old_schema_rejection (_live_top1_archived_tests.FullfeatureResidualTests.test_exact_role_allocation_and_old_schema_rejection) ... ok
test_mean_provenance_is_exact_train_domain_and_excludes_held_fitting (_live_top1_archived_tests.FullfeatureResidualTests.test_mean_provenance_is_exact_train_domain_and_excludes_held_fitting) ... ok
test_ordered_optimizer_moments_roles_steps_and_control_exclusion (_live_top1_archived_tests.FullfeatureResidualTests.test_ordered_optimizer_moments_roles_steps_and_control_exclusion) ... ok
test_public_residual_helper_is_available_without_native_imports (_live_top1_archived_tests.FullfeatureResidualTests.test_public_residual_helper_is_available_without_native_imports) ... ok
test_both_arm_receipts_zero_and_target_difference_are_authenticated (_live_top1_archived_tests.ImageAnchorTests.test_both_arm_receipts_zero_and_target_difference_are_authenticated) ... ok
test_both_original_views_regress_to_canonical_image_with_common_e0 (_live_top1_archived_tests.ImageAnchorTests.test_both_original_views_regress_to_canonical_image_with_common_e0) ... ok
test_discarded_anchor_connected_identity_rejects_detached_and_wrong_target (_live_top1_archived_tests.ImageAnchorTests.test_discarded_anchor_connected_identity_rejects_detached_and_wrong_target) ... ok
test_exact_objective_boundary_rejects_witness_and_retained_node_mutations (_live_top1_archived_tests.ImageAnchorTests.test_exact_objective_boundary_rejects_witness_and_retained_node_mutations) ... ok
test_historical_admission_keeps_original_role_and_rejects_pin_substitution (_live_top1_archived_tests.ImageAnchorTests.test_historical_admission_keeps_original_role_and_rejects_pin_substitution) ... ok
test_historical_pin_matches_committed_training_evidence (_live_top1_archived_tests.ImageAnchorTests.test_historical_pin_matches_committed_training_evidence) ... ok
test_native_identity_binding_rejects_every_field_and_json_type_substitution (_live_top1_archived_tests.ImageAnchorTests.test_native_identity_binding_rejects_every_field_and_json_type_substitution) ... ok
test_native_identity_json_binding_passes_unchanged_strict_payload (_live_top1_archived_tests.ImageAnchorTests.test_native_identity_json_binding_passes_unchanged_strict_payload) ... ok
test_native_identity_projection_cannot_replace_complete_typed_checkpoint_pin (_live_top1_archived_tests.ImageAnchorTests.test_native_identity_projection_cannot_replace_complete_typed_checkpoint_pin) ... ok
test_previous_stdlib_cases_preserved_by_exact_required_inverses (_live_top1_archived_tests.ImageAnchorTests.test_previous_stdlib_cases_preserved_by_exact_required_inverses) ... ok
test_prospective_schemas_and_both_arm_ranking (_live_top1_archived_tests.ImageAnchorTests.test_prospective_schemas_and_both_arm_ranking) ... ok
test_zero_regression_keeps_ranking_and_actual_update_predicates (_live_top1_archived_tests.ImageAnchorTests.test_zero_regression_keeps_ranking_and_actual_update_predicates) ... ok
test_complete_membership_rejects_nearest_only_self_and_dropped_guards (_live_top1_archived_tests.SmoothAPTests.test_complete_membership_rejects_nearest_only_self_and_dropped_guards) ... ok
test_cpu_witness_requires_positive_nonnearest_loss_and_total_difference (_live_top1_archived_tests.SmoothAPTests.test_cpu_witness_requires_positive_nonnearest_loss_and_total_difference) ... ok
test_nonnearest_positive_terms_have_distinct_nonzero_derivatives (_live_top1_archived_tests.SmoothAPTests.test_nonnearest_positive_terms_have_distinct_nonzero_derivatives) ... ok
test_old_hinge_payload_rejected_before_native_state_access (_live_top1_archived_tests.SmoothAPTests.test_old_hinge_payload_rejected_before_native_state_access) ... ok
test_original_image_masks_complete_positives_and_bank_digest (_live_top1_archived_tests.SmoothAPTests.test_original_image_masks_complete_positives_and_bank_digest) ... ok
test_rejects_hinge_authority_and_boolean_numeric_recipe (_live_top1_archived_tests.SmoothAPTests.test_rejects_hinge_authority_and_boolean_numeric_recipe) ... ok
test_sigmoid_rank_algebra_self_positive_exclusion_and_ties (_live_top1_archived_tests.SmoothAPTests.test_sigmoid_rank_algebra_self_positive_exclusion_and_ties) ... ok
test_source_inverse_retains_regression_optimizer_payload_inference_and_exit (_live_top1_archived_tests.SmoothAPTests.test_source_inverse_retains_regression_optimizer_payload_inference_and_exit) ... ok

======================================================================
ERROR: test_current_bytes_tamper_and_collector_failures_propagate (_live_top1_archived_tests.FreshOriginAuditTests.test_current_bytes_tamper_and_collector_failures_propagate)
----------------------------------------------------------------------
Traceback (most recent call last):
  File "/tmp/live-top1-historical-ded383we/scripts/test_siglip2_compact_ranking.py", line 1034, in test_current_bytes_tamper_and_collector_failures_propagate
    with self.composition() as f:
         ~~~~~~~~~~~~~~~~^^
  File "/usr/lib/python3.14/contextlib.py", line 141, in __enter__
    return next(self.gen)
  File "/tmp/live-top1-historical-ded383we/scripts/test_siglip2_compact_ranking.py", line 910, in composition
    f.api = f.admit()
            ~~~~~~~^^
  File "/tmp/live-top1-historical-ded383we/scripts/test_siglip2_nearest_ranking.py", line 1292, in admit
    self.api = driver.native_source_api(self.context)
               ~~~~~~~~~~~~~~~~~~~~~~~~^^^^^^^^^^^^^^
  File "/tmp/live-top1-historical-ded383we/scripts/train_siglip2_nearest_ranking.py", line 435, in native_source_api
    raw = bound_file(guards, path, digest).read_bytes()
          ~~~~~~~~~~^^^^^^^^^^^^^^^^^^^^^^
  File "/tmp/live-top1-historical-ded383we/scripts/train_siglip2_nearest_ranking.py", line 116, in bound_file
    require(path.resolve() == path and path.is_file(), 'canonical current file required')
    ~~~~~~~^^^^^^^^^^^^^^^^^^^^^^^^^^^^^^^^^^^^^^^^^^^^^^^^^^^^^^^^^^^^^^^^^^^^^^^^^^^^^^
  File "/tmp/live-top1-historical-ded383we/scripts/train_siglip2_nearest_ranking.py", line 93, in require
    raise ValueError(message)
ValueError: canonical current file required

======================================================================
ERROR: test_exit_adapter_releases_private_reader_cycles_on_rejection (_live_top1_archived_tests.FreshOriginAuditTests.test_exit_adapter_releases_private_reader_cycles_on_rejection)
----------------------------------------------------------------------
Traceback (most recent call last):
  File "/tmp/live-top1-historical-ded383we/scripts/test_siglip2_compact_ranking.py", line 1312, in test_exit_adapter_releases_private_reader_cycles_on_rejection
    with self.composition() as f:
         ~~~~~~~~~~~~~~~~^^
  File "/usr/lib/python3.14/contextlib.py", line 141, in __enter__
    return next(self.gen)
  File "/tmp/live-top1-historical-ded383we/scripts/test_siglip2_compact_ranking.py", line 910, in composition
    f.api = f.admit()
            ~~~~~~~^^
  File "/tmp/live-top1-historical-ded383we/scripts/test_siglip2_nearest_ranking.py", line 1292, in admit
    self.api = driver.native_source_api(self.context)
               ~~~~~~~~~~~~~~~~~~~~~~~~^^^^^^^^^^^^^^
  File "/tmp/live-top1-historical-ded383we/scripts/train_siglip2_nearest_ranking.py", line 435, in native_source_api
    raw = bound_file(guards, path, digest).read_bytes()
          ~~~~~~~~~~^^^^^^^^^^^^^^^^^^^^^^
  File "/tmp/live-top1-historical-ded383we/scripts/train_siglip2_nearest_ranking.py", line 116, in bound_file
    require(path.resolve() == path and path.is_file(), 'canonical current file required')
    ~~~~~~~^^^^^^^^^^^^^^^^^^^^^^^^^^^^^^^^^^^^^^^^^^^^^^^^^^^^^^^^^^^^^^^^^^^^^^^^^^^^^^
  File "/tmp/live-top1-historical-ded383we/scripts/train_siglip2_nearest_ranking.py", line 93, in require
    raise ValueError(message)
ValueError: canonical current file required

======================================================================
ERROR: test_fresh_original_reader_and_one_genuine_origin_hash_per_boundary (_live_top1_archived_tests.FreshOriginAuditTests.test_fresh_original_reader_and_one_genuine_origin_hash_per_boundary)
----------------------------------------------------------------------
Traceback (most recent call last):
  File "/tmp/live-top1-historical-ded383we/scripts/test_siglip2_compact_ranking.py", line 940, in test_fresh_original_reader_and_one_genuine_origin_hash_per_boundary
    with self.composition() as f:
         ~~~~~~~~~~~~~~~~^^
  File "/usr/lib/python3.14/contextlib.py", line 141, in __enter__
    return next(self.gen)
  File "/tmp/live-top1-historical-ded383we/scripts/test_siglip2_compact_ranking.py", line 910, in composition
    f.api = f.admit()
            ~~~~~~~^^
  File "/tmp/live-top1-historical-ded383we/scripts/test_siglip2_nearest_ranking.py", line 1292, in admit
    self.api = driver.native_source_api(self.context)
               ~~~~~~~~~~~~~~~~~~~~~~~~^^^^^^^^^^^^^^
  File "/tmp/live-top1-historical-ded383we/scripts/train_siglip2_nearest_ranking.py", line 435, in native_source_api
    raw = bound_file(guards, path, digest).read_bytes()
          ~~~~~~~~~~^^^^^^^^^^^^^^^^^^^^^^
  File "/tmp/live-top1-historical-ded383we/scripts/train_siglip2_nearest_ranking.py", line 116, in bound_file
    require(path.resolve() == path and path.is_file(), 'canonical current file required')
    ~~~~~~~^^^^^^^^^^^^^^^^^^^^^^^^^^^^^^^^^^^^^^^^^^^^^^^^^^^^^^^^^^^^^^^^^^^^^^^^^^^^^^
  File "/tmp/live-top1-historical-ded383we/scripts/train_siglip2_nearest_ranking.py", line 93, in require
    raise ValueError(message)
ValueError: canonical current file required

======================================================================
ERROR: test_nested_exit_reader_composition_and_fail_closed_mutations (_live_top1_archived_tests.FreshOriginAuditTests.test_nested_exit_reader_composition_and_fail_closed_mutations)
----------------------------------------------------------------------
Traceback (most recent call last):
  File "/tmp/live-top1-historical-ded383we/scripts/test_siglip2_compact_ranking.py", line 1074, in test_nested_exit_reader_composition_and_fail_closed_mutations
    with self.composition() as f:
         ~~~~~~~~~~~~~~~~^^
  File "/usr/lib/python3.14/contextlib.py", line 141, in __enter__
    return next(self.gen)
  File "/tmp/live-top1-historical-ded383we/scripts/test_siglip2_compact_ranking.py", line 910, in composition
    f.api = f.admit()
            ~~~~~~~^^
  File "/tmp/live-top1-historical-ded383we/scripts/test_siglip2_nearest_ranking.py", line 1292, in admit
    self.api = driver.native_source_api(self.context)
               ~~~~~~~~~~~~~~~~~~~~~~~~^^^^^^^^^^^^^^
  File "/tmp/live-top1-historical-ded383we/scripts/train_siglip2_nearest_ranking.py", line 435, in native_source_api
    raw = bound_file(guards, path, digest).read_bytes()
          ~~~~~~~~~~^^^^^^^^^^^^^^^^^^^^^^
  File "/tmp/live-top1-historical-ded383we/scripts/train_siglip2_nearest_ranking.py", line 116, in bound_file
    require(path.resolve() == path and path.is_file(), 'canonical current file required')
    ~~~~~~~^^^^^^^^^^^^^^^^^^^^^^^^^^^^^^^^^^^^^^^^^^^^^^^^^^^^^^^^^^^^^^^^^^^^^^^^^^^^^^
  File "/tmp/live-top1-historical-ded383we/scripts/train_siglip2_nearest_ranking.py", line 93, in require
    raise ValueError(message)
ValueError: canonical current file required

======================================================================
ERROR: test_post_run_promotion_reuses_only_its_fresh_origin_reader (_live_top1_archived_tests.FreshOriginAuditTests.test_post_run_promotion_reuses_only_its_fresh_origin_reader)
----------------------------------------------------------------------
Traceback (most recent call last):
  File "/tmp/live-top1-historical-ded383we/scripts/test_siglip2_compact_ranking.py", line 1330, in test_post_run_promotion_reuses_only_its_fresh_origin_reader
    with self.composition() as f:
         ~~~~~~~~~~~~~~~~^^
  File "/usr/lib/python3.14/contextlib.py", line 141, in __enter__
    return next(self.gen)
  File "/tmp/live-top1-historical-ded383we/scripts/test_siglip2_compact_ranking.py", line 910, in composition
    f.api = f.admit()
            ~~~~~~~^^
  File "/tmp/live-top1-historical-ded383we/scripts/test_siglip2_nearest_ranking.py", line 1292, in admit
    self.api = driver.native_source_api(self.context)
               ~~~~~~~~~~~~~~~~~~~~~~~~^^^^^^^^^^^^^^
  File "/tmp/live-top1-historical-ded383we/scripts/train_siglip2_nearest_ranking.py", line 435, in native_source_api
    raw = bound_file(guards, path, digest).read_bytes()
          ~~~~~~~~~~^^^^^^^^^^^^^^^^^^^^^^
  File "/tmp/live-top1-historical-ded383we/scripts/train_siglip2_nearest_ranking.py", line 116, in bound_file
    require(path.resolve() == path and path.is_file(), 'canonical current file required')
    ~~~~~~~^^^^^^^^^^^^^^^^^^^^^^^^^^^^^^^^^^^^^^^^^^^^^^^^^^^^^^^^^^^^^^^^^^^^^^^^^^^^^^
  File "/tmp/live-top1-historical-ded383we/scripts/train_siglip2_nearest_ranking.py", line 93, in require
    raise ValueError(message)
ValueError: canonical current file required

======================================================================
ERROR: test_private_audit_predicates_and_guard_correspondence (_live_top1_archived_tests.FreshOriginAuditTests.test_private_audit_predicates_and_guard_correspondence)
----------------------------------------------------------------------
Traceback (most recent call last):
  File "/tmp/live-top1-historical-ded383we/scripts/test_siglip2_compact_ranking.py", line 966, in test_private_audit_predicates_and_guard_correspondence
    with self.composition() as f:
         ~~~~~~~~~~~~~~~~^^
  File "/usr/lib/python3.14/contextlib.py", line 141, in __enter__
    return next(self.gen)
  File "/tmp/live-top1-historical-ded383we/scripts/test_siglip2_compact_ranking.py", line 910, in composition
    f.api = f.admit()
            ~~~~~~~^^
  File "/tmp/live-top1-historical-ded383we/scripts/test_siglip2_nearest_ranking.py", line 1292, in admit
    self.api = driver.native_source_api(self.context)
               ~~~~~~~~~~~~~~~~~~~~~~~~^^^^^^^^^^^^^^
  File "/tmp/live-top1-historical-ded383we/scripts/train_siglip2_nearest_ranking.py", line 435, in native_source_api
    raw = bound_file(guards, path, digest).read_bytes()
          ~~~~~~~~~~^^^^^^^^^^^^^^^^^^^^^^
  File "/tmp/live-top1-historical-ded383we/scripts/train_siglip2_nearest_ranking.py", line 116, in bound_file
    require(path.resolve() == path and path.is_file(), 'canonical current file required')
    ~~~~~~~^^^^^^^^^^^^^^^^^^^^^^^^^^^^^^^^^^^^^^^^^^^^^^^^^^^^^^^^^^^^^^^^^^^^^^^^^^^^^^
  File "/tmp/live-top1-historical-ded383we/scripts/train_siglip2_nearest_ranking.py", line 93, in require
    raise ValueError(message)
ValueError: canonical current file required

----------------------------------------------------------------------
Ran 65 tests in 43.538s

FAILED (errors=6)
Command exited with non-zero status 1
	Command being timed: "timeout 120s python3 scripts/test_siglip2_compact_ranking.py -v"
	User time (seconds): 42.25
	System time (seconds): 1.40
	Percent of CPU this job got: 99%
	Elapsed (wall clock) time (h:mm:ss or m:ss): 0:43.88
	Average shared text size (kbytes): 0
	Average unshared data size (kbytes): 0
	Average stack size (kbytes): 0
	Average total size (kbytes): 0
	Maximum resident set size (kbytes): 143604
	Average resident set size (kbytes): 0
	Major (requiring I/O) page faults: 1
	Minor (reclaiming a frame) page faults: 68550
	Voluntary context switches: 3338
	Involuntary context switches: 3391
	Swaps: 0
	File system inputs: 272
	File system outputs: 0
	Socket messages sent: 0
	Socket messages received: 0
	Signals delivered: 0
	Page size (bytes): 4096
	Exit status: 1
