...................
----------------------------------------------------------------------
Ran 19 tests in 6.938s

OK
	Command being timed: "python3 -B scripts/test_connected_gallery_freshness.py"
	User time (seconds): 5.96
	System time (seconds): 0.37
	Percent of CPU this job got: 89%
	Elapsed (wall clock) time (h:mm:ss or m:ss): 0:07.05
	Average shared text size (kbytes): 0
	Average unshared data size (kbytes): 0
	Average stack size (kbytes): 0
	Average total size (kbytes): 0
	Maximum resident set size (kbytes): 354096
	Average resident set size (kbytes): 0
	Major (requiring I/O) page faults: 0
	Minor (reclaiming a frame) page faults: 127802
	Voluntary context switches: 219
	Involuntary context switches: 967
	Swaps: 0
	File system inputs: 29592
	File system outputs: 0
	Socket messages sent: 0
	Socket messages received: 0
	Signals delivered: 0
	Page size (bytes): 4096
	Exit status: 0
