cpu-launch.sh: OK
/home/riomus/runs/sfora-so400-signed-concat-fit-source-v2/cpu-command.sh: OK
Running as unit: sfora-so400-signed-concat-cpu-v2.service; invocation ID: 32cb889b3b734c79bfbb84d20a82faf0
/home/riomus/runs/sfora-so400-signed-concat-fit-source-v2/fit_siglip2_prototype_residual.py: OK
/home/riomus/runs/sfora-so400-signed-concat-fit-source-v2/prototype_residual_readout.py: OK
/home/riomus/runs/sfora-so400-signed-concat-fit-source-v2/test_siglip2_prototype_residual.py: OK
/home/riomus/runs/sfora-so400-signed-concat-fit-source-v2/execution.json: OK
/home/riomus/runs/sfora-so400-signed-concat-fit-source-v2/authority-cpu-v2.json: OK
/home/riomus/runs/sfora-so400-prototype-residual-solver-v1/foundation_adapter.py: OK
/home/riomus/runs/sfora-so400-quadratic-readout-source-v7/quadratic_encoder_frames.py: OK
/home/riomus/runs/sfora-so400-quadratic-readout-source-v7/quadratic_readout.py: OK
/home/riomus/runs/sfora-so400-quadratic-readout-source-v7/test_siglip2_quadratic_readout.py: OK
/home/riomus/runs/sfora-so400-quadratic-readout-source-v7/train_siglip2_quadratic_readout.py: OK
/home/riomus/runs/sfora-so400-quadratic-readout-source-v7/execution.json: OK
/home/riomus/runs/sfora-so400-quadratic-readout-source-v7/authority-cpu-v7.json: OK
/home/riomus/runs/sfora-so400-quadratic-readout-cpu-v7/receipt.json: OK
/home/riomus/runs/sfora-so400-quadratic-readout-source-v7/cpu-v7.log: OK
/home/riomus/runs/sfora-native256-initialized-cpu-final-footer-v1.py: OK
/home/riomus/runs/sfora-native256-stop-cgroup-footer-v1.py: OK
/home/riomus/runs/sfora-so400-prototype-residual-source-v3/fit_siglip2_prototype_residual.py: OK
/home/riomus/runs/sfora-so400-prototype-residual-source-v3/test_siglip2_prototype_residual.py: OK
/home/riomus/runs/sfora-so400-prototype-residual-source-v3/execution.json: OK
/home/riomus/runs/sfora-so400-prototype-residual-source-v3/authority-fit-linear-v1.json: OK
/home/riomus/runs/sfora-so400-prototype-residual-fit-linear-v1/receipt.json: OK
/home/riomus/runs/sfora-so400-prototype-residual-source-v3/fit-linear-v1.log: OK
{"event": "PROTOTYPE_PHASE", "phase": "authority_begin", "seconds": 0.0003927699290215969}
{"event": "PROTOTYPE_PHASE", "phase": "authority_end", "seconds": 73.08179871598259}
{"event": "PROTOTYPE_PHASE", "phase": "encoder_retention_begin", "seconds": 73.10689526004717}
{"event": "PROTOTYPE_PHASE", "phase": "encoder_retention_end", "seconds": 76.42153904121369}
{"event": "PROTOTYPE_PHASE", "phase": "linear_fresh_fit1_begin", "seconds": 77.98354078503326}
{"event": "PROTOTYPE_PHASE", "phase": "linear_fresh_fit1_end", "seconds": 100.87781599117443}
{"event": "PROTOTYPE_PHASE", "phase": "linear_fresh_fit2_begin", "seconds": 106.93999175913632}
{"event": "PROTOTYPE_PHASE", "phase": "linear_fresh_fit2_end", "seconds": 130.74682027706876}
{"event": "PROTOTYPE_PHASE", "phase": "linear_reload_begin", "seconds": 132.30643450422212}
{"event": "PROTOTYPE_PHASE", "phase": "linear_reload_end", "seconds": 158.16481477115303}
{"event": "PROTOTYPE_PHASE", "phase": "concat_fresh_fit1_begin", "seconds": 159.2629078249447}
{"event": "PROTOTYPE_PHASE", "phase": "concat_fresh_fit1_end", "seconds": 183.14621332008392}
{"event": "PROTOTYPE_PHASE", "phase": "concat_fresh_fit2_begin", "seconds": 189.58676231326535}
{"event": "PROTOTYPE_PHASE", "phase": "concat_fresh_fit2_end", "seconds": 210.47054795501754}
{"event": "PROTOTYPE_PHASE", "phase": "concat_reload_begin", "seconds": 211.9467995679006}
{"event": "PROTOTYPE_PHASE", "phase": "concat_reload_end", "seconds": 234.32135336985812}
{"event": "PROTOTYPE_PHASE", "phase": "old_exit_begin", "seconds": 235.40362623194233}
{"event": "QUADRATIC_PHASE", "phase": "exit_rehash", "delta_seconds": 17.079872842878103, "cumulative_seconds": 17.079872842878103}
{"event": "PROTOTYPE_PHASE", "phase": "old_exit_end", "seconds": 252.48426406783983}
{"event": "PROTOTYPE_PHASE", "phase": "own_union_begin", "seconds": 252.48428066028282}
{"event": "PROTOTYPE_PHASE", "phase": "own_union_end", "seconds": 266.65625414205715}
{"event": "PROTOTYPE_PHASE", "phase": "closure_begin", "seconds": 266.65628471784294}
{"event": "PROTOTYPE_PHASE", "phase": "closure_end", "seconds": 266.6575435050763}
{"schema": "siglip2-prototype-residual-ridge-v2", "phase": "cpu", "output": "/home/riomus/runs/sfora-so400-signed-concat-cpu-v2"}
/home/riomus/runs/sfora-so400-signed-concat-fit-source-v2/fit_siglip2_prototype_residual.py: OK
/home/riomus/runs/sfora-so400-signed-concat-fit-source-v2/prototype_residual_readout.py: OK
/home/riomus/runs/sfora-so400-signed-concat-fit-source-v2/test_siglip2_prototype_residual.py: OK
/home/riomus/runs/sfora-so400-signed-concat-fit-source-v2/execution.json: OK
/home/riomus/runs/sfora-so400-signed-concat-fit-source-v2/authority-cpu-v2.json: OK
/home/riomus/runs/sfora-so400-prototype-residual-solver-v1/foundation_adapter.py: OK
/home/riomus/runs/sfora-so400-quadratic-readout-source-v7/quadratic_encoder_frames.py: OK
/home/riomus/runs/sfora-so400-quadratic-readout-source-v7/quadratic_readout.py: OK
/home/riomus/runs/sfora-so400-quadratic-readout-source-v7/test_siglip2_quadratic_readout.py: OK
/home/riomus/runs/sfora-so400-quadratic-readout-source-v7/train_siglip2_quadratic_readout.py: OK
/home/riomus/runs/sfora-so400-quadratic-readout-source-v7/execution.json: OK
/home/riomus/runs/sfora-so400-quadratic-readout-source-v7/authority-cpu-v7.json: OK
/home/riomus/runs/sfora-so400-quadratic-readout-cpu-v7/receipt.json: OK
/home/riomus/runs/sfora-so400-quadratic-readout-source-v7/cpu-v7.log: OK
/home/riomus/runs/sfora-native256-initialized-cpu-final-footer-v1.py: OK
/home/riomus/runs/sfora-native256-stop-cgroup-footer-v1.py: OK
/home/riomus/runs/sfora-so400-prototype-residual-source-v3/fit_siglip2_prototype_residual.py: OK
/home/riomus/runs/sfora-so400-prototype-residual-source-v3/test_siglip2_prototype_residual.py: OK
/home/riomus/runs/sfora-so400-prototype-residual-source-v3/execution.json: OK
/home/riomus/runs/sfora-so400-prototype-residual-source-v3/authority-fit-linear-v1.json: OK
/home/riomus/runs/sfora-so400-prototype-residual-fit-linear-v1/receipt.json: OK
/home/riomus/runs/sfora-so400-prototype-residual-source-v3/fit-linear-v1.log: OK
FINAL_CGROUP {"command_exit_status": 0, "invocation_id": "32cb889b3b734c79bfbb84d20a82faf0", "path": "/sys/fs/cgroup/user.slice/user-1000.slice/user@1000.service/app.slice/sfora-so400-signed-concat-cpu-v2.service", "values": {"memory.current": "2338770944", "memory.events": "low 0\nhigh 0\nmax 0\noom 0\noom_kill 0\noom_group_kill 0", "memory.max": "8589934592", "memory.peak": "3176611840", "memory.stat": "anon 5996544\nfile 2291326976\nkernel 38936576\nkernel_stack 65536\npagetables 348160\nsec_pagetables 0\npercpu 2816\nsock 0\nvmalloc 0\nshmem 0\nzswap 0\nzswapped 0\nfile_mapped 1097728\nfile_dirty 8192\nfile_writeback 0\nswapcached 0\nanon_thp 0\nfile_thp 2097152\nshmem_thp 0\ninactive_anon 0\nactive_anon 5828608\ninactive_file 123432960\nactive_file 2167881728\nunevictable 0\nslab_reclaimable 38380760\nslab_unreclaimable 123280\nslab 38504040\nworkingset_refault_anon 0\nworkingset_refault_file 0\nworkingset_activate_anon 0\nworkingset_activate_file 0\nworkingset_restore_anon 0\nworkingset_restore_file 0\nworkingset_nodereclaim 0\npgdemote_kswapd 0\npgdemote_direct 0\npgdemote_khugepaged 0\npgdemote_proactive 0\npgpromote_success 0\npgscan 0\npgsteal 0\npswpin 0\npswpout 0\npgscan_kswapd 0\npgscan_direct 0\npgscan_khugepaged 0\npgscan_proactive 0\npgsteal_kswapd 0\npgsteal_direct 0\npgsteal_khugepaged 0\npgsteal_proactive 0\npgfault 271854\npgmajfault 6033\npgrefill 0\npgactivate 0\npgdeactivate 0\npglazyfree 0\npglazyfreed 0\nswpin_zero 0\nswpout_zero 0\nzswpin 0\nzswpout 0\nzswpwb 0\nthp_fault_alloc 270\nthp_collapse_alloc 10\nthp_swpout 0\nthp_swpout_fallback 0\nnuma_pages_migrated 0\nnuma_pte_updates 0\nnuma_hint_faults 0", "memory.swap.current": "0", "memory.swap.max": "0", "memory.swap.peak": "0"}}
	Command being timed: "/bin/bash -c set -e; sudo -n /bin/sync; sudo -n /bin/sh -c "echo 3 > /proc/sys/vm/drop_caches"; exec /bin/bash /home/riomus/runs/sfora-so400-signed-concat-fit-source-v2/cpu-command.sh"
	User time (seconds): 104.80
	System time (seconds): 15.47
	Percent of CPU this job got: 44%
	Elapsed (wall clock) time (h:mm:ss or m:ss): 4:27.96
	Average shared text size (kbytes): 0
	Average unshared data size (kbytes): 0
	Average stack size (kbytes): 0
	Average total size (kbytes): 0
	Maximum resident set size (kbytes): 2854984
	Average resident set size (kbytes): 0
	Major (requiring I/O) page faults: 6033
	Minor (reclaiming a frame) page faults: 265655
	Voluntary context switches: 722535
	Involuntary context switches: 850
	Swaps: 0
	File system inputs: 276871088
	File system outputs: 271272
	Socket messages sent: 0
	Socket messages received: 0
	Signals delivered: 0
	Page size (bytes): 4096
	Exit status: 0
STOP_CGROUP {"exit_code": "exited", "exit_status": "0", "invocation_id": "32cb889b3b734c79bfbb84d20a82faf0", "path": "/sys/fs/cgroup/user.slice/user-1000.slice/user@1000.service/app.slice/sfora-so400-signed-concat-cpu-v2.service", "service_result": "success", "values": {"memory.current": "2337906688", "memory.events": "low 0\nhigh 0\nmax 0\noom 0\noom_kill 0\noom_group_kill 0", "memory.max": "8589934592", "memory.peak": "3176611840", "memory.stat": "anon 5406720\nfile 2291326976\nkernel 38531072\nkernel_stack 0\npagetables 106496\nsec_pagetables 0\npercpu 1760\nsock 0\nvmalloc 0\nshmem 0\nzswap 0\nzswapped 0\nfile_mapped 1118208\nfile_dirty 8192\nfile_writeback 0\nswapcached 0\nanon_thp 0\nfile_thp 2097152\nshmem_thp 0\ninactive_anon 0\nactive_anon 5390336\ninactive_file 123432960\nactive_file 2167881728\nunevictable 0\nslab_reclaimable 38381672\nslab_unreclaimable 35640\nslab 38417312\nworkingset_refault_anon 0\nworkingset_refault_file 0\nworkingset_activate_anon 0\nworkingset_activate_file 0\nworkingset_restore_anon 0\nworkingset_restore_file 0\nworkingset_nodereclaim 0\npgdemote_kswapd 0\npgdemote_direct 0\npgdemote_khugepaged 0\npgdemote_proactive 0\npgpromote_success 0\npgscan 0\npgsteal 0\npswpin 0\npswpout 0\npgscan_kswapd 0\npgscan_direct 0\npgscan_khugepaged 0\npgscan_proactive 0\npgsteal_kswapd 0\npgsteal_direct 0\npgsteal_khugepaged 0\npgsteal_proactive 0\npgfault 273369\npgmajfault 6033\npgrefill 0\npgactivate 0\npgdeactivate 0\npglazyfree 0\npglazyfreed 0\nswpin_zero 0\nswpout_zero 0\nzswpin 0\nzswpout 0\nzswpwb 0\nthp_fault_alloc 270\nthp_collapse_alloc 10\nthp_swpout 0\nthp_swpout_fallback 0\nnuma_pages_migrated 0\nnuma_pte_updates 0\nnuma_hint_faults 0", "memory.swap.current": "0", "memory.swap.max": "0", "memory.swap.peak": "0"}}
Finished with result: success
Main processes terminated with: code=exited/status=0
Service runtime: 4min 28.001s
CPU time consumed: 2min 299ms
Memory peak: 2.9G
Memory swap peak: 0B
