2026-08-24T22:54:18+02:00 priority queue v47 start: six deterministic Cars196 pairs
2026-08-24T22:54:18+02:00 START cars/proxy_anchor/seed0 recipe=proxy_anchor.cars.official-51db570 digest=d55241a64a5afe9ea81be02e74fa13a6fec87e15c66e95918ad10d90337cc02a deterministic=true
2026-08-25T00:01:36+02:00 DONE cars/proxy_anchor/seed0 elapsed=4038s artifact=/home/riomus/group-learning/reports/generated/cars-pa-distill-confirmation-2026-08-24/proxy_anchor.d55241a64a5a.deterministic.seed0.json
2026-08-25T00:01:36+02:00 START cars/pa_distill/seed0 recipe=proxy_anchor.cars.official-51db570.pa_distill digest=080a45b8c14460d43b6f5f1d352f10854adb0d6c8d434fc6d2f02f2dbd501b02 deterministic=true
2026-08-25T01:24:15+02:00 DONE cars/pa_distill/seed0 elapsed=4959s artifact=/home/riomus/group-learning/reports/generated/cars-pa-distill-confirmation-2026-08-24/pa_distill.080a45b8c144.deterministic.seed0.json
2026-08-25T01:24:16+02:00 START cars/proxy_anchor/seed1 recipe=proxy_anchor.cars.official-51db570 digest=d55241a64a5afe9ea81be02e74fa13a6fec87e15c66e95918ad10d90337cc02a deterministic=true
2026-08-25T02:31:43+02:00 DONE cars/proxy_anchor/seed1 elapsed=4047s artifact=/home/riomus/group-learning/reports/generated/cars-pa-distill-confirmation-2026-08-24/proxy_anchor.d55241a64a5a.deterministic.seed1.json
2026-08-25T02:31:44+02:00 START cars/pa_distill/seed1 recipe=proxy_anchor.cars.official-51db570.pa_distill digest=080a45b8c14460d43b6f5f1d352f10854adb0d6c8d434fc6d2f02f2dbd501b02 deterministic=true
2026-08-25T03:54:20+02:00 DONE cars/pa_distill/seed1 elapsed=4956s artifact=/home/riomus/group-learning/reports/generated/cars-pa-distill-confirmation-2026-08-24/pa_distill.080a45b8c144.deterministic.seed1.json
2026-08-25T03:54:21+02:00 START cars/proxy_anchor/seed2 recipe=proxy_anchor.cars.official-51db570 digest=d55241a64a5afe9ea81be02e74fa13a6fec87e15c66e95918ad10d90337cc02a deterministic=true
2026-08-25T05:02:21+02:00 DONE cars/proxy_anchor/seed2 elapsed=4080s artifact=/home/riomus/group-learning/reports/generated/cars-pa-distill-confirmation-2026-08-24/proxy_anchor.d55241a64a5a.deterministic.seed2.json
2026-08-25T05:02:21+02:00 START cars/pa_distill/seed2 recipe=proxy_anchor.cars.official-51db570.pa_distill digest=080a45b8c14460d43b6f5f1d352f10854adb0d6c8d434fc6d2f02f2dbd501b02 deterministic=true
2026-08-25T06:25:13+02:00 DONE cars/pa_distill/seed2 elapsed=4972s artifact=/home/riomus/group-learning/reports/generated/cars-pa-distill-confirmation-2026-08-24/pa_distill.080a45b8c144.deterministic.seed2.json
2026-08-25T06:25:14+02:00 START cars/proxy_anchor/seed3 recipe=proxy_anchor.cars.official-51db570 digest=d55241a64a5afe9ea81be02e74fa13a6fec87e15c66e95918ad10d90337cc02a deterministic=true
2026-08-25T07:32:56+02:00 DONE cars/proxy_anchor/seed3 elapsed=4062s artifact=/home/riomus/group-learning/reports/generated/cars-pa-distill-confirmation-2026-08-24/proxy_anchor.d55241a64a5a.deterministic.seed3.json
2026-08-25T07:32:57+02:00 START cars/pa_distill/seed3 recipe=proxy_anchor.cars.official-51db570.pa_distill digest=080a45b8c14460d43b6f5f1d352f10854adb0d6c8d434fc6d2f02f2dbd501b02 deterministic=true
2026-08-25T08:56:01+02:00 DONE cars/pa_distill/seed3 elapsed=4984s artifact=/home/riomus/group-learning/reports/generated/cars-pa-distill-confirmation-2026-08-24/pa_distill.080a45b8c144.deterministic.seed3.json
2026-08-25T08:56:02+02:00 START cars/proxy_anchor/seed4 recipe=proxy_anchor.cars.official-51db570 digest=d55241a64a5afe9ea81be02e74fa13a6fec87e15c66e95918ad10d90337cc02a deterministic=true
2026-08-25T10:03:45+02:00 DONE cars/proxy_anchor/seed4 elapsed=4063s artifact=/home/riomus/group-learning/reports/generated/cars-pa-distill-confirmation-2026-08-24/proxy_anchor.d55241a64a5a.deterministic.seed4.json
2026-08-25T10:03:46+02:00 START cars/pa_distill/seed4 recipe=proxy_anchor.cars.official-51db570.pa_distill digest=080a45b8c14460d43b6f5f1d352f10854adb0d6c8d434fc6d2f02f2dbd501b02 deterministic=true
2026-08-25T11:26:52+02:00 DONE cars/pa_distill/seed4 elapsed=4986s artifact=/home/riomus/group-learning/reports/generated/cars-pa-distill-confirmation-2026-08-24/pa_distill.080a45b8c144.deterministic.seed4.json
2026-08-25T11:26:53+02:00 START cars/proxy_anchor/seed5 recipe=proxy_anchor.cars.official-51db570 digest=d55241a64a5afe9ea81be02e74fa13a6fec87e15c66e95918ad10d90337cc02a deterministic=true
2026-08-25T12:34:56+02:00 DONE cars/proxy_anchor/seed5 elapsed=4083s artifact=/home/riomus/group-learning/reports/generated/cars-pa-distill-confirmation-2026-08-24/proxy_anchor.d55241a64a5a.deterministic.seed5.json
2026-08-25T12:34:57+02:00 START cars/pa_distill/seed5 recipe=proxy_anchor.cars.official-51db570.pa_distill digest=080a45b8c14460d43b6f5f1d352f10854adb0d6c8d434fc6d2f02f2dbd501b02 deterministic=true
2026-08-25T13:58:22+02:00 DONE cars/pa_distill/seed5 elapsed=5005s artifact=/home/riomus/group-learning/reports/generated/cars-pa-distill-confirmation-2026-08-24/pa_distill.080a45b8c144.deterministic.seed5.json
{"all_finite":true,"best_over_training_deltas_points_sensitivity_only":[0.6395277333661298,0.5657360718238746,1.2667568564752152,1.008486041077361,0.7871110564506179,0.7625138359365402],"best_over_training_mean_points_sensitivity_only":0.8383552658549563,"final_epoch_bootstrap_95":[1.1253228385192438,1.5762718812774132],"final_epoch_deltas_points":[1.21756241544706,1.6849096052146018,0.9100971590210283,1.758701266756857,1.2790554667322596,1.2175624154470488],"final_epoch_exact_sign_p_two_sided":0.03125,"final_epoch_mean_points":1.3446480547698092,"final_epoch_paired_t":10.286226305740298,"final_epoch_paired_t_p_two_sided":0.00014928679860063337,"final_epoch_positive_pairs":6,"final_epoch_sample_sd_points":0.32020505090131335,"status":"CONFIRMED"}
2026-08-25T13:58:23+02:00 priority queue v47 complete
