test_native_role_witness_rejects_both_arms_and_restores_after_failure (test_siglip2_compact_ranking.LiveTop1Tests.test_native_role_witness_rejects_both_arms_and_restores_after_failure) ... 
  test_native_role_witness_rejects_both_arms_and_restores_after_failure (test_siglip2_compact_ranking.LiveTop1Tests.test_native_role_witness_rejects_both_arms_and_restores_after_failure) (arm='control', failure=False) ... FAIL
  test_native_role_witness_rejects_both_arms_and_restores_after_failure (test_siglip2_compact_ranking.LiveTop1Tests.test_native_role_witness_rejects_both_arms_and_restores_after_failure) (arm='control', failure=True) ... FAIL

======================================================================
FAIL: test_native_role_witness_rejects_both_arms_and_restores_after_failure (test_siglip2_compact_ranking.LiveTop1Tests.test_native_role_witness_rejects_both_arms_and_restores_after_failure) (arm='control', failure=False)
----------------------------------------------------------------------
Traceback (most recent call last):
  File "/home/rb/worktrees/sfora-live-top1-role-witness-20261004/scripts/test_siglip2_compact_ranking.py", line 3782, in test_native_role_witness_rejects_both_arms_and_restores_after_failure
    driver.tamper_witness(context, state, {})
    ~~~~~~~~~~~~~~~~~~~~~^^^^^^^^^^^^^^^^^^^^
  File "/home/rb/worktrees/sfora-live-top1-role-witness-20261004/scripts/train_siglip2_compact_ranking.py", line 1931, in tamper_witness
    nearest.rejected(lambda: integrity(context, state, ident), 'C role mutation accepted')
    ~~~~~~~~~~~~~~~~^^^^^^^^^^^^^^^^^^^^^^^^^^^^^^^^^^^^^^^^^^^^^^^^^^^^^^^^^^^^^^^^^^^^^^
  File "/home/rb/worktrees/sfora-live-top1-role-witness-20261004/scripts/test_siglip2_compact_ranking.py", line 3761, in rejected
    self.assertFalse(C.requires_grad, 'C negative witness did not change the valid role')
    ~~~~~~~~~~~~~~~~^^^^^^^^^^^^^^^^^^^^^^^^^^^^^^^^^^^^^^^^^^^^^^^^^^^^^^^^^^^^^^^^^^^^^
AssertionError: True is not false : C negative witness did not change the valid role

During handling of the above exception, another exception occurred:

Traceback (most recent call last):
  File "/home/rb/worktrees/sfora-live-top1-role-witness-20261004/scripts/test_siglip2_compact_ranking.py", line 3785, in test_native_role_witness_rejects_both_arms_and_restores_after_failure
    self.assertTrue(C.requires_grad, 'C valid original role was not restored')
    ~~~~~~~~~~~~~~~^^^^^^^^^^^^^^^^^^^^^^^^^^^^^^^^^^^^^^^^^^^^^^^^^^^^^^^^^^^
AssertionError: False is not true : C valid original role was not restored

======================================================================
FAIL: test_native_role_witness_rejects_both_arms_and_restores_after_failure (test_siglip2_compact_ranking.LiveTop1Tests.test_native_role_witness_rejects_both_arms_and_restores_after_failure) (arm='control', failure=True)
----------------------------------------------------------------------
Traceback (most recent call last):
  File "/home/rb/worktrees/sfora-live-top1-role-witness-20261004/scripts/test_siglip2_compact_ranking.py", line 3780, in test_native_role_witness_rejects_both_arms_and_restores_after_failure
    driver.tamper_witness(context, state, {})
    ~~~~~~~~~~~~~~~~~~~~~^^^^^^^^^^^^^^^^^^^^
  File "/home/rb/worktrees/sfora-live-top1-role-witness-20261004/scripts/train_siglip2_compact_ranking.py", line 1931, in tamper_witness
    nearest.rejected(lambda: integrity(context, state, ident), 'C role mutation accepted')
    ~~~~~~~~~~~~~~~~^^^^^^^^^^^^^^^^^^^^^^^^^^^^^^^^^^^^^^^^^^^^^^^^^^^^^^^^^^^^^^^^^^^^^^
  File "/home/rb/worktrees/sfora-live-top1-role-witness-20261004/scripts/test_siglip2_compact_ranking.py", line 3761, in rejected
    self.assertFalse(C.requires_grad, 'C negative witness did not change the valid role')
    ~~~~~~~~~~~~~~~~^^^^^^^^^^^^^^^^^^^^^^^^^^^^^^^^^^^^^^^^^^^^^^^^^^^^^^^^^^^^^^^^^^^^^
AssertionError: True is not false : C negative witness did not change the valid role

During handling of the above exception, another exception occurred:

Traceback (most recent call last):
  File "/home/rb/worktrees/sfora-live-top1-role-witness-20261004/scripts/test_siglip2_compact_ranking.py", line 3785, in test_native_role_witness_rejects_both_arms_and_restores_after_failure
    self.assertTrue(C.requires_grad, 'C valid original role was not restored')
    ~~~~~~~~~~~~~~~^^^^^^^^^^^^^^^^^^^^^^^^^^^^^^^^^^^^^^^^^^^^^^^^^^^^^^^^^^^
AssertionError: False is not true : C valid original role was not restored

----------------------------------------------------------------------
Ran 1 test in 0.027s

FAILED (failures=2)
Command exited with non-zero status 1
	Command being timed: "timeout 120s python3 -m unittest test_siglip2_compact_ranking.LiveTop1Tests.test_native_role_witness_rejects_both_arms_and_restores_after_failure -v"
	User time (seconds): 0.17
	System time (seconds): 0.02
	Percent of CPU this job got: 67%
	Elapsed (wall clock) time (h:mm:ss or m:ss): 0:00.30
	Average shared text size (kbytes): 0
	Average unshared data size (kbytes): 0
	Average stack size (kbytes): 0
	Average total size (kbytes): 0
	Maximum resident set size (kbytes): 43756
	Average resident set size (kbytes): 0
	Major (requiring I/O) page faults: 0
	Minor (reclaiming a frame) page faults: 9073
	Voluntary context switches: 8
	Involuntary context switches: 3
	Swaps: 0
	File system inputs: 48
	File system outputs: 1928
	Socket messages sent: 0
	Socket messages received: 0
	Signals delivered: 0
	Page size (bytes): 4096
	Exit status: 1
