test_exact_cuda_source_pins_and_original_observer_ast (__main__.ObserverTest.test_exact_cuda_source_pins_and_original_observer_ast) ... ok
test_source_execution_profile_lifecycle_and_admission (__main__.ObserverTest.test_source_execution_profile_lifecycle_and_admission) ... ok

----------------------------------------------------------------------
Ran 2 tests in 0.141s

OK
{"schema": "connected-mlp-phase-observer-source-check-v1", "tests": 2, "seconds": 0.14096380700357258, "pass": true, "native_imported": false}
	Command being timed: "prlimit --as=1073741824 timeout 120s python3 -B scripts/test_connected_mlp_phase_observer.py"
	User time (seconds): 0.17
	System time (seconds): 0.03
	Percent of CPU this job got: 68%
	Elapsed (wall clock) time (h:mm:ss or m:ss): 0:00.30
	Average shared text size (kbytes): 0
	Average unshared data size (kbytes): 0
	Average stack size (kbytes): 0
	Average total size (kbytes): 0
	Maximum resident set size (kbytes): 39460
	Average resident set size (kbytes): 0
	Major (requiring I/O) page faults: 0
	Minor (reclaiming a frame) page faults: 8356
	Voluntary context switches: 35
	Involuntary context switches: 107
	Swaps: 0
	File system inputs: 56
	File system outputs: 0
	Socket messages sent: 0
	Socket messages received: 0
	Signals delivered: 0
	Page size (bytes): 4096
	Exit status: 0
