/home/riomus/runs/sfora-connected-control-batch-execution-source-v1/command.sh: OK
Running as unit: sfora-connected-control-batch-execution-observation-v1.service; invocation ID: 38c88f6153a646b2a0fecd3d5d2fc757
/home/riomus/runs/sfora-connected-control-batch-execution-source-v1/observe_connected_control_batch_execution.py: OK
/home/riomus/runs/sfora-connected-control-batch-execution-source-v1/test_connected_control_batch_execution.py: OK
/home/riomus/runs/sfora-connected-control-batch-execution-source-v1/execution.json: OK
/home/riomus/runs/sfora-connected-control-batch-execution-source-v1/authority.json: OK
/home/riomus/runs/sfora-connected-gallery-freshness-source-v3/diagnose_connected_gallery_freshness.py: OK
/home/riomus/runs/sfora-connected-gallery-freshness-source-v3/execution.json: OK
/home/riomus/runs/sfora-connected-gallery-freshness-source-v3/authority.json: OK
/home/riomus/.local/share/uv/python/cpython-3.13.9-linux-aarch64-gnu/bin/python3.13: OK
/home/riomus/runs/sfora-native256-initialized-cpu-final-footer-v1.py: OK
/home/riomus/runs/sfora-native256-stop-cgroup-footer-v1.py: OK
Traceback (most recent call last):
  File "/home/riomus/runs/sfora-connected-control-batch-execution-source-v1/observe_connected_control_batch_execution.py", line 581, in <module>
    module.run(args)
    ~~~~~~~~~~^^^^^^
  File "/home/riomus/runs/sfora-connected-control-batch-execution-source-v1/observe_connected_control_batch_execution.py", line 556, in run
    diagnostic.cleanup_error(error, actions)
    ~~~~~~~~~~~~~~~~~~~~~~~~^^^^^^^^^^^^^^^^
  File "/home/riomus/runs/sfora-connected-gallery-freshness-source-v3/diagnose_connected_gallery_freshness.py", line 281, in cleanup_error
    raise failures[0]
  File "/home/riomus/runs/sfora-connected-gallery-freshness-source-v3/diagnose_connected_gallery_freshness.py", line 274, in cleanup_error
    try:callback()
        ~~~~~~~~^^
  File "/home/riomus/runs/sfora-connected-control-batch-execution-source-v1/observe_connected_control_batch_execution.py", line 475, in final_resources
    diagnostic.final_state(budget, source, initializer, before, rng, flags, receipt)
    ~~~~~~~~~~~~~~~~~~~~~~^^^^^^^^^^^^^^^^^^^^^^^^^^^^^^^^^^^^^^^^^^^^^^^^^^^^^^^^^^
  File "/home/riomus/runs/sfora-connected-gallery-freshness-source-v3/diagnose_connected_gallery_freshness.py", line 781, in final_state
    after=source.cgroup_memory();unit=Path(before['path']).name.removesuffix('.service')
  File "/home/riomus/runs/sfora-connected-mlp-cpu-v6/candidate-179061-bundle/qualify_siglip2_substrate_cpu.py", line 519, in cgroup_memory
    require(all(int(events.get(key, '-1')) == 0 for key in ('oom', 'oom_kill', 'max')), 'cgroup memory failure event')
    ~~~~~~~^^^^^^^^^^^^^^^^^^^^^^^^^^^^^^^^^^^^^^^^^^^^^^^^^^^^^^^^^^^^^^^^^^^^^^^^^^^^^^^^^^^^^^^^^^^^^^^^^^^^^^^^^^^
  File "/home/riomus/runs/sfora-connected-mlp-cpu-v6/candidate-179061-bundle/qualify_siglip2_substrate_cpu.py", line 46, in require
    raise ValueError(message)
ValueError: cgroup memory failure event
FINAL_CGROUP {"command_exit_status": 1, "invocation_id": "38c88f6153a646b2a0fecd3d5d2fc757", "path": "/sys/fs/cgroup/user.slice/user-1000.slice/user@1000.service/app.slice/sfora-connected-control-batch-execution-observation-v1.service", "values": {"memory.current": "5241335808", "memory.events": "low 0\nhigh 0\nmax 678\noom 0\noom_kill 0\noom_group_kill 0", "memory.max": "8589934592", "memory.peak": "8589934592", "memory.stat": "anon 6000640\nfile 5214871552\nkernel 19161088\nkernel_stack 65536\npagetables 319488\nsec_pagetables 0\npercpu 2112\nsock 0\nvmalloc 0\nshmem 0\nzswap 0\nzswapped 0\nfile_mapped 0\nfile_dirty 0\nfile_writeback 0\nswapcached 0\nanon_thp 0\nfile_thp 0\nshmem_thp 0\ninactive_anon 0\nactive_anon 5906432\ninactive_file 4950347776\nactive_file 264523776\nunevictable 0\nslab_reclaimable 18637688\nslab_unreclaimable 129336\nslab 18767024\nworkingset_refault_anon 0\nworkingset_refault_file 465\nworkingset_activate_anon 0\nworkingset_activate_file 290\nworkingset_restore_anon 0\nworkingset_restore_file 0\nworkingset_nodereclaim 0\npgdemote_kswapd 0\npgdemote_direct 0\npgdemote_khugepaged 0\npgdemote_proactive 0\npgpromote_success 0\npgscan 218586\npgsteal 217880\npswpin 0\npswpout 0\npgscan_kswapd 0\npgscan_direct 218586\npgscan_khugepaged 0\npgscan_proactive 0\npgsteal_kswapd 0\npgsteal_direct 217880\npgsteal_khugepaged 0\npgsteal_proactive 0\npgfault 1701046\npgmajfault 5038\npgrefill 318\npgactivate 1993\npgdeactivate 0\npglazyfree 0\npglazyfreed 0\nswpin_zero 0\nswpout_zero 0\nzswpin 0\nzswpout 0\nzswpwb 0\nthp_fault_alloc 907\nthp_collapse_alloc 1\nthp_swpout 0\nthp_swpout_fallback 0\nnuma_pages_migrated 0\nnuma_pte_updates 0\nnuma_hint_faults 0", "memory.swap.current": "0", "memory.swap.max": "0", "memory.swap.peak": "0"}}
Command exited with non-zero status 1
	Command being timed: "/bin/bash /home/riomus/runs/sfora-connected-control-batch-execution-source-v1/command.sh"
	User time (seconds): 127.86
	System time (seconds): 6.71
	Percent of CPU this job got: 87%
	Elapsed (wall clock) time (h:mm:ss or m:ss): 2:34.20
	Average shared text size (kbytes): 0
	Average unshared data size (kbytes): 0
	Average stack size (kbytes): 0
	Average total size (kbytes): 0
	Maximum resident set size (kbytes): 3742148
	Average resident set size (kbytes): 0
	Major (requiring I/O) page faults: 5041
	Minor (reclaiming a frame) page faults: 600970
	Voluntary context switches: 146061
	Involuntary context switches: 1810
	Swaps: 0
	File system inputs: 52463408
	File system outputs: 8
	Socket messages sent: 0
	Socket messages received: 0
	Signals delivered: 0
	Page size (bytes): 4096
	Exit status: 1
STOP_CGROUP {"exit_code": "exited", "exit_status": "1", "invocation_id": "38c88f6153a646b2a0fecd3d5d2fc757", "path": "/sys/fs/cgroup/user.slice/user-1000.slice/user@1000.service/app.slice/sfora-connected-control-batch-execution-observation-v1.service", "service_result": "exit-code", "values": {"memory.current": "5240889344", "memory.events": "low 0\nhigh 0\nmax 678\noom 0\noom_kill 0\noom_group_kill 0", "memory.max": "8589934592", "memory.peak": "8589934592", "memory.stat": "anon 5439488\nfile 5214871552\nkernel 18804736\nkernel_stack 0\npagetables 98304\nsec_pagetables 0\npercpu 1056\nsock 0\nvmalloc 0\nshmem 0\nzswap 0\nzswapped 0\nfile_mapped 0\nfile_dirty 0\nfile_writeback 0\nswapcached 0\nanon_thp 0\nfile_thp 0\nshmem_thp 0\ninactive_anon 0\nactive_anon 5332992\ninactive_file 4950347776\nactive_file 264523776\nunevictable 0\nslab_reclaimable 18629728\nslab_unreclaimable 58640\nslab 18688368\nworkingset_refault_anon 0\nworkingset_refault_file 465\nworkingset_activate_anon 0\nworkingset_activate_file 290\nworkingset_restore_anon 0\nworkingset_restore_file 0\nworkingset_nodereclaim 0\npgdemote_kswapd 0\npgdemote_direct 0\npgdemote_khugepaged 0\npgdemote_proactive 0\npgpromote_success 0\npgscan 218586\npgsteal 217880\npswpin 0\npswpout 0\npgscan_kswapd 0\npgscan_direct 218586\npgscan_khugepaged 0\npgscan_proactive 0\npgsteal_kswapd 0\npgsteal_direct 217880\npgsteal_khugepaged 0\npgsteal_proactive 0\npgfault 1702567\npgmajfault 5038\npgrefill 318\npgactivate 1993\npgdeactivate 0\npglazyfree 0\npglazyfreed 0\nswpin_zero 0\nswpout_zero 0\nzswpin 0\nzswpout 0\nzswpwb 0\nthp_fault_alloc 907\nthp_collapse_alloc 1\nthp_swpout 0\nthp_swpout_fallback 0\nnuma_pages_migrated 0\nnuma_pte_updates 0\nnuma_hint_faults 0", "memory.swap.current": "0", "memory.swap.max": "0", "memory.swap.peak": "0"}}
Finished with result: exit-code
Main processes terminated with: code=exited/status=1
Service runtime: 2min 34.242s
CPU time consumed: 2min 14.597s
Memory peak: 8.0G
Memory swap peak: 0B
