...................
----------------------------------------------------------------------
Ran 19 tests in 48.404s

OK
	Command being timed: "python3 -B scripts/test_connected_gallery_freshness.py"
	User time (seconds): 46.62
	System time (seconds): 0.44
	Percent of CPU this job got: 97%
	Elapsed (wall clock) time (h:mm:ss or m:ss): 0:48.52
	Average shared text size (kbytes): 0
	Average unshared data size (kbytes): 0
	Average stack size (kbytes): 0
	Average total size (kbytes): 0
	Maximum resident set size (kbytes): 353824
	Average resident set size (kbytes): 0
	Major (requiring I/O) page faults: 0
	Minor (reclaiming a frame) page faults: 131331
	Voluntary context switches: 234
	Involuntary context switches: 7586
	Swaps: 0
	File system inputs: 31256
	File system outputs: 0
	Socket messages sent: 0
	Socket messages received: 0
	Signals delivered: 0
	Page size (bytes): 4096
	Exit status: 0
