/home/riomus/runs/sfora-cudnn-wheel-provenance-source-v1/command.sh: OK
Running as unit: sfora-cudnn-wheel-provenance-v1.service; invocation ID: 78fd3394bbcb438da184aececc6189fe
/home/riomus/.local/share/uv/python/cpython-3.13.9-linux-aarch64-gnu/bin/python3.13: OK
/home/riomus/runs/sfora-cudnn-wheel-provenance-source-v1/execution.json: OK
/home/riomus/runs/sfora-cudnn-wheel-provenance-source-v1/authority.json: OK
/home/riomus/runs/sfora-cudnn-wheel-provenance-source-v1/installed-evidence.json: OK
/home/riomus/runs/sfora-native256-initialized-cpu-final-footer-v1.py: OK
/home/riomus/runs/sfora-native256-stop-cgroup-footer-v1.py: OK
/home/riomus/runs/sfora-cudnn-wheel-provenance-source-v1/qualify_cudnn_wheel_provenance.py: OK
/home/riomus/runs/sfora-cudnn-wheel-provenance-source-v1/test_cudnn_wheel_provenance.py: OK
{"native_authority_admitted": false, "pass": true, "wall_seconds": 16.321539503056556}
/home/riomus/.local/share/uv/python/cpython-3.13.9-linux-aarch64-gnu/bin/python3.13: OK
/home/riomus/runs/sfora-cudnn-wheel-provenance-source-v1/execution.json: OK
/home/riomus/runs/sfora-cudnn-wheel-provenance-source-v1/authority.json: OK
/home/riomus/runs/sfora-cudnn-wheel-provenance-source-v1/installed-evidence.json: OK
/home/riomus/runs/sfora-native256-initialized-cpu-final-footer-v1.py: OK
/home/riomus/runs/sfora-native256-stop-cgroup-footer-v1.py: OK
/home/riomus/runs/sfora-cudnn-wheel-provenance-source-v1/qualify_cudnn_wheel_provenance.py: OK
/home/riomus/runs/sfora-cudnn-wheel-provenance-source-v1/test_cudnn_wheel_provenance.py: OK
FINAL_CGROUP {"command_exit_status": 0, "invocation_id": "78fd3394bbcb438da184aececc6189fe", "path": "/sys/fs/cgroup/user.slice/user-1000.slice/user@1000.service/app.slice/sfora-cudnn-wheel-provenance-v1.service", "values": {"memory.current": "1026686976", "memory.events": "low 0\nhigh 0\nmax 0\noom 0\noom_kill 0\noom_group_kill 0", "memory.max": "8589934592", "memory.peak": "1035268096", "memory.stat": "anon 5980160\nfile 941514752\nkernel 78602240\nkernel_stack 65536\npagetables 344064\nsec_pagetables 0\npercpu 2464\nsock 0\nvmalloc 0\nshmem 0\nzswap 0\nzswapped 0\nfile_mapped 1097728\nfile_dirty 421888\nfile_writeback 0\nswapcached 0\nanon_thp 0\nfile_thp 0\nshmem_thp 0\ninactive_anon 0\nactive_anon 5824512\ninactive_file 937254912\nactive_file 4259840\nunevictable 0\nslab_reclaimable 78058568\nslab_unreclaimable 114200\nslab 78172768\nworkingset_refault_anon 0\nworkingset_refault_file 0\nworkingset_activate_anon 0\nworkingset_activate_file 0\nworkingset_restore_anon 0\nworkingset_restore_file 0\nworkingset_nodereclaim 0\npgdemote_kswapd 0\npgdemote_direct 0\npgdemote_khugepaged 0\npgdemote_proactive 0\npgpromote_success 0\npgscan 0\npgsteal 0\npswpin 0\npswpout 0\npgscan_kswapd 0\npgscan_direct 0\npgscan_khugepaged 0\npgscan_proactive 0\npgsteal_kswapd 0\npgsteal_direct 0\npgsteal_khugepaged 0\npgsteal_proactive 0\npgfault 66833\npgmajfault 56\npgrefill 0\npgactivate 0\npgdeactivate 0\npglazyfree 0\npglazyfreed 0\nswpin_zero 0\nswpout_zero 0\nzswpin 0\nzswpout 0\nzswpwb 0\nthp_fault_alloc 0\nthp_collapse_alloc 0\nthp_swpout 0\nthp_swpout_fallback 0\nnuma_pages_migrated 0\nnuma_pte_updates 0\nnuma_hint_faults 0", "memory.swap.current": "0", "memory.swap.max": "0", "memory.swap.peak": "0"}}
	Command being timed: "/bin/bash -c set -e; sudo -n /bin/sync; sudo -n /bin/sh -c "echo 3 > /proc/sys/vm/drop_caches"; exec /bin/bash /home/riomus/runs/sfora-cudnn-wheel-provenance-source-v1/command.sh"
	User time (seconds): 4.16
	System time (seconds): 1.73
	Percent of CPU this job got: 35%
	Elapsed (wall clock) time (h:mm:ss or m:ss): 0:16.78
	Average shared text size (kbytes): 0
	Average unshared data size (kbytes): 0
	Average stack size (kbytes): 0
	Average total size (kbytes): 0
	Maximum resident set size (kbytes): 32580
	Average resident set size (kbytes): 0
	Major (requiring I/O) page faults: 55
	Minor (reclaiming a frame) page faults: 66609
	Voluntary context switches: 21405
	Involuntary context switches: 87
	Swaps: 0
	File system inputs: 970824
	File system outputs: 868464
	Socket messages sent: 0
	Socket messages received: 0
	Signals delivered: 0
	Page size (bytes): 4096
	Exit status: 0
STOP_CGROUP {"exit_code": "exited", "exit_status": "0", "invocation_id": "78fd3394bbcb438da184aececc6189fe", "path": "/sys/fs/cgroup/user.slice/user-1000.slice/user@1000.service/app.slice/sfora-cudnn-wheel-provenance-v1.service", "service_result": "success", "values": {"memory.current": "1026269184", "memory.events": "low 0\nhigh 0\nmax 0\noom 0\noom_kill 0\noom_group_kill 0", "memory.max": "8589934592", "memory.peak": "1035268096", "memory.stat": "anon 5402624\nfile 941514752\nkernel 78217216\nkernel_stack 0\npagetables 106496\nsec_pagetables 0\npercpu 1408\nsock 0\nvmalloc 0\nshmem 0\nzswap 0\nzswapped 0\nfile_mapped 1118208\nfile_dirty 421888\nfile_writeback 0\nswapcached 0\nanon_thp 0\nfile_thp 0\nshmem_thp 0\ninactive_anon 0\nactive_anon 5402624\ninactive_file 937254912\nactive_file 4259840\nunevictable 0\nslab_reclaimable 78059480\nslab_unreclaimable 40704\nslab 78100184\nworkingset_refault_anon 0\nworkingset_refault_file 0\nworkingset_activate_anon 0\nworkingset_activate_file 0\nworkingset_restore_anon 0\nworkingset_restore_file 0\nworkingset_nodereclaim 0\npgdemote_kswapd 0\npgdemote_direct 0\npgdemote_khugepaged 0\npgdemote_proactive 0\npgpromote_success 0\npgscan 0\npgsteal 0\npswpin 0\npswpout 0\npgscan_kswapd 0\npgscan_direct 0\npgscan_khugepaged 0\npgscan_proactive 0\npgsteal_kswapd 0\npgsteal_direct 0\npgsteal_khugepaged 0\npgsteal_proactive 0\npgfault 68345\npgmajfault 56\npgrefill 0\npgactivate 0\npgdeactivate 0\npglazyfree 0\npglazyfreed 0\nswpin_zero 0\nswpout_zero 0\nzswpin 0\nzswpout 0\nzswpwb 0\nthp_fault_alloc 0\nthp_collapse_alloc 0\nthp_swpout 0\nthp_swpout_fallback 0\nnuma_pages_migrated 0\nnuma_pte_updates 0\nnuma_hint_faults 0", "memory.swap.current": "0", "memory.swap.max": "0", "memory.swap.peak": "0"}}
Finished with result: success
Main processes terminated with: code=exited/status=0
Service runtime: 16.824s
CPU time consumed: 5.921s
Memory peak: 987.3M
Memory swap peak: 0B
