/home/riomus/runs/sfora-so400-quadratic-fresh-copy-source-v1/command.sh: OK
Running as unit: sfora-so400-quadratic-fresh-copy-control-179061-v1.service; invocation ID: 699cb4c455db4a21924bb7eac2bd2c65
/home/riomus/runs/sfora-so400-quadratic-fresh-copy-source-v1/compare_quadratic_fresh_copy.py: OK
/home/riomus/runs/sfora-so400-quadratic-fresh-copy-source-v1/test_compare_quadratic_fresh_copy.py: OK
/home/riomus/runs/sfora-so400-quadratic-fresh-copy-source-v1/execution.json: OK
/home/riomus/runs/sfora-so400-quadratic-fresh-copy-source-v1/original-mechanics-authority.json: OK
/home/riomus/runs/sfora-so400-quadratic-fresh-copy-source-v1/authority.json: OK
/home/riomus/.local/share/uv/python/cpython-3.13.9-linux-aarch64-gnu/bin/python3.13: OK
/home/riomus/runs/sfora-so400-quadratic-readout-source-v6/quadratic_encoder_frames.py: OK
/home/riomus/runs/sfora-so400-quadratic-readout-source-v5/quadratic_encoder_frames.py: OK
/home/riomus/runs/sfora-so400-quadratic-readout-source-v5/quadratic_readout.py: OK
/home/riomus/runs/sfora-so400-quadratic-readout-source-v5/test_siglip2_quadratic_readout.py: OK
/home/riomus/runs/sfora-so400-quadratic-readout-source-v5/train_siglip2_quadratic_readout.py: OK
/home/riomus/runs/sfora-so400-quadratic-readout-source-v5/execution.json: OK
/home/riomus/runs/sfora-native256-initialized-cpu-final-footer-v1.py: OK
/home/riomus/runs/sfora-native256-stop-cgroup-footer-v1.py: OK
Fresh-copy diagnostic rejected: no lower proposed paired median; intervention rejected
FINAL_CGROUP {"command_exit_status": 1, "invocation_id": "699cb4c455db4a21924bb7eac2bd2c65", "path": "/sys/fs/cgroup/user.slice/user-1000.slice/user@1000.service/app.slice/sfora-so400-quadratic-fresh-copy-control-179061-v1.service", "values": {"memory.current": "626868224", "memory.events": "low 0\nhigh 0\nmax 0\noom 0\noom_kill 0\noom_group_kill 0", "memory.max": "8589934592", "memory.peak": "1499631616", "memory.stat": "anon 5861376\nfile 584298496\nkernel 34795520\nkernel_stack 65536\npagetables 344064\nsec_pagetables 0\npercpu 2112\nsock 0\nvmalloc 0\nshmem 0\nzswap 0\nzswapped 0\nfile_mapped 40960\nfile_dirty 36864\nfile_writeback 0\nswapcached 0\nanon_thp 0\nfile_thp 2097152\nshmem_thp 0\ninactive_anon 0\nactive_anon 5775360\ninactive_file 127488000\nactive_file 456810496\nunevictable 0\nslab_reclaimable 34230752\nslab_unreclaimable 132336\nslab 34363088\nworkingset_refault_anon 0\nworkingset_refault_file 0\nworkingset_activate_anon 0\nworkingset_activate_file 0\nworkingset_restore_anon 0\nworkingset_restore_file 0\nworkingset_nodereclaim 0\npgdemote_kswapd 0\npgdemote_direct 0\npgdemote_khugepaged 0\npgdemote_proactive 0\npgpromote_success 0\npgscan 0\npgsteal 0\npswpin 0\npswpout 0\npgscan_kswapd 0\npgscan_direct 0\npgscan_khugepaged 0\npgscan_proactive 0\npgsteal_kswapd 0\npgsteal_direct 0\npgsteal_khugepaged 0\npgsteal_proactive 0\npgfault 261192\npgmajfault 5081\npgrefill 0\npgactivate 0\npgdeactivate 0\npglazyfree 0\npglazyfreed 0\nswpin_zero 0\nswpout_zero 0\nzswpin 0\nzswpout 0\nzswpwb 0\nthp_fault_alloc 91\nthp_collapse_alloc 0\nthp_swpout 0\nthp_swpout_fallback 0\nnuma_pages_migrated 0\nnuma_pte_updates 0\nnuma_hint_faults 0", "memory.swap.current": "0", "memory.swap.max": "0", "memory.swap.peak": "0"}}
Command exited with non-zero status 1
	Command being timed: "/bin/bash /home/riomus/runs/sfora-so400-quadratic-fresh-copy-source-v1/command.sh"
	User time (seconds): 30.35
	System time (seconds): 8.20
	Percent of CPU this job got: 40%
	Elapsed (wall clock) time (h:mm:ss or m:ss): 1:34.58
	Average shared text size (kbytes): 0
	Average unshared data size (kbytes): 0
	Average stack size (kbytes): 0
	Average total size (kbytes): 0
	Maximum resident set size (kbytes): 1275868
	Average resident set size (kbytes): 0
	Major (requiring I/O) page faults: 5079
	Minor (reclaiming a frame) page faults: 255939
	Voluntary context switches: 258417
	Involuntary context switches: 283
	Swaps: 0
	File system inputs: 94503848
	File system outputs: 6272
	Socket messages sent: 0
	Socket messages received: 0
	Signals delivered: 0
	Page size (bytes): 4096
	Exit status: 1
STOP_CGROUP {"exit_code": "exited", "exit_status": "1", "invocation_id": "699cb4c455db4a21924bb7eac2bd2c65", "path": "/sys/fs/cgroup/user.slice/user-1000.slice/user@1000.service/app.slice/sfora-so400-quadratic-fresh-copy-control-179061-v1.service", "service_result": "exit-code", "values": {"memory.current": "626241536", "memory.events": "low 0\nhigh 0\nmax 0\noom 0\noom_kill 0\noom_group_kill 0", "memory.max": "8589934592", "memory.peak": "1499631616", "memory.stat": "anon 5292032\nfile 584298496\nkernel 34381824\nkernel_stack 0\npagetables 102400\nsec_pagetables 0\npercpu 1760\nsock 0\nvmalloc 0\nshmem 0\nzswap 0\nzswapped 0\nfile_mapped 0\nfile_dirty 36864\nfile_writeback 0\nswapcached 0\nanon_thp 0\nfile_thp 2097152\nshmem_thp 0\ninactive_anon 0\nactive_anon 5259264\ninactive_file 127488000\nactive_file 456810496\nunevictable 0\nslab_reclaimable 34223464\nslab_unreclaimable 29264\nslab 34252728\nworkingset_refault_anon 0\nworkingset_refault_file 0\nworkingset_activate_anon 0\nworkingset_activate_file 0\nworkingset_restore_anon 0\nworkingset_restore_file 0\nworkingset_nodereclaim 0\npgdemote_kswapd 0\npgdemote_direct 0\npgdemote_khugepaged 0\npgdemote_proactive 0\npgpromote_success 0\npgscan 0\npgsteal 0\npswpin 0\npswpout 0\npgscan_kswapd 0\npgscan_direct 0\npgscan_khugepaged 0\npgscan_proactive 0\npgsteal_kswapd 0\npgsteal_direct 0\npgsteal_khugepaged 0\npgsteal_proactive 0\npgfault 262675\npgmajfault 5081\npgrefill 0\npgactivate 0\npgdeactivate 0\npglazyfree 0\npglazyfreed 0\nswpin_zero 0\nswpout_zero 0\nzswpin 0\nzswpout 0\nzswpwb 0\nthp_fault_alloc 91\nthp_collapse_alloc 0\nthp_swpout 0\nthp_swpout_fallback 0\nnuma_pages_migrated 0\nnuma_pte_updates 0\nnuma_hint_faults 0", "memory.swap.current": "0", "memory.swap.max": "0", "memory.swap.peak": "0"}}
Finished with result: exit-code
Main processes terminated with: code=exited/status=1
Service runtime: 1min 34.642s
CPU time consumed: 38.588s
Memory peak: 1.3G
Memory swap peak: 0B
