PASS exact original-owner closure/authority/context, unchanged original readers, CPU/payload/CLI/guard/UNIT/VAL and live snapshot falsifiers
PASS prospective score700/export1500 boundaries/caps; historical CPU launch/source binding rejected; fresh ownCPU500 required
PASS evaluator v6 origin, v3 CPU rejection, phase tampering, exact source/AST inverse
PASS initializer runtime: real restore/direct/canonical RED500 -> phase GREEN; unchanged predicates/origins
PASS witness scan: inverse source/AST, fresh occurrences, ordered owner, bounded/joined workers, negatives
PASS exact runtime/CPU/batch/historical source and historical test inverses
PASS executed producer-shaped full mechanics receipt: first17/steps/missing/tamper negatives
PASS real original terminal AST: connected/gradient/control seams and binding/log/cgroup falsifiers
PASS source-only connected MLP contracts/falsifiers; native UNRUN
PASS connected evaluator source-only affected suite
	Command being timed: "timeout 120s python3 scripts/test_connected_mlp_evaluation.py --source-only"
	User time (seconds): 10.09
	System time (seconds): 0.23
	Percent of CPU this job got: 82%
	Elapsed (wall clock) time (h:mm:ss or m:ss): 0:12.45
	Average shared text size (kbytes): 0
	Average unshared data size (kbytes): 0
	Average stack size (kbytes): 0
	Average total size (kbytes): 0
	Maximum resident set size (kbytes): 92004
	Average resident set size (kbytes): 0
	Major (requiring I/O) page faults: 1
	Minor (reclaiming a frame) page faults: 29025
	Voluntary context switches: 708
	Involuntary context switches: 5188
	Swaps: 0
	File system inputs: 39272
	File system outputs: 2144
	Socket messages sent: 0
	Socket messages received: 0
	Signals delivered: 0
	Page size (bytes): 4096
	Exit status: 0
