PASS exact original-owner closure/authority/context, unchanged original readers, CPU/payload/CLI/guard/UNIT/VAL and live snapshot falsifiers
PASS prospective score700/export1500 boundaries/caps; historical CPU launch/source binding rejected; fresh ownCPU500 required
PASS evaluator v6 origin, v3 CPU rejection, phase tampering, exact source/AST inverse
PASS connected evaluator source-only nested binding
	Command being timed: "timeout 120s python3 scripts/test_connected_mlp_evaluation.py --source-only --narrow"
	User time (seconds): 2.22
	System time (seconds): 0.08
	Percent of CPU this job got: 87%
	Elapsed (wall clock) time (h:mm:ss or m:ss): 0:02.63
	Average shared text size (kbytes): 0
	Average unshared data size (kbytes): 0
	Average stack size (kbytes): 0
	Average total size (kbytes): 0
	Maximum resident set size (kbytes): 88304
	Average resident set size (kbytes): 0
	Major (requiring I/O) page faults: 0
	Minor (reclaiming a frame) page faults: 25636
	Voluntary context switches: 93
	Involuntary context switches: 475
	Swaps: 0
	File system inputs: 9312
	File system outputs: 8
	Socket messages sent: 0
	Socket messages received: 0
	Signals delivered: 0
	Page size (bytes): 4096
	Exit status: 0
