Traceback (most recent call last):
  File "/home/rb/worktrees/sfora-connected-original-export-owner-20261007/scripts/test_connected_mlp_evaluation.py", line 505, in <module>
    main()
    ~~~~^^
  File "/home/rb/worktrees/sfora-connected-original-export-owner-20261007/scripts/test_connected_mlp_evaluation.py", line 481, in main
    original_owner_contract(e)
    ~~~~~~~~~~~~~~~~~~~~~~~^^^
  File "/home/rb/worktrees/sfora-connected-original-export-owner-20261007/scripts/test_connected_mlp_evaluation.py", line 469, in original_owner_contract
    assert hasattr(e, 'original_owner_context'), 'missing original-owner admission composition'
           ~~~~~~~^^^^^^^^^^^^^^^^^^^^^^^^^^^^^
AssertionError: missing original-owner admission composition
Command exited with non-zero status 1
	Command being timed: "timeout 120s python3 scripts/test_connected_mlp_evaluation.py --source-only --narrow"
	User time (seconds): 0.14
	System time (seconds): 0.02
	Percent of CPU this job got: 82%
	Elapsed (wall clock) time (h:mm:ss or m:ss): 0:00.20
	Average shared text size (kbytes): 0
	Average unshared data size (kbytes): 0
	Average stack size (kbytes): 0
	Average total size (kbytes): 0
	Maximum resident set size (kbytes): 40656
	Average resident set size (kbytes): 0
	Major (requiring I/O) page faults: 10
	Minor (reclaiming a frame) page faults: 7445
	Voluntary context switches: 19
	Involuntary context switches: 61
	Swaps: 0
	File system inputs: 5856
	File system outputs: 704
	Socket messages sent: 0
	Socket messages received: 0
	Signals delivered: 0
	Page size (bytes): 4096
	Exit status: 1
