/home/riomus/runs/sfora-compact-evaluator-path-diagnostic-v1/command.sh: OK
Running as unit: sfora-compact-evaluator-path-diagnostic-v1.service; invocation ID: f132e1bee4324c72866119c3c30b4b07
/home/riomus/runs/sfora-compact-evaluator-path-diagnostic-v1/diagnostic.py: OK
/home/riomus/.local/share/uv/python/cpython-3.13.9-linux-aarch64-gnu/bin/python3.13: OK
/home/riomus/runs/sfora-native256-initialized-cpu-final-footer-v1.py: OK
/home/riomus/runs/sfora-native256-stop-cgroup-footer-v1.py: OK
/home/riomus/runs/sfora-so400-compact-ranking-evaluation-reference-v1/evaluate_siglip2_nearest_ranking.py: OK
/home/riomus/runs/sfora-so400-compact-ranking-evaluation-reference-v1/execution.json: OK
/home/riomus/runs/sfora-so400-compact-ranking-evaluation-reference-v1/test_nearest_ranking_evaluation.py: OK
/home/riomus/runs/sfora-so400-compact-ranking-evaluation-source-v2/authority-first-cpu-v1.json: OK
/home/riomus/runs/sfora-so400-compact-ranking-evaluation-source-v2/evaluate_siglip2_compact_ranking.py: OK
/home/riomus/runs/sfora-so400-compact-ranking-evaluation-source-v2/execution.json: OK
/home/riomus/runs/sfora-so400-compact-ranking-evaluation-source-v2/test_compact_ranking_evaluation.py: OK
/home/riomus/runs/sfora-so400-compact-ranking-train-candidate-179061-v3/bundle/bundle.json: OK
/home/riomus/runs/sfora-so400-compact-ranking-train-candidate-179061-v3/receipt.json: OK
/home/riomus/runs/sfora-so400-compact-ranking-train-candidate-179061-v3/resume.pt: OK
/home/riomus/runs/sfora-so400-compact-ranking-train-control-179061-v3/bundle/bundle.json: OK
/home/riomus/runs/sfora-so400-compact-ranking-train-control-179061-v3/receipt.json: OK
/home/riomus/runs/sfora-so400-compact-ranking-train-control-179061-v3/resume.pt: OK
/home/riomus/runs/sfora-so400-compact-ranking-train-source-v7/authority-train-candidate-179061-v3.json: OK
/home/riomus/runs/sfora-so400-compact-ranking-train-source-v7/authority-train-control-179061-v3.json: OK
/home/riomus/runs/sfora-so400-compact-ranking-train-source-v7/execution.json: OK
/home/riomus/runs/sfora-so400-compact-ranking-train-source-v7/test_siglip2_compact_ranking.py: OK
/home/riomus/runs/sfora-so400-compact-ranking-train-source-v7/train-candidate-179061-v3.log: OK
/home/riomus/runs/sfora-so400-compact-ranking-train-source-v7/train-control-179061-v3.log: OK
/home/riomus/runs/sfora-so400-compact-ranking-train-source-v7/train_siglip2_compact_ranking.py: OK
/home/riomus/runs/sfora-so400-genuine-view-evaluation-source-v4/evaluate_siglip2_genuine_views.py: OK
/home/riomus/runs/sfora-so400-genuine-view-evaluation-source-v4/execution.json: OK
/home/riomus/runs/sfora-so400-genuine-view-evaluation-source-v4/test_siglip2_genuine_view_evaluation.py: OK
/home/riomus/runs/sfora-so400-signed-concat-evaluation-source-v2/evaluate_siglip2_prototype_residual.py: OK
/home/riomus/runs/sfora-so400-signed-concat-evaluation-source-v2/execution.json: OK
/home/riomus/runs/sfora-so400-signed-concat-evaluation-source-v2/test_siglip2_prototype_residual_evaluation.py: OK
CANONICAL_PATH_DIAGNOSTIC {"absolute": true, "diagnostic_only": true, "exists": false, "expected": "None", "function": "canonical", "line": 207, "message": "canonical file required", "path": "/home/riomus/runs/sfora-so400-signed-concat-evaluation-source-v2/score-selection-v1.log", "regular_file": false, "resolved": "/home/riomus/runs/sfora-so400-signed-concat-evaluation-source-v2/score-selection-v1.log", "source": "/home/riomus/runs/sfora-native256-adaptation-source-v6/train_siglip2_substrate_adaptation.py", "symlink": false}
  File "/home/riomus/runs/sfora-compact-evaluator-path-diagnostic-v1/diagnostic.py", line 43, in <module>
    runpy.run_path(script,run_name='__main__')
  File "<frozen runpy>", line 287, in run_path
  File "<frozen runpy>", line 98, in _run_module_code
  File "<frozen runpy>", line 88, in _run_code
  File "/home/riomus/runs/sfora-so400-compact-ranking-evaluation-source-v2/evaluate_siglip2_compact_ranking.py", line 1131, in <module>
    main()
  File "/home/riomus/runs/sfora-so400-compact-ranking-evaluation-source-v2/evaluate_siglip2_compact_ranking.py", line 1124, in main
    result=run(args)
  File "/home/riomus/runs/sfora-so400-compact-ranking-evaluation-source-v2/evaluate_siglip2_compact_ranking.py", line 1084, in run
    context=authority(args); before=native_start(context)
  File "/home/riomus/runs/sfora-so400-compact-ranking-evaluation-source-v2/evaluate_siglip2_compact_ranking.py", line 461, in authority
    final = terminal_reader(legacy['admission'],archived,native.CONCAT_TERMINAL,500,guards)
  File "<prototype evaluator original log reader>", line 497, in admit_terminal
  File "/home/riomus/runs/sfora-native256-adaptation-source-v6/train_siglip2_substrate_adaptation.py", line 225, in bound_file
    path = self.register(guards, path, expected, size)
  File "/home/riomus/runs/sfora-native256-adaptation-source-v6/train_siglip2_substrate_adaptation.py", line 215, in register
    path = self.canonical(path)
  File "/home/riomus/runs/sfora-native256-adaptation-source-v6/train_siglip2_substrate_adaptation.py", line 207, in canonical
    require(path.is_absolute() and path.resolve() == path and path.is_file(), 'canonical file required')
  File "/home/riomus/runs/sfora-native256-adaptation-source-v6/train_siglip2_substrate_adaptation.py", line 81, in require
    raise ValueError(message)
Compact-ranking evaluation rejected: canonical file required
FINAL_CGROUP {"command_exit_status": 1, "invocation_id": "f132e1bee4324c72866119c3c30b4b07", "path": "/sys/fs/cgroup/user.slice/user-1000.slice/user@1000.service/app.slice/sfora-compact-evaluator-path-diagnostic-v1.service", "values": {"memory.current": "233549824", "memory.events": "low 0\nhigh 0\nmax 0\noom 0\noom_kill 0\noom_group_kill 0", "memory.max": "8589934592", "memory.peak": "559783936", "memory.stat": "anon 5992448\nfile 137105408\nkernel 88236032\nkernel_stack 65536\npagetables 339968\nsec_pagetables 0\npercpu 2112\nsock 0\nvmalloc 0\nshmem 0\nzswap 0\nzswapped 0\nfile_mapped 1097728\nfile_dirty 0\nfile_writeback 0\nswapcached 0\nanon_thp 0\nfile_thp 0\nshmem_thp 0\ninactive_anon 0\nactive_anon 5824512\ninactive_file 132956160\nactive_file 4145152\nunevictable 0\nslab_reclaimable 87706144\nslab_unreclaimable 114392\nslab 87820536\nworkingset_refault_anon 0\nworkingset_refault_file 0\nworkingset_activate_anon 0\nworkingset_activate_file 0\nworkingset_restore_anon 0\nworkingset_restore_file 0\nworkingset_nodereclaim 0\npgdemote_kswapd 0\npgdemote_direct 0\npgdemote_khugepaged 0\npgdemote_proactive 0\npgpromote_success 0\npgscan 0\npgsteal 0\npswpin 0\npswpout 0\npgscan_kswapd 0\npgscan_direct 0\npgscan_khugepaged 0\npgscan_proactive 0\npgsteal_kswapd 0\npgsteal_direct 0\npgsteal_khugepaged 0\npgsteal_proactive 0\npgfault 99212\npgmajfault 60\npgrefill 0\npgactivate 0\npgdeactivate 0\npglazyfree 0\npglazyfreed 0\nswpin_zero 0\nswpout_zero 0\nzswpin 0\nzswpout 0\nzswpwb 0\nthp_fault_alloc 0\nthp_collapse_alloc 0\nthp_swpout 0\nthp_swpout_fallback 0\nnuma_pages_migrated 0\nnuma_pte_updates 0\nnuma_hint_faults 0", "memory.swap.current": "0", "memory.swap.max": "0", "memory.swap.peak": "0"}}
Command exited with non-zero status 1
	Command being timed: "/bin/bash -c set -e; sudo -n /bin/sync; sudo -n /bin/sh -c "echo 3 > /proc/sys/vm/drop_caches"; exec /bin/bash /home/riomus/runs/sfora-compact-evaluator-path-diagnostic-v1/command.sh"
	User time (seconds): 35.53
	System time (seconds): 7.98
	Percent of CPU this job got: 52%
	Elapsed (wall clock) time (h:mm:ss or m:ss): 1:23.24
	Average shared text size (kbytes): 0
	Average unshared data size (kbytes): 0
	Average stack size (kbytes): 0
	Average total size (kbytes): 0
	Maximum resident set size (kbytes): 235808
	Average resident set size (kbytes): 0
	Major (requiring I/O) page faults: 59
	Minor (reclaiming a frame) page faults: 98984
	Voluntary context switches: 240509
	Involuntary context switches: 303
	Swaps: 0
	File system inputs: 89373160
	File system outputs: 0
	Socket messages sent: 0
	Socket messages received: 0
	Signals delivered: 0
	Page size (bytes): 4096
	Exit status: 1
STOP_CGROUP {"exit_code": "exited", "exit_status": "1", "invocation_id": "f132e1bee4324c72866119c3c30b4b07", "path": "/sys/fs/cgroup/user.slice/user-1000.slice/user@1000.service/app.slice/sfora-compact-evaluator-path-diagnostic-v1.service", "service_result": "exit-code", "values": {"memory.current": "233148416", "memory.events": "low 0\nhigh 0\nmax 0\noom 0\noom_kill 0\noom_group_kill 0", "memory.max": "8589934592", "memory.peak": "559783936", "memory.stat": "anon 5414912\nfile 137105408\nkernel 87846912\nkernel_stack 0\npagetables 98304\nsec_pagetables 0\npercpu 1408\nsock 0\nvmalloc 0\nshmem 0\nzswap 0\nzswapped 0\nfile_mapped 1118208\nfile_dirty 0\nfile_writeback 0\nswapcached 0\nanon_thp 0\nfile_thp 0\nshmem_thp 0\ninactive_anon 0\nactive_anon 5398528\ninactive_file 132956160\nactive_file 4145152\nunevictable 0\nslab_reclaimable 87705632\nslab_unreclaimable 27440\nslab 87733072\nworkingset_refault_anon 0\nworkingset_refault_file 0\nworkingset_activate_anon 0\nworkingset_activate_file 0\nworkingset_restore_anon 0\nworkingset_restore_file 0\nworkingset_nodereclaim 0\npgdemote_kswapd 0\npgdemote_direct 0\npgdemote_khugepaged 0\npgdemote_proactive 0\npgpromote_success 0\npgscan 0\npgsteal 0\npswpin 0\npswpout 0\npgscan_kswapd 0\npgscan_direct 0\npgscan_khugepaged 0\npgscan_proactive 0\npgsteal_kswapd 0\npgsteal_direct 0\npgsteal_khugepaged 0\npgsteal_proactive 0\npgfault 100727\npgmajfault 60\npgrefill 0\npgactivate 0\npgdeactivate 0\npglazyfree 0\npglazyfreed 0\nswpin_zero 0\nswpout_zero 0\nzswpin 0\nzswpout 0\nzswpwb 0\nthp_fault_alloc 0\nthp_collapse_alloc 0\nthp_swpout 0\nthp_swpout_fallback 0\nnuma_pages_migrated 0\nnuma_pte_updates 0\nnuma_hint_faults 0", "memory.swap.current": "0", "memory.swap.max": "0", "memory.swap.peak": "0"}}
Finished with result: exit-code
Main processes terminated with: code=exited/status=1
Service runtime: 1min 23.296s
CPU time consumed: 43.552s
Memory peak: 533.8M
Memory swap peak: 0B
