2026-09-26T19:48:52+02:00 spark-2751 systemd[3489]: Started sfora-sop-true-freeze-full-179027-v1.service - /bin/bash /home/riomus/runs/run_sop_siglip2_true_freeze_seed_gate.sh full 179027.
2026-09-26T19:48:52+02:00 spark-2751 bash[248460]: START mode=full arm=control updates=1000
2026-09-26T19:49:01+02:00 spark-2751 bash[248489]: [transformers] Model config: bos_token_id must be `None` or an integer within the vocabulary (between 0 and 31999), got 49406. This may result in unexpected behavior.
2026-09-26T19:49:01+02:00 spark-2751 bash[248489]: [transformers] Model config: eos_token_id must be `None` or an integer within the vocabulary (between 0 and 31999), got 49407. This may result in unexpected behavior.
2026-09-26T19:49:02+02:00 spark-2751 bash[248489]: [292B blob data]
2026-09-26T19:50:02+02:00 spark-2751 bash[248489]: {"step": 50, "loss": 11.992805480957031, "arcface": 8.19350814819336, "rank": 0.474912166595459, "elapsed_seconds": 59.66108921030536}
2026-09-26T19:50:59+02:00 spark-2751 bash[248489]: {"step": 100, "loss": 10.227487564086914, "arcface": 7.238018989562988, "rank": 0.3736836314201355, "elapsed_seconds": 117.16542361909524}
2026-09-26T19:51:57+02:00 spark-2751 bash[248489]: {"step": 150, "loss": 7.7972187995910645, "arcface": 5.688509941101074, "rank": 0.2635886073112488, "elapsed_seconds": 174.62101903837174}
2026-09-26T19:52:54+02:00 spark-2751 bash[248489]: {"step": 200, "loss": 9.308528900146484, "arcface": 6.339921951293945, "rank": 0.3710758090019226, "elapsed_seconds": 232.11990038817748}
2026-09-26T19:53:52+02:00 spark-2751 bash[248489]: {"step": 250, "loss": 10.050247192382812, "arcface": 7.136153221130371, "rank": 0.3642616868019104, "elapsed_seconds": 289.6592324790545}
2026-09-26T19:54:49+02:00 spark-2751 bash[248489]: {"step": 300, "loss": 7.9103851318359375, "arcface": 5.837086200714111, "rank": 0.25916236639022827, "elapsed_seconds": 347.1635800912045}
2026-09-26T19:55:47+02:00 spark-2751 bash[248489]: {"step": 350, "loss": 8.145002365112305, "arcface": 5.857038974761963, "rank": 0.2859954237937927, "elapsed_seconds": 404.673788939137}
2026-09-26T19:56:44+02:00 spark-2751 bash[248489]: {"step": 400, "loss": 8.745418548583984, "arcface": 6.442971229553223, "rank": 0.28780585527420044, "elapsed_seconds": 462.1170556819998}
2026-09-26T19:57:42+02:00 spark-2751 bash[248489]: {"step": 450, "loss": 8.038686752319336, "arcface": 6.032989025115967, "rank": 0.25071215629577637, "elapsed_seconds": 519.5916341943666}
2026-09-26T19:58:39+02:00 spark-2751 bash[248489]: {"step": 500, "loss": 7.5142669677734375, "arcface": 5.288586139678955, "rank": 0.2782101035118103, "elapsed_seconds": 577.0246284590103}
2026-09-26T19:59:37+02:00 spark-2751 bash[248489]: {"step": 550, "loss": 10.512414932250977, "arcface": 7.376616477966309, "rank": 0.39197486639022827, "elapsed_seconds": 634.4661542819813}
2026-09-26T20:00:34+02:00 spark-2751 bash[248489]: {"step": 600, "loss": 9.048569679260254, "arcface": 6.602424621582031, "rank": 0.30576813220977783, "elapsed_seconds": 691.8745214343071}
2026-09-26T20:01:32+02:00 spark-2751 bash[248489]: {"step": 650, "loss": 9.250532150268555, "arcface": 6.570026397705078, "rank": 0.33506327867507935, "elapsed_seconds": 749.2870801691897}
2026-09-26T20:02:29+02:00 spark-2751 bash[248489]: {"step": 700, "loss": 9.459297180175781, "arcface": 6.999540328979492, "rank": 0.3074696660041809, "elapsed_seconds": 806.7356278053485}
2026-09-26T20:03:26+02:00 spark-2751 bash[248489]: {"step": 750, "loss": 7.116248607635498, "arcface": 5.358396053314209, "rank": 0.21973156929016113, "elapsed_seconds": 864.1587161561474}
2026-09-26T20:04:24+02:00 spark-2751 bash[248489]: {"step": 800, "loss": 7.144682884216309, "arcface": 5.293229103088379, "rank": 0.2314317226409912, "elapsed_seconds": 921.640187824145}
2026-09-26T20:05:21+02:00 spark-2751 bash[248489]: {"step": 850, "loss": 9.06796646118164, "arcface": 6.600691318511963, "rank": 0.3084094524383545, "elapsed_seconds": 979.0404292060994}
2026-09-26T20:06:19+02:00 spark-2751 bash[248489]: {"step": 900, "loss": 12.628400802612305, "arcface": 9.41054916381836, "rank": 0.40223145484924316, "elapsed_seconds": 1036.4962109923363}
2026-09-26T20:07:16+02:00 spark-2751 bash[248489]: {"step": 950, "loss": 8.098522186279297, "arcface": 6.160989284515381, "rank": 0.24219167232513428, "elapsed_seconds": 1093.915492882952}
2026-09-26T20:08:14+02:00 spark-2751 bash[248489]: {"step": 1000, "loss": 8.789302825927734, "arcface": 7.074199199676514, "rank": 0.2143878936767578, "elapsed_seconds": 1151.2991333543323}
2026-09-26T20:08:52+02:00 spark-2751 bash[248489]: {"export_batches": 100}
2026-09-26T20:09:26+02:00 spark-2751 bash[248489]: {"export_batches": 200}
2026-09-26T20:10:00+02:00 spark-2751 bash[248489]: {"export_batches": 300}
2026-09-26T20:10:34+02:00 spark-2751 bash[248489]: {"export_batches": 400}
2026-09-26T20:11:09+02:00 spark-2751 bash[248489]: {"export_batches": 500}
2026-09-26T20:11:43+02:00 spark-2751 bash[248489]: {"export_batches": 600}
2026-09-26T20:12:20+02:00 spark-2751 bash[248489]: {"export_batches": 700}
2026-09-26T20:12:54+02:00 spark-2751 bash[248489]: {"export_batches": 800}
2026-09-26T20:13:28+02:00 spark-2751 bash[248489]: {"export_batches": 900}
2026-09-26T20:13:42+02:00 spark-2751 bash[248489]: {"arm": "float_rank_member_bank", "training_seconds": 1151.3735378971323, "quality_r1": 0.9251410015381986}
2026-09-26T20:13:44+02:00 spark-2751 bash[248460]: DONE arm=control receipt_sha256=35b7f82ccfa44adf9bfb58c02711d017dea88a49e7b8e859b9437458a9fa8c4a
2026-09-26T20:13:44+02:00 spark-2751 bash[248460]: START mode=full arm=freeze updates=1000
2026-09-26T20:13:53+02:00 spark-2751 bash[253965]: [transformers] Model config: bos_token_id must be `None` or an integer within the vocabulary (between 0 and 31999), got 49406. This may result in unexpected behavior.
2026-09-26T20:13:53+02:00 spark-2751 bash[253965]: [transformers] Model config: eos_token_id must be `None` or an integer within the vocabulary (between 0 and 31999), got 49407. This may result in unexpected behavior.
2026-09-26T20:13:54+02:00 spark-2751 bash[253965]: [300B blob data]
2026-09-26T20:14:34+02:00 spark-2751 bash[253965]: {"step": 50, "loss": 10.657095909118652, "arcface": 7.015671253204346, "rank": 0.45517808198928833, "elapsed_seconds": 39.527299489825964}
2026-09-26T20:15:11+02:00 spark-2751 bash[253965]: {"step": 100, "loss": 10.03744888305664, "arcface": 7.0494537353515625, "rank": 0.37349939346313477, "elapsed_seconds": 77.05213643377647}
2026-09-26T20:15:49+02:00 spark-2751 bash[253965]: {"step": 150, "loss": 6.763187885284424, "arcface": 4.7531514167785645, "rank": 0.2512545585632324, "elapsed_seconds": 114.56289804074913}
2026-09-26T20:16:26+02:00 spark-2751 bash[253965]: {"step": 200, "loss": 8.72742748260498, "arcface": 5.773373603820801, "rank": 0.36925673484802246, "elapsed_seconds": 152.10577785875648}
2026-09-26T20:17:04+02:00 spark-2751 bash[253965]: {"step": 250, "loss": 9.299773216247559, "arcface": 6.669734954833984, "rank": 0.3287547826766968, "elapsed_seconds": 189.64524394785985}
2026-09-26T20:17:41+02:00 spark-2751 bash[253965]: {"step": 300, "loss": 7.508932590484619, "arcface": 5.461808204650879, "rank": 0.25589054822921753, "elapsed_seconds": 227.14391548465937}
2026-09-26T20:18:19+02:00 spark-2751 bash[253965]: {"step": 350, "loss": 7.083556175231934, "arcface": 5.014955043792725, "rank": 0.2585751414299011, "elapsed_seconds": 264.61112234089524}
2026-09-26T20:18:56+02:00 spark-2751 bash[253965]: {"step": 400, "loss": 8.31072998046875, "arcface": 5.889631271362305, "rank": 0.3026372790336609, "elapsed_seconds": 302.0977437226102}
2026-09-26T20:19:34+02:00 spark-2751 bash[253965]: {"step": 450, "loss": 8.067756652832031, "arcface": 6.1296000480651855, "rank": 0.2422696352005005, "elapsed_seconds": 339.5874202377163}
2026-09-26T20:20:11+02:00 spark-2751 bash[253965]: {"step": 500, "loss": 6.061768531799316, "arcface": 4.162295818328857, "rank": 0.23743408918380737, "elapsed_seconds": 377.0227698246017}
2026-09-26T20:20:49+02:00 spark-2751 bash[253965]: {"step": 550, "loss": 9.880154609680176, "arcface": 6.785091400146484, "rank": 0.3868829011917114, "elapsed_seconds": 414.4867157828994}
2026-09-26T20:21:26+02:00 spark-2751 bash[253965]: {"step": 600, "loss": 8.543068885803223, "arcface": 6.090638160705566, "rank": 0.30655384063720703, "elapsed_seconds": 451.9936176217161}
2026-09-26T20:22:04+02:00 spark-2751 bash[253965]: {"step": 650, "loss": 8.096931457519531, "arcface": 5.808806419372559, "rank": 0.2860156297683716, "elapsed_seconds": 489.4513391307555}
2026-09-26T20:22:41+02:00 spark-2751 bash[253965]: {"step": 700, "loss": 8.429067611694336, "arcface": 6.151187419891357, "rank": 0.2847350835800171, "elapsed_seconds": 526.9138990896754}
2026-09-26T20:23:19+02:00 spark-2751 bash[253965]: {"step": 750, "loss": 6.492022514343262, "arcface": 4.889593124389648, "rank": 0.20030367374420166, "elapsed_seconds": 564.3734080097638}
2026-09-26T20:23:56+02:00 spark-2751 bash[253965]: {"step": 800, "loss": 7.269682884216309, "arcface": 5.306546211242676, "rank": 0.2453920841217041, "elapsed_seconds": 601.8719734698534}
2026-09-26T20:24:34+02:00 spark-2751 bash[253965]: {"step": 850, "loss": 8.18885326385498, "arcface": 5.88991641998291, "rank": 0.2873671054840088, "elapsed_seconds": 639.3305938346311}
2026-09-26T20:25:11+02:00 spark-2751 bash[253965]: {"step": 900, "loss": 11.714800834655762, "arcface": 8.83413314819336, "rank": 0.3600834608078003, "elapsed_seconds": 676.8200946087018}
2026-09-26T20:25:49+02:00 spark-2751 bash[253965]: {"step": 950, "loss": 7.273148059844971, "arcface": 5.60133171081543, "rank": 0.20897704362869263, "elapsed_seconds": 714.2807921478525}
2026-09-26T20:26:26+02:00 spark-2751 bash[253965]: {"step": 1000, "loss": 7.679656505584717, "arcface": 6.246917247772217, "rank": 0.1790924072265625, "elapsed_seconds": 751.706688541919}
2026-09-26T20:27:05+02:00 spark-2751 bash[253965]: {"export_batches": 100}
2026-09-26T20:27:38+02:00 spark-2751 bash[253965]: {"export_batches": 200}
2026-09-26T20:28:12+02:00 spark-2751 bash[253965]: {"export_batches": 300}
2026-09-26T20:28:45+02:00 spark-2751 bash[253965]: {"export_batches": 400}
2026-09-26T20:29:18+02:00 spark-2751 bash[253965]: {"export_batches": 500}
2026-09-26T20:29:52+02:00 spark-2751 bash[253965]: {"export_batches": 600}
2026-09-26T20:30:28+02:00 spark-2751 bash[253965]: {"export_batches": 700}
2026-09-26T20:31:01+02:00 spark-2751 bash[253965]: {"export_batches": 800}
2026-09-26T20:31:35+02:00 spark-2751 bash[253965]: {"export_batches": 900}
2026-09-26T20:31:49+02:00 spark-2751 bash[253965]: {"arm": "float_rank_member_bank", "training_seconds": 751.7781036379747, "quality_r1": 0.9270210220475132}
2026-09-26T20:31:51+02:00 spark-2751 bash[248460]: DONE arm=freeze receipt_sha256=9fe8e88615ebf653cb9f0ca890b7eac472d84297fbf78370ed3b1cc5bf77b633
2026-09-26T20:31:51+02:00 spark-2751 systemd[3489]: sfora-sop-true-freeze-full-179027-v1.service: Consumed 1h 2min 13.916s CPU time, 4.8G memory peak, 0B memory swap peak.
