Running as unit: sfora-image-anchor-identity-diagnostic-v1.service; invocation ID: 7920434ef6f645aa871f886454bae01f
{"counter": 128, "identity_differences": [{"checkpoint_type": "tuple", "checkpoint_value": "(0.9, 0.999)", "path": "identity.optimizer_defaults.betas", "receipt_type": "list", "receipt_value": "[0.9, 0.999]"}, {"checkpoint_type": "tuple", "checkpoint_value": "(0.9, 0.999)", "path": "identity.optimizer_groups[0].betas", "receipt_type": "list", "receipt_value": "[0.9, 0.999]"}], "images": 0, "json_canonical_identity_equals_receipt": true, "native_identity_equals_receipt": false, "numerical_flags_match_receipt": true, "observation_only": true, "payload_keys_match_original": true, "qualification_eligible": false, "quality_read": false, "schema_matches_original": true, "source_matches_receipt": true}
	Command being timed: "/home/riomus/group-learning/.venv/bin/python -B /home/riomus/runs/sfora-image-anchor-identity-diagnostic-v1.py"
	User time (seconds): 0.82
	System time (seconds): 0.22
	Percent of CPU this job got: 90%
	Elapsed (wall clock) time (h:mm:ss or m:ss): 0:01.16
	Average shared text size (kbytes): 0
	Average unshared data size (kbytes): 0
	Average stack size (kbytes): 0
	Average total size (kbytes): 0
	Maximum resident set size (kbytes): 627148
	Average resident set size (kbytes): 0
	Major (requiring I/O) page faults: 197
	Minor (reclaiming a frame) page faults: 87301
	Voluntary context switches: 562
	Involuntary context switches: 21
	Swaps: 0
	File system inputs: 214664
	File system outputs: 8
	Socket messages sent: 0
	Socket messages received: 0
	Signals delivered: 0
	Page size (bytes): 4096
	Exit status: 0
STOP_CGROUP {"exit_code": "exited", "exit_status": "0", "invocation_id": "7920434ef6f645aa871f886454bae01f", "path": "/sys/fs/cgroup/user.slice/user-1000.slice/user@1000.service/app.slice/sfora-image-anchor-identity-diagnostic-v1.service", "service_result": "success", "values": {"memory.current": "116559872", "memory.events": "low 0\nhigh 0\nmax 0\noom 0\noom_kill 0\noom_group_kill 0", "memory.max": "8589934592", "memory.peak": "432324608", "memory.stat": "anon 5419008\nfile 110006272\nkernel 495616\nkernel_stack 0\npagetables 98304\nsec_pagetables 0\npercpu 1408\nsock 0\nvmalloc 0\nshmem 0\nzswap 0\nzswapped 0\nfile_mapped 0\nfile_dirty 0\nfile_writeback 0\nswapcached 0\nanon_thp 0\nfile_thp 0\nshmem_thp 0\ninactive_anon 0\nactive_anon 5332992\ninactive_file 67723264\nactive_file 42283008\nunevictable 0\nslab_reclaimable 334504\nslab_unreclaimable 48464\nslab 382968\nworkingset_refault_anon 0\nworkingset_refault_file 0\nworkingset_activate_anon 0\nworkingset_activate_file 0\nworkingset_restore_anon 0\nworkingset_restore_file 0\nworkingset_nodereclaim 0\npgdemote_kswapd 0\npgdemote_direct 0\npgdemote_khugepaged 0\npgdemote_proactive 0\npgpromote_success 0\npgscan 0\npgsteal 0\npswpin 0\npswpout 0\npgscan_kswapd 0\npgscan_direct 0\npgscan_khugepaged 0\npgscan_proactive 0\npgsteal_kswapd 0\npgsteal_direct 0\npgsteal_khugepaged 0\npgsteal_proactive 0\npgfault 89181\npgmajfault 199\npgrefill 0\npgactivate 0\npgdeactivate 0\npglazyfree 0\npglazyfreed 0\nswpin_zero 0\nswpout_zero 0\nzswpin 0\nzswpout 0\nzswpwb 0\nthp_fault_alloc 1\nthp_collapse_alloc 0\nthp_swpout 0\nthp_swpout_fallback 0\nnuma_pages_migrated 0\nnuma_pte_updates 0\nnuma_hint_faults 0", "memory.swap.current": "0", "memory.swap.max": "0", "memory.swap.peak": "0"}}
Finished with result: success
Main processes terminated with: code=exited/status=0
Service runtime: 1.206s
CPU time consumed: 1.074s
Memory peak: 412.2M
Memory swap peak: 0B
