/home/riomus/runs/sfora-connected-encoder-backend-profile-source-v1/command.sh: OK
Running as unit: sfora-connected-encoder-backend-profile-v1.service; invocation ID: e16ed6fd033c4d03b9e862f4366a703c
/home/riomus/runs/sfora-connected-encoder-backend-profile-source-v1/qualify_connected_encoder_gradients.py: OK
/home/riomus/runs/sfora-connected-encoder-backend-profile-source-v1/test_connected_encoder_gradients.py: OK
/home/riomus/runs/sfora-connected-encoder-backend-profile-source-v1/train_siglip2_cached_readout.py: OK
/home/riomus/runs/sfora-connected-encoder-backend-profile-source-v1/connected_residual_readout.py: OK
/home/riomus/runs/sfora-connected-encoder-backend-profile-source-v1/prototype_residual_readout.py: OK
/home/riomus/runs/sfora-connected-encoder-backend-profile-source-v1/quadratic_readout.py: OK
/home/riomus/runs/sfora-connected-encoder-backend-profile-source-v1/authority.json: OK
/home/riomus/.local/share/uv/python/cpython-3.13.9-linux-aarch64-gnu/bin/python3.13: OK
/usr/lib/aarch64-linux-gnu/ld-linux-aarch64.so.1: OK
/usr/lib/aarch64-linux-gnu/libc.so.6: OK
/usr/lib/aarch64-linux-gnu/libcuda.so.580.159.03: OK
/usr/lib/aarch64-linux-gnu/libdl.so.2: OK
/usr/lib/aarch64-linux-gnu/libfribidi.so.0.4.0: OK
/usr/lib/aarch64-linux-gnu/libgcc_s.so.1: OK
/usr/lib/aarch64-linux-gnu/libm.so.6: OK
/usr/lib/aarch64-linux-gnu/libnvidia-ml.so.580.159.03: OK
/usr/lib/aarch64-linux-gnu/libpthread.so.0: OK
/usr/lib/aarch64-linux-gnu/librt.so.1: OK
/usr/lib/aarch64-linux-gnu/libstdc++.so.6.0.33: OK
/usr/lib/aarch64-linux-gnu/libutil.so.1: OK
/usr/lib/aarch64-linux-gnu/libz.so.1.3: OK
{"event": "BACKEND_PROFILE_BEGIN", "batch": 16, "seconds": 64170.125463754}
{"event": "BACKEND_PROFILE_END", "phases": 6}
{"pass": true, "engineering_only": true, "whole_seconds": 64.31346849699912}
/home/riomus/runs/sfora-connected-encoder-backend-profile-source-v1/qualify_connected_encoder_gradients.py: OK
/home/riomus/runs/sfora-connected-encoder-backend-profile-source-v1/test_connected_encoder_gradients.py: OK
/home/riomus/runs/sfora-connected-encoder-backend-profile-source-v1/train_siglip2_cached_readout.py: OK
/home/riomus/runs/sfora-connected-encoder-backend-profile-source-v1/connected_residual_readout.py: OK
/home/riomus/runs/sfora-connected-encoder-backend-profile-source-v1/prototype_residual_readout.py: OK
/home/riomus/runs/sfora-connected-encoder-backend-profile-source-v1/quadratic_readout.py: OK
/home/riomus/runs/sfora-connected-encoder-backend-profile-source-v1/authority.json: OK
/home/riomus/.local/share/uv/python/cpython-3.13.9-linux-aarch64-gnu/bin/python3.13: OK
/usr/lib/aarch64-linux-gnu/ld-linux-aarch64.so.1: OK
/usr/lib/aarch64-linux-gnu/libc.so.6: OK
/usr/lib/aarch64-linux-gnu/libcuda.so.580.159.03: OK
/usr/lib/aarch64-linux-gnu/libdl.so.2: OK
/usr/lib/aarch64-linux-gnu/libfribidi.so.0.4.0: OK
/usr/lib/aarch64-linux-gnu/libgcc_s.so.1: OK
/usr/lib/aarch64-linux-gnu/libm.so.6: OK
/usr/lib/aarch64-linux-gnu/libnvidia-ml.so.580.159.03: OK
/usr/lib/aarch64-linux-gnu/libpthread.so.0: OK
/usr/lib/aarch64-linux-gnu/librt.so.1: OK
/usr/lib/aarch64-linux-gnu/libstdc++.so.6.0.33: OK
/usr/lib/aarch64-linux-gnu/libutil.so.1: OK
/usr/lib/aarch64-linux-gnu/libz.so.1.3: OK
FINAL_CGROUP {"command_exit_status": 0, "invocation_id": "e16ed6fd033c4d03b9e862f4366a703c", "path": "/sys/fs/cgroup/user.slice/user-1000.slice/user@1000.service/app.slice/sfora-connected-encoder-backend-profile-v1.service", "values": {"memory.current": "992571392", "memory.events": "low 0\nhigh 0\nmax 0\noom 0\noom_kill 0\noom_group_kill 0", "memory.max": "8589934592", "memory.peak": "5956874240", "memory.stat": "anon 5988352\nfile 948928512\nkernel 36540416\nkernel_stack 65536\npagetables 348160\nsec_pagetables 0\npercpu 2112\nsock 0\nvmalloc 0\nshmem 0\nzswap 0\nzswapped 0\nfile_mapped 20480\nfile_dirty 888832\nfile_writeback 0\nswapcached 0\nanon_thp 0\nfile_thp 0\nshmem_thp 0\ninactive_anon 0\nactive_anon 5844992\ninactive_file 385384448\nactive_file 563544064\nunevictable 0\nslab_reclaimable 35995160\nslab_unreclaimable 113704\nslab 36108864\nworkingset_refault_anon 0\nworkingset_refault_file 0\nworkingset_activate_anon 0\nworkingset_activate_file 0\nworkingset_restore_anon 0\nworkingset_restore_file 0\nworkingset_nodereclaim 0\npgdemote_kswapd 0\npgdemote_direct 0\npgdemote_khugepaged 0\npgdemote_proactive 0\npgpromote_success 0\npgscan 0\npgsteal 0\npswpin 0\npswpout 0\npgscan_kswapd 0\npgscan_direct 0\npgscan_khugepaged 0\npgscan_proactive 0\npgsteal_kswapd 0\npgsteal_direct 0\npgsteal_khugepaged 0\npgsteal_proactive 0\npgfault 434314\npgmajfault 9069\npgrefill 0\npgactivate 0\npgdeactivate 0\npglazyfree 0\npglazyfreed 0\nswpin_zero 0\nswpout_zero 0\nzswpin 0\nzswpout 0\nzswpwb 0\nthp_fault_alloc 1022\nthp_collapse_alloc 0\nthp_swpout 0\nthp_swpout_fallback 0\nnuma_pages_migrated 0\nnuma_pte_updates 0\nnuma_hint_faults 0", "memory.swap.current": "0", "memory.swap.max": "0", "memory.swap.peak": "0"}}
	Command being timed: "/bin/bash -c set -e; sudo -n /bin/sync; sudo -n /bin/sh -c "echo 3 > /proc/sys/vm/drop_caches"; exec /bin/bash /home/riomus/runs/sfora-connected-encoder-backend-profile-source-v1/command.sh"
	User time (seconds): 57.54
	System time (seconds): 5.78
	Percent of CPU this job got: 95%
	Elapsed (wall clock) time (h:mm:ss or m:ss): 1:06.19
	Average shared text size (kbytes): 0
	Average unshared data size (kbytes): 0
	Average stack size (kbytes): 0
	Average total size (kbytes): 0
	Maximum resident set size (kbytes): 4375248
	Average resident set size (kbytes): 0
	Major (requiring I/O) page faults: 9068
	Minor (reclaiming a frame) page faults: 425080
	Voluntary context switches: 100827
	Involuntary context switches: 654
	Swaps: 0
	File system inputs: 24087696
	File system outputs: 1760
	Socket messages sent: 0
	Socket messages received: 0
	Signals delivered: 0
	Page size (bytes): 4096
	Exit status: 0
STOP_CGROUP {"exit_code": "exited", "exit_status": "0", "invocation_id": "e16ed6fd033c4d03b9e862f4366a703c", "path": "/sys/fs/cgroup/user.slice/user-1000.slice/user@1000.service/app.slice/sfora-connected-encoder-backend-profile-v1.service", "service_result": "success", "values": {"memory.current": "991895552", "memory.events": "low 0\nhigh 0\nmax 0\noom 0\noom_kill 0\noom_group_kill 0", "memory.max": "8589934592", "memory.peak": "5956874240", "memory.stat": "anon 5427200\nfile 948936704\nkernel 36155392\nkernel_stack 0\npagetables 102400\nsec_pagetables 0\npercpu 1408\nsock 0\nvmalloc 0\nshmem 0\nzswap 0\nzswapped 0\nfile_mapped 20480\nfile_dirty 892928\nfile_writeback 0\nswapcached 0\nanon_thp 0\nfile_thp 0\nshmem_thp 0\ninactive_anon 0\nactive_anon 5382144\ninactive_file 385388544\nactive_file 563544064\nunevictable 0\nslab_reclaimable 36002248\nslab_unreclaimable 26952\nslab 36029200\nworkingset_refault_anon 0\nworkingset_refault_file 0\nworkingset_activate_anon 0\nworkingset_activate_file 0\nworkingset_restore_anon 0\nworkingset_restore_file 0\nworkingset_nodereclaim 0\npgdemote_kswapd 0\npgdemote_direct 0\npgdemote_khugepaged 0\npgdemote_proactive 0\npgpromote_success 0\npgscan 0\npgsteal 0\npswpin 0\npswpout 0\npgscan_kswapd 0\npgscan_direct 0\npgscan_khugepaged 0\npgscan_proactive 0\npgsteal_kswapd 0\npgsteal_direct 0\npgsteal_khugepaged 0\npgsteal_proactive 0\npgfault 435834\npgmajfault 9069\npgrefill 0\npgactivate 0\npgdeactivate 0\npglazyfree 0\npglazyfreed 0\nswpin_zero 0\nswpout_zero 0\nzswpin 0\nzswpout 0\nzswpwb 0\nthp_fault_alloc 1022\nthp_collapse_alloc 0\nthp_swpout 0\nthp_swpout_fallback 0\nnuma_pages_migrated 0\nnuma_pte_updates 0\nnuma_hint_faults 0", "memory.swap.current": "0", "memory.swap.max": "0", "memory.swap.peak": "0"}}
Finished with result: success
Main processes terminated with: code=exited/status=0
Service runtime: 1min 6.243s
CPU time consumed: 1min 3.358s
Memory peak: 5.5G
Memory swap peak: 0B
