Running as unit: sfora-pe-l14-mechanics-v1.service; invocation ID: beff79d85a4e45238c4e88c6bb6d531d
{"calibration": {"fp16_fp32": [0.999942421913147, 0.9999042749404907, 0.9998528957366943, 0.9998070597648621], "cached_fresh_fp16": [0.9999969601631165, 0.9999967813491821, 0.9999967813491821, 0.999985933303833]}}
Traceback (most recent call last):
  File "/home/riomus/runs/sfora-pe-l14-v1/train_pe_l14.py", line 422, in <module>
    main()
    ~~~~^^
  File "/home/riomus/runs/sfora-pe-l14-v1/train_pe_l14.py", line 209, in main
    pair.cuda_budget("pe")
    ~~~~~~~~~~~~~~~~^^^^^^
  File "/home/riomus/runs/sfora-pe-l14-v1/train_inshop_pe_pair.py", line 109, in cuda_budget
    assert torch.cuda.max_memory_allocated() < (
           ^^^^^^^^^^^^^^^^^^^^^^^^^^^^^^^^^^^^^
        16_000_000_000 if arm == "large" else 10_000_000_000
        ^^^^^^^^^^^^^^^^^^^^^^^^^^^^^^^^^^^^^^^^^^^^^^^^^^^^
    )
    ^
AssertionError
Finished with result: exit-code
Main processes terminated with: code=exited/status=1
Service runtime: 15.786s
CPU time consumed: 18.452s
Memory peak: 256.0K
Memory swap peak: 0B
