Running as unit: sfora-pe-l14-final-mlp-pilot-v1.service; invocation ID: 33bf0990f9f04ebc92c7ae89a38e1a08
{"calibration": {"fp16_fp32": [0.9999428987503052, 0.9998918175697327, 0.9998489618301392, 0.9997812509536743], "cached_fresh_fp16": [0.9999956488609314, 0.9999966621398926, 0.9999969601631165, 0.9999903440475464]}}
{"phase": "resource-check", "peak_cuda_allocated_bytes": 1381723136, "current_cuda_allocated_bytes": 1327792640}
{"phase": "resource-check", "peak_cuda_allocated_bytes": 3525347328, "current_cuda_allocated_bytes": 1656569344}
{"step": 1, "seconds": 1.235282488167286, "loss": 4.131138324737549}
{"phase": "resource-check", "peak_cuda_allocated_bytes": 3729933312, "current_cuda_allocated_bytes": 1656569344}
{"step": 2, "seconds": 0.6956130457110703, "loss": 5.525903224945068}
{"phase": "resource-check", "peak_cuda_allocated_bytes": 3729933312, "current_cuda_allocated_bytes": 1656569344}
{"step": 3, "seconds": 0.6773207220248878, "loss": 5.717441082000732}
{"phase": "resource-check", "peak_cuda_allocated_bytes": 3729933312, "current_cuda_allocated_bytes": 1656569344}
{"step": 4, "seconds": 0.678022017236799, "loss": 4.53751802444458}
{"phase": "resource-check", "peak_cuda_allocated_bytes": 3729933312, "current_cuda_allocated_bytes": 1656569344}
{"step": 5, "seconds": 0.6778672821819782, "loss": 4.502857208251953}
{"phase": "resource-check", "peak_cuda_allocated_bytes": 3729933312, "current_cuda_allocated_bytes": 1656569344}
{"step": 6, "seconds": 0.6796887861564755, "loss": 6.048171043395996}
{"phase": "resource-check", "peak_cuda_allocated_bytes": 3729933312, "current_cuda_allocated_bytes": 1656569344}
{"step": 7, "seconds": 0.6331658777780831, "loss": 3.558985710144043}
{"phase": "resource-check", "peak_cuda_allocated_bytes": 3729933312, "current_cuda_allocated_bytes": 1656569344}
{"step": 8, "seconds": 0.6721791038289666, "loss": 4.0382399559021}
{"phase": "resource-check", "peak_cuda_allocated_bytes": 3729933312, "current_cuda_allocated_bytes": 1656569344}
{"step": 9, "seconds": 0.6787501932121813, "loss": 6.346229553222656}
{"phase": "resource-check", "peak_cuda_allocated_bytes": 3729933312, "current_cuda_allocated_bytes": 1656569344}
{"step": 10, "seconds": 0.6782220001332462, "loss": 4.185998439788818}
{"phase": "resource-check", "peak_cuda_allocated_bytes": 3729933312, "current_cuda_allocated_bytes": 1656569344}
{"step": 11, "seconds": 0.6324086622335017, "loss": 3.338721513748169}
{"phase": "resource-check", "peak_cuda_allocated_bytes": 3729933312, "current_cuda_allocated_bytes": 1656569344}
{"step": 12, "seconds": 0.6721909269690514, "loss": 1.8705122470855713}
{"phase": "resource-check", "peak_cuda_allocated_bytes": 3729933312, "current_cuda_allocated_bytes": 1656569344}
{"step": 13, "seconds": 0.6739624789915979, "loss": 5.097383499145508}
{"phase": "resource-check", "peak_cuda_allocated_bytes": 3729933312, "current_cuda_allocated_bytes": 1656569344}
{"step": 14, "seconds": 0.6745803193189204, "loss": 5.031765460968018}
{"phase": "resource-check", "peak_cuda_allocated_bytes": 3729933312, "current_cuda_allocated_bytes": 1656569344}
{"step": 15, "seconds": 0.6761435987427831, "loss": 5.34579610824585}
{"phase": "resource-check", "peak_cuda_allocated_bytes": 3729933312, "current_cuda_allocated_bytes": 1656569344}
{"step": 16, "seconds": 0.6800603517331183, "loss": 4.984620094299316}
{"phase": "resource-check", "peak_cuda_allocated_bytes": 3729933312, "current_cuda_allocated_bytes": 1656569344}
{"step": 17, "seconds": 0.6745623662136495, "loss": 6.940713882446289}
{"phase": "resource-check", "peak_cuda_allocated_bytes": 3729933312, "current_cuda_allocated_bytes": 1656569344}
{"step": 18, "seconds": 0.6763828629627824, "loss": 4.231433868408203}
{"phase": "resource-check", "peak_cuda_allocated_bytes": 3729933312, "current_cuda_allocated_bytes": 1656569344}
{"step": 19, "seconds": 0.67786017479375, "loss": 7.832441806793213}
{"phase": "resource-check", "peak_cuda_allocated_bytes": 3729933312, "current_cuda_allocated_bytes": 1656569344}
{"step": 20, "seconds": 0.677776237949729, "loss": 3.4751245975494385}
{"phase": "resource-check", "peak_cuda_allocated_bytes": 3729933312, "current_cuda_allocated_bytes": 1656569344}
{"step": 21, "seconds": 0.6773460782133043, "loss": 3.5316035747528076}
{"phase": "resource-check", "peak_cuda_allocated_bytes": 3729933312, "current_cuda_allocated_bytes": 1656569344}
{"step": 22, "seconds": 0.673968605697155, "loss": 4.981263637542725}
{"phase": "resource-check", "peak_cuda_allocated_bytes": 3729933312, "current_cuda_allocated_bytes": 1656569344}
{"step": 23, "seconds": 0.680030653718859, "loss": 4.902347564697266}
{"phase": "resource-check", "peak_cuda_allocated_bytes": 3729933312, "current_cuda_allocated_bytes": 1656569344}
{"step": 24, "seconds": 0.6759908618405461, "loss": 4.206988334655762}
{"phase": "resource-check", "peak_cuda_allocated_bytes": 3729933312, "current_cuda_allocated_bytes": 1656569344}
{"step": 25, "seconds": 0.6775814210996032, "loss": 4.063144683837891}
{"phase": "resource-check", "peak_cuda_allocated_bytes": 3729933312, "current_cuda_allocated_bytes": 1656569344}
{"step": 26, "seconds": 0.6695430520921946, "loss": 4.384725570678711}
{"phase": "resource-check", "peak_cuda_allocated_bytes": 3729933312, "current_cuda_allocated_bytes": 1656569344}
{"step": 27, "seconds": 0.6322337621822953, "loss": 3.3205394744873047}
{"phase": "resource-check", "peak_cuda_allocated_bytes": 3729933312, "current_cuda_allocated_bytes": 1656569344}
{"step": 28, "seconds": 0.6765203168615699, "loss": 5.266512393951416}
{"phase": "resource-check", "peak_cuda_allocated_bytes": 3729933312, "current_cuda_allocated_bytes": 1656569344}
{"step": 29, "seconds": 0.6815632460638881, "loss": 3.668867588043213}
{"phase": "resource-check", "peak_cuda_allocated_bytes": 3729933312, "current_cuda_allocated_bytes": 1656569344}
{"step": 30, "seconds": 0.6787351332604885, "loss": 3.522037982940674}
{"phase": "resource-check", "peak_cuda_allocated_bytes": 3729933312, "current_cuda_allocated_bytes": 1656569344}
{"step": 31, "seconds": 0.6767044919542968, "loss": 2.287205934524536}
{"phase": "resource-check", "peak_cuda_allocated_bytes": 3729933312, "current_cuda_allocated_bytes": 1656569344}
{"step": 32, "seconds": 0.6726417392492294, "loss": 4.709593296051025}
{"phase": "resource-check", "peak_cuda_allocated_bytes": 3729933312, "current_cuda_allocated_bytes": 1656569344}
{"step": 33, "seconds": 0.6732764430344105, "loss": 3.769441604614258}
{"phase": "resource-check", "peak_cuda_allocated_bytes": 3729933312, "current_cuda_allocated_bytes": 1656569344}
{"step": 34, "seconds": 0.6765641239471734, "loss": 3.9472873210906982}
{"phase": "resource-check", "peak_cuda_allocated_bytes": 3729933312, "current_cuda_allocated_bytes": 1656569344}
{"step": 35, "seconds": 0.67860674764961, "loss": 3.4655094146728516}
{"phase": "resource-check", "peak_cuda_allocated_bytes": 3729933312, "current_cuda_allocated_bytes": 1656569344}
{"step": 36, "seconds": 0.6730814659968019, "loss": 4.382403373718262}
{"phase": "resource-check", "peak_cuda_allocated_bytes": 3729933312, "current_cuda_allocated_bytes": 1656569344}
{"step": 37, "seconds": 0.6748212110251188, "loss": 5.335537910461426}
{"phase": "resource-check", "peak_cuda_allocated_bytes": 3729933312, "current_cuda_allocated_bytes": 1656569344}
{"step": 38, "seconds": 0.6799604273401201, "loss": 4.045656204223633}
{"phase": "resource-check", "peak_cuda_allocated_bytes": 3729933312, "current_cuda_allocated_bytes": 1656569344}
{"step": 39, "seconds": 0.6779638822190464, "loss": 4.135835647583008}
{"phase": "resource-check", "peak_cuda_allocated_bytes": 3729933312, "current_cuda_allocated_bytes": 1656569344}
{"step": 40, "seconds": 0.6756891631521285, "loss": 4.930261135101318}
{"phase": "resource-check", "peak_cuda_allocated_bytes": 3729933312, "current_cuda_allocated_bytes": 1656569344}
{"step": 41, "seconds": 0.6824830989353359, "loss": 4.470539093017578}
{"phase": "resource-check", "peak_cuda_allocated_bytes": 3729933312, "current_cuda_allocated_bytes": 1656569344}
{"step": 42, "seconds": 0.632470928132534, "loss": 1.2774059772491455}
{"phase": "resource-check", "peak_cuda_allocated_bytes": 3729933312, "current_cuda_allocated_bytes": 1656569344}
{"step": 43, "seconds": 0.6333527518436313, "loss": 3.2497806549072266}
{"phase": "resource-check", "peak_cuda_allocated_bytes": 3729933312, "current_cuda_allocated_bytes": 1656569344}
{"step": 44, "seconds": 0.6768885850906372, "loss": 4.6671552658081055}
{"phase": "resource-check", "peak_cuda_allocated_bytes": 3729933312, "current_cuda_allocated_bytes": 1656569344}
{"step": 45, "seconds": 0.6773959458805621, "loss": 4.428359031677246}
{"phase": "resource-check", "peak_cuda_allocated_bytes": 3729933312, "current_cuda_allocated_bytes": 1656569344}
{"step": 46, "seconds": 0.678623482119292, "loss": 2.722777843475342}
{"phase": "resource-check", "peak_cuda_allocated_bytes": 3729933312, "current_cuda_allocated_bytes": 1656569344}
{"step": 47, "seconds": 0.67827935423702, "loss": 4.3893723487854}
{"phase": "resource-check", "peak_cuda_allocated_bytes": 3729933312, "current_cuda_allocated_bytes": 1656569344}
{"step": 48, "seconds": 0.6794022331014276, "loss": 2.108771800994873}
{"phase": "resource-check", "peak_cuda_allocated_bytes": 3729933312, "current_cuda_allocated_bytes": 1656569344}
{"step": 49, "seconds": 0.6746422653086483, "loss": 3.116997480392456}
{"phase": "resource-check", "peak_cuda_allocated_bytes": 3729933312, "current_cuda_allocated_bytes": 1656569344}
{"step": 50, "seconds": 0.6798805687576532, "loss": 3.3165860176086426}
{"phase": "resource-check", "peak_cuda_allocated_bytes": 3729933312, "current_cuda_allocated_bytes": 1656569344}
{"step": 51, "seconds": 0.6322106858715415, "loss": 0.9591780304908752}
{"phase": "resource-check", "peak_cuda_allocated_bytes": 3729933312, "current_cuda_allocated_bytes": 1656569344}
{"step": 52, "seconds": 0.6782273212447762, "loss": 3.9393930435180664}
{"phase": "resource-check", "peak_cuda_allocated_bytes": 3729933312, "current_cuda_allocated_bytes": 1656569344}
{"step": 53, "seconds": 0.6776713519357145, "loss": 4.017952919006348}
{"phase": "resource-check", "peak_cuda_allocated_bytes": 3729933312, "current_cuda_allocated_bytes": 1656569344}
{"step": 54, "seconds": 0.6702608549967408, "loss": 4.559548377990723}
{"phase": "resource-check", "peak_cuda_allocated_bytes": 3729933312, "current_cuda_allocated_bytes": 1656569344}
{"step": 55, "seconds": 0.678540472406894, "loss": 3.7356715202331543}
{"phase": "resource-check", "peak_cuda_allocated_bytes": 3729933312, "current_cuda_allocated_bytes": 1656569344}
{"step": 56, "seconds": 0.6766858641058207, "loss": 4.143749713897705}
{"phase": "resource-check", "peak_cuda_allocated_bytes": 3729933312, "current_cuda_allocated_bytes": 1656569344}
{"step": 57, "seconds": 0.6802358641289175, "loss": 6.668676853179932}
{"phase": "resource-check", "peak_cuda_allocated_bytes": 3729933312, "current_cuda_allocated_bytes": 1656569344}
{"step": 58, "seconds": 0.6771991909481585, "loss": 4.346590042114258}
{"phase": "resource-check", "peak_cuda_allocated_bytes": 3729933312, "current_cuda_allocated_bytes": 1656569344}
{"step": 59, "seconds": 0.6806406960822642, "loss": 4.41457462310791}
{"phase": "resource-check", "peak_cuda_allocated_bytes": 3729933312, "current_cuda_allocated_bytes": 1656569344}
{"step": 60, "seconds": 0.6781281349249184, "loss": 3.7105801105499268}
{"phase": "resource-check", "peak_cuda_allocated_bytes": 3729933312, "current_cuda_allocated_bytes": 1656569344}
{"step": 61, "seconds": 0.6317185889929533, "loss": 2.1114249229431152}
{"phase": "resource-check", "peak_cuda_allocated_bytes": 3729933312, "current_cuda_allocated_bytes": 1656569344}
{"step": 62, "seconds": 0.6737742619588971, "loss": 3.129380941390991}
{"phase": "resource-check", "peak_cuda_allocated_bytes": 3729933312, "current_cuda_allocated_bytes": 1656569344}
{"step": 63, "seconds": 0.680955926887691, "loss": 3.8805489540100098}
{"phase": "resource-check", "peak_cuda_allocated_bytes": 3729933312, "current_cuda_allocated_bytes": 1656569344}
{"step": 64, "seconds": 0.6764801656827331, "loss": 3.1600141525268555}
{"phase": "resource-check", "peak_cuda_allocated_bytes": 3729933312, "current_cuda_allocated_bytes": 1656569344}
{"step": 65, "seconds": 0.6793446308001876, "loss": 5.943211555480957}
{"phase": "resource-check", "peak_cuda_allocated_bytes": 3729933312, "current_cuda_allocated_bytes": 1656569344}
{"step": 66, "seconds": 0.6771983569487929, "loss": 4.721158027648926}
{"phase": "resource-check", "peak_cuda_allocated_bytes": 3729933312, "current_cuda_allocated_bytes": 1656569344}
{"step": 67, "seconds": 0.6784489662386477, "loss": 4.400398254394531}
{"phase": "resource-check", "peak_cuda_allocated_bytes": 3729933312, "current_cuda_allocated_bytes": 1656569344}
{"step": 68, "seconds": 0.6792534939013422, "loss": 5.939974784851074}
{"phase": "resource-check", "peak_cuda_allocated_bytes": 3729933312, "current_cuda_allocated_bytes": 1656569344}
{"step": 69, "seconds": 0.6760511887259781, "loss": 2.888497829437256}
{"phase": "resource-check", "peak_cuda_allocated_bytes": 3729933312, "current_cuda_allocated_bytes": 1656569344}
{"step": 70, "seconds": 0.6760748368687928, "loss": 3.1463441848754883}
{"phase": "resource-check", "peak_cuda_allocated_bytes": 3729933312, "current_cuda_allocated_bytes": 1656569344}
{"step": 71, "seconds": 0.6747929318808019, "loss": 3.1372623443603516}
{"phase": "resource-check", "peak_cuda_allocated_bytes": 3729933312, "current_cuda_allocated_bytes": 1656569344}
{"step": 72, "seconds": 0.6741919238120317, "loss": 3.4955766201019287}
{"phase": "resource-check", "peak_cuda_allocated_bytes": 3729933312, "current_cuda_allocated_bytes": 1656569344}
{"step": 73, "seconds": 0.6786677488125861, "loss": 2.7030186653137207}
{"phase": "resource-check", "peak_cuda_allocated_bytes": 3729933312, "current_cuda_allocated_bytes": 1656569344}
{"step": 74, "seconds": 0.6792413163930178, "loss": 3.9099783897399902}
{"phase": "resource-check", "peak_cuda_allocated_bytes": 3729933312, "current_cuda_allocated_bytes": 1656569344}
{"step": 75, "seconds": 0.6783789969049394, "loss": 4.279139518737793}
{"phase": "resource-check", "peak_cuda_allocated_bytes": 3729933312, "current_cuda_allocated_bytes": 1656569344}
{"step": 76, "seconds": 0.6353695946745574, "loss": 1.3159199953079224}
{"phase": "resource-check", "peak_cuda_allocated_bytes": 3729933312, "current_cuda_allocated_bytes": 1656569344}
{"step": 77, "seconds": 0.6351241380907595, "loss": 2.6390833854675293}
{"phase": "resource-check", "peak_cuda_allocated_bytes": 3729933312, "current_cuda_allocated_bytes": 1656569344}
{"step": 78, "seconds": 0.6815424365922809, "loss": 3.06864333152771}
{"phase": "resource-check", "peak_cuda_allocated_bytes": 3729933312, "current_cuda_allocated_bytes": 1656569344}
{"step": 79, "seconds": 0.678700243588537, "loss": 4.122786045074463}
{"phase": "resource-check", "peak_cuda_allocated_bytes": 3729933312, "current_cuda_allocated_bytes": 1656569344}
{"step": 80, "seconds": 0.6763014271855354, "loss": 2.941859245300293}
{"phase": "resource-check", "peak_cuda_allocated_bytes": 3729933312, "current_cuda_allocated_bytes": 1656569344}
{"step": 81, "seconds": 0.680250708013773, "loss": 3.2431235313415527}
{"phase": "resource-check", "peak_cuda_allocated_bytes": 3729933312, "current_cuda_allocated_bytes": 1656569344}
{"step": 82, "seconds": 0.6784997470676899, "loss": 4.058121204376221}
{"phase": "resource-check", "peak_cuda_allocated_bytes": 3729933312, "current_cuda_allocated_bytes": 1656569344}
{"step": 83, "seconds": 0.6780138271860778, "loss": 3.192017078399658}
{"phase": "resource-check", "peak_cuda_allocated_bytes": 3729933312, "current_cuda_allocated_bytes": 1656569344}
{"step": 84, "seconds": 0.6783587550744414, "loss": 5.300350189208984}
{"phase": "resource-check", "peak_cuda_allocated_bytes": 3729933312, "current_cuda_allocated_bytes": 1656569344}
{"step": 85, "seconds": 0.6796413469128311, "loss": 2.742276668548584}
{"phase": "resource-check", "peak_cuda_allocated_bytes": 3729933312, "current_cuda_allocated_bytes": 1656569344}
{"step": 86, "seconds": 0.6809604032896459, "loss": 3.6256096363067627}
{"phase": "resource-check", "peak_cuda_allocated_bytes": 3729933312, "current_cuda_allocated_bytes": 1656569344}
{"step": 87, "seconds": 0.6782554262317717, "loss": 2.990755558013916}
{"phase": "resource-check", "peak_cuda_allocated_bytes": 3729933312, "current_cuda_allocated_bytes": 1656569344}
{"step": 88, "seconds": 0.6813244349323213, "loss": 3.3627231121063232}
{"phase": "resource-check", "peak_cuda_allocated_bytes": 3729933312, "current_cuda_allocated_bytes": 1656569344}
{"step": 89, "seconds": 0.676731042098254, "loss": 5.228971481323242}
{"phase": "resource-check", "peak_cuda_allocated_bytes": 3729933312, "current_cuda_allocated_bytes": 1656569344}
{"step": 90, "seconds": 0.6789390738122165, "loss": 5.486869812011719}
{"phase": "resource-check", "peak_cuda_allocated_bytes": 3729933312, "current_cuda_allocated_bytes": 1656569344}
{"step": 91, "seconds": 0.6792183700017631, "loss": 2.563977003097534}
{"phase": "resource-check", "peak_cuda_allocated_bytes": 3729933312, "current_cuda_allocated_bytes": 1656569344}
{"step": 92, "seconds": 0.6796512813307345, "loss": 4.286170959472656}
{"phase": "resource-check", "peak_cuda_allocated_bytes": 3729933312, "current_cuda_allocated_bytes": 1656569344}
{"step": 93, "seconds": 0.6782898097299039, "loss": 2.206552028656006}
{"phase": "resource-check", "peak_cuda_allocated_bytes": 3729933312, "current_cuda_allocated_bytes": 1656569344}
{"step": 94, "seconds": 0.6750176320783794, "loss": 2.435760974884033}
{"phase": "resource-check", "peak_cuda_allocated_bytes": 3729933312, "current_cuda_allocated_bytes": 1656569344}
{"step": 95, "seconds": 0.6761874882504344, "loss": 4.353334426879883}
{"phase": "resource-check", "peak_cuda_allocated_bytes": 3729933312, "current_cuda_allocated_bytes": 1656569344}
{"step": 96, "seconds": 0.6825741301290691, "loss": 2.6098580360412598}
{"phase": "resource-check", "peak_cuda_allocated_bytes": 3729933312, "current_cuda_allocated_bytes": 1656569344}
{"step": 97, "seconds": 0.6807784968987107, "loss": 2.9307401180267334}
{"phase": "resource-check", "peak_cuda_allocated_bytes": 3729933312, "current_cuda_allocated_bytes": 1656569344}
{"step": 98, "seconds": 0.678592577110976, "loss": 2.948820114135742}
{"phase": "resource-check", "peak_cuda_allocated_bytes": 3729933312, "current_cuda_allocated_bytes": 1656569344}
{"step": 99, "seconds": 0.6791502558626235, "loss": 3.564133644104004}
{"phase": "resource-check", "peak_cuda_allocated_bytes": 3729933312, "current_cuda_allocated_bytes": 1656569344}
{"step": 100, "seconds": 0.6794183999300003, "loss": 3.0047078132629395}
{"phase": "resource-check", "peak_cuda_allocated_bytes": 3729933312, "current_cuda_allocated_bytes": 1401959424}
{"phase": "resource-check", "peak_cuda_allocated_bytes": 3810310656, "current_cuda_allocated_bytes": 2672493056}
{"phase": "strict-loaded-full-held", "peak_cuda_allocated_bytes": 3810310656, "current_cuda_allocated_bytes": 2672787968}
{"phase": "strict-loaded-full-held", "peak_cuda_allocated_bytes": 3810310656, "current_cuda_allocated_bytes": 2672787968}
{"phase": "strict-loaded-full-held", "peak_cuda_allocated_bytes": 3810310656, "current_cuda_allocated_bytes": 2672787968}
{"phase": "strict-loaded-full-held", "peak_cuda_allocated_bytes": 3810310656, "current_cuda_allocated_bytes": 2672787968}
{"phase": "strict-loaded-full-held", "peak_cuda_allocated_bytes": 3810310656, "current_cuda_allocated_bytes": 2672787968}
{"phase": "strict-loaded-full-held", "peak_cuda_allocated_bytes": 3810310656, "current_cuda_allocated_bytes": 2672787968}
{"phase": "strict-loaded-full-held", "peak_cuda_allocated_bytes": 3810310656, "current_cuda_allocated_bytes": 2672787968}
{"phase": "strict-loaded-full-held", "peak_cuda_allocated_bytes": 3810310656, "current_cuda_allocated_bytes": 2672787968}
{"phase": "strict-loaded-full-held", "peak_cuda_allocated_bytes": 3810310656, "current_cuda_allocated_bytes": 2672787968}
{"phase": "strict-loaded-full-held", "peak_cuda_allocated_bytes": 3810310656, "current_cuda_allocated_bytes": 2672787968}
{"phase": "strict-loaded-full-held", "peak_cuda_allocated_bytes": 3810310656, "current_cuda_allocated_bytes": 2672787968}
{"phase": "strict-loaded-full-held", "peak_cuda_allocated_bytes": 3810310656, "current_cuda_allocated_bytes": 2672787968}
{"phase": "strict-loaded-full-held", "peak_cuda_allocated_bytes": 3810310656, "current_cuda_allocated_bytes": 2672787968}
{"phase": "strict-loaded-full-held", "peak_cuda_allocated_bytes": 3810310656, "current_cuda_allocated_bytes": 2672787968}
{"phase": "strict-loaded-full-held", "peak_cuda_allocated_bytes": 3810310656, "current_cuda_allocated_bytes": 2672787968}
{"phase": "strict-loaded-full-held", "peak_cuda_allocated_bytes": 3810310656, "current_cuda_allocated_bytes": 2672787968}
{"phase": "strict-loaded-full-held", "peak_cuda_allocated_bytes": 3810310656, "current_cuda_allocated_bytes": 2672787968}
{"phase": "strict-loaded-full-held", "peak_cuda_allocated_bytes": 3810310656, "current_cuda_allocated_bytes": 2672787968}
{"phase": "strict-loaded-full-held", "peak_cuda_allocated_bytes": 3810310656, "current_cuda_allocated_bytes": 2672787968}
{"phase": "strict-loaded-full-held", "peak_cuda_allocated_bytes": 3810310656, "current_cuda_allocated_bytes": 2672787968}
{"phase": "strict-loaded-full-held", "peak_cuda_allocated_bytes": 3810310656, "current_cuda_allocated_bytes": 2672787968}
{"phase": "strict-loaded-full-held", "peak_cuda_allocated_bytes": 3810310656, "current_cuda_allocated_bytes": 2672787968}
{"phase": "strict-loaded-full-held", "peak_cuda_allocated_bytes": 3810310656, "current_cuda_allocated_bytes": 2672787968}
{"phase": "strict-loaded-full-held", "peak_cuda_allocated_bytes": 3810310656, "current_cuda_allocated_bytes": 2672787968}
{"phase": "strict-loaded-full-held", "peak_cuda_allocated_bytes": 3810310656, "current_cuda_allocated_bytes": 2672787968}
{"phase": "strict-loaded-full-held", "peak_cuda_allocated_bytes": 3810310656, "current_cuda_allocated_bytes": 2672787968}
{"phase": "strict-loaded-full-held", "peak_cuda_allocated_bytes": 3810310656, "current_cuda_allocated_bytes": 2672787968}
{"phase": "strict-loaded-full-held", "peak_cuda_allocated_bytes": 3810310656, "current_cuda_allocated_bytes": 2672787968}
{"phase": "strict-loaded-full-held", "peak_cuda_allocated_bytes": 3810310656, "current_cuda_allocated_bytes": 2672787968}
{"phase": "strict-loaded-full-held", "peak_cuda_allocated_bytes": 3810310656, "current_cuda_allocated_bytes": 2672787968}
{"phase": "strict-loaded-full-held", "peak_cuda_allocated_bytes": 3810310656, "current_cuda_allocated_bytes": 2672787968}
{"phase": "strict-loaded-full-held", "peak_cuda_allocated_bytes": 3810310656, "current_cuda_allocated_bytes": 2672787968}
{"phase": "strict-loaded-full-held", "peak_cuda_allocated_bytes": 3810310656, "current_cuda_allocated_bytes": 2672787968}
{"phase": "strict-loaded-full-held", "peak_cuda_allocated_bytes": 3810310656, "current_cuda_allocated_bytes": 2672787968}
{"phase": "strict-loaded-full-held", "peak_cuda_allocated_bytes": 3810310656, "current_cuda_allocated_bytes": 2672787968}
{"phase": "strict-loaded-full-held", "peak_cuda_allocated_bytes": 3810310656, "current_cuda_allocated_bytes": 2672787968}
{"phase": "strict-loaded-full-held", "peak_cuda_allocated_bytes": 3810310656, "current_cuda_allocated_bytes": 2672787968}
{"phase": "strict-loaded-full-held", "peak_cuda_allocated_bytes": 3810310656, "current_cuda_allocated_bytes": 2672787968}
{"phase": "strict-loaded-full-held", "peak_cuda_allocated_bytes": 3810310656, "current_cuda_allocated_bytes": 2672787968}
{"phase": "strict-loaded-full-held", "peak_cuda_allocated_bytes": 3810310656, "current_cuda_allocated_bytes": 2672787968}
{"phase": "strict-loaded-full-held", "peak_cuda_allocated_bytes": 3810310656, "current_cuda_allocated_bytes": 2672787968}
{"phase": "strict-loaded-full-held", "peak_cuda_allocated_bytes": 3810310656, "current_cuda_allocated_bytes": 2672787968}
{"phase": "strict-loaded-full-held", "peak_cuda_allocated_bytes": 3810310656, "current_cuda_allocated_bytes": 2672787968}
{"phase": "strict-loaded-full-held", "peak_cuda_allocated_bytes": 3810310656, "current_cuda_allocated_bytes": 2672787968}
{"phase": "strict-loaded-full-held", "peak_cuda_allocated_bytes": 3810310656, "current_cuda_allocated_bytes": 2672787968}
{"phase": "strict-loaded-full-held", "peak_cuda_allocated_bytes": 3810310656, "current_cuda_allocated_bytes": 2672787968}
{"phase": "strict-loaded-full-held", "peak_cuda_allocated_bytes": 3810310656, "current_cuda_allocated_bytes": 2672787968}
{"phase": "strict-loaded-full-held", "peak_cuda_allocated_bytes": 3810310656, "current_cuda_allocated_bytes": 2672787968}
{"phase": "strict-loaded-full-held", "peak_cuda_allocated_bytes": 3810310656, "current_cuda_allocated_bytes": 2672787968}
{"phase": "strict-loaded-full-held", "peak_cuda_allocated_bytes": 3810310656, "current_cuda_allocated_bytes": 2672787968}
{"phase": "strict-loaded-full-held", "peak_cuda_allocated_bytes": 3810310656, "current_cuda_allocated_bytes": 2672787968}
{"phase": "strict-loaded-full-held", "peak_cuda_allocated_bytes": 3810310656, "current_cuda_allocated_bytes": 2672787968}
{"phase": "strict-loaded-full-held", "peak_cuda_allocated_bytes": 3810310656, "current_cuda_allocated_bytes": 2672787968}
{"phase": "strict-loaded-full-held", "peak_cuda_allocated_bytes": 3810310656, "current_cuda_allocated_bytes": 2672787968}
{"phase": "strict-loaded-full-held", "peak_cuda_allocated_bytes": 3810310656, "current_cuda_allocated_bytes": 2672787968}
{"phase": "strict-loaded-full-held", "peak_cuda_allocated_bytes": 3810310656, "current_cuda_allocated_bytes": 2672787968}
{"phase": "strict-loaded-full-held", "peak_cuda_allocated_bytes": 3810310656, "current_cuda_allocated_bytes": 2672787968}
{"phase": "strict-loaded-full-held", "peak_cuda_allocated_bytes": 3810310656, "current_cuda_allocated_bytes": 2672787968}
{"phase": "strict-loaded-full-held", "peak_cuda_allocated_bytes": 3810310656, "current_cuda_allocated_bytes": 2672787968}
{"phase": "strict-loaded-full-held", "peak_cuda_allocated_bytes": 3810310656, "current_cuda_allocated_bytes": 2672787968}
{"phase": "strict-loaded-full-held", "peak_cuda_allocated_bytes": 3810310656, "current_cuda_allocated_bytes": 2672787968}
{"phase": "strict-loaded-full-held", "peak_cuda_allocated_bytes": 3810310656, "current_cuda_allocated_bytes": 2672787968}
{"phase": "strict-loaded-full-held", "peak_cuda_allocated_bytes": 3810310656, "current_cuda_allocated_bytes": 2672787968}
{"phase": "strict-loaded-full-held", "peak_cuda_allocated_bytes": 3810310656, "current_cuda_allocated_bytes": 2672787968}
{"phase": "strict-loaded-full-held", "peak_cuda_allocated_bytes": 3810310656, "current_cuda_allocated_bytes": 2672787968}
{"phase": "strict-loaded-full-held", "peak_cuda_allocated_bytes": 3810310656, "current_cuda_allocated_bytes": 2672787968}
{"phase": "strict-loaded-full-held", "peak_cuda_allocated_bytes": 3810310656, "current_cuda_allocated_bytes": 2672787968}
{"phase": "strict-loaded-full-held", "peak_cuda_allocated_bytes": 3810310656, "current_cuda_allocated_bytes": 2672787968}
{"phase": "strict-loaded-full-held", "peak_cuda_allocated_bytes": 3810310656, "current_cuda_allocated_bytes": 2672787968}
{"phase": "strict-loaded-full-held", "peak_cuda_allocated_bytes": 3810310656, "current_cuda_allocated_bytes": 2672787968}
{"phase": "strict-loaded-full-held", "peak_cuda_allocated_bytes": 3810310656, "current_cuda_allocated_bytes": 2672787968}
{"phase": "strict-loaded-full-held", "peak_cuda_allocated_bytes": 3810310656, "current_cuda_allocated_bytes": 2672787968}
{"phase": "strict-loaded-full-held", "peak_cuda_allocated_bytes": 3810310656, "current_cuda_allocated_bytes": 2672787968}
{"phase": "strict-loaded-full-held", "peak_cuda_allocated_bytes": 3810310656, "current_cuda_allocated_bytes": 2672787968}
{"phase": "strict-loaded-full-held", "peak_cuda_allocated_bytes": 3810310656, "current_cuda_allocated_bytes": 2672787968}
{"phase": "strict-loaded-full-held", "peak_cuda_allocated_bytes": 3810310656, "current_cuda_allocated_bytes": 2672787968}
{"phase": "strict-loaded-full-held", "peak_cuda_allocated_bytes": 3810310656, "current_cuda_allocated_bytes": 2672787968}
{"phase": "strict-loaded-full-held", "peak_cuda_allocated_bytes": 3810310656, "current_cuda_allocated_bytes": 2672787968}
{"phase": "strict-loaded-full-held", "peak_cuda_allocated_bytes": 3810310656, "current_cuda_allocated_bytes": 2672787968}
{"phase": "strict-loaded-full-held", "peak_cuda_allocated_bytes": 3810310656, "current_cuda_allocated_bytes": 2672787968}
{"phase": "strict-loaded-full-held", "peak_cuda_allocated_bytes": 3810310656, "current_cuda_allocated_bytes": 2672787968}
{"phase": "strict-loaded-full-held", "peak_cuda_allocated_bytes": 3810310656, "current_cuda_allocated_bytes": 2672787968}
{"phase": "strict-loaded-full-held", "peak_cuda_allocated_bytes": 3810310656, "current_cuda_allocated_bytes": 2672787968}
{"phase": "strict-loaded-full-held", "peak_cuda_allocated_bytes": 3810310656, "current_cuda_allocated_bytes": 2672787968}
{"phase": "strict-loaded-full-held", "peak_cuda_allocated_bytes": 3810310656, "current_cuda_allocated_bytes": 2672787968}
{"phase": "strict-loaded-full-held", "peak_cuda_allocated_bytes": 3810310656, "current_cuda_allocated_bytes": 2672787968}
{"phase": "strict-loaded-full-held", "peak_cuda_allocated_bytes": 3810310656, "current_cuda_allocated_bytes": 2672787968}
{"phase": "strict-loaded-full-held", "peak_cuda_allocated_bytes": 3810310656, "current_cuda_allocated_bytes": 2672787968}
{"phase": "strict-loaded-full-held", "peak_cuda_allocated_bytes": 3810310656, "current_cuda_allocated_bytes": 2672787968}
{"phase": "strict-loaded-full-held", "peak_cuda_allocated_bytes": 3810310656, "current_cuda_allocated_bytes": 2672787968}
{"phase": "strict-loaded-full-held", "peak_cuda_allocated_bytes": 3810310656, "current_cuda_allocated_bytes": 2672787968}
{"phase": "strict-loaded-full-held", "peak_cuda_allocated_bytes": 3810310656, "current_cuda_allocated_bytes": 2672787968}
{"phase": "strict-loaded-full-held", "peak_cuda_allocated_bytes": 3810310656, "current_cuda_allocated_bytes": 2672787968}
{"phase": "strict-loaded-full-held", "peak_cuda_allocated_bytes": 3810310656, "current_cuda_allocated_bytes": 2672787968}
{"phase": "strict-loaded-full-held", "peak_cuda_allocated_bytes": 3810310656, "current_cuda_allocated_bytes": 2672787968}
{"phase": "strict-loaded-full-held", "peak_cuda_allocated_bytes": 3810310656, "current_cuda_allocated_bytes": 2672787968}
{"phase": "strict-loaded-full-held", "peak_cuda_allocated_bytes": 3810310656, "current_cuda_allocated_bytes": 2672787968}
{"phase": "strict-loaded-full-held", "peak_cuda_allocated_bytes": 3810310656, "current_cuda_allocated_bytes": 2672787968}
{"phase": "strict-loaded-full-held", "peak_cuda_allocated_bytes": 3810310656, "current_cuda_allocated_bytes": 2672787968}
{"phase": "strict-loaded-full-held", "peak_cuda_allocated_bytes": 3810310656, "current_cuda_allocated_bytes": 2672787968}
{"phase": "strict-loaded-full-held", "peak_cuda_allocated_bytes": 3810310656, "current_cuda_allocated_bytes": 2672787968}
{"phase": "strict-loaded-full-held", "peak_cuda_allocated_bytes": 3810310656, "current_cuda_allocated_bytes": 2672787968}
{"phase": "strict-loaded-full-held", "peak_cuda_allocated_bytes": 3810310656, "current_cuda_allocated_bytes": 2672787968}
{"phase": "strict-loaded-full-held", "peak_cuda_allocated_bytes": 3810310656, "current_cuda_allocated_bytes": 2672787968}
{"phase": "strict-loaded-full-held", "peak_cuda_allocated_bytes": 3810310656, "current_cuda_allocated_bytes": 2672787968}
{"phase": "strict-loaded-full-held", "peak_cuda_allocated_bytes": 3810310656, "current_cuda_allocated_bytes": 2672787968}
{"phase": "strict-loaded-full-held", "peak_cuda_allocated_bytes": 3810310656, "current_cuda_allocated_bytes": 2672787968}
{"phase": "strict-loaded-full-held", "peak_cuda_allocated_bytes": 3810310656, "current_cuda_allocated_bytes": 2672787968}
{"phase": "strict-loaded-full-held", "peak_cuda_allocated_bytes": 3810310656, "current_cuda_allocated_bytes": 2672787968}
{"phase": "strict-loaded-full-held", "peak_cuda_allocated_bytes": 3810310656, "current_cuda_allocated_bytes": 2672787968}
{"phase": "strict-loaded-full-held", "peak_cuda_allocated_bytes": 3810310656, "current_cuda_allocated_bytes": 2672787968}
{"phase": "strict-loaded-full-held", "peak_cuda_allocated_bytes": 3810310656, "current_cuda_allocated_bytes": 2672787968}
{"phase": "strict-loaded-full-held", "peak_cuda_allocated_bytes": 3810310656, "current_cuda_allocated_bytes": 2672787968}
{"phase": "strict-loaded-full-held", "peak_cuda_allocated_bytes": 3810310656, "current_cuda_allocated_bytes": 2672787968}
{"phase": "strict-loaded-full-held", "peak_cuda_allocated_bytes": 3810310656, "current_cuda_allocated_bytes": 2672787968}
{"phase": "strict-loaded-full-held", "peak_cuda_allocated_bytes": 3810310656, "current_cuda_allocated_bytes": 2672787968}
{"phase": "strict-loaded-full-held", "peak_cuda_allocated_bytes": 3810310656, "current_cuda_allocated_bytes": 2672787968}
{"phase": "strict-loaded-full-held", "peak_cuda_allocated_bytes": 3810310656, "current_cuda_allocated_bytes": 2672787968}
{"phase": "strict-loaded-full-held", "peak_cuda_allocated_bytes": 3810310656, "current_cuda_allocated_bytes": 2672787968}
{"phase": "strict-loaded-full-held", "peak_cuda_allocated_bytes": 3810310656, "current_cuda_allocated_bytes": 2672787968}
{"phase": "strict-loaded-full-held", "peak_cuda_allocated_bytes": 3810310656, "current_cuda_allocated_bytes": 2672787968}
{"phase": "strict-loaded-full-held", "peak_cuda_allocated_bytes": 3810310656, "current_cuda_allocated_bytes": 2672787968}
{"phase": "strict-loaded-full-held", "peak_cuda_allocated_bytes": 3810310656, "current_cuda_allocated_bytes": 2672787968}
{"phase": "strict-loaded-full-held", "peak_cuda_allocated_bytes": 3810310656, "current_cuda_allocated_bytes": 2672787968}
{"phase": "strict-loaded-full-held", "peak_cuda_allocated_bytes": 3810310656, "current_cuda_allocated_bytes": 2672787968}
{"phase": "strict-loaded-full-held", "peak_cuda_allocated_bytes": 3810310656, "current_cuda_allocated_bytes": 2672787968}
{"phase": "strict-loaded-full-held", "peak_cuda_allocated_bytes": 3810310656, "current_cuda_allocated_bytes": 2672787968}
{"phase": "strict-loaded-full-held", "peak_cuda_allocated_bytes": 3810310656, "current_cuda_allocated_bytes": 2672787968}
{"phase": "strict-loaded-full-held", "peak_cuda_allocated_bytes": 3810310656, "current_cuda_allocated_bytes": 2672787968}
{"phase": "strict-loaded-full-held", "peak_cuda_allocated_bytes": 3810310656, "current_cuda_allocated_bytes": 2672787968}
{"phase": "strict-loaded-full-held", "peak_cuda_allocated_bytes": 3810310656, "current_cuda_allocated_bytes": 2672787968}
{"phase": "strict-loaded-full-held", "peak_cuda_allocated_bytes": 3810310656, "current_cuda_allocated_bytes": 2672787968}
{"phase": "strict-loaded-full-held", "peak_cuda_allocated_bytes": 3810310656, "current_cuda_allocated_bytes": 2672787968}
{"phase": "strict-loaded-full-held", "peak_cuda_allocated_bytes": 3810310656, "current_cuda_allocated_bytes": 2672787968}
{"phase": "strict-loaded-full-held", "peak_cuda_allocated_bytes": 3810310656, "current_cuda_allocated_bytes": 2672787968}
{"phase": "strict-loaded-full-held", "peak_cuda_allocated_bytes": 3810310656, "current_cuda_allocated_bytes": 2672787968}
{"phase": "strict-loaded-full-held", "peak_cuda_allocated_bytes": 3810310656, "current_cuda_allocated_bytes": 2672787968}
{"phase": "strict-loaded-full-held", "peak_cuda_allocated_bytes": 3810310656, "current_cuda_allocated_bytes": 2672787968}
{"phase": "strict-loaded-full-held", "peak_cuda_allocated_bytes": 3810310656, "current_cuda_allocated_bytes": 2672787968}
{"phase": "strict-loaded-full-held", "peak_cuda_allocated_bytes": 3810310656, "current_cuda_allocated_bytes": 2672787968}
{"phase": "strict-loaded-full-held", "peak_cuda_allocated_bytes": 3810310656, "current_cuda_allocated_bytes": 2672787968}
{"phase": "strict-loaded-full-held", "peak_cuda_allocated_bytes": 3810310656, "current_cuda_allocated_bytes": 2672787968}
{"phase": "strict-loaded-full-held", "peak_cuda_allocated_bytes": 3810310656, "current_cuda_allocated_bytes": 2672787968}
{"phase": "strict-loaded-full-held", "peak_cuda_allocated_bytes": 3810310656, "current_cuda_allocated_bytes": 2672787968}
{"phase": "strict-loaded-full-held", "peak_cuda_allocated_bytes": 3810310656, "current_cuda_allocated_bytes": 2672787968}
{"phase": "strict-loaded-full-held", "peak_cuda_allocated_bytes": 3810310656, "current_cuda_allocated_bytes": 2672787968}
{"phase": "strict-loaded-full-held", "peak_cuda_allocated_bytes": 3810310656, "current_cuda_allocated_bytes": 2672787968}
{"phase": "strict-loaded-full-held", "peak_cuda_allocated_bytes": 3810310656, "current_cuda_allocated_bytes": 2672787968}
{"phase": "strict-loaded-full-held", "peak_cuda_allocated_bytes": 3810310656, "current_cuda_allocated_bytes": 2672787968}
{"phase": "strict-loaded-full-held", "peak_cuda_allocated_bytes": 3810310656, "current_cuda_allocated_bytes": 2672787968}
{"phase": "strict-loaded-full-held", "peak_cuda_allocated_bytes": 3810310656, "current_cuda_allocated_bytes": 2672787968}
{"phase": "strict-loaded-full-held", "peak_cuda_allocated_bytes": 3810310656, "current_cuda_allocated_bytes": 2672787968}
{"phase": "strict-loaded-full-held", "peak_cuda_allocated_bytes": 3810310656, "current_cuda_allocated_bytes": 2672787968}
{"phase": "strict-loaded-full-held", "peak_cuda_allocated_bytes": 3810310656, "current_cuda_allocated_bytes": 2672787968}
{"phase": "strict-loaded-full-held", "peak_cuda_allocated_bytes": 3810310656, "current_cuda_allocated_bytes": 2672787968}
{"phase": "strict-loaded-full-held", "peak_cuda_allocated_bytes": 3810310656, "current_cuda_allocated_bytes": 2672787968}
{"phase": "strict-loaded-full-held", "peak_cuda_allocated_bytes": 3810310656, "current_cuda_allocated_bytes": 2672787968}
{"phase": "strict-loaded-full-held", "peak_cuda_allocated_bytes": 3810310656, "current_cuda_allocated_bytes": 2672787968}
{"phase": "strict-loaded-full-held", "peak_cuda_allocated_bytes": 3810310656, "current_cuda_allocated_bytes": 2672787968}
{"phase": "strict-loaded-full-held", "peak_cuda_allocated_bytes": 3810310656, "current_cuda_allocated_bytes": 2672787968}
{"phase": "strict-loaded-full-held", "peak_cuda_allocated_bytes": 3810310656, "current_cuda_allocated_bytes": 2672787968}
{"phase": "strict-loaded-full-held", "peak_cuda_allocated_bytes": 3810310656, "current_cuda_allocated_bytes": 2672787968}
{"phase": "strict-loaded-full-held", "peak_cuda_allocated_bytes": 3810310656, "current_cuda_allocated_bytes": 2672787968}
{"phase": "strict-loaded-full-held", "peak_cuda_allocated_bytes": 3810310656, "current_cuda_allocated_bytes": 2672787968}
{"phase": "strict-loaded-full-held", "peak_cuda_allocated_bytes": 3810310656, "current_cuda_allocated_bytes": 2672787968}
{"phase": "strict-loaded-full-held", "peak_cuda_allocated_bytes": 3810310656, "current_cuda_allocated_bytes": 2672787968}
{"phase": "strict-loaded-full-held", "peak_cuda_allocated_bytes": 3810310656, "current_cuda_allocated_bytes": 2672787968}
{"phase": "strict-loaded-full-held", "peak_cuda_allocated_bytes": 3810310656, "current_cuda_allocated_bytes": 2672787968}
{"phase": "strict-loaded-full-held", "peak_cuda_allocated_bytes": 3810310656, "current_cuda_allocated_bytes": 2672787968}
{"phase": "strict-loaded-full-held", "peak_cuda_allocated_bytes": 3810310656, "current_cuda_allocated_bytes": 2672787968}
{"phase": "strict-loaded-full-held", "peak_cuda_allocated_bytes": 3810310656, "current_cuda_allocated_bytes": 2672787968}
{"phase": "strict-loaded-full-held", "peak_cuda_allocated_bytes": 3810310656, "current_cuda_allocated_bytes": 2672787968}
{"phase": "strict-loaded-full-held", "peak_cuda_allocated_bytes": 3810310656, "current_cuda_allocated_bytes": 2672787968}
{"phase": "strict-loaded-full-held", "peak_cuda_allocated_bytes": 3810310656, "current_cuda_allocated_bytes": 2672787968}
{"phase": "strict-loaded-full-held", "peak_cuda_allocated_bytes": 3810310656, "current_cuda_allocated_bytes": 2672787968}
{"phase": "strict-loaded-full-held", "peak_cuda_allocated_bytes": 3810310656, "current_cuda_allocated_bytes": 2672787968}
{"phase": "strict-loaded-full-held", "peak_cuda_allocated_bytes": 3810310656, "current_cuda_allocated_bytes": 2672787968}
{"phase": "strict-loaded-full-held", "peak_cuda_allocated_bytes": 3810310656, "current_cuda_allocated_bytes": 2672787968}
{"phase": "strict-loaded-full-held", "peak_cuda_allocated_bytes": 3810310656, "current_cuda_allocated_bytes": 2672787968}
{"phase": "strict-loaded-full-held", "peak_cuda_allocated_bytes": 3810310656, "current_cuda_allocated_bytes": 2672787968}
{"phase": "strict-loaded-full-held", "peak_cuda_allocated_bytes": 3810310656, "current_cuda_allocated_bytes": 2672787968}
{"phase": "strict-loaded-full-held", "peak_cuda_allocated_bytes": 3810310656, "current_cuda_allocated_bytes": 2672787968}
{"phase": "strict-loaded-full-held", "peak_cuda_allocated_bytes": 3810310656, "current_cuda_allocated_bytes": 2672787968}
{"phase": "strict-loaded-full-held", "peak_cuda_allocated_bytes": 3810310656, "current_cuda_allocated_bytes": 2672787968}
{"phase": "strict-loaded-full-held", "peak_cuda_allocated_bytes": 3810310656, "current_cuda_allocated_bytes": 2672787968}
{"phase": "strict-loaded-full-held", "peak_cuda_allocated_bytes": 3810310656, "current_cuda_allocated_bytes": 2672787968}
{"phase": "strict-loaded-full-held", "peak_cuda_allocated_bytes": 3810310656, "current_cuda_allocated_bytes": 2672787968}
{"phase": "strict-loaded-full-held", "peak_cuda_allocated_bytes": 3810310656, "current_cuda_allocated_bytes": 2672787968}
{"phase": "strict-loaded-full-held", "peak_cuda_allocated_bytes": 3810310656, "current_cuda_allocated_bytes": 2672787968}
{"phase": "strict-loaded-full-held", "peak_cuda_allocated_bytes": 3810310656, "current_cuda_allocated_bytes": 2672787968}
{"phase": "strict-loaded-full-held", "peak_cuda_allocated_bytes": 3810310656, "current_cuda_allocated_bytes": 2672787968}
{"phase": "strict-loaded-full-held", "peak_cuda_allocated_bytes": 3810310656, "current_cuda_allocated_bytes": 2672787968}
{"phase": "strict-loaded-full-held", "peak_cuda_allocated_bytes": 3810310656, "current_cuda_allocated_bytes": 2672787968}
{"phase": "strict-loaded-full-held", "peak_cuda_allocated_bytes": 3810310656, "current_cuda_allocated_bytes": 2672787968}
{"phase": "strict-loaded-full-held", "peak_cuda_allocated_bytes": 3810310656, "current_cuda_allocated_bytes": 2672787968}
{"phase": "strict-loaded-full-held", "peak_cuda_allocated_bytes": 3810310656, "current_cuda_allocated_bytes": 2672787968}
{"phase": "strict-loaded-full-held", "peak_cuda_allocated_bytes": 3810310656, "current_cuda_allocated_bytes": 2672787968}
{"phase": "strict-loaded-full-held", "peak_cuda_allocated_bytes": 3810310656, "current_cuda_allocated_bytes": 2672787968}
{"phase": "strict-loaded-full-held", "peak_cuda_allocated_bytes": 3810310656, "current_cuda_allocated_bytes": 2672787968}
{"phase": "strict-loaded-full-held", "peak_cuda_allocated_bytes": 3810310656, "current_cuda_allocated_bytes": 2672787968}
{"phase": "strict-loaded-full-held", "peak_cuda_allocated_bytes": 3810310656, "current_cuda_allocated_bytes": 2672787968}
{"phase": "strict-loaded-full-held", "peak_cuda_allocated_bytes": 3810310656, "current_cuda_allocated_bytes": 2672787968}
{"phase": "strict-loaded-full-held", "peak_cuda_allocated_bytes": 3810310656, "current_cuda_allocated_bytes": 2672787968}
{"phase": "strict-loaded-full-held", "peak_cuda_allocated_bytes": 3810310656, "current_cuda_allocated_bytes": 2672787968}
{"phase": "strict-loaded-full-held", "peak_cuda_allocated_bytes": 3810310656, "current_cuda_allocated_bytes": 2672787968}
{"phase": "strict-loaded-full-held", "peak_cuda_allocated_bytes": 3810310656, "current_cuda_allocated_bytes": 2672787968}
{"phase": "strict-loaded-full-held", "peak_cuda_allocated_bytes": 3810310656, "current_cuda_allocated_bytes": 2672787968}
{"phase": "strict-loaded-full-held", "peak_cuda_allocated_bytes": 3810310656, "current_cuda_allocated_bytes": 2672787968}
{"phase": "strict-loaded-full-held", "peak_cuda_allocated_bytes": 3810310656, "current_cuda_allocated_bytes": 2672787968}
{"phase": "strict-loaded-full-held", "peak_cuda_allocated_bytes": 3810310656, "current_cuda_allocated_bytes": 2672787968}
{"phase": "strict-loaded-full-held", "peak_cuda_allocated_bytes": 3810310656, "current_cuda_allocated_bytes": 2672787968}
{"phase": "strict-loaded-full-held", "peak_cuda_allocated_bytes": 3810310656, "current_cuda_allocated_bytes": 2672787968}
{"phase": "strict-loaded-full-held", "peak_cuda_allocated_bytes": 3810310656, "current_cuda_allocated_bytes": 2672787968}
{"phase": "strict-loaded-full-held", "peak_cuda_allocated_bytes": 3810310656, "current_cuda_allocated_bytes": 2672787968}
{"phase": "strict-loaded-full-held", "peak_cuda_allocated_bytes": 3810310656, "current_cuda_allocated_bytes": 2672787968}
{"phase": "strict-loaded-full-held", "peak_cuda_allocated_bytes": 3810310656, "current_cuda_allocated_bytes": 2672787968}
{"phase": "strict-loaded-full-held", "peak_cuda_allocated_bytes": 3810310656, "current_cuda_allocated_bytes": 2672787968}
{"phase": "strict-loaded-full-held", "peak_cuda_allocated_bytes": 3810310656, "current_cuda_allocated_bytes": 2672787968}
{"phase": "strict-loaded-full-held", "peak_cuda_allocated_bytes": 3810310656, "current_cuda_allocated_bytes": 2672787968}
{"phase": "strict-loaded-full-held", "peak_cuda_allocated_bytes": 3810310656, "current_cuda_allocated_bytes": 2672787968}
{"phase": "strict-loaded-full-held", "peak_cuda_allocated_bytes": 3810310656, "current_cuda_allocated_bytes": 2672787968}
{"phase": "strict-loaded-full-held", "peak_cuda_allocated_bytes": 3810310656, "current_cuda_allocated_bytes": 2672787968}
{"phase": "strict-loaded-full-held", "peak_cuda_allocated_bytes": 3810310656, "current_cuda_allocated_bytes": 2672787968}
{"phase": "strict-loaded-full-held", "peak_cuda_allocated_bytes": 3810310656, "current_cuda_allocated_bytes": 2672787968}
{"phase": "strict-loaded-full-held", "peak_cuda_allocated_bytes": 3810310656, "current_cuda_allocated_bytes": 2672787968}
{"phase": "strict-loaded-full-held", "peak_cuda_allocated_bytes": 3810310656, "current_cuda_allocated_bytes": 2672787968}
{"phase": "strict-loaded-full-held", "peak_cuda_allocated_bytes": 3810310656, "current_cuda_allocated_bytes": 2672787968}
{"phase": "strict-loaded-full-held", "peak_cuda_allocated_bytes": 3810310656, "current_cuda_allocated_bytes": 2672787968}
{"phase": "strict-loaded-full-held", "peak_cuda_allocated_bytes": 3810310656, "current_cuda_allocated_bytes": 2672787968}
{"phase": "strict-loaded-full-held", "peak_cuda_allocated_bytes": 3810310656, "current_cuda_allocated_bytes": 2672787968}
{"phase": "strict-loaded-full-held", "peak_cuda_allocated_bytes": 3810310656, "current_cuda_allocated_bytes": 2672787968}
{"phase": "strict-loaded-full-held", "peak_cuda_allocated_bytes": 3810310656, "current_cuda_allocated_bytes": 2672787968}
{"phase": "strict-loaded-full-held", "peak_cuda_allocated_bytes": 3810310656, "current_cuda_allocated_bytes": 2672787968}
{"phase": "strict-loaded-full-held", "peak_cuda_allocated_bytes": 3810310656, "current_cuda_allocated_bytes": 2672787968}
{"phase": "strict-loaded-full-held", "peak_cuda_allocated_bytes": 3810310656, "current_cuda_allocated_bytes": 2672787968}
{"phase": "strict-loaded-full-held", "peak_cuda_allocated_bytes": 3810310656, "current_cuda_allocated_bytes": 2672787968}
{"phase": "strict-loaded-full-held", "peak_cuda_allocated_bytes": 3810310656, "current_cuda_allocated_bytes": 2672787968}
{"phase": "strict-loaded-full-held", "peak_cuda_allocated_bytes": 3810310656, "current_cuda_allocated_bytes": 2672787968}
{"phase": "strict-loaded-full-held", "peak_cuda_allocated_bytes": 3810310656, "current_cuda_allocated_bytes": 2672787968}
{"phase": "strict-loaded-full-held", "peak_cuda_allocated_bytes": 3810310656, "current_cuda_allocated_bytes": 2672787968}
{"phase": "strict-loaded-full-held", "peak_cuda_allocated_bytes": 3810310656, "current_cuda_allocated_bytes": 2672787968}
{"phase": "strict-loaded-full-held", "peak_cuda_allocated_bytes": 3810310656, "current_cuda_allocated_bytes": 2672787968}
{"phase": "strict-loaded-full-held", "peak_cuda_allocated_bytes": 3810310656, "current_cuda_allocated_bytes": 2672787968}
{"phase": "strict-loaded-full-held", "peak_cuda_allocated_bytes": 3810310656, "current_cuda_allocated_bytes": 2672787968}
{"phase": "strict-loaded-full-held", "peak_cuda_allocated_bytes": 3810310656, "current_cuda_allocated_bytes": 2672787968}
{"phase": "strict-loaded-full-held", "peak_cuda_allocated_bytes": 3810310656, "current_cuda_allocated_bytes": 2672787968}
{"phase": "strict-loaded-full-held", "peak_cuda_allocated_bytes": 3810310656, "current_cuda_allocated_bytes": 2672787968}
{"phase": "strict-loaded-full-held", "peak_cuda_allocated_bytes": 3810310656, "current_cuda_allocated_bytes": 2672787968}
{"phase": "strict-loaded-full-held", "peak_cuda_allocated_bytes": 3810310656, "current_cuda_allocated_bytes": 2672787968}
{"phase": "strict-loaded-full-held", "peak_cuda_allocated_bytes": 3810310656, "current_cuda_allocated_bytes": 2672787968}
{"phase": "strict-loaded-full-held", "peak_cuda_allocated_bytes": 3810310656, "current_cuda_allocated_bytes": 2672787968}
{"phase": "strict-loaded-full-held", "peak_cuda_allocated_bytes": 3810310656, "current_cuda_allocated_bytes": 2672787968}
{"phase": "strict-loaded-full-held", "peak_cuda_allocated_bytes": 3810310656, "current_cuda_allocated_bytes": 2672787968}
{"phase": "strict-loaded-full-held", "peak_cuda_allocated_bytes": 3810310656, "current_cuda_allocated_bytes": 2672787968}
{"phase": "strict-loaded-full-held", "peak_cuda_allocated_bytes": 3810310656, "current_cuda_allocated_bytes": 2672787968}
{"phase": "strict-loaded-full-held", "peak_cuda_allocated_bytes": 3810310656, "current_cuda_allocated_bytes": 2672787968}
{"phase": "strict-loaded-full-held", "peak_cuda_allocated_bytes": 3810310656, "current_cuda_allocated_bytes": 2672787968}
{"phase": "strict-loaded-full-held", "peak_cuda_allocated_bytes": 3810310656, "current_cuda_allocated_bytes": 2672787968}
{"phase": "strict-loaded-full-held", "peak_cuda_allocated_bytes": 3810310656, "current_cuda_allocated_bytes": 2672787968}
{"phase": "strict-loaded-full-held", "peak_cuda_allocated_bytes": 3810310656, "current_cuda_allocated_bytes": 2672787968}
{"phase": "strict-loaded-full-held", "peak_cuda_allocated_bytes": 3810310656, "current_cuda_allocated_bytes": 2672787968}
{"phase": "strict-loaded-full-held", "peak_cuda_allocated_bytes": 3810310656, "current_cuda_allocated_bytes": 2672787968}
{"phase": "strict-loaded-full-held", "peak_cuda_allocated_bytes": 3810310656, "current_cuda_allocated_bytes": 2672787968}
{"phase": "strict-loaded-full-held", "peak_cuda_allocated_bytes": 3810310656, "current_cuda_allocated_bytes": 2672787968}
{"phase": "strict-loaded-full-held", "peak_cuda_allocated_bytes": 3810310656, "current_cuda_allocated_bytes": 2672787968}
{"phase": "strict-loaded-full-held", "peak_cuda_allocated_bytes": 3810310656, "current_cuda_allocated_bytes": 2672787968}
{"phase": "strict-loaded-full-held", "peak_cuda_allocated_bytes": 3810310656, "current_cuda_allocated_bytes": 2672787968}
{"phase": "strict-loaded-full-held", "peak_cuda_allocated_bytes": 3810310656, "current_cuda_allocated_bytes": 2672787968}
{"phase": "strict-loaded-full-held", "peak_cuda_allocated_bytes": 3810310656, "current_cuda_allocated_bytes": 2672787968}
{"phase": "strict-loaded-full-held", "peak_cuda_allocated_bytes": 3810310656, "current_cuda_allocated_bytes": 2672787968}
{"phase": "strict-loaded-full-held", "peak_cuda_allocated_bytes": 3810310656, "current_cuda_allocated_bytes": 2672787968}
{"phase": "strict-loaded-full-held", "peak_cuda_allocated_bytes": 3810310656, "current_cuda_allocated_bytes": 2672787968}
{"phase": "strict-loaded-full-held", "peak_cuda_allocated_bytes": 3810310656, "current_cuda_allocated_bytes": 2672787968}
{"phase": "strict-loaded-full-held", "peak_cuda_allocated_bytes": 3810310656, "current_cuda_allocated_bytes": 2672787968}
{"phase": "strict-loaded-full-held", "peak_cuda_allocated_bytes": 3810310656, "current_cuda_allocated_bytes": 2672787968}
{"phase": "strict-loaded-full-held", "peak_cuda_allocated_bytes": 3810310656, "current_cuda_allocated_bytes": 2672787968}
{"phase": "strict-loaded-full-held", "peak_cuda_allocated_bytes": 3810310656, "current_cuda_allocated_bytes": 2672787968}
{"phase": "strict-loaded-full-held", "peak_cuda_allocated_bytes": 3810310656, "current_cuda_allocated_bytes": 2672787968}
{"phase": "strict-loaded-full-held", "peak_cuda_allocated_bytes": 3810310656, "current_cuda_allocated_bytes": 2672787968}
{"phase": "strict-loaded-full-held", "peak_cuda_allocated_bytes": 3810310656, "current_cuda_allocated_bytes": 2672787968}
{"phase": "strict-loaded-full-held", "peak_cuda_allocated_bytes": 3810310656, "current_cuda_allocated_bytes": 2672787968}
{"phase": "strict-loaded-full-held", "peak_cuda_allocated_bytes": 3810310656, "current_cuda_allocated_bytes": 2672787968}
{"phase": "strict-loaded-full-held", "peak_cuda_allocated_bytes": 3810310656, "current_cuda_allocated_bytes": 2672787968}
{"phase": "strict-loaded-full-held", "peak_cuda_allocated_bytes": 3810310656, "current_cuda_allocated_bytes": 2672787968}
{"phase": "strict-loaded-full-held", "peak_cuda_allocated_bytes": 3810310656, "current_cuda_allocated_bytes": 2672787968}
{"phase": "strict-loaded-full-held", "peak_cuda_allocated_bytes": 3810310656, "current_cuda_allocated_bytes": 2672787968}
{"phase": "strict-loaded-full-held", "peak_cuda_allocated_bytes": 3810310656, "current_cuda_allocated_bytes": 2672787968}
{"phase": "strict-loaded-full-held", "peak_cuda_allocated_bytes": 3810310656, "current_cuda_allocated_bytes": 2672787968}
{"phase": "strict-loaded-full-held", "peak_cuda_allocated_bytes": 3810310656, "current_cuda_allocated_bytes": 2672787968}
{"phase": "strict-loaded-full-held", "peak_cuda_allocated_bytes": 3810310656, "current_cuda_allocated_bytes": 2672787968}
{"phase": "strict-loaded-full-held", "peak_cuda_allocated_bytes": 3810310656, "current_cuda_allocated_bytes": 2672787968}
{"phase": "strict-loaded-full-held", "peak_cuda_allocated_bytes": 3810310656, "current_cuda_allocated_bytes": 2672787968}
{"phase": "strict-loaded-full-held", "peak_cuda_allocated_bytes": 3810310656, "current_cuda_allocated_bytes": 2672787968}
{"phase": "strict-loaded-full-held", "peak_cuda_allocated_bytes": 3810310656, "current_cuda_allocated_bytes": 2672787968}
{"phase": "strict-loaded-full-held", "peak_cuda_allocated_bytes": 3810310656, "current_cuda_allocated_bytes": 2672787968}
{"phase": "strict-loaded-full-held", "peak_cuda_allocated_bytes": 3810310656, "current_cuda_allocated_bytes": 2672787968}
{"phase": "strict-loaded-full-held", "peak_cuda_allocated_bytes": 3810310656, "current_cuda_allocated_bytes": 2672787968}
{"phase": "strict-loaded-full-held", "peak_cuda_allocated_bytes": 3810310656, "current_cuda_allocated_bytes": 2672787968}
{"phase": "strict-loaded-full-held", "peak_cuda_allocated_bytes": 3810310656, "current_cuda_allocated_bytes": 2672787968}
{"phase": "strict-loaded-full-held", "peak_cuda_allocated_bytes": 3810310656, "current_cuda_allocated_bytes": 2672787968}
{"phase": "strict-loaded-full-held", "peak_cuda_allocated_bytes": 3810310656, "current_cuda_allocated_bytes": 2672787968}
{"phase": "strict-loaded-full-held", "peak_cuda_allocated_bytes": 3810310656, "current_cuda_allocated_bytes": 2672787968}
{"phase": "strict-loaded-full-held", "peak_cuda_allocated_bytes": 3810310656, "current_cuda_allocated_bytes": 2672787968}
{"phase": "strict-loaded-full-held", "peak_cuda_allocated_bytes": 3810310656, "current_cuda_allocated_bytes": 2672787968}
{"phase": "strict-loaded-full-held", "peak_cuda_allocated_bytes": 3810310656, "current_cuda_allocated_bytes": 2672787968}
{"phase": "strict-loaded-full-held", "peak_cuda_allocated_bytes": 3810310656, "current_cuda_allocated_bytes": 2672787968}
{"phase": "strict-loaded-full-held", "peak_cuda_allocated_bytes": 3810310656, "current_cuda_allocated_bytes": 2672787968}
{"phase": "strict-loaded-full-held", "peak_cuda_allocated_bytes": 3810310656, "current_cuda_allocated_bytes": 2672787968}
{"phase": "strict-loaded-full-held", "peak_cuda_allocated_bytes": 3810310656, "current_cuda_allocated_bytes": 2672787968}
{"phase": "strict-loaded-full-held", "peak_cuda_allocated_bytes": 3810310656, "current_cuda_allocated_bytes": 2672787968}
{"phase": "strict-loaded-full-held", "peak_cuda_allocated_bytes": 3810310656, "current_cuda_allocated_bytes": 2672787968}
{"phase": "strict-loaded-full-held", "peak_cuda_allocated_bytes": 3810310656, "current_cuda_allocated_bytes": 2672787968}
{"phase": "strict-loaded-full-held", "peak_cuda_allocated_bytes": 3810310656, "current_cuda_allocated_bytes": 2672787968}
{"phase": "strict-loaded-full-held", "peak_cuda_allocated_bytes": 3810310656, "current_cuda_allocated_bytes": 2672787968}
{"phase": "strict-loaded-full-held", "peak_cuda_allocated_bytes": 3810310656, "current_cuda_allocated_bytes": 2672787968}
{"phase": "strict-loaded-full-held", "peak_cuda_allocated_bytes": 3810310656, "current_cuda_allocated_bytes": 2672787968}
{"phase": "strict-loaded-full-held", "peak_cuda_allocated_bytes": 3810310656, "current_cuda_allocated_bytes": 2672787968}
{"phase": "strict-loaded-full-held", "peak_cuda_allocated_bytes": 3810310656, "current_cuda_allocated_bytes": 2672787968}
{"phase": "strict-loaded-full-held", "peak_cuda_allocated_bytes": 3810310656, "current_cuda_allocated_bytes": 2672787968}
{"phase": "strict-loaded-full-held", "peak_cuda_allocated_bytes": 3810310656, "current_cuda_allocated_bytes": 2672787968}
{"phase": "strict-loaded-full-held", "peak_cuda_allocated_bytes": 3810310656, "current_cuda_allocated_bytes": 2672787968}
{"phase": "strict-loaded-full-held", "peak_cuda_allocated_bytes": 3810310656, "current_cuda_allocated_bytes": 2672787968}
{"phase": "strict-loaded-full-held", "peak_cuda_allocated_bytes": 3810310656, "current_cuda_allocated_bytes": 2672787968}
{"phase": "strict-loaded-full-held", "peak_cuda_allocated_bytes": 3810310656, "current_cuda_allocated_bytes": 2672787968}
{"phase": "strict-loaded-full-held", "peak_cuda_allocated_bytes": 3810310656, "current_cuda_allocated_bytes": 2672787968}
{"phase": "strict-loaded-full-held", "peak_cuda_allocated_bytes": 3810310656, "current_cuda_allocated_bytes": 2672787968}
{"phase": "strict-loaded-full-held", "peak_cuda_allocated_bytes": 3810310656, "current_cuda_allocated_bytes": 2672787968}
{"phase": "strict-loaded-full-held", "peak_cuda_allocated_bytes": 3810310656, "current_cuda_allocated_bytes": 2672787968}
{"phase": "strict-loaded-full-held", "peak_cuda_allocated_bytes": 3810310656, "current_cuda_allocated_bytes": 2672787968}
{"phase": "strict-loaded-full-held", "peak_cuda_allocated_bytes": 3810310656, "current_cuda_allocated_bytes": 2672787968}
{"phase": "strict-loaded-full-held", "peak_cuda_allocated_bytes": 3810310656, "current_cuda_allocated_bytes": 2672787968}
{"phase": "strict-loaded-full-held", "peak_cuda_allocated_bytes": 3810310656, "current_cuda_allocated_bytes": 2672787968}
{"phase": "strict-loaded-full-held", "peak_cuda_allocated_bytes": 3810310656, "current_cuda_allocated_bytes": 2672787968}
{"phase": "strict-loaded-full-held", "peak_cuda_allocated_bytes": 3810310656, "current_cuda_allocated_bytes": 2672787968}
{"phase": "strict-loaded-full-held", "peak_cuda_allocated_bytes": 3810310656, "current_cuda_allocated_bytes": 2672787968}
{"phase": "strict-loaded-full-held", "peak_cuda_allocated_bytes": 3810310656, "current_cuda_allocated_bytes": 2672787968}
{"phase": "strict-loaded-full-held", "peak_cuda_allocated_bytes": 3810310656, "current_cuda_allocated_bytes": 2672787968}
{"phase": "strict-loaded-full-held", "peak_cuda_allocated_bytes": 3810310656, "current_cuda_allocated_bytes": 2672787968}
{"phase": "strict-loaded-full-held", "peak_cuda_allocated_bytes": 3810310656, "current_cuda_allocated_bytes": 2672787968}
{"phase": "strict-loaded-full-held", "peak_cuda_allocated_bytes": 3810310656, "current_cuda_allocated_bytes": 2672787968}
{"phase": "strict-loaded-full-held", "peak_cuda_allocated_bytes": 3810310656, "current_cuda_allocated_bytes": 2672787968}
{"phase": "strict-loaded-full-held", "peak_cuda_allocated_bytes": 3810310656, "current_cuda_allocated_bytes": 2672787968}
{"phase": "strict-loaded-full-held", "peak_cuda_allocated_bytes": 3810310656, "current_cuda_allocated_bytes": 2672787968}
{"phase": "strict-loaded-full-held", "peak_cuda_allocated_bytes": 3810310656, "current_cuda_allocated_bytes": 2672787968}
{"phase": "strict-loaded-full-held", "peak_cuda_allocated_bytes": 3810310656, "current_cuda_allocated_bytes": 2672787968}
{"phase": "strict-loaded-full-held", "peak_cuda_allocated_bytes": 3810310656, "current_cuda_allocated_bytes": 2672787968}
{"phase": "strict-loaded-full-held", "peak_cuda_allocated_bytes": 3810310656, "current_cuda_allocated_bytes": 2672787968}
{"phase": "strict-loaded-full-held", "peak_cuda_allocated_bytes": 3810310656, "current_cuda_allocated_bytes": 2672787968}
{"phase": "strict-loaded-full-held", "peak_cuda_allocated_bytes": 3810310656, "current_cuda_allocated_bytes": 2672787968}
{"phase": "strict-loaded-full-held", "peak_cuda_allocated_bytes": 3810310656, "current_cuda_allocated_bytes": 2672787968}
{"phase": "strict-loaded-full-held", "peak_cuda_allocated_bytes": 3810310656, "current_cuda_allocated_bytes": 2672787968}
{"phase": "strict-loaded-full-held", "peak_cuda_allocated_bytes": 3810310656, "current_cuda_allocated_bytes": 2672787968}
{"phase": "strict-loaded-full-held", "peak_cuda_allocated_bytes": 3810310656, "current_cuda_allocated_bytes": 2672787968}
{"phase": "strict-loaded-full-held", "peak_cuda_allocated_bytes": 3810310656, "current_cuda_allocated_bytes": 2672787968}
{"phase": "strict-loaded-full-held", "peak_cuda_allocated_bytes": 3810310656, "current_cuda_allocated_bytes": 2672787968}
{"phase": "strict-loaded-full-held", "peak_cuda_allocated_bytes": 3810310656, "current_cuda_allocated_bytes": 2672787968}
{"phase": "strict-loaded-full-held", "peak_cuda_allocated_bytes": 3810310656, "current_cuda_allocated_bytes": 2672787968}
{"phase": "strict-loaded-full-held", "peak_cuda_allocated_bytes": 3810310656, "current_cuda_allocated_bytes": 2672787968}
{"phase": "strict-loaded-full-held", "peak_cuda_allocated_bytes": 3810310656, "current_cuda_allocated_bytes": 2672787968}
{"phase": "strict-loaded-full-held", "peak_cuda_allocated_bytes": 3810310656, "current_cuda_allocated_bytes": 2672787968}
{"phase": "strict-loaded-full-held", "peak_cuda_allocated_bytes": 3810310656, "current_cuda_allocated_bytes": 2672787968}
{"phase": "strict-loaded-full-held", "peak_cuda_allocated_bytes": 3810310656, "current_cuda_allocated_bytes": 2672787968}
{"phase": "strict-loaded-full-held", "peak_cuda_allocated_bytes": 3810310656, "current_cuda_allocated_bytes": 2672787968}
{"phase": "strict-loaded-full-held", "peak_cuda_allocated_bytes": 3810310656, "current_cuda_allocated_bytes": 2672787968}
{"phase": "strict-loaded-full-held", "peak_cuda_allocated_bytes": 3810310656, "current_cuda_allocated_bytes": 2672787968}
{"phase": "strict-loaded-full-held", "peak_cuda_allocated_bytes": 3810310656, "current_cuda_allocated_bytes": 2672787968}
{"phase": "strict-loaded-full-held", "peak_cuda_allocated_bytes": 3810310656, "current_cuda_allocated_bytes": 2672787968}
{"phase": "strict-loaded-full-held", "peak_cuda_allocated_bytes": 3810310656, "current_cuda_allocated_bytes": 2672787968}
{"phase": "strict-loaded-full-held", "peak_cuda_allocated_bytes": 3810310656, "current_cuda_allocated_bytes": 2672787968}
{"phase": "strict-loaded-full-held", "peak_cuda_allocated_bytes": 3810310656, "current_cuda_allocated_bytes": 2672787968}
{"phase": "strict-loaded-full-held", "peak_cuda_allocated_bytes": 3810310656, "current_cuda_allocated_bytes": 2672787968}
{"phase": "strict-loaded-full-held", "peak_cuda_allocated_bytes": 3810310656, "current_cuda_allocated_bytes": 2672787968}
{"phase": "strict-loaded-full-held", "peak_cuda_allocated_bytes": 3810310656, "current_cuda_allocated_bytes": 2672787968}
{"phase": "strict-loaded-full-held", "peak_cuda_allocated_bytes": 3810310656, "current_cuda_allocated_bytes": 2672787968}
{"phase": "strict-loaded-full-held", "peak_cuda_allocated_bytes": 3810310656, "current_cuda_allocated_bytes": 2672787968}
{"phase": "strict-loaded-full-held", "peak_cuda_allocated_bytes": 3810310656, "current_cuda_allocated_bytes": 2672787968}
{"phase": "strict-loaded-full-held", "peak_cuda_allocated_bytes": 3810310656, "current_cuda_allocated_bytes": 2672787968}
{"phase": "strict-loaded-full-held", "peak_cuda_allocated_bytes": 3810310656, "current_cuda_allocated_bytes": 2672787968}
{"phase": "strict-loaded-full-held", "peak_cuda_allocated_bytes": 3810310656, "current_cuda_allocated_bytes": 2672787968}
{"phase": "strict-loaded-full-held", "peak_cuda_allocated_bytes": 3810310656, "current_cuda_allocated_bytes": 2672787968}
{"phase": "strict-loaded-full-held", "peak_cuda_allocated_bytes": 3810310656, "current_cuda_allocated_bytes": 2672787968}
{"phase": "strict-loaded-full-held", "peak_cuda_allocated_bytes": 3810310656, "current_cuda_allocated_bytes": 2672787968}
{"phase": "strict-loaded-full-held", "peak_cuda_allocated_bytes": 3810310656, "current_cuda_allocated_bytes": 2672787968}
{"phase": "strict-loaded-full-held", "peak_cuda_allocated_bytes": 3810310656, "current_cuda_allocated_bytes": 2672787968}
{"phase": "strict-loaded-full-held", "peak_cuda_allocated_bytes": 3810310656, "current_cuda_allocated_bytes": 2672787968}
{"phase": "strict-loaded-full-held", "peak_cuda_allocated_bytes": 3810310656, "current_cuda_allocated_bytes": 2672787968}
{"phase": "strict-loaded-full-held", "peak_cuda_allocated_bytes": 3810310656, "current_cuda_allocated_bytes": 2672787968}
{"phase": "strict-loaded-full-held", "peak_cuda_allocated_bytes": 3810310656, "current_cuda_allocated_bytes": 2672787968}
{"phase": "strict-loaded-full-held", "peak_cuda_allocated_bytes": 3810310656, "current_cuda_allocated_bytes": 2672787968}
{"phase": "strict-loaded-full-held", "peak_cuda_allocated_bytes": 3810310656, "current_cuda_allocated_bytes": 2672787968}
{"phase": "strict-loaded-full-held", "peak_cuda_allocated_bytes": 3810310656, "current_cuda_allocated_bytes": 2672787968}
{"phase": "strict-loaded-full-held", "peak_cuda_allocated_bytes": 3810310656, "current_cuda_allocated_bytes": 2672787968}
{"phase": "strict-loaded-full-held", "peak_cuda_allocated_bytes": 3810310656, "current_cuda_allocated_bytes": 2672787968}
{"phase": "strict-loaded-full-held", "peak_cuda_allocated_bytes": 3810310656, "current_cuda_allocated_bytes": 2672705024}
{"phase": "resource-check", "peak_cuda_allocated_bytes": 3810310656, "current_cuda_allocated_bytes": 2672493056}
KILL fixed TRAIN quality gate
Finished with result: success
Main processes terminated with: code=exited/status=0
Service runtime: 4min 37.141s
CPU time consumed: 6min 28.046s
Memory peak: 4.9G
Memory swap peak: 0B
