/home/riomus/runs/sfora-connected-mlp-train-source-v5/cpu-v5-command.sh: OK
Running as unit: sfora-connected-mlp-cpu-v5.service; invocation ID: 92889866e2a948438f6d0ee43e62fcc3
/home/riomus/.local/share/uv/python/cpython-3.13.9-linux-aarch64-gnu/bin/python3.13: OK
sha256sum: /home/riomus/runs/sfora-connected-mlp-train-source-v5/authority-cpu-v4.json: No such file or directory
/home/riomus/runs/sfora-connected-mlp-train-source-v5/authority-cpu-v4.json: FAILED open or read
/home/riomus/runs/sfora-connected-mlp-train-source-v5/execution.json: OK
/home/riomus/runs/sfora-connected-mlp-train-source-v5/test_siglip2_connected_mlp.py: OK
/home/riomus/runs/sfora-connected-mlp-train-source-v5/train_siglip2_connected_mlp.py: OK
/usr/lib/aarch64-linux-gnu/ld-linux-aarch64.so.1: OK
/usr/lib/aarch64-linux-gnu/libc.so.6: OK
/usr/lib/aarch64-linux-gnu/libcuda.so.580.159.03: OK
/usr/lib/aarch64-linux-gnu/libdl.so.2: OK
/usr/lib/aarch64-linux-gnu/libfribidi.so.0.4.0: OK
/usr/lib/aarch64-linux-gnu/libgcc_s.so.1: OK
/usr/lib/aarch64-linux-gnu/libm.so.6: OK
/usr/lib/aarch64-linux-gnu/libnvidia-ml.so.580.159.03: OK
/usr/lib/aarch64-linux-gnu/libpthread.so.0: OK
/usr/lib/aarch64-linux-gnu/librt.so.1: OK
/usr/lib/aarch64-linux-gnu/libstdc++.so.6.0.33: OK
/usr/lib/aarch64-linux-gnu/libutil.so.1: OK
/usr/lib/aarch64-linux-gnu/libz.so.1.3: OK
sha256sum: WARNING: 1 listed file could not be read
FINAL_CGROUP {"command_exit_status": 1, "invocation_id": "92889866e2a948438f6d0ee43e62fcc3", "path": "/sys/fs/cgroup/user.slice/user-1000.slice/user@1000.service/app.slice/sfora-connected-mlp-cpu-v5.service", "values": {"memory.current": "140550144", "memory.events": "low 0\nhigh 0\nmax 0\noom 0\noom_kill 0\noom_group_kill 0", "memory.max": "8589934592", "memory.peak": "140550144", "memory.stat": "anon 5996544\nfile 132882432\nkernel 1003520\nkernel_stack 65536\npagetables 339968\nsec_pagetables 0\npercpu 1760\nsock 0\nvmalloc 0\nshmem 0\nzswap 0\nzswapped 0\nfile_mapped 20480\nfile_dirty 4096\nfile_writeback 0\nswapcached 0\nanon_thp 0\nfile_thp 0\nshmem_thp 0\ninactive_anon 0\nactive_anon 5840896\ninactive_file 130510848\nactive_file 2371584\nunevictable 0\nslab_reclaimable 471160\nslab_unreclaimable 106440\nslab 577600\nworkingset_refault_anon 0\nworkingset_refault_file 0\nworkingset_activate_anon 0\nworkingset_activate_file 0\nworkingset_restore_anon 0\nworkingset_restore_file 0\nworkingset_nodereclaim 0\npgdemote_kswapd 0\npgdemote_direct 0\npgdemote_khugepaged 0\npgdemote_proactive 0\npgpromote_success 0\npgscan 0\npgsteal 0\npswpin 0\npswpout 0\npgscan_kswapd 0\npgscan_direct 0\npgscan_khugepaged 0\npgscan_proactive 0\npgsteal_kswapd 0\npgsteal_direct 0\npgsteal_khugepaged 0\npgsteal_proactive 0\npgfault 3408\npgmajfault 31\npgrefill 0\npgactivate 0\npgdeactivate 0\npglazyfree 0\npglazyfreed 0\nswpin_zero 0\nswpout_zero 0\nzswpin 0\nzswpout 0\nzswpwb 0\nthp_fault_alloc 0\nthp_collapse_alloc 0\nthp_swpout 0\nthp_swpout_fallback 0\nnuma_pages_migrated 0\nnuma_pte_updates 0\nnuma_hint_faults 0", "memory.swap.current": "0", "memory.swap.max": "0", "memory.swap.peak": "0"}}
Command exited with non-zero status 1
	Command being timed: "/bin/bash -c set -e; sudo -n /bin/sync; sudo -n /bin/sh -c "echo 3 > /proc/sys/vm/drop_caches"; exec /bin/bash /home/riomus/runs/sfora-connected-mlp-train-source-v5/cpu-v5-command.sh"
	User time (seconds): 0.07
	System time (seconds): 0.18
	Percent of CPU this job got: 67%
	Elapsed (wall clock) time (h:mm:ss or m:ss): 0:00.37
	Average shared text size (kbytes): 0
	Average unshared data size (kbytes): 0
	Average stack size (kbytes): 0
	Average total size (kbytes): 0
	Maximum resident set size (kbytes): 11576
	Average resident set size (kbytes): 0
	Major (requiring I/O) page faults: 31
	Minor (reclaiming a frame) page faults: 3210
	Voluntary context switches: 548
	Involuntary context switches: 60
	Swaps: 0
	File system inputs: 260464
	File system outputs: 8
	Socket messages sent: 0
	Socket messages received: 0
	Signals delivered: 0
	Page size (bytes): 4096
	Exit status: 1
STOP_CGROUP {"exit_code": "exited", "exit_status": "1", "invocation_id": "92889866e2a948438f6d0ee43e62fcc3", "path": "/sys/fs/cgroup/user.slice/user-1000.slice/user@1000.service/app.slice/sfora-connected-mlp-cpu-v5.service", "service_result": "exit-code", "values": {"memory.current": "139808768", "memory.events": "low 0\nhigh 0\nmax 0\noom 0\noom_kill 0\noom_group_kill 0", "memory.max": "8589934592", "memory.peak": "140550144", "memory.stat": "anon 5431296\nfile 133013504\nkernel 630784\nkernel_stack 0\npagetables 94208\nsec_pagetables 0\npercpu 1056\nsock 0\nvmalloc 0\nshmem 0\nzswap 0\nzswapped 0\nfile_mapped 20480\nfile_dirty 4096\nfile_writeback 0\nswapcached 0\nanon_thp 0\nfile_thp 0\nshmem_thp 0\ninactive_anon 0\nactive_anon 5328896\ninactive_file 130514944\nactive_file 2494464\nunevictable 0\nslab_reclaimable 482400\nslab_unreclaimable 45048\nslab 527448\nworkingset_refault_anon 0\nworkingset_refault_file 0\nworkingset_activate_anon 0\nworkingset_activate_file 0\nworkingset_restore_anon 0\nworkingset_restore_file 0\nworkingset_nodereclaim 0\npgdemote_kswapd 0\npgdemote_direct 0\npgdemote_khugepaged 0\npgdemote_proactive 0\npgpromote_success 0\npgscan 0\npgsteal 0\npswpin 0\npswpout 0\npgscan_kswapd 0\npgscan_direct 0\npgscan_khugepaged 0\npgscan_proactive 0\npgsteal_kswapd 0\npgsteal_direct 0\npgsteal_khugepaged 0\npgsteal_proactive 0\npgfault 4928\npgmajfault 32\npgrefill 0\npgactivate 0\npgdeactivate 0\npglazyfree 0\npglazyfreed 0\nswpin_zero 0\nswpout_zero 0\nzswpin 0\nzswpout 0\nzswpwb 0\nthp_fault_alloc 0\nthp_collapse_alloc 0\nthp_swpout 0\nthp_swpout_fallback 0\nnuma_pages_migrated 0\nnuma_pte_updates 0\nnuma_hint_faults 0", "memory.swap.current": "0", "memory.swap.max": "0", "memory.swap.peak": "0"}}
Finished with result: exit-code
Main processes terminated with: code=exited/status=1
Service runtime: 422ms
CPU time consumed: 282ms
Memory peak: 134.0M
Memory swap peak: 0B
