Running as unit: sfora-pe-s16-gpu-v1.service; invocation ID: 5c4e8906082f453ca4afa1db6e799c48
Traceback (most recent call last):
  File "/home/riomus/runs/sfora-pe-s16-source-v1/qualify_pe_s16_gpu.py", line 288, in <module>
    main()
    ~~~~^^
  File "/home/riomus/runs/sfora-pe-s16-source-v1/qualify_pe_s16_gpu.py", line 212, in main
    a, b = native.verified_features(loaded, model, pixels)
           ~~~~~~~~~~~~~~~~~~~~~~~~^^^^^^^^^^^^^^^^^^^^^^^
  File "/home/riomus/group-learning/.venv/lib/python3.13/site-packages/torch/utils/_contextlib.py", line 124, in decorate_context
    return func(*args, **kwargs)
  File "/home/riomus/runs/sfora-pe-s16-source-v1/pe_s16_training.py", line 194, in verified_features
    assert runtime_identity(loaded) == runtime_identity(live)
           ^^^^^^^^^^^^^^^^^^^^^^^^^^^^^^^^^^^^^^^^^^^^^^^^^^
AssertionError
Finished with result: exit-code
Main processes terminated with: code=exited/status=1
Service runtime: 8.244s
CPU time consumed: 11.019s
Memory peak: 512.0K
Memory swap peak: 0B
