/home/riomus/runs/sfora-so400-compact-ranking-train-source-v6/cpu-v7-command.sh: OK
Running as unit: sfora-so400-compact-ranking-cpu-v7.service; invocation ID: fd5802fc796e47c093d719b47e6045cd
/home/riomus/runs/sfora-so400-nearest-ranking-train-source-v5/native-authority.json: OK
/home/riomus/runs/sfora-cudnn-wheel-provenance-v1/proof.json: OK
/home/riomus/runs/sfora-cudnn-wheel-provenance-source-v1/decision.json: OK
/home/riomus/runs/sfora-cudnn-wheel-provenance-source-v1/original.log: OK
/home/riomus/.local/share/uv/python/cpython-3.13.9-linux-aarch64-gnu/bin/python3.13: OK
/home/riomus/runs/sfora-native256-initialized-cpu-final-footer-v1.py: OK
/home/riomus/runs/sfora-native256-stop-cgroup-footer-v1.py: OK
/home/riomus/runs/sfora-so400-nearest-ranking-train-source-v5/authority-cpu-v5.json: OK
/home/riomus/runs/sfora-so400-nearest-ranking-train-source-v5/execution.json: OK
/home/riomus/runs/sfora-so400-nearest-ranking-train-source-v5/nearest_ranking_readout.py: OK
/home/riomus/runs/sfora-so400-nearest-ranking-train-source-v5/test_siglip2_nearest_ranking.py: OK
/home/riomus/runs/sfora-so400-nearest-ranking-train-source-v5/train_siglip2_nearest_ranking.py: OK
/home/riomus/runs/sfora-so400-signed-concat-fit-concat-v1/receipt.json: OK
/home/riomus/runs/sfora-so400-signed-concat-fit-concat-v1/resume.pt: OK
/home/riomus/runs/sfora-so400-signed-concat-fit-source-v2/authority-fit-concat-v1.json: OK
/home/riomus/runs/sfora-so400-signed-concat-fit-source-v2/execution.json: OK
/home/riomus/runs/sfora-so400-signed-concat-fit-source-v2/fit-concat-v1.log: OK
/home/riomus/runs/sfora-so400-signed-concat-fit-source-v2/fit_siglip2_prototype_residual.py: OK
/home/riomus/runs/sfora-so400-signed-concat-fit-source-v2/prototype_residual_readout.py: OK
/home/riomus/runs/sfora-so400-signed-concat-fit-source-v2/test_siglip2_prototype_residual.py: OK
/home/riomus/runs/sfora-so400-compact-ranking-train-source-v6/train_siglip2_compact_ranking.py: OK
/home/riomus/runs/sfora-so400-compact-ranking-train-source-v6/test_siglip2_compact_ranking.py: OK
/home/riomus/runs/sfora-so400-compact-ranking-train-source-v6/execution.json: OK
/home/riomus/runs/sfora-so400-compact-ranking-train-source-v6/authority-cpu-v6.json: OK
{"event": "COMPACT_PHASE", "phase": "shared_source_preparation", "boundary": "begin", "seconds": 56.53170593967661}
{"event": "COMPACT_PHASE", "phase": "shared_source_preparation", "boundary": "end", "delta_seconds": 18.683016506955028, "seconds": 75.21472497470677}
{"event": "COMPACT_PHASE", "phase": "cache_target_preparation", "boundary": "begin", "seconds": 75.21476739086211}
{"event": "COMPACT_PHASE", "phase": "cache_target_preparation", "boundary": "end", "delta_seconds": 2.1698207571171224, "seconds": 77.38459094800055}
{"event": "COMPACT_PHASE", "phase": "cpu_loss_falsifier", "boundary": "begin", "seconds": 84.3986407937482}
{"event": "COMPACT_PHASE", "phase": "cpu_loss_falsifier", "boundary": "end", "delta_seconds": 0.4706722958944738, "seconds": 84.86931622587144}
{"event": "COMPACT_PHASE", "phase": "save", "boundary": "begin", "seconds": 86.14486652100459}
{"event": "COMPACT_PHASE", "phase": "save", "boundary": "end", "delta_seconds": 0.5604228917509317, "seconds": 86.70529202092439}
{"event": "COMPACT_PHASE", "phase": "independent_reload", "boundary": "begin", "seconds": 86.83086183201522}
{"event": "COMPACT_PHASE", "phase": "independent_reload", "boundary": "end", "delta_seconds": 0.871902063023299, "seconds": 87.70276639098302}
{"event": "COMPACT_PHASE", "phase": "cpu_loss_falsifier", "boundary": "begin", "seconds": 88.3092951956205}
{"event": "COMPACT_PHASE", "phase": "cpu_loss_falsifier", "boundary": "end", "delta_seconds": 0.3635053923353553, "seconds": 88.67280274769291}
{"event": "COMPACT_PHASE", "phase": "save", "boundary": "begin", "seconds": 89.95080997701734}
{"event": "COMPACT_PHASE", "phase": "save", "boundary": "end", "delta_seconds": 0.3799617439508438, "seconds": 90.33077407302335}
{"event": "COMPACT_PHASE", "phase": "independent_reload", "boundary": "begin", "seconds": 90.41227467078716}
{"event": "COMPACT_PHASE", "phase": "independent_reload", "boundary": "end", "delta_seconds": 0.7109381412155926, "seconds": 91.12321597989649}
{"event": "COMPACT_PHASE", "phase": "shared_bundle_preparation", "boundary": "begin", "seconds": 91.54162681894377}
{"event": "COMPACT_PHASE", "phase": "shared_bundle_preparation", "boundary": "end", "delta_seconds": 11.75865582190454, "seconds": 103.30028432095423}
{"event": "COMPACT_PHASE", "phase": "cpu_bundle_qualification", "boundary": "begin", "seconds": 103.30033820867538}
{"event": "COMPACT_PHASE", "phase": "bundle_image_loading", "boundary": "begin", "seconds": 103.30038606468588}
{"event": "COMPACT_PHASE", "phase": "bundle_image_loading", "boundary": "end", "delta_seconds": 0.005341957323253155, "seconds": 103.30572862969711}
{"event": "COMPACT_PHASE", "phase": "bundle_loader_authentication", "boundary": "begin", "seconds": 103.30574973393232}
{"event": "COMPACT_PHASE", "phase": "bundle_loader_authentication", "boundary": "end", "delta_seconds": 1.2696223757229745, "seconds": 104.57537378976122}
{"event": "COMPACT_PHASE", "phase": "bundle_dependency_denial", "boundary": "begin", "seconds": 104.57541849371046}
{"event": "COMPACT_PHASE", "phase": "bundle_loader", "boundary": "begin", "seconds": 104.87566513568163}
{"event": "COMPACT_PHASE", "phase": "bundle_loader", "boundary": "end", "delta_seconds": 13.517233510036021, "seconds": 118.39290227787569}
{"event": "COMPACT_PHASE", "phase": "bundle_native_forward", "boundary": "begin", "seconds": 118.39298576582223}
{"event": "COMPACT_PHASE", "phase": "bundle_native_forward", "boundary": "end", "delta_seconds": 1.4684718591161072, "seconds": 119.86146039282903}
{"event": "COMPACT_PHASE", "phase": "bundle_dependency_denial", "boundary": "end", "delta_seconds": 15.286138891242445, "seconds": 119.86155794467777}
{"event": "COMPACT_PHASE", "phase": "bundle_oracle", "boundary": "begin", "seconds": 119.86157312896103}
{"event": "COMPACT_PHASE", "phase": "bundle_oracle", "boundary": "end", "delta_seconds": 1.0983922816812992, "seconds": 120.95996709074825}
{"event": "COMPACT_PHASE", "phase": "bundle_release", "boundary": "begin", "seconds": 120.96001969883218}
{"event": "COMPACT_PHASE", "phase": "bundle_release", "boundary": "end", "delta_seconds": 0.12829740112647414, "seconds": 121.08831948367879}
{"event": "COMPACT_PHASE", "phase": "bundle_loader_authentication", "boundary": "begin", "seconds": 121.08839567471296}
{"event": "COMPACT_PHASE", "phase": "bundle_loader_authentication", "boundary": "end", "delta_seconds": 1.2938092639669776, "seconds": 122.3822070187889}
{"event": "COMPACT_PHASE", "phase": "bundle_dependency_denial", "boundary": "begin", "seconds": 122.38225442683324}
{"event": "COMPACT_PHASE", "phase": "bundle_loader", "boundary": "begin", "seconds": 122.66017641872168}
{"event": "COMPACT_PHASE", "phase": "bundle_loader", "boundary": "end", "delta_seconds": 11.017050059977919, "seconds": 133.6772300149314}
{"event": "COMPACT_PHASE", "phase": "bundle_native_forward", "boundary": "begin", "seconds": 133.67732206266373}
{"event": "COMPACT_PHASE", "phase": "bundle_native_forward", "boundary": "end", "delta_seconds": 1.5288184052333236, "seconds": 135.2061435240321}
{"event": "COMPACT_PHASE", "phase": "bundle_dependency_denial", "boundary": "end", "delta_seconds": 12.82400100119412, "seconds": 135.20625597191975}
{"event": "COMPACT_PHASE", "phase": "bundle_oracle", "boundary": "begin", "seconds": 135.2062679398805}
{"event": "COMPACT_PHASE", "phase": "bundle_oracle", "boundary": "end", "delta_seconds": 1.1389805530197918, "seconds": 136.3452503005974}
{"event": "COMPACT_PHASE", "phase": "bundle_release", "boundary": "begin", "seconds": 136.34530138783157}
{"event": "COMPACT_PHASE", "phase": "bundle_release", "boundary": "end", "delta_seconds": 0.12411036808043718, "seconds": 136.4694147799164}
{"event": "COMPACT_PHASE", "phase": "cpu_bundle_qualification", "boundary": "end", "delta_seconds": 33.169289002195, "seconds": 136.4696286348626}
{"event": "COMPACT_PHASE", "phase": "post_run_api_authentication", "boundary": "begin", "seconds": 136.4721137350425}
{"event": "COMPACT_PHASE", "phase": "post_run_api_authentication", "boundary": "end", "delta_seconds": 0.6070719547569752, "seconds": 137.07918741786852}
{"event": "COMPACT_PHASE", "phase": "post_run_origin_audit", "boundary": "begin", "seconds": 137.0792242968455}
{"event": "COMPACT_PHASE", "phase": "post_run_origin_audit", "boundary": "end", "delta_seconds": 5.705059122759849, "seconds": 142.78428514767438}
{"event": "COMPACT_PHASE", "phase": "origin_guard_promotion", "boundary": "begin", "seconds": 142.78433769196272}
{"event": "COMPACT_PHASE", "phase": "origin_guard_promotion", "boundary": "end", "delta_seconds": 0.03810709388926625, "seconds": 142.8224456179887}
{"event": "COMPACT_PHASE", "phase": "source_exit_rehash", "boundary": "begin", "seconds": 142.82253376068547}
{"event": "PROTOTYPE_PHASE", "phase": "old_exit_begin", "seconds": 151.1171839046292}
{"event": "QUADRATIC_PHASE", "phase": "exit_rehash", "delta_seconds": 13.818836686667055, "cumulative_seconds": 13.818836686667055}
{"event": "PROTOTYPE_PHASE", "phase": "old_exit_end", "seconds": 164.93622449599206}
{"event": "PROTOTYPE_PHASE", "phase": "own_union_begin", "seconds": 164.93623702367768}
{"event": "PROTOTYPE_PHASE", "phase": "own_union_end", "seconds": 165.40175348101184}
{"event": "PROTOTYPE_PHASE", "phase": "closure_begin", "seconds": 165.40179199259728}
{"event": "PROTOTYPE_PHASE", "phase": "closure_end", "seconds": 165.4031039737165}
{"event": "COMPACT_PHASE", "phase": "source_exit_rehash", "boundary": "end", "delta_seconds": 22.580680581275374, "seconds": 165.40321552567184}
{"event": "COMPACT_PHASE", "phase": "own_exit_rehash", "boundary": "begin", "seconds": 165.40322837373242}
{"event": "COMPACT_PHASE", "phase": "own_exit_rehash", "boundary": "end", "delta_seconds": 2.4102652058936656, "seconds": 167.8134946678765}
{"event": "COMPACT_PHASE", "phase": "post_exit_api_authentication", "boundary": "begin", "seconds": 167.81456269789487}
{"event": "COMPACT_PHASE", "phase": "post_exit_api_authentication", "boundary": "end", "delta_seconds": 0.5371554340235889, "seconds": 168.35171909164637}
{"event": "COMPACT_PHASE", "phase": "post_exit_origin_audit", "boundary": "begin", "seconds": 168.35174342803657}
{"event": "COMPACT_PHASE", "phase": "post_exit_origin_audit", "boundary": "end", "delta_seconds": 5.709677699953318, "seconds": 174.0614236718975}
{"schema": "siglip2-compact-ranking-v1", "phase": "cpu", "output": "/home/riomus/runs/sfora-so400-compact-ranking-cpu-v7"}
/home/riomus/runs/sfora-so400-nearest-ranking-train-source-v5/native-authority.json: OK
/home/riomus/runs/sfora-cudnn-wheel-provenance-v1/proof.json: OK
/home/riomus/runs/sfora-cudnn-wheel-provenance-source-v1/decision.json: OK
/home/riomus/runs/sfora-cudnn-wheel-provenance-source-v1/original.log: OK
/home/riomus/.local/share/uv/python/cpython-3.13.9-linux-aarch64-gnu/bin/python3.13: OK
/home/riomus/runs/sfora-native256-initialized-cpu-final-footer-v1.py: OK
/home/riomus/runs/sfora-native256-stop-cgroup-footer-v1.py: OK
/home/riomus/runs/sfora-so400-nearest-ranking-train-source-v5/authority-cpu-v5.json: OK
/home/riomus/runs/sfora-so400-nearest-ranking-train-source-v5/execution.json: OK
/home/riomus/runs/sfora-so400-nearest-ranking-train-source-v5/nearest_ranking_readout.py: OK
/home/riomus/runs/sfora-so400-nearest-ranking-train-source-v5/test_siglip2_nearest_ranking.py: OK
/home/riomus/runs/sfora-so400-nearest-ranking-train-source-v5/train_siglip2_nearest_ranking.py: OK
/home/riomus/runs/sfora-so400-signed-concat-fit-concat-v1/receipt.json: OK
/home/riomus/runs/sfora-so400-signed-concat-fit-concat-v1/resume.pt: OK
/home/riomus/runs/sfora-so400-signed-concat-fit-source-v2/authority-fit-concat-v1.json: OK
/home/riomus/runs/sfora-so400-signed-concat-fit-source-v2/execution.json: OK
/home/riomus/runs/sfora-so400-signed-concat-fit-source-v2/fit-concat-v1.log: OK
/home/riomus/runs/sfora-so400-signed-concat-fit-source-v2/fit_siglip2_prototype_residual.py: OK
/home/riomus/runs/sfora-so400-signed-concat-fit-source-v2/prototype_residual_readout.py: OK
/home/riomus/runs/sfora-so400-signed-concat-fit-source-v2/test_siglip2_prototype_residual.py: OK
/home/riomus/runs/sfora-so400-compact-ranking-train-source-v6/train_siglip2_compact_ranking.py: OK
/home/riomus/runs/sfora-so400-compact-ranking-train-source-v6/test_siglip2_compact_ranking.py: OK
/home/riomus/runs/sfora-so400-compact-ranking-train-source-v6/execution.json: OK
/home/riomus/runs/sfora-so400-compact-ranking-train-source-v6/authority-cpu-v6.json: OK
FINAL_CGROUP {"command_exit_status": 0, "invocation_id": "fd5802fc796e47c093d719b47e6045cd", "path": "/sys/fs/cgroup/user.slice/user-1000.slice/user@1000.service/app.slice/sfora-so400-compact-ranking-cpu-v7.service", "values": {"memory.current": "932274176", "memory.events": "low 0\nhigh 0\nmax 0\noom 0\noom_kill 0\noom_group_kill 0", "memory.max": "8589934592", "memory.peak": "8373645312", "memory.stat": "anon 5996544\nfile 826646528\nkernel 98844672\nkernel_stack 65536\npagetables 397312\nsec_pagetables 0\npercpu 2112\nsock 0\nvmalloc 0\nshmem 0\nzswap 0\nzswapped 0\nfile_mapped 0\nfile_dirty 24576\nfile_writeback 0\nswapcached 0\nanon_thp 0\nfile_thp 2097152\nshmem_thp 0\ninactive_anon 0\nactive_anon 5865472\ninactive_file 314638336\nactive_file 512008192\nunevictable 0\nslab_reclaimable 98307504\nslab_unreclaimable 119424\nslab 98426928\nworkingset_refault_anon 0\nworkingset_refault_file 0\nworkingset_activate_anon 0\nworkingset_activate_file 0\nworkingset_restore_anon 0\nworkingset_restore_file 0\nworkingset_nodereclaim 0\npgdemote_kswapd 0\npgdemote_direct 0\npgdemote_khugepaged 0\npgdemote_proactive 0\npgpromote_success 0\npgscan 0\npgsteal 0\npswpin 0\npswpout 0\npgscan_kswapd 0\npgscan_direct 0\npgscan_khugepaged 0\npgscan_proactive 0\npgsteal_kswapd 0\npgsteal_direct 0\npgsteal_khugepaged 0\npgsteal_proactive 0\npgfault 3086166\npgmajfault 11632\npgrefill 0\npgactivate 0\npgdeactivate 0\npglazyfree 0\npglazyfreed 0\nswpin_zero 0\nswpout_zero 0\nzswpin 0\nzswpout 0\nzswpwb 0\nthp_fault_alloc 1388\nthp_collapse_alloc 3\nthp_swpout 0\nthp_swpout_fallback 0\nnuma_pages_migrated 0\nnuma_pte_updates 0\nnuma_hint_faults 0", "memory.swap.current": "0", "memory.swap.max": "0", "memory.swap.peak": "0"}}
	Command being timed: "/bin/bash -c set -e; sudo -n /bin/sync; sudo -n /bin/sh -c "echo 3 > /proc/sys/vm/drop_caches"; exec /bin/bash /home/riomus/runs/sfora-so400-compact-ranking-train-source-v6/cpu-v7-command.sh"
	User time (seconds): 99.93
	System time (seconds): 19.55
	Percent of CPU this job got: 68%
	Elapsed (wall clock) time (h:mm:ss or m:ss): 2:55.63
	Average shared text size (kbytes): 0
	Average unshared data size (kbytes): 0
	Average stack size (kbytes): 0
	Average total size (kbytes): 0
	Maximum resident set size (kbytes): 5819180
	Average resident set size (kbytes): 0
	Major (requiring I/O) page faults: 11632
	Minor (reclaiming a frame) page faults: 3074369
	Voluntary context switches: 524151
	Involuntary context switches: 945
	Swaps: 0
	File system inputs: 186366768
	File system outputs: 3621200
	Socket messages sent: 0
	Socket messages received: 0
	Signals delivered: 0
	Page size (bytes): 4096
	Exit status: 0
STOP_CGROUP {"exit_code": "exited", "exit_status": "0", "invocation_id": "fd5802fc796e47c093d719b47e6045cd", "path": "/sys/fs/cgroup/user.slice/user-1000.slice/user@1000.service/app.slice/sfora-so400-compact-ranking-cpu-v7.service", "service_result": "success", "values": {"memory.current": "931643392", "memory.events": "low 0\nhigh 0\nmax 0\noom 0\noom_kill 0\noom_group_kill 0", "memory.max": "8589934592", "memory.peak": "8373645312", "memory.stat": "anon 5406720\nfile 826646528\nkernel 98406400\nkernel_stack 0\npagetables 102400\nsec_pagetables 0\npercpu 1056\nsock 0\nvmalloc 0\nshmem 0\nzswap 0\nzswapped 0\nfile_mapped 0\nfile_dirty 24576\nfile_writeback 0\nswapcached 0\nanon_thp 0\nfile_thp 2097152\nshmem_thp 0\ninactive_anon 0\nactive_anon 5402624\ninactive_file 314638336\nactive_file 512008192\nunevictable 0\nslab_reclaimable 98311696\nslab_unreclaimable 43776\nslab 98355472\nworkingset_refault_anon 0\nworkingset_refault_file 0\nworkingset_activate_anon 0\nworkingset_activate_file 0\nworkingset_restore_anon 0\nworkingset_restore_file 0\nworkingset_nodereclaim 0\npgdemote_kswapd 0\npgdemote_direct 0\npgdemote_khugepaged 0\npgdemote_proactive 0\npgpromote_success 0\npgscan 0\npgsteal 0\npswpin 0\npswpout 0\npgscan_kswapd 0\npgscan_direct 0\npgscan_khugepaged 0\npgscan_proactive 0\npgsteal_kswapd 0\npgsteal_direct 0\npgsteal_khugepaged 0\npgsteal_proactive 0\npgfault 3087681\npgmajfault 11632\npgrefill 0\npgactivate 0\npgdeactivate 0\npglazyfree 0\npglazyfreed 0\nswpin_zero 0\nswpout_zero 0\nzswpin 0\nzswpout 0\nzswpwb 0\nthp_fault_alloc 1388\nthp_collapse_alloc 3\nthp_swpout 0\nthp_swpout_fallback 0\nnuma_pages_migrated 0\nnuma_pte_updates 0\nnuma_hint_faults 0", "memory.swap.current": "0", "memory.swap.max": "0", "memory.swap.peak": "0"}}
Finished with result: success
Main processes terminated with: code=exited/status=0
Service runtime: 2min 55.670s
CPU time consumed: 1min 59.502s
Memory peak: 7.7G
Memory swap peak: 0B
