Running as unit: sfora-public-fp16-b1-v1.service; invocation ID: 51f805aae81948659434125205218798
[transformers] Model config: bos_token_id must be `None` or an integer within the vocabulary (between 0 and 31999), got 49406. This may result in unexpected behavior.
[transformers] Model config: eos_token_id must be `None` or an integer within the vocabulary (between 0 and 31999), got 49407. This may result in unexpected behavior.

thread '<unnamed>' (1698714) panicked at /home/riomus/.cargo/registry/src/index.crates.io-1949cf8c6b5b557f/cutile-compiler-0.1.1/src/cuda_tile_runtime_utils.rs:87:13:
Failed to launch /home/riomus/toolchains/cuda-13.4-wheel-env-env/lib/python3.12/site-packages/nvidia/cu13/bin/tileiras for /tmp/1fdf19fc-3602-4af9-89cf-5e6de10f4559.bc: No such file or directory (os error 2)
note: run with `RUST_BACKTRACE=1` environment variable to display a backtrace
Traceback (most recent call last):
  File "/home/riomus/runs/sfora-large-public-fp16-qual-v1/qualify_pe_large_public_fp16.py", line 248, in <module>
    main()
    ~~~~^^
  File "/home/riomus/runs/sfora-large-public-fp16-qual-v1/qualify_pe_large_public_fp16.py", line 221, in main
    ordinals, _ = index.search_images(images([row]))
                  ~~~~~~~~~~~~~~~~~~~^^^^^^^^^^^^^^^
  File "/home/riomus/runs/sfora-large-public-fp16-qual-v1/src/sfora/siglip2_compact_serving.py", line 557, in search_images
    return self.gallery.search_packed(self.encoder.encode_images(images))
           ~~~~~~~~~~~~~~~~~~~~~~~~~~^^^^^^^^^^^^^^^^^^^^^^^^^^^^^^^^^^^^
  File "/home/riomus/runs/sfora-large-public-fp16-qual-v1/qualify_pe_large_public_fp16.py", line 218, in capture
    return actual_search(query)
  File "/home/riomus/runs/sfora-large-public-fp16-qual-v1/src/sfora/cutile_int8.py", line 200, in search_packed
    return self.search(
           ~~~~~~~~~~~^
        embeddings.codes.numpy(),
        ^^^^^^^^^^^^^^^^^^^^^^^^^
        embeddings.inverse_norms.numpy(),
        ^^^^^^^^^^^^^^^^^^^^^^^^^^^^^^^^^
        k=k,
        ^^^^
    )
    ^
  File "/home/riomus/runs/sfora-large-public-fp16-qual-v1/src/sfora/cutile_int8.py", line 181, in search
    raise RuntimeError(f"{_ERROR}: search status {status}")
RuntimeError: cuTile packed-int8 scorer failed: search status 3
Finished with result: exit-code
Main processes terminated with: code=exited/status=1
Service runtime: 14.035s
CPU time consumed: 18.862s
Memory peak: 3.3G
Memory swap peak: 0B
