...........
----------------------------------------------------------------------
Ran 11 tests in 0.546s

OK
...........
----------------------------------------------------------------------
Ran 11 tests in 0.647s

OK
.............
----------------------------------------------------------------------
Ran 13 tests in 0.168s

OK
connected inference source-only checks passed
PASS actual decorator factory/code/globals predicates and original CPU-v5 full-source guards
PASS genuine decorated vision/direct head: wraps forgeries, actual closure/flags/globals/base negatives
connected probe inference source-only checks passed; native UNRUN
PASS: connected bridge source-only admission, exact wire, failure cleanup, registry ownership, lifecycle lock; mode=mlp
PASS: connected bridge source-only admission, exact wire, failure cleanup, registry ownership, lifecycle lock; mode=probe
All checks passed!
2 files already formatted
pyproject.toml: note: unused section(s): module = ['datasets', 'h5py', 'sentence_transformers', 'sklearn.*', 'torch', 'torchvision', 'torchvision.*']
Success: no issues found in 1 source file
	Command being timed: "bash -c set -e; python3 -B scripts/test_connected_installed_environment.py; /home/rb/.local/share/uv/python/cpython-3.12-linux-x86_64-gnu/bin/python3.12 -B scripts/test_connected_installed_environment.py; python3 -B scripts/test_connected_artifact_identity.py; python3 -B scripts/test_connected_inference_extraction.py; python3 -B scripts/test_connected_probe_inference_extraction.py; python3 -B scripts/test_connected_compact_serving.py; python3 -B scripts/test_connected_compact_serving.py --probe-only; /home/rb/.local/bin/uv tool run --offline --from ruff==0.15.20 ruff check src/sfora/connected_installed_environment.py scripts/test_connected_installed_environment.py; /home/rb/.local/bin/uv tool run --offline --from ruff==0.15.20 ruff format --check src/sfora/connected_installed_environment.py scripts/test_connected_installed_environment.py; /home/rb/.local/bin/uv tool run --offline --from mypy==2.1.0 mypy --follow-imports=skip --no-incremental src/sfora/connected_installed_environment.py"
	User time (seconds): 18.49
	System time (seconds): 2.21
	Percent of CPU this job got: 22%
	Elapsed (wall clock) time (h:mm:ss or m:ss): 1:31.05
	Average shared text size (kbytes): 0
	Average unshared data size (kbytes): 0
	Average stack size (kbytes): 0
	Average total size (kbytes): 0
	Maximum resident set size (kbytes): 116396
	Average resident set size (kbytes): 0
	Major (requiring I/O) page faults: 57
	Minor (reclaiming a frame) page faults: 773028
	Voluntary context switches: 1362
	Involuntary context switches: 5002
	Swaps: 0
	File system inputs: 201280
	File system outputs: 17912
	Socket messages sent: 0
	Socket messages received: 0
	Signals delivered: 0
	Page size (bytes): 4096
	Exit status: 0
