FFF
======================================================================
FAIL: test_rejected_directory_leaves_close_descriptors (scripts.test_connected_installed_environment.EnvironmentTests.test_rejected_directory_leaves_close_descriptors) (relative='torch-1.0.dist-info/RECORD')
----------------------------------------------------------------------
Traceback (most recent call last):
  File "/home/rb/worktrees/sfora-positive-causality/scripts/test_connected_installed_environment.py", line 47, in test_rejected_directory_leaves_close_descriptors
    self.assertEqual(len(os.listdir("/proc/self/fd")), before)
    ~~~~~~~~~~~~~~~~^^^^^^^^^^^^^^^^^^^^^^^^^^^^^^^^^^^^^^^^^^
AssertionError: 7 != 4

======================================================================
FAIL: test_rejected_directory_leaves_close_descriptors (scripts.test_connected_installed_environment.EnvironmentTests.test_rejected_directory_leaves_close_descriptors) (relative='torch-1.0.dist-info/METADATA')
----------------------------------------------------------------------
Traceback (most recent call last):
  File "/home/rb/worktrees/sfora-positive-causality/scripts/test_connected_installed_environment.py", line 47, in test_rejected_directory_leaves_close_descriptors
    self.assertEqual(len(os.listdir("/proc/self/fd")), before)
    ~~~~~~~~~~~~~~~~^^^^^^^^^^^^^^^^^^^^^^^^^^^^^^^^^^^^^^^^^^
AssertionError: 10 != 7

======================================================================
FAIL: test_rejected_directory_leaves_close_descriptors (scripts.test_connected_installed_environment.EnvironmentTests.test_rejected_directory_leaves_close_descriptors) (relative='torch/__init__.py')
----------------------------------------------------------------------
Traceback (most recent call last):
  File "/home/rb/worktrees/sfora-positive-causality/scripts/test_connected_installed_environment.py", line 47, in test_rejected_directory_leaves_close_descriptors
    self.assertEqual(len(os.listdir("/proc/self/fd")), before)
    ~~~~~~~~~~~~~~~~^^^^^^^^^^^^^^^^^^^^^^^^^^^^^^^^^^^^^^^^^^
AssertionError: 13 != 10

----------------------------------------------------------------------
Ran 1 test in 0.035s

FAILED (failures=3)
