/home/riomus/runs/sfora-so400-prototype-residual-source-v1/cpu-command.sh: OK
Running as unit: sfora-so400-prototype-residual-cpu-v1.service; invocation ID: 554177d0f1bc4a668b2faa299e0d9dff
/home/riomus/runs/sfora-so400-prototype-residual-source-v1/fit_siglip2_prototype_residual.py: OK
/home/riomus/runs/sfora-so400-prototype-residual-source-v1/test_siglip2_prototype_residual.py: OK
/home/riomus/runs/sfora-so400-prototype-residual-source-v1/execution.json: OK
/home/riomus/runs/sfora-so400-prototype-residual-source-v1/authority-cpu-v1.json: OK
/home/riomus/runs/sfora-so400-prototype-residual-solver-v1/foundation_adapter.py: OK
/home/riomus/runs/sfora-so400-quadratic-readout-source-v7/quadratic_encoder_frames.py: OK
/home/riomus/runs/sfora-so400-quadratic-readout-source-v7/quadratic_readout.py: OK
/home/riomus/runs/sfora-so400-quadratic-readout-source-v7/test_siglip2_quadratic_readout.py: OK
/home/riomus/runs/sfora-so400-quadratic-readout-source-v7/train_siglip2_quadratic_readout.py: OK
/home/riomus/runs/sfora-so400-quadratic-readout-source-v7/execution.json: OK
/home/riomus/runs/sfora-so400-quadratic-readout-source-v7/authority-cpu-v7.json: OK
/home/riomus/runs/sfora-so400-quadratic-readout-cpu-v7/receipt.json: OK
/home/riomus/runs/sfora-so400-quadratic-readout-source-v7/cpu-v7.log: OK
/home/riomus/runs/sfora-native256-initialized-cpu-final-footer-v1.py: OK
/home/riomus/runs/sfora-native256-stop-cgroup-footer-v1.py: OK
Prototype residual rejected: helper already loaded: _siglip2_pinned_adaptation_rank
FINAL_CGROUP {"command_exit_status": 1, "invocation_id": "554177d0f1bc4a668b2faa299e0d9dff", "path": "/sys/fs/cgroup/user.slice/user-1000.slice/user@1000.service/app.slice/sfora-so400-prototype-residual-cpu-v1.service", "values": {"memory.current": "620085248", "memory.events": "low 0\nhigh 0\nmax 0\noom 0\noom_kill 0\noom_group_kill 0", "memory.max": "8589934592", "memory.peak": "1338810368", "memory.stat": "anon 5865472\nfile 578420736\nkernel 34660352\nkernel_stack 65536\npagetables 344064\nsec_pagetables 0\npercpu 2464\nsock 0\nvmalloc 0\nshmem 0\nzswap 0\nzswapped 0\nfile_mapped 40960\nfile_dirty 4096\nfile_writeback 0\nswapcached 0\nanon_thp 0\nfile_thp 0\nshmem_thp 0\ninactive_anon 0\nactive_anon 5812224\ninactive_file 126095360\nactive_file 452325376\nunevictable 0\nslab_reclaimable 34093856\nslab_unreclaimable 132360\nslab 34226216\nworkingset_refault_anon 0\nworkingset_refault_file 0\nworkingset_activate_anon 0\nworkingset_activate_file 0\nworkingset_restore_anon 0\nworkingset_restore_file 0\nworkingset_nodereclaim 0\npgdemote_kswapd 0\npgdemote_direct 0\npgdemote_khugepaged 0\npgdemote_proactive 0\npgpromote_success 0\npgscan 0\npgsteal 0\npswpin 0\npswpout 0\npgscan_kswapd 0\npgscan_direct 0\npgscan_khugepaged 0\npgscan_proactive 0\npgsteal_kswapd 0\npgsteal_direct 0\npgsteal_khugepaged 0\npgsteal_proactive 0\npgfault 180843\npgmajfault 5128\npgrefill 0\npgactivate 0\npgdeactivate 0\npglazyfree 0\npglazyfreed 0\nswpin_zero 0\nswpout_zero 0\nzswpin 0\nzswpout 0\nzswpwb 0\nthp_fault_alloc 150\nthp_collapse_alloc 6\nthp_swpout 0\nthp_swpout_fallback 0\nnuma_pages_migrated 0\nnuma_pte_updates 0\nnuma_hint_faults 0", "memory.swap.current": "0", "memory.swap.max": "0", "memory.swap.peak": "0"}}
Command exited with non-zero status 1
	Command being timed: "/bin/bash /home/riomus/runs/sfora-so400-prototype-residual-source-v1/cpu-command.sh"
	User time (seconds): 33.87
	System time (seconds): 7.44
	Percent of CPU this job got: 39%
	Elapsed (wall clock) time (h:mm:ss or m:ss): 1:43.76
	Average shared text size (kbytes): 0
	Average unshared data size (kbytes): 0
	Average stack size (kbytes): 0
	Average total size (kbytes): 0
	Maximum resident set size (kbytes): 1079720
	Average resident set size (kbytes): 0
	Major (requiring I/O) page faults: 5126
	Minor (reclaiming a frame) page faults: 175545
	Voluntary context switches: 298457
	Involuntary context switches: 248
	Swaps: 0
	File system inputs: 116681344
	File system outputs: 16
	Socket messages sent: 0
	Socket messages received: 0
	Signals delivered: 0
	Page size (bytes): 4096
	Exit status: 1
STOP_CGROUP {"exit_code": "exited", "exit_status": "1", "invocation_id": "554177d0f1bc4a668b2faa299e0d9dff", "path": "/sys/fs/cgroup/user.slice/user-1000.slice/user@1000.service/app.slice/sfora-so400-prototype-residual-cpu-v1.service", "service_result": "exit-code", "values": {"memory.current": "618962944", "memory.events": "low 0\nhigh 0\nmax 0\noom 0\noom_kill 0\noom_group_kill 0", "memory.max": "8589934592", "memory.peak": "1338810368", "memory.stat": "anon 5292032\nfile 578420736\nkernel 34271232\nkernel_stack 0\npagetables 98304\nsec_pagetables 0\npercpu 1408\nsock 0\nvmalloc 0\nshmem 0\nzswap 0\nzswapped 0\nfile_mapped 0\nfile_dirty 4096\nfile_writeback 0\nswapcached 0\nanon_thp 0\nfile_thp 0\nshmem_thp 0\ninactive_anon 0\nactive_anon 5246976\ninactive_file 126095360\nactive_file 452325376\nunevictable 0\nslab_reclaimable 34094768\nslab_unreclaimable 55888\nslab 34150656\nworkingset_refault_anon 0\nworkingset_refault_file 0\nworkingset_activate_anon 0\nworkingset_activate_file 0\nworkingset_restore_anon 0\nworkingset_restore_file 0\nworkingset_nodereclaim 0\npgdemote_kswapd 0\npgdemote_direct 0\npgdemote_khugepaged 0\npgdemote_proactive 0\npgpromote_success 0\npgscan 0\npgsteal 0\npswpin 0\npswpout 0\npgscan_kswapd 0\npgscan_direct 0\npgscan_khugepaged 0\npgscan_proactive 0\npgsteal_kswapd 0\npgsteal_direct 0\npgsteal_khugepaged 0\npgsteal_proactive 0\npgfault 182326\npgmajfault 5128\npgrefill 0\npgactivate 0\npgdeactivate 0\npglazyfree 0\npglazyfreed 0\nswpin_zero 0\nswpout_zero 0\nzswpin 0\nzswpout 0\nzswpwb 0\nthp_fault_alloc 150\nthp_collapse_alloc 6\nthp_swpout 0\nthp_swpout_fallback 0\nnuma_pages_migrated 0\nnuma_pte_updates 0\nnuma_hint_faults 0", "memory.swap.current": "0", "memory.swap.max": "0", "memory.swap.peak": "0"}}
Finished with result: exit-code
Main processes terminated with: code=exited/status=1
Service runtime: 1min 43.808s
CPU time consumed: 41.335s
Memory peak: 1.2G
Memory swap peak: 0B
