/home/riomus/runs/sfora-so400-prototype-residual-source-v2/cpu-command.sh: OK
Running as unit: sfora-so400-prototype-residual-cpu-v2.service; invocation ID: 1da12b019f6046aaadfacf18b53eb6b4
/home/riomus/runs/sfora-so400-prototype-residual-source-v2/fit_siglip2_prototype_residual.py: OK
/home/riomus/runs/sfora-so400-prototype-residual-source-v2/test_siglip2_prototype_residual.py: OK
/home/riomus/runs/sfora-so400-prototype-residual-source-v2/execution.json: OK
/home/riomus/runs/sfora-so400-prototype-residual-source-v2/authority-cpu-v2.json: OK
/home/riomus/runs/sfora-so400-prototype-residual-solver-v1/foundation_adapter.py: OK
/home/riomus/runs/sfora-so400-quadratic-readout-source-v7/quadratic_encoder_frames.py: OK
/home/riomus/runs/sfora-so400-quadratic-readout-source-v7/quadratic_readout.py: OK
/home/riomus/runs/sfora-so400-quadratic-readout-source-v7/test_siglip2_quadratic_readout.py: OK
/home/riomus/runs/sfora-so400-quadratic-readout-source-v7/train_siglip2_quadratic_readout.py: OK
/home/riomus/runs/sfora-so400-quadratic-readout-source-v7/execution.json: OK
/home/riomus/runs/sfora-so400-quadratic-readout-source-v7/authority-cpu-v7.json: OK
/home/riomus/runs/sfora-so400-quadratic-readout-cpu-v7/receipt.json: OK
/home/riomus/runs/sfora-so400-quadratic-readout-source-v7/cpu-v7.log: OK
/home/riomus/runs/sfora-native256-initialized-cpu-final-footer-v1.py: OK
/home/riomus/runs/sfora-native256-stop-cgroup-footer-v1.py: OK
FINAL_CGROUP {"command_exit_status": 0, "invocation_id": "1da12b019f6046aaadfacf18b53eb6b4", "path": "/sys/fs/cgroup/user.slice/user-1000.slice/user@1000.service/app.slice/sfora-so400-prototype-residual-cpu-v2.service", "values": {"memory.current": "884924416", "memory.events": "low 0\nhigh 0\nmax 0\noom 0\noom_kill 0\noom_group_kill 0", "memory.max": "8589934592", "memory.peak": "1339789312", "memory.stat": "anon 360873984\nfile 478359552\nkernel 37756928\nkernel_stack 49152\npagetables 3313664\nsec_pagetables 0\npercpu 1760\nsock 0\nvmalloc 0\nshmem 0\nzswap 0\nzswapped 0\nfile_mapped 313307136\nfile_dirty 8192\nfile_writeback 0\nswapcached 0\nanon_thp 0\nfile_thp 0\nshmem_thp 0\ninactive_anon 0\nactive_anon 367366144\ninactive_file 127397888\nactive_file 350961664\nunevictable 0\nslab_reclaimable 33824696\nslab_unreclaimable 544640\nslab 34369336\nworkingset_refault_anon 0\nworkingset_refault_file 0\nworkingset_activate_anon 0\nworkingset_activate_file 0\nworkingset_restore_anon 0\nworkingset_restore_file 0\nworkingset_nodereclaim 0\npgdemote_kswapd 0\npgdemote_direct 0\npgdemote_khugepaged 0\npgdemote_proactive 0\npgpromote_success 0\npgscan 0\npgsteal 0\npswpin 0\npswpout 0\npgscan_kswapd 0\npgscan_direct 0\npgscan_khugepaged 0\npgscan_proactive 0\npgsteal_kswapd 0\npgsteal_direct 0\npgsteal_khugepaged 0\npgsteal_proactive 0\npgfault 176039\npgmajfault 3540\npgrefill 0\npgactivate 0\npgdeactivate 0\npglazyfree 0\npglazyfreed 0\nswpin_zero 0\nswpout_zero 0\nzswpin 0\nzswpout 0\nzswpwb 0\nthp_fault_alloc 153\nthp_collapse_alloc 6\nthp_swpout 0\nthp_swpout_fallback 0\nnuma_pages_migrated 0\nnuma_pte_updates 0\nnuma_hint_faults 0", "memory.swap.current": "0", "memory.swap.max": "0", "memory.swap.peak": "0"}}
STOP_CGROUP {"exit_code": "killed", "exit_status": "TERM", "invocation_id": "1da12b019f6046aaadfacf18b53eb6b4", "path": "/sys/fs/cgroup/user.slice/user-1000.slice/user@1000.service/app.slice/sfora-so400-prototype-residual-cpu-v2.service", "service_result": "timeout", "values": {"memory.current": "519507968", "memory.events": "low 0\nhigh 0\nmax 0\noom 0\noom_kill 0\noom_group_kill 0", "memory.max": "8589934592", "memory.peak": "1339789312", "memory.stat": "anon 5296128\nfile 478359552\nkernel 34033664\nkernel_stack 0\npagetables 94208\nsec_pagetables 0\npercpu 1408\nsock 0\nvmalloc 0\nshmem 0\nzswap 0\nzswapped 0\nfile_mapped 0\nfile_dirty 8192\nfile_writeback 0\nswapcached 0\nanon_thp 0\nfile_thp 0\nshmem_thp 0\ninactive_anon 0\nactive_anon 5206016\ninactive_file 127397888\nactive_file 350961664\nunevictable 0\nslab_reclaimable 33820552\nslab_unreclaimable 143864\nslab 33964416\nworkingset_refault_anon 0\nworkingset_refault_file 0\nworkingset_activate_anon 0\nworkingset_activate_file 0\nworkingset_restore_anon 0\nworkingset_restore_file 0\nworkingset_nodereclaim 0\npgdemote_kswapd 0\npgdemote_direct 0\npgdemote_khugepaged 0\npgdemote_proactive 0\npgpromote_success 0\npgscan 0\npgsteal 0\npswpin 0\npswpout 0\npgscan_kswapd 0\npgscan_direct 0\npgscan_khugepaged 0\npgscan_proactive 0\npgsteal_kswapd 0\npgsteal_direct 0\npgsteal_khugepaged 0\npgsteal_proactive 0\npgfault 177477\npgmajfault 3540\npgrefill 0\npgactivate 0\npgdeactivate 0\npglazyfree 0\npglazyfreed 0\nswpin_zero 0\nswpout_zero 0\nzswpin 0\nzswpout 0\nzswpwb 0\nthp_fault_alloc 153\nthp_collapse_alloc 6\nthp_swpout 0\nthp_swpout_fallback 0\nnuma_pages_migrated 0\nnuma_pte_updates 0\nnuma_hint_faults 0", "memory.swap.current": "0", "memory.swap.max": "0", "memory.swap.peak": "0"}}
Finished with result: timeout
Main processes terminated with: code=killed/status=TERM
Service runtime: 2min 311ms
CPU time consumed: 43.310s
Memory peak: 1.2G
Memory swap peak: 0B
