/home/riomus/runs/sfora-so400-prototype-residual-evaluation-source-v5/score-selection-v1-command.sh: OK
Running as unit: sfora-so400-prototype-residual-evaluation-selection-score-v1.service; invocation ID: ad70ff18e63449e38d5a193a5ff24f10
/home/riomus/runs/sfora-so400-prototype-residual-source-v3/fit_siglip2_prototype_residual.py: OK
/home/riomus/runs/sfora-so400-prototype-residual-source-v3/test_siglip2_prototype_residual.py: OK
/home/riomus/runs/sfora-so400-prototype-residual-source-v3/execution.json: OK
/home/riomus/runs/sfora-so400-prototype-residual-source-v3/authority-cpu-v3.json: OK
/home/riomus/runs/sfora-so400-prototype-residual-solver-v1/foundation_adapter.py: OK
/home/riomus/runs/sfora-so400-quadratic-readout-source-v7/quadratic_encoder_frames.py: OK
/home/riomus/runs/sfora-so400-quadratic-readout-source-v7/quadratic_readout.py: OK
/home/riomus/runs/sfora-so400-quadratic-readout-source-v7/test_siglip2_quadratic_readout.py: OK
/home/riomus/runs/sfora-so400-quadratic-readout-source-v7/train_siglip2_quadratic_readout.py: OK
/home/riomus/runs/sfora-so400-quadratic-readout-source-v7/execution.json: OK
/home/riomus/runs/sfora-so400-quadratic-readout-source-v7/authority-cpu-v7.json: OK
/home/riomus/runs/sfora-so400-quadratic-readout-cpu-v7/receipt.json: OK
/home/riomus/runs/sfora-so400-quadratic-readout-source-v7/cpu-v7.log: OK
/home/riomus/runs/sfora-native256-initialized-cpu-final-footer-v1.py: OK
/home/riomus/runs/sfora-native256-stop-cgroup-footer-v1.py: OK
/home/riomus/runs/sfora-so400-prototype-residual-evaluation-source-v5/authority-selection-v1.json: OK
/home/riomus/runs/sfora-so400-prototype-residual-evaluation-source-v5/evaluate_siglip2_prototype_residual.py: OK
/home/riomus/runs/sfora-so400-prototype-residual-evaluation-source-v5/execution.json: OK
/home/riomus/runs/sfora-so400-prototype-residual-evaluation-source-v5/root-source-verification.json: OK
/home/riomus/runs/sfora-so400-prototype-residual-evaluation-source-v5/source-selection-inventory.json: OK
/home/riomus/runs/sfora-so400-prototype-residual-evaluation-source-v5/test_siglip2_prototype_residual_evaluation.py: OK
/home/riomus/runs/sfora-so400-prototype-original-evaluator-source-v1/evaluate_siglip2_quadratic_readout.py: OK
/home/riomus/runs/sfora-so400-prototype-original-evaluator-source-v1/execution.json: OK
/home/riomus/runs/sfora-so400-prototype-original-evaluator-source-v1/test_siglip2_quadratic_readout_evaluation.py: OK
/home/riomus/runs/sfora-so400-prototype-residual-evaluation-source-v5/cpu-v5-terminal.json: OK
/home/riomus/runs/sfora-so400-prototype-residual-evaluation-cpu-v5/receipt.json: OK
/home/riomus/runs/sfora-so400-prototype-residual-evaluation-source-v5/cpu-v5.log: OK
{"progress": "authority_start", "seconds": 0.049643180798739195}
{"progress": "authority_end", "cost_pass": true, "seconds": 111.75311254803091}
FINAL_CGROUP {"command_exit_status": 0, "invocation_id": "ad70ff18e63449e38d5a193a5ff24f10", "path": "/sys/fs/cgroup/user.slice/user-1000.slice/user@1000.service/app.slice/sfora-so400-prototype-residual-evaluation-selection-score-v1.service", "values": {"memory.current": "772558848", "memory.events": "low 0\nhigh 0\nmax 0\noom 0\noom_kill 0\noom_group_kill 0", "memory.max": "8589934592", "memory.peak": "1560887296", "memory.stat": "anon 170434560\nfile 556232704\nkernel 38440960\nkernel_stack 49152\npagetables 3399680\nsec_pagetables 0\npercpu 1760\nsock 0\nvmalloc 0\nshmem 0\nzswap 0\nzswapped 0\nfile_mapped 1703936\nfile_dirty 20480\nfile_writeback 0\nswapcached 0\nanon_thp 0\nfile_thp 0\nshmem_thp 0\ninactive_anon 0\nactive_anon 172982272\ninactive_file 133812224\nactive_file 422412288\nunevictable 0\nslab_reclaimable 34525712\nslab_unreclaimable 443568\nslab 34969280\nworkingset_refault_anon 0\nworkingset_refault_file 0\nworkingset_activate_anon 0\nworkingset_activate_file 0\nworkingset_restore_anon 0\nworkingset_restore_file 0\nworkingset_nodereclaim 0\npgdemote_kswapd 0\npgdemote_direct 0\npgdemote_khugepaged 0\npgdemote_proactive 0\npgpromote_success 0\npgscan 0\npgsteal 0\npswpin 0\npswpout 0\npgscan_kswapd 0\npgscan_direct 0\npgscan_khugepaged 0\npgscan_proactive 0\npgsteal_kswapd 0\npgsteal_direct 0\npgsteal_khugepaged 0\npgsteal_proactive 0\npgfault 256702\npgmajfault 4863\npgrefill 0\npgactivate 0\npgdeactivate 0\npglazyfree 0\npglazyfreed 0\nswpin_zero 0\nswpout_zero 0\nzswpin 0\nzswpout 0\nzswpwb 0\nthp_fault_alloc 293\nthp_collapse_alloc 9\nthp_swpout 0\nthp_swpout_fallback 0\nnuma_pages_migrated 0\nnuma_pte_updates 0\nnuma_hint_faults 0", "memory.swap.current": "0", "memory.swap.max": "0", "memory.swap.peak": "0"}}
STOP_CGROUP {"exit_code": "killed", "exit_status": "TERM", "invocation_id": "ad70ff18e63449e38d5a193a5ff24f10", "path": "/sys/fs/cgroup/user.slice/user-1000.slice/user@1000.service/app.slice/sfora-so400-prototype-residual-evaluation-selection-score-v1.service", "service_result": "timeout", "values": {"memory.current": "771362816", "memory.events": "low 0\nhigh 0\nmax 0\noom 0\noom_kill 0\noom_group_kill 0", "memory.max": "8589934592", "memory.peak": "1560887296", "memory.stat": "anon 170434560\nfile 556232704\nkernel 38440960\nkernel_stack 49152\npagetables 3399680\nsec_pagetables 0\npercpu 1760\nsock 0\nvmalloc 0\nshmem 0\nzswap 0\nzswapped 0\nfile_mapped 1703936\nfile_dirty 20480\nfile_writeback 0\nswapcached 0\nanon_thp 0\nfile_thp 0\nshmem_thp 0\ninactive_anon 0\nactive_anon 172982272\ninactive_file 133812224\nactive_file 422412288\nunevictable 0\nslab_reclaimable 34525712\nslab_unreclaimable 443568\nslab 34969280\nworkingset_refault_anon 0\nworkingset_refault_file 0\nworkingset_activate_anon 0\nworkingset_activate_file 0\nworkingset_restore_anon 0\nworkingset_restore_file 0\nworkingset_nodereclaim 0\npgdemote_kswapd 0\npgdemote_direct 0\npgdemote_khugepaged 0\npgdemote_proactive 0\npgpromote_success 0\npgscan 0\npgsteal 0\npswpin 0\npswpout 0\npgscan_kswapd 0\npgscan_direct 0\npgscan_khugepaged 0\npgscan_proactive 0\npgsteal_kswapd 0\npgsteal_direct 0\npgsteal_khugepaged 0\npgsteal_proactive 0\npgfault 256702\npgmajfault 4863\npgrefill 0\npgactivate 0\npgdeactivate 0\npglazyfree 0\npglazyfreed 0\nswpin_zero 0\nswpout_zero 0\nzswpin 0\nzswpout 0\nzswpwb 0\nthp_fault_alloc 293\nthp_collapse_alloc 9\nthp_swpout 0\nthp_swpout_fallback 0\nnuma_pages_migrated 0\nnuma_pte_updates 0\nnuma_hint_faults 0", "memory.swap.current": "0", "memory.swap.max": "0", "memory.swap.peak": "0"}}
Finished with result: timeout
Main processes terminated with: code=killed/status=TERM
Service runtime: 5min 258ms
CPU time consumed: 2min 671ms
Memory peak: 1.4G
Memory swap peak: 0B
