Running as unit: sfora-so400-postln-cpu-v2.service; invocation ID: 62895400ed1b4aff8c81a957f3d97af4
train_siglip2_postln_adaptation.py: OK
test_siglip2_postln_adaptation.py: OK
execution.json: OK
authority-cpu-v2.json: OK
/home/riomus/runs/sfora-native256-initialized-cpu-final-footer-v1.py: OK
/home/riomus/runs/sfora-native256-stop-cgroup-footer-v1.py: OK
{"event": "POSTLN_PHASE", "phase": "admission", "delta_seconds": 45.80458101723343, "cumulative_seconds": 45.80458101723343}
{"event": "POSTLN_PHASE", "phase": "native_admission", "delta_seconds": 21.550368499942124, "cumulative_seconds": 21.550368499942124}
{"event": "POSTLN_PHASE", "phase": "construction", "delta_seconds": 12.295259535778314, "cumulative_seconds": 12.295259535778314}
{"event": "POSTLN_PHASE", "phase": "integrity", "delta_seconds": 1.9460378517396748, "cumulative_seconds": 1.9460378517396748}
{"event": "POSTLN_PHASE", "phase": "decode_preprocess", "delta_seconds": 0.03169232467189431, "cumulative_seconds": 0.03169232467189431}
{"event": "POSTLN_PHASE", "phase": "witness_forward_pack", "delta_seconds": 1.4110257648862898, "cumulative_seconds": 1.4110257648862898}
{"event": "POSTLN_PHASE", "phase": "decode_preprocess", "delta_seconds": 0.0064706322737038136, "cumulative_seconds": 0.038162956945598125}
{"event": "POSTLN_PHASE", "phase": "cpu_forward_backward_witness", "delta_seconds": 1.2872015330940485, "cumulative_seconds": 1.2872015330940485}
{"event": "POSTLN_PHASE", "phase": "integrity", "delta_seconds": 1.824618486687541, "cumulative_seconds": 3.770656338427216}
{"event": "POSTLN_PHASE", "phase": "serialization", "delta_seconds": 0.062078002374619246, "cumulative_seconds": 0.062078002374619246}
{"event": "POSTLN_PHASE", "phase": "reload", "delta_seconds": 0.11003174493089318, "cumulative_seconds": 0.11003174493089318}
{"event": "POSTLN_PHASE", "phase": "construction", "delta_seconds": 8.71094492264092, "cumulative_seconds": 21.006204458419234}
{"event": "POSTLN_PHASE", "phase": "reload", "delta_seconds": 0.15160426823422313, "cumulative_seconds": 0.2616360131651163}
{"event": "POSTLN_PHASE", "phase": "integrity", "delta_seconds": 2.0214216602034867, "cumulative_seconds": 5.7920779986307025}
{"event": "POSTLN_PHASE", "phase": "reload", "delta_seconds": 0.020726905204355717, "cumulative_seconds": 0.282362918369472}
{"event": "POSTLN_PHASE", "phase": "decode_preprocess", "delta_seconds": 0.013556016143411398, "cumulative_seconds": 0.05171897308900952}
{"event": "POSTLN_PHASE", "phase": "witness_forward_pack", "delta_seconds": 1.142925227060914, "cumulative_seconds": 2.553950991947204}
{"event": "POSTLN_PHASE", "phase": "integrity", "delta_seconds": 1.9437712808139622, "cumulative_seconds": 7.735849279444665}
{"event": "POSTLN_PHASE", "phase": "construction", "delta_seconds": 8.432746096979827, "cumulative_seconds": 29.43895055539906}
{"event": "POSTLN_PHASE", "phase": "integrity", "delta_seconds": 1.9349683979526162, "cumulative_seconds": 9.670817677397281}
{"event": "POSTLN_PHASE", "phase": "decode_preprocess", "delta_seconds": 0.01337356586009264, "cumulative_seconds": 0.06509253894910216}
{"event": "POSTLN_PHASE", "phase": "witness_forward_pack", "delta_seconds": 1.1774075282737613, "cumulative_seconds": 3.731358520220965}
{"event": "POSTLN_PHASE", "phase": "decode_preprocess", "delta_seconds": 0.004171694163233042, "cumulative_seconds": 0.0692642331123352}
{"event": "POSTLN_PHASE", "phase": "cpu_forward_backward_witness", "delta_seconds": 3.1319719068706036, "cumulative_seconds": 4.419173439964652}
{"event": "POSTLN_PHASE", "phase": "integrity", "delta_seconds": 2.0040572080761194, "cumulative_seconds": 11.6748748854734}
{"event": "POSTLN_PHASE", "phase": "serialization", "delta_seconds": 0.060523226857185364, "cumulative_seconds": 0.12260122923180461}
STOP_CGROUP {"exit_code": "killed", "exit_status": "TERM", "invocation_id": "62895400ed1b4aff8c81a957f3d97af4", "path": "/sys/fs/cgroup/user.slice/user-1000.slice/user@1000.service/app.slice/sfora-so400-postln-cpu-v2.service", "service_result": "timeout", "values": {"memory.current": "2900582400", "memory.events": "low 0\nhigh 0\nmax 0\noom 0\noom_kill 0\noom_group_kill 0", "memory.max": "8589934592", "memory.peak": "7970770944", "memory.stat": "anon 421519360\nfile 2400813056\nkernel 65404928\nkernel_stack 49152\npagetables 4034560\nsec_pagetables 0\npercpu 1760\nsock 0\nvmalloc 0\nshmem 0\nzswap 0\nzswapped 0\nfile_mapped 378974208\nfile_dirty 16384\nfile_writeback 0\nswapcached 0\nanon_thp 0\nfile_thp 0\nshmem_thp 0\ninactive_anon 0\nactive_anon 431255552\ninactive_file 215740416\nactive_file 2185072640\nunevictable 0\nslab_reclaimable 60443680\nslab_unreclaimable 876432\nslab 61320112\nworkingset_refault_anon 0\nworkingset_refault_file 0\nworkingset_activate_anon 0\nworkingset_activate_file 0\nworkingset_restore_anon 0\nworkingset_restore_file 0\nworkingset_nodereclaim 0\npgdemote_kswapd 0\npgdemote_direct 0\npgdemote_khugepaged 0\npgdemote_proactive 0\npgpromote_success 0\npgscan 0\npgsteal 0\npswpin 0\npswpout 0\npgscan_kswapd 0\npgscan_direct 0\npgscan_khugepaged 0\npgscan_proactive 0\npgsteal_kswapd 0\npgsteal_direct 0\npgsteal_khugepaged 0\npgsteal_proactive 0\npgfault 5658895\npgmajfault 7072\npgrefill 0\npgactivate 0\npgdeactivate 0\npglazyfree 0\npglazyfreed 0\nswpin_zero 0\nswpout_zero 0\nzswpin 0\nzswpout 0\nzswpwb 0\nthp_fault_alloc 1533\nthp_collapse_alloc 1\nthp_swpout 0\nthp_swpout_fallback 0\nnuma_pages_migrated 0\nnuma_pte_updates 0\nnuma_hint_faults 0", "memory.swap.current": "0", "memory.swap.max": "0", "memory.swap.peak": "0"}}
Finished with result: timeout
Main processes terminated with: code=killed/status=TERM
Service runtime: 2min 230ms
CPU time consumed: 2min 14.586s
Memory peak: 7.4G
Memory swap peak: 0B
