Running as unit: sfora-so400-quadratic-readout-cpu-v3.service; invocation ID: 8a02fa5c56f94dcba52e27661699a571
quadratic_readout.py: OK
test_siglip2_quadratic_readout.py: OK
train_siglip2_quadratic_readout.py: OK
execution.json: OK
authority-cpu-v3.json: OK
/home/riomus/runs/sfora-native256-initialized-cpu-final-footer-v1.py: OK
/home/riomus/runs/sfora-native256-stop-cgroup-footer-v1.py: OK
{"event": "QUADRATIC_PHASE", "phase": "admission", "delta_seconds": 46.117337964940816, "cumulative_seconds": 46.117337964940816}
{"event": "QUADRATIC_PHASE", "phase": "native_admission", "delta_seconds": 26.547040062956512, "cumulative_seconds": 26.547040062956512}
{"event": "QUADRATIC_PHASE", "phase": "construction", "delta_seconds": 0.4975848593749106, "cumulative_seconds": 0.4975848593749106}
{"event": "QUADRATIC_PHASE", "phase": "integrity", "delta_seconds": 0.10309729306027293, "cumulative_seconds": 0.10309729306027293}
{"event": "QUADRATIC_PHASE", "phase": "integrity", "delta_seconds": 0.08944568643346429, "cumulative_seconds": 0.19254297949373722}
{"event": "QUADRATIC_PHASE", "phase": "integrity", "delta_seconds": 0.0944673609919846, "cumulative_seconds": 0.2870103404857218}
{"event": "QUADRATIC_PHASE", "phase": "integrity", "delta_seconds": 0.08908176980912685, "cumulative_seconds": 0.3760921102948487}
{"A_updated": true, "batch": [185, 419, 3802, 1536, 5675, 3633, 5030, 3737, 5622, 1070, 6090, 343, 1312, 4889, 5235, 1321, 3024, 669, 3387, 2180, 4276, 1577, 1393, 2469, 5116, 5843, 3925, 4775, 6105, 1374, 6211, 6342, 1670, 3789, 4878, 4751, 4682, 0, 5563, 1939, 1128, 1997, 1792, 5558, 5172, 1902, 2862, 3766, 5306, 2704, 2617, 5024, 4845, 2339, 3593, 1873, 5759, 2475, 1255, 1324, 292, 3595, 5093, 6215], "ce": 0.25864591309800744, "clean_bank_sha256": "437b51a272ebb0d295092767b161adc5f53588688a14bd66de24cb2634e5a1d3", "feature_rows_sha256": "9ff2ded0e0cf601c3a38d90b24f080c45d9714d90dd0e89932318c7eaae28a09", "gradient_norms": {"A": 24.281548993214294}, "loss": 0.5742817730642855, "mask_sha256": "fa87542a2e1d985fec14820e82093a86b814c5aee9081651b083d77c91b6ea47", "preclip_norm": 24.28154754638672, "rank": 0.03945448249578476, "scale": 128.0, "schedule_sha256": "662a9122d12c50930f6f7df42e83d0e593078af8e124af13cff261a59a942041", "seconds": 0.4577544298954308, "state_sha256": "83bddc5e292f3b91d235f216cc354a29a3de6d386f145620441584b43e4f4710", "step": 1}
{"event": "QUADRATIC_PHASE", "phase": "integrity", "delta_seconds": 0.09096409939229488, "cumulative_seconds": 0.46705620968714356}
{"event": "QUADRATIC_PHASE", "phase": "serialization", "delta_seconds": 0.09655397618189454, "cumulative_seconds": 0.09655397618189454}
{"event": "QUADRATIC_PHASE", "phase": "integrity", "delta_seconds": 0.09117396781221032, "cumulative_seconds": 0.5582301774993539}
{"event": "QUADRATIC_PHASE", "phase": "integrity", "delta_seconds": 0.08743713796138763, "cumulative_seconds": 0.6456673154607415}
{"A_updated": true, "batch": [2295, 6349, 470, 5135, 546, 506, 619, 6120, 3515, 3064, 2100, 2142, 2343, 207, 1006, 1025, 3003, 1757, 4085, 490, 5091, 4652, 3727, 2457, 902, 1527, 534, 173, 3200, 2047, 6089, 1889, 220, 5263, 5041, 1414, 3266, 3373, 5348, 2636, 5541, 2135, 6082, 3932, 5383, 5722, 69, 828, 1142, 1838, 3101, 3914, 5976, 2512, 4702, 4041, 2492, 566, 908, 4568, 5765, 5856, 689, 844], "ce": 0.2088815290480852, "clean_bank_sha256": "ba0379fce9aae1d1344d1d71f5f5b234e7200e0df14a15d66fcbd94491cda4f5", "feature_rows_sha256": "5d85fd289a658463816031a815aa4c40384dfb18019bd0a675ced845c9701825", "gradient_norms": {"A": 25.93867283024066}, "loss": 0.6378661710768938, "mask_sha256": "89a83d3ab108d3bda88ebcb4576d237d3438641287401ba0288b2174dc182de6", "preclip_norm": 25.93867301940918, "rank": 0.053623080253601074, "scale": 128.0, "schedule_sha256": "662a9122d12c50930f6f7df42e83d0e593078af8e124af13cff261a59a942041", "seconds": 0.36397847393527627, "state_sha256": "2a25cadf7390d7a8c753ddd702e2bb612636a9652db27535cee94e63db972d5e", "step": 2}
{"event": "QUADRATIC_PHASE", "phase": "integrity", "delta_seconds": 0.08654727786779404, "cumulative_seconds": 0.7322145933285356}
{"event": "QUADRATIC_PHASE", "phase": "construction", "delta_seconds": 0.16962356632575393, "cumulative_seconds": 0.6672084257006645}
{"event": "QUADRATIC_PHASE", "phase": "integrity", "delta_seconds": 0.09118833765387535, "cumulative_seconds": 0.8234029309824109}
{"event": "QUADRATIC_PHASE", "phase": "reload", "delta_seconds": 0.7519399761222303, "cumulative_seconds": 0.7519399761222303}
{"event": "QUADRATIC_PHASE", "phase": "integrity", "delta_seconds": 0.09177421825006604, "cumulative_seconds": 0.915177149232477}
{"event": "QUADRATIC_PHASE", "phase": "integrity", "delta_seconds": 0.09129337593913078, "cumulative_seconds": 1.0064705251716077}
{"A_updated": true, "batch": [2295, 6349, 470, 5135, 546, 506, 619, 6120, 3515, 3064, 2100, 2142, 2343, 207, 1006, 1025, 3003, 1757, 4085, 490, 5091, 4652, 3727, 2457, 902, 1527, 534, 173, 3200, 2047, 6089, 1889, 220, 5263, 5041, 1414, 3266, 3373, 5348, 2636, 5541, 2135, 6082, 3932, 5383, 5722, 69, 828, 1142, 1838, 3101, 3914, 5976, 2512, 4702, 4041, 2492, 566, 908, 4568, 5765, 5856, 689, 844], "ce": 0.2088815290480852, "clean_bank_sha256": "ba0379fce9aae1d1344d1d71f5f5b234e7200e0df14a15d66fcbd94491cda4f5", "feature_rows_sha256": "5d85fd289a658463816031a815aa4c40384dfb18019bd0a675ced845c9701825", "gradient_norms": {"A": 25.93867283024066}, "loss": 0.6378661710768938, "mask_sha256": "89a83d3ab108d3bda88ebcb4576d237d3438641287401ba0288b2174dc182de6", "preclip_norm": 25.93867301940918, "rank": 0.053623080253601074, "scale": 128.0, "schedule_sha256": "662a9122d12c50930f6f7df42e83d0e593078af8e124af13cff261a59a942041", "seconds": 0.3444910626858473, "state_sha256": "2a25cadf7390d7a8c753ddd702e2bb612636a9652db27535cee94e63db972d5e", "step": 2}
{"event": "QUADRATIC_PHASE", "phase": "integrity", "delta_seconds": 0.08785761473700404, "cumulative_seconds": 1.0943281399086118}
{"event": "QUADRATIC_PHASE", "phase": "construction", "delta_seconds": 0.16755572566762567, "cumulative_seconds": 0.8347641513682902}
{"event": "QUADRATIC_PHASE", "phase": "integrity", "delta_seconds": 0.08699273224920034, "cumulative_seconds": 1.1813208721578121}
{"event": "QUADRATIC_PHASE", "phase": "integrity", "delta_seconds": 0.08893084898591042, "cumulative_seconds": 1.2702517211437225}
{"event": "QUADRATIC_PHASE", "phase": "integrity", "delta_seconds": 0.08740310976281762, "cumulative_seconds": 1.3576548309065402}
{"event": "QUADRATIC_PHASE", "phase": "integrity", "delta_seconds": 0.09371302602812648, "cumulative_seconds": 1.4513678569346666}
{"A_updated": true, "batch": [185, 419, 3802, 1536, 5675, 3633, 5030, 3737, 5622, 1070, 6090, 343, 1312, 4889, 5235, 1321, 3024, 669, 3387, 2180, 4276, 1577, 1393, 2469, 5116, 5843, 3925, 4775, 6105, 1374, 6211, 6342, 1670, 3789, 4878, 4751, 4682, 0, 5563, 1939, 1128, 1997, 1792, 5558, 5172, 1902, 2862, 3766, 5306, 2704, 2617, 5024, 4845, 2339, 3593, 1873, 5759, 2475, 1255, 1324, 292, 3595, 5093, 6215], "ce": 0.25864591309800744, "clean_bank_sha256": "437b51a272ebb0d295092767b161adc5f53588688a14bd66de24cb2634e5a1d3", "feature_rows_sha256": "9ff2ded0e0cf601c3a38d90b24f080c45d9714d90dd0e89932318c7eaae28a09", "gradient_norms": {"A": 43.079205116501406}, "loss": 0.5742817730642855, "mask_sha256": "fa87542a2e1d985fec14820e82093a86b814c5aee9081651b083d77c91b6ea47", "preclip_norm": 43.079200744628906, "rank": 0.03945448249578476, "scale": 128.0, "schedule_sha256": "662a9122d12c50930f6f7df42e83d0e593078af8e124af13cff261a59a942041", "seconds": 0.333515889942646, "state_sha256": "c3f4e90342c485da5afcf92a337d610ab7e04fc6a9bba600884be4ad025f42de", "step": 1}
{"event": "QUADRATIC_PHASE", "phase": "integrity", "delta_seconds": 0.08814700599759817, "cumulative_seconds": 1.5395148629322648}
{"event": "QUADRATIC_PHASE", "phase": "serialization", "delta_seconds": 0.09027251368388534, "cumulative_seconds": 0.18682648986577988}
{"event": "QUADRATIC_PHASE", "phase": "integrity", "delta_seconds": 0.09593550907447934, "cumulative_seconds": 1.6354503720067441}
{"event": "QUADRATIC_PHASE", "phase": "integrity", "delta_seconds": 0.09054879797622561, "cumulative_seconds": 1.7259991699829698}
{"A_updated": true, "batch": [2295, 6349, 470, 5135, 546, 506, 619, 6120, 3515, 3064, 2100, 2142, 2343, 207, 1006, 1025, 3003, 1757, 4085, 490, 5091, 4652, 3727, 2457, 902, 1527, 534, 173, 3200, 2047, 6089, 1889, 220, 5263, 5041, 1414, 3266, 3373, 5348, 2636, 5541, 2135, 6082, 3932, 5383, 5722, 69, 828, 1142, 1838, 3101, 3914, 5976, 2512, 4702, 4041, 2492, 566, 908, 4568, 5765, 5856, 689, 844], "ce": 0.20927724055945873, "clean_bank_sha256": "bfdb2e67aa0f56139df9d7681b883ddb91ff5d60fb5cfffc98275e51dc9475a7", "feature_rows_sha256": "5d85fd289a658463816031a815aa4c40384dfb18019bd0a675ced845c9701825", "gradient_norms": {"A": 37.42707097504173}, "loss": 0.6383316200226545, "mask_sha256": "89a83d3ab108d3bda88ebcb4576d237d3438641287401ba0288b2174dc182de6", "preclip_norm": 37.42707443237305, "rank": 0.053631797432899475, "scale": 128.0, "schedule_sha256": "662a9122d12c50930f6f7df42e83d0e593078af8e124af13cff261a59a942041", "seconds": 0.3456139890477061, "state_sha256": "3d3b5a4a6cbf04386ae96cf74df7d5b76d9307f8fb13ece806283152ef4dfe32", "step": 2}
{"event": "QUADRATIC_PHASE", "phase": "integrity", "delta_seconds": 0.09022484859451652, "cumulative_seconds": 1.8162240185774863}
{"event": "QUADRATIC_PHASE", "phase": "construction", "delta_seconds": 0.15499439602717757, "cumulative_seconds": 0.9897585473954678}
{"event": "QUADRATIC_PHASE", "phase": "integrity", "delta_seconds": 0.08864605566486716, "cumulative_seconds": 1.9048700742423534}
{"event": "QUADRATIC_PHASE", "phase": "reload", "delta_seconds": 0.7178262039087713, "cumulative_seconds": 1.4697661800310016}
{"event": "QUADRATIC_PHASE", "phase": "integrity", "delta_seconds": 0.08976906584575772, "cumulative_seconds": 1.9946391400881112}
{"event": "QUADRATIC_PHASE", "phase": "integrity", "delta_seconds": 0.08913022605702281, "cumulative_seconds": 2.083769366145134}
{"A_updated": true, "batch": [2295, 6349, 470, 5135, 546, 506, 619, 6120, 3515, 3064, 2100, 2142, 2343, 207, 1006, 1025, 3003, 1757, 4085, 490, 5091, 4652, 3727, 2457, 902, 1527, 534, 173, 3200, 2047, 6089, 1889, 220, 5263, 5041, 1414, 3266, 3373, 5348, 2636, 5541, 2135, 6082, 3932, 5383, 5722, 69, 828, 1142, 1838, 3101, 3914, 5976, 2512, 4702, 4041, 2492, 566, 908, 4568, 5765, 5856, 689, 844], "ce": 0.20927724055945873, "clean_bank_sha256": "bfdb2e67aa0f56139df9d7681b883ddb91ff5d60fb5cfffc98275e51dc9475a7", "feature_rows_sha256": "5d85fd289a658463816031a815aa4c40384dfb18019bd0a675ced845c9701825", "gradient_norms": {"A": 37.42707097504173}, "loss": 0.6383316200226545, "mask_sha256": "89a83d3ab108d3bda88ebcb4576d237d3438641287401ba0288b2174dc182de6", "preclip_norm": 37.42707443237305, "rank": 0.053631797432899475, "scale": 128.0, "schedule_sha256": "662a9122d12c50930f6f7df42e83d0e593078af8e124af13cff261a59a942041", "seconds": 0.3486616341397166, "state_sha256": "3d3b5a4a6cbf04386ae96cf74df7d5b76d9307f8fb13ece806283152ef4dfe32", "step": 2}
{"event": "QUADRATIC_PHASE", "phase": "integrity", "delta_seconds": 0.09212068235501647, "cumulative_seconds": 2.1758900485001504}
{"event": "QUADRATIC_PHASE", "phase": "exit_rehash", "delta_seconds": 17.359004721976817, "cumulative_seconds": 17.359004721976817}
{"schema": "siglip2-quadratic-readout-v1", "phase": "cpu", "output": "/home/riomus/runs/sfora-so400-quadratic-readout-cpu-v3"}
quadratic_readout.py: OK
test_siglip2_quadratic_readout.py: OK
train_siglip2_quadratic_readout.py: OK
execution.json: OK
authority-cpu-v3.json: OK
/home/riomus/runs/sfora-native256-initialized-cpu-final-footer-v1.py: OK
/home/riomus/runs/sfora-native256-stop-cgroup-footer-v1.py: OK
FINAL_CGROUP {"command_exit_status": 0, "invocation_id": "8a02fa5c56f94dcba52e27661699a571", "path": "/sys/fs/cgroup/user.slice/user-1000.slice/user@1000.service/app.slice/sfora-so400-quadratic-readout-cpu-v3.service", "values": {"memory.current": "615256064", "memory.events": "low 0\nhigh 0\nmax 0\noom 0\noom_kill 0\noom_group_kill 0", "memory.max": "8589934592", "memory.peak": "1361350656", "memory.stat": "anon 5865472\nfile 571998208\nkernel 34684928\nkernel_stack 65536\npagetables 339968\nsec_pagetables 0\npercpu 2112\nsock 0\nvmalloc 0\nshmem 0\nzswap 0\nzswapped 0\nfile_mapped 40960\nfile_dirty 20480\nfile_writeback 0\nswapcached 0\nanon_thp 0\nfile_thp 2097152\nshmem_thp 0\ninactive_anon 0\nactive_anon 5722112\ninactive_file 113459200\nactive_file 458539008\nunevictable 0\nslab_reclaimable 34139368\nslab_unreclaimable 112056\nslab 34251424\nworkingset_refault_anon 0\nworkingset_refault_file 0\nworkingset_activate_anon 0\nworkingset_activate_file 0\nworkingset_restore_anon 0\nworkingset_restore_file 0\nworkingset_nodereclaim 0\npgdemote_kswapd 0\npgdemote_direct 0\npgdemote_khugepaged 0\npgdemote_proactive 0\npgpromote_success 0\npgscan 0\npgsteal 0\npswpin 0\npswpout 0\npgscan_kswapd 0\npgscan_direct 0\npgscan_khugepaged 0\npgscan_proactive 0\npgsteal_kswapd 0\npgsteal_direct 0\npgsteal_khugepaged 0\npgsteal_proactive 0\npgfault 183473\npgmajfault 5173\npgrefill 0\npgactivate 0\npgdeactivate 0\npglazyfree 0\npglazyfreed 0\nswpin_zero 0\nswpout_zero 0\nzswpin 0\nzswpout 0\nzswpwb 0\nthp_fault_alloc 165\nthp_collapse_alloc 1\nthp_swpout 0\nthp_swpout_fallback 0\nnuma_pages_migrated 0\nnuma_pte_updates 0\nnuma_hint_faults 0", "memory.swap.current": "0", "memory.swap.max": "0", "memory.swap.peak": "0"}}
	Command being timed: "/bin/bash /home/riomus/runs/sfora-so400-quadratic-readout-source-v3/cpu-command.sh"
	User time (seconds): 36.77
	System time (seconds): 6.23
	Percent of CPU this job got: 43%
	Elapsed (wall clock) time (h:mm:ss or m:ss): 1:37.93
	Average shared text size (kbytes): 0
	Average unshared data size (kbytes): 0
	Average stack size (kbytes): 0
	Average total size (kbytes): 0
	Maximum resident set size (kbytes): 1106376
	Average resident set size (kbytes): 0
	Major (requiring I/O) page faults: 5171
	Minor (reclaiming a frame) page faults: 178128
	Voluntary context switches: 271551
	Involuntary context switches: 284
	Swaps: 0
	File system inputs: 94737352
	File system outputs: 58952
	Socket messages sent: 0
	Socket messages received: 0
	Signals delivered: 0
	Page size (bytes): 4096
	Exit status: 0
STOP_CGROUP {"exit_code": "exited", "exit_status": "0", "invocation_id": "8a02fa5c56f94dcba52e27661699a571", "path": "/sys/fs/cgroup/user.slice/user-1000.slice/user@1000.service/app.slice/sfora-so400-quadratic-readout-cpu-v3.service", "service_result": "success", "values": {"memory.current": "614506496", "memory.events": "low 0\nhigh 0\nmax 0\noom 0\noom_kill 0\noom_group_kill 0", "memory.max": "8589934592", "memory.peak": "1361350656", "memory.stat": "anon 5292032\nfile 571998208\nkernel 34328576\nkernel_stack 0\npagetables 98304\nsec_pagetables 0\npercpu 1056\nsock 0\nvmalloc 0\nshmem 0\nzswap 0\nzswapped 0\nfile_mapped 0\nfile_dirty 20480\nfile_writeback 0\nswapcached 0\nanon_thp 0\nfile_thp 2097152\nshmem_thp 0\ninactive_anon 0\nactive_anon 5206016\ninactive_file 113459200\nactive_file 458539008\nunevictable 0\nslab_reclaimable 34138248\nslab_unreclaimable 70168\nslab 34208416\nworkingset_refault_anon 0\nworkingset_refault_file 0\nworkingset_activate_anon 0\nworkingset_activate_file 0\nworkingset_restore_anon 0\nworkingset_restore_file 0\nworkingset_nodereclaim 0\npgdemote_kswapd 0\npgdemote_direct 0\npgdemote_khugepaged 0\npgdemote_proactive 0\npgpromote_success 0\npgscan 0\npgsteal 0\npswpin 0\npswpout 0\npgscan_kswapd 0\npgscan_direct 0\npgscan_khugepaged 0\npgscan_proactive 0\npgsteal_kswapd 0\npgsteal_direct 0\npgsteal_khugepaged 0\npgsteal_proactive 0\npgfault 184960\npgmajfault 5173\npgrefill 0\npgactivate 0\npgdeactivate 0\npglazyfree 0\npglazyfreed 0\nswpin_zero 0\nswpout_zero 0\nzswpin 0\nzswpout 0\nzswpwb 0\nthp_fault_alloc 165\nthp_collapse_alloc 1\nthp_swpout 0\nthp_swpout_fallback 0\nnuma_pages_migrated 0\nnuma_pte_updates 0\nnuma_hint_faults 0", "memory.swap.current": "0", "memory.swap.max": "0", "memory.swap.peak": "0"}}
Finished with result: success
Main processes terminated with: code=exited/status=0
Service runtime: 1min 37.966s
CPU time consumed: 43.027s
Memory peak: 1.2G
Memory swap peak: 0B
