test_complete_nested_source_guard_correspondence (scripts.test_siglip2_identity_diversity.DiversityAdmissions.test_complete_nested_source_guard_correspondence) ... ok
test_complete_schedule_and_update_mutants (scripts.test_siglip2_identity_diversity.DiversityAdmissions.test_complete_schedule_and_update_mutants) ... ok
test_complete_unrelated_ast_and_native_preparation_preserved (scripts.test_siglip2_identity_diversity.DiversityAdmissions.test_complete_unrelated_ast_and_native_preparation_preserved) ... ok
test_json_and_resource_contract (scripts.test_siglip2_identity_diversity.DiversityAdmissions.test_json_and_resource_contract) ... ok
test_launch_scope_cache_and_prerequisite_mutants (scripts.test_siglip2_identity_diversity.DiversityAdmissions.test_launch_scope_cache_and_prerequisite_mutants) ... ok
test_native_release_drops_legacy_banks_and_keeps_metadata_provenance (scripts.test_siglip2_identity_diversity.DiversityAdmissions.test_native_release_drops_legacy_banks_and_keeps_metadata_provenance) ... ok
test_new_exact2_and_method (scripts.test_siglip2_identity_diversity.DiversityAdmissions.test_new_exact2_and_method) ... ok
test_no_scope_gradient_equality_or_hinge_dispatch (scripts.test_siglip2_identity_diversity.DiversityAdmissions.test_no_scope_gradient_equality_or_hinge_dispatch) ... ok
test_original_image_self_and_singletons (scripts.test_siglip2_identity_diversity.DiversityAdmissions.test_original_image_self_and_singletons) ... ok
test_owned_closure_tamper_and_extra_file (scripts.test_siglip2_identity_diversity.DiversityAdmissions.test_owned_closure_tamper_and_extra_file) ... ok
test_retained_admission_and_loader_ast (scripts.test_siglip2_identity_diversity.DiversityAdmissions.test_retained_admission_and_loader_ast) ... ok
test_retained_update_and_vision_predicate_order (scripts.test_siglip2_identity_diversity.DiversityAdmissions.test_retained_update_and_vision_predicate_order) ... ok
test_scope_bundle_swap (scripts.test_siglip2_identity_diversity.DiversityAdmissions.test_scope_bundle_swap) ... ok
test_scope_namespaces_and_mutants (scripts.test_siglip2_identity_diversity.DiversityAdmissions.test_scope_namespaces_and_mutants) ... ok
test_scope_release_tracks_all_nested_leaves_and_rejects_aliases (scripts.test_siglip2_identity_diversity.DiversityAdmissions.test_scope_release_tracks_all_nested_leaves_and_rejects_aliases) ... ok
test_scope_release_traversal_error_keeps_owner_and_does_not_admit (scripts.test_siglip2_identity_diversity.DiversityAdmissions.test_scope_release_traversal_error_keeps_owner_and_does_not_admit) ... ok
test_tensor_leaf_refs_nested_metadata_and_duplicate_aliases (scripts.test_siglip2_identity_diversity.DiversityAdmissions.test_tensor_leaf_refs_nested_metadata_and_duplicate_aliases) ... ok
test_visit_arithmetic_scope_counts (scripts.test_siglip2_identity_diversity.DiversityAdmissions.test_visit_arithmetic_scope_counts) ... ok
test_archived_control_gate_and_zeroC_candidate_derivative (scripts.test_siglip2_identity_diversity.HistoricalGradientOracle.test_archived_control_gate_and_zeroC_candidate_derivative) ... ok
test_complete_firstB64_old_new_A_C_and_gallery_decomposition (scripts.test_siglip2_identity_diversity.HistoricalGradientOracle.test_complete_firstB64_old_new_A_C_and_gallery_decomposition) ... ok
test_exact_source_and_test_inverse_keeps_all_historical_hashes (scripts.test_siglip2_identity_diversity.HistoricalGradientOracle.test_exact_source_and_test_inverse_keeps_all_historical_hashes) ... ok

----------------------------------------------------------------------
Ran 21 tests in 3.858s

OK
	Command being timed: "timeout 120s python3 -m unittest -v scripts.test_siglip2_identity_diversity"
	User time (seconds): 3.81
	System time (seconds): 0.08
	Percent of CPU this job got: 97%
	Elapsed (wall clock) time (h:mm:ss or m:ss): 0:04.00
	Average shared text size (kbytes): 0
	Average unshared data size (kbytes): 0
	Average stack size (kbytes): 0
	Average total size (kbytes): 0
	Maximum resident set size (kbytes): 72144
	Average resident set size (kbytes): 0
	Major (requiring I/O) page faults: 0
	Minor (reclaiming a frame) page faults: 29704
	Voluntary context switches: 45
	Involuntary context switches: 473
	Swaps: 0
	File system inputs: 8
	File system outputs: 0
	Socket messages sent: 0
	Socket messages received: 0
	Signals delivered: 0
	Page size (bytes): 4096
	Exit status: 0
