Running as unit: sfora-corrected128-budget4000-controller-v2.service; invocation ID: f6c757dd18034ff890e8ed281bfc8542
START 2100
COMPLETE {"end": 2100, "receipt_sha256": "f3cd9b8679866227b0729225171667c8f91f57ce6361396927b784d9db9cab81", "training_wall_seconds": 123.78353867214173, "images_per_second": 51.703159149063495, "peak_cuda_allocated_bytes": 6560978432}
START 2200
COMPLETE {"end": 2200, "receipt_sha256": "12b467198891c67070e0f9af98a528bfdcbb773ad9f534a49ac5d6acab1dee03", "training_wall_seconds": 122.80901170196012, "images_per_second": 52.113439488723216, "peak_cuda_allocated_bytes": 6560978432}
START 2300
COMPLETE {"end": 2300, "receipt_sha256": "bc861fdf26d8afdacf3cc44d6902fc7b2cff7ec7c3c2fc16b334c2d919be6a6b", "training_wall_seconds": 121.88515578582883, "images_per_second": 52.50844500905258, "peak_cuda_allocated_bytes": 6560978432}
START 2400
COMPLETE {"end": 2400, "receipt_sha256": "4dd664ea91fa1abbe5f343becbb08af02c4e1edf6e1d400bcbf81dc023491fe1", "training_wall_seconds": 121.72600598772988, "images_per_second": 52.57709680086872, "peak_cuda_allocated_bytes": 6560978432}
START 2500
COMPLETE {"end": 2500, "receipt_sha256": "cd7e298e46065afbd71931e5c2e70cd54402940cbbdba41e1b7963174e9e0f5d", "training_wall_seconds": 121.65258840285242, "images_per_second": 52.60882718587464, "peak_cuda_allocated_bytes": 6560978432}
START 2600
COMPLETE {"end": 2600, "receipt_sha256": "0143f896cbafb8262bd72557eb0854ee79f399b019dd019c145d8e63fcba65c6", "training_wall_seconds": 122.04636866692454, "images_per_second": 52.43908581554092, "peak_cuda_allocated_bytes": 6560978432}
START 2700
COMPLETE {"end": 2700, "receipt_sha256": "33a7daaae36d513129fc21a9f37266c96731a077140945604a41f7962b3baa81", "training_wall_seconds": 121.2296773889102, "images_per_second": 52.79235363687816, "peak_cuda_allocated_bytes": 6560978432}
START 2800
COMPLETE {"end": 2800, "receipt_sha256": "6cfc2c593b596ba0f392a83da9b4e602f56340cc1758e064edd654e7247e804f", "training_wall_seconds": 121.83560220012441, "images_per_second": 52.529801506521096, "peak_cuda_allocated_bytes": 6560978432}
START 2900
COMPLETE {"end": 2900, "receipt_sha256": "49971c850f02c9cb51357893037615a8a75bdc2d87429dfba4f439b3ee3ba351", "training_wall_seconds": 122.44183005904779, "images_per_second": 52.26971858321285, "peak_cuda_allocated_bytes": 6560978432}
START 3000
COMPLETE {"end": 3000, "receipt_sha256": "f104f55415638d203a2cb68b103b3ea3fc31d29801feec3c0ab002ad2797327b", "training_wall_seconds": 121.87659412808716, "images_per_second": 52.512133652782175, "peak_cuda_allocated_bytes": 6560978432}
START 3100
COMPLETE {"end": 3100, "receipt_sha256": "77f0cec11f91000a9088d2b9b68c7f92eaaa7f942a7f58f6a4cf5da3002aaff1", "training_wall_seconds": 122.80756424413994, "images_per_second": 52.11405371803384, "peak_cuda_allocated_bytes": 6560978432}
START 3200
COMPLETE {"end": 3200, "receipt_sha256": "8639648574a4dbf252987fccd5dfb64f3ed9ab09e8925e6e45b5f1b1cf3ad72e", "training_wall_seconds": 122.82837711740285, "images_per_second": 52.105223159324964, "peak_cuda_allocated_bytes": 6560978432}
START 3300
COMPLETE {"end": 3300, "receipt_sha256": "09bbda2e24cf5299ddcaf68bb51b1b91c94fdbbc059075c778f4874dff3e9874", "training_wall_seconds": 121.59400830417871, "images_per_second": 52.6341724338078, "peak_cuda_allocated_bytes": 6560978432}
START 3400
COMPLETE {"end": 3400, "receipt_sha256": "d3f33debe008734ed7bf7917d5be895a5a1699c92af322556989d74087488263", "training_wall_seconds": 121.9132479201071, "images_per_second": 52.49634563254426, "peak_cuda_allocated_bytes": 6560978432}
START 3500
COMPLETE {"end": 3500, "receipt_sha256": "5b105057454eb2372421e7115d1ad36170baecd39bdb6513b930d4535d690b22", "training_wall_seconds": 121.22106991289183, "images_per_second": 52.796102233703856, "peak_cuda_allocated_bytes": 6560978432}
START 3600
COMPLETE {"end": 3600, "receipt_sha256": "886514abfd1a48a21189a608d45b2a13b868b8fbd54f7b500fca6f2bdd189c0a", "training_wall_seconds": 122.24257679888979, "images_per_second": 52.35491730945028, "peak_cuda_allocated_bytes": 6560978432}
START 3700
COMPLETE {"end": 3700, "receipt_sha256": "6a44e8b614e4065fe181348802e250165b4107ea77acb2cde62c3d41bd41de64", "training_wall_seconds": 122.01753274397925, "images_per_second": 52.451478538159485, "peak_cuda_allocated_bytes": 6560978432}
START 3800
COMPLETE {"end": 3800, "receipt_sha256": "df7f8d69b4bfa0ae84dba028a719dd8562c592cae0ee28d348bff9dda62190e1", "training_wall_seconds": 121.94026465620846, "images_per_second": 52.48471469242585, "peak_cuda_allocated_bytes": 6560978432}
START 3900
COMPLETE {"end": 3900, "receipt_sha256": "5777ed6fececd77667f5cc859e47b0eb7360397b678251622e69f629f032c68c", "training_wall_seconds": 121.61549074668437, "images_per_second": 52.624875011446555, "peak_cuda_allocated_bytes": 6560978432}
START 4000
COMPLETE {"end": 4000, "receipt_sha256": "2ff3e77a24fcbf8fa51c3677a87a4a55af393b32d1f91905da4e3de588d6cb28", "training_wall_seconds": 122.05807118210942, "images_per_second": 52.434058133290215, "peak_cuda_allocated_bytes": 6560978432}
ALL_FIXED4000_COLLECTED 2ff3e77a24fcbf8fa51c3677a87a4a55af393b32d1f91905da4e3de588d6cb28
Finished with result: success
Main processes terminated with: code=exited/status=0
Service runtime: 54min 37.089s
CPU time consumed: 24.522s
Memory peak: 24.4M
Memory swap peak: 0B
