Started sfora-sop-freeze-public-train-179026-fp16-v1.service - /bin/bash /home/riomus/runs/run_sop_true_freeze_public_train_pair_dgx.sh 179026 fp16_native.
START public TRAIN seed=179026 arm=control precision=fp16_native
[transformers] Model config: bos_token_id must be `None` or an integer within the vocabulary (between 0 and 31999), got 49406. This may result in unexpected behavior.
[transformers] Model config: eos_token_id must be `None` or an integer within the vocabulary (between 0 and 31999), got 49407. This may result in unexpected behavior.
Loading weights:   0%|          | 0/792 [00:00<?, ?it/s]Loading weights:  28%|██▊       | 218/792 [00:00<00:00, 2153.75it/s]Loading weights:  69%|██████▉   | 545/792 [00:00<00:00, 2798.72it/s]Loading weights: 100%|██████████| 792/792 [00:00<00:00, 2886.67it/s]
{"queries_done": 32}
{"queries_done": 1056}
{"queries_done": 2080}
{"queries_done": 3104}
{"queries_done": 4128}
{"queries_done": 5152}
{"seed": 179026, "arm": "control", "precision": "fp16_native", "packed_r1": 0.9201845838318237, "packed_map_at_r": 0.7631813001899656}
DONE public TRAIN seed=179026 arm=control precision=fp16_native
START public TRAIN seed=179026 arm=freeze precision=fp16_native
[transformers] Model config: bos_token_id must be `None` or an integer within the vocabulary (between 0 and 31999), got 49406. This may result in unexpected behavior.
[transformers] Model config: eos_token_id must be `None` or an integer within the vocabulary (between 0 and 31999), got 49407. This may result in unexpected behavior.
Loading weights:   0%|          | 0/792 [00:00<?, ?it/s]Loading weights:  21%|██        | 164/792 [00:00<00:00, 1639.20it/s]Loading weights:  63%|██████▎   | 497/792 [00:00<00:00, 2599.68it/s]Loading weights:  99%|█████████▉| 787/792 [00:00<00:00, 2731.09it/s]Loading weights: 100%|██████████| 792/792 [00:00<00:00, 2613.79it/s]
{"queries_done": 32}
{"queries_done": 1056}
{"queries_done": 2080}
{"queries_done": 3104}
{"queries_done": 4128}
{"queries_done": 5152}
{"seed": 179026, "arm": "freeze", "precision": "fp16_native", "packed_r1": 0.9258246453597676, "packed_map_at_r": 0.7756396127644104}
DONE public TRAIN seed=179026 arm=freeze precision=fp16_native
sfora-sop-freeze-public-train-179026-fp16-v1.service: Consumed 4min 43.745s CPU time, 4.4G memory peak, 0B memory swap peak.
