LOADER_OBSERVATION {"event":"observation_ineligible","diagnostic_complete":false,"reason":"source/type/auth/AST contract failed"}
LOADER_OBSERVATION {"event":"observation_ineligible","diagnostic_complete":false,"reason":"source contract or existing trace"}
.LOADER_OBSERVATION {"event":"observation_ineligible","diagnostic_complete":false,"reason":"source/type/auth/AST contract failed"}
LOADER_OBSERVATION {"event":"observation_ineligible","diagnostic_complete":false,"reason":"source contract or existing trace"}
.LOADER_OBSERVATION {"event":"observation_ineligible","diagnostic_complete":false,"reason":"source/type/auth/AST contract failed"}
LOADER_OBSERVATION {"event":"observation_ineligible","diagnostic_complete":false,"reason":"source contract or existing trace"}
.LOADER_OBSERVATION {"event":"observation_ineligible","diagnostic_complete":false,"reason":"source/type/auth/AST contract failed"}
LOADER_OBSERVATION {"event":"observation_ineligible","diagnostic_complete":false,"reason":"source contract or existing trace"}
.......................LOADER_OBSERVATION {"event":"observation_ineligible","diagnostic_complete":false,"reason":"source/type/auth/AST contract failed"}
LOADER_OBSERVATION {"event":"observation_ineligible","diagnostic_complete":false,"reason":"source contract or existing trace"}
LOADER_OBSERVATION {"event":"reference_catch_before_clear_frames","errors":{"diagnostic_complete":true,"root":0,"nodes":[{"id":0,"type":"builtins.RuntimeError","message":"forward failed","notes":[],"suppress_context":false,"traceback":[{"file":"/home/rb/worktrees/sfora-probe-genuine-alias-boundary-20261009/scripts/qualify_connected_probe_serving.py","function":"reference_outputs","line":481},{"file":"/home/rb/worktrees/sfora-probe-genuine-alias-boundary-20261009/scripts/test_connected_probe_serving.py","function":"<lambda>","line":1051},{"file":"/home/rb/worktrees/sfora-probe-genuine-alias-boundary-20261009/scripts/test_connected_probe_serving.py","function":"<genexpr>","line":1051}]}],"edges":[]}}
..LOADER_OBSERVATION {"event":"observation_ineligible","diagnostic_complete":false,"reason":"source/type/auth/AST contract failed"}
LOADER_OBSERVATION {"event":"observation_ineligible","diagnostic_complete":false,"reason":"source contract or existing trace"}
LOADER_OBSERVATION {"event":"reference_catch_before_clear_frames","errors":{"diagnostic_complete":true,"root":0,"nodes":[{"id":0,"type":"builtins.RuntimeError","message":"forward failed","notes":[],"suppress_context":false,"traceback":[{"file":"/home/rb/worktrees/sfora-probe-genuine-alias-boundary-20261009/scripts/qualify_connected_probe_serving.py","function":"reference_outputs","line":481},{"file":"/home/rb/worktrees/sfora-probe-genuine-alias-boundary-20261009/scripts/test_connected_probe_serving.py","function":"<lambda>","line":1029},{"file":"/home/rb/worktrees/sfora-probe-genuine-alias-boundary-20261009/scripts/test_connected_probe_serving.py","function":"forward","line":1021}]}],"edges":[]}}
.LOADER_OBSERVATION {"event":"observation_ineligible","diagnostic_complete":false,"reason":"source/type/auth/AST contract failed"}
LOADER_OBSERVATION {"event":"observation_ineligible","diagnostic_complete":false,"reason":"source contract or existing trace"}
LOADER_OBSERVATION {"event":"reference_catch_before_clear_frames","errors":{"diagnostic_complete":true,"root":0,"nodes":[{"id":0,"type":"builtins.RuntimeError","message":"forward failed","notes":[],"suppress_context":false,"traceback":[{"file":"/home/rb/worktrees/sfora-probe-genuine-alias-boundary-20261009/scripts/qualify_connected_probe_serving.py","function":"reference_outputs","line":481},{"file":"/home/rb/worktrees/sfora-probe-genuine-alias-boundary-20261009/scripts/test_connected_probe_serving.py","function":"<lambda>","line":1079},{"file":"/home/rb/worktrees/sfora-probe-genuine-alias-boundary-20261009/scripts/test_connected_probe_serving.py","function":"<genexpr>","line":1079}]}],"edges":[]}}
.....LOADER_OBSERVATION {"event":"observation_ineligible","diagnostic_complete":false,"reason":"source/type/auth/AST contract failed"}
LOADER_OBSERVATION {"event":"observation_ineligible","diagnostic_complete":false,"reason":"source contract or existing trace"}
...................{"event": "COMPACT_RUNTIME_HASH", "boundary": "begin", "elapsed_seconds": 0.0, "item_count": 1346}
{"event": "COMPACT_RUNTIME_HASH", "boundary": "end", "elapsed_seconds": 0.28698305401485413, "item_count": 1346}
.{"event": "COMPACT_RUNTIME_HASH", "boundary": "begin", "elapsed_seconds": 0.0, "item_count": 1346}
{"event": "COMPACT_RUNTIME_HASH", "boundary": "end", "elapsed_seconds": 0.27847651799675077, "item_count": 1346}
{"event": "COMPACT_RUNTIME_HASH", "boundary": "begin", "elapsed_seconds": 0.0, "item_count": 1346}
{"event": "COMPACT_RUNTIME_HASH", "boundary": "end", "elapsed_seconds": 0.3676819350803271, "item_count": 1346}
.{"event": "COMPACT_RUNTIME_HASH", "boundary": "begin", "elapsed_seconds": 0.0, "item_count": 1346}
{"event": "COMPACT_RUNTIME_HASH", "boundary": "end", "elapsed_seconds": 0.4103653529891744, "item_count": 1346}
{"event": "COMPACT_RUNTIME_HASH", "boundary": "begin", "elapsed_seconds": 0.0, "item_count": 1346}
{"event": "COMPACT_RUNTIME_HASH", "boundary": "end", "elapsed_seconds": 0.3926858709892258, "item_count": 1346}
..{"event": "COMPACT_RUNTIME_HASH", "boundary": "begin", "elapsed_seconds": 0.0, "item_count": 1346}
{"event": "COMPACT_RUNTIME_HASH", "boundary": "end", "elapsed_seconds": 0.2935100829927251, "item_count": 1346}
{"event": "COMPACT_RUNTIME_HASH", "boundary": "begin", "elapsed_seconds": 0.0, "item_count": 1346}
{"event": "COMPACT_RUNTIME_HASH", "boundary": "end", "elapsed_seconds": 0.2617604420520365, "item_count": 1346}
{"event": "COMPACT_RUNTIME_HASH", "boundary": "begin", "elapsed_seconds": 0.0, "item_count": 1346}
{"event": "COMPACT_RUNTIME_HASH", "boundary": "end", "elapsed_seconds": 0.27726733102463186, "item_count": 1346}
...{"event": "COMPACT_RUNTIME_HASH", "boundary": "begin", "elapsed_seconds": 0.0, "item_count": 1346}
{"event": "COMPACT_RUNTIME_HASH", "boundary": "end", "elapsed_seconds": 0.2901594339637086, "item_count": 1346}
.{"event": "COMPACT_RUNTIME_HASH", "boundary": "begin", "elapsed_seconds": 0.0, "item_count": 1345}
{"event": "COMPACT_RUNTIME_HASH", "boundary": "end", "elapsed_seconds": 0.32151407608762383, "item_count": 1345}
{"event": "COMPACT_RUNTIME_HASH", "boundary": "begin", "elapsed_seconds": 0.0, "item_count": 1346}
{"event": "COMPACT_RUNTIME_HASH", "boundary": "end", "elapsed_seconds": 0.31482267705723643, "item_count": 1346}
{"event": "COMPACT_RUNTIME_HASH", "boundary": "begin", "elapsed_seconds": 0.0, "item_count": 1346}
{"event": "COMPACT_RUNTIME_HASH", "boundary": "end", "elapsed_seconds": 0.4408720029750839, "item_count": 1346}
...................LOADER_OBSERVATION {"event":"observation_ineligible","diagnostic_complete":false,"reason":"source/type/auth/AST contract failed"}
LOADER_OBSERVATION {"event":"observation_ineligible","diagnostic_complete":false,"reason":"source contract or existing trace"}
..LOADER_OBSERVATION {"event":"observation_ineligible","diagnostic_complete":false,"reason":"source/type/auth/AST contract failed"}
LOADER_OBSERVATION {"event":"observation_ineligible","diagnostic_complete":false,"reason":"source contract or existing trace"}
.LOADER_OBSERVATION {"event":"observation_ineligible","diagnostic_complete":false,"reason":"source/type/auth/AST contract failed"}
LOADER_OBSERVATION {"event":"observation_ineligible","diagnostic_complete":false,"reason":"source contract or existing trace"}
....LOADER_OBSERVATION {"event":"observation_ineligible","diagnostic_complete":false,"reason":"source/type/auth/AST contract failed"}
LOADER_OBSERVATION {"event":"observation_ineligible","diagnostic_complete":false,"reason":"source contract or existing trace"}
LOADER_OBSERVATION {"event":"reference_catch_before_clear_frames","errors":{"diagnostic_complete":true,"root":0,"nodes":[{"id":0,"type":"builtins.ValueError","message":"diagnostic body300 cap exceeded","notes":[],"suppress_context":false,"traceback":[{"file":"/home/rb/worktrees/sfora-probe-genuine-alias-boundary-20261009/scripts/qualify_connected_probe_serving.py","function":"reference_outputs","line":482},{"file":"/home/rb/worktrees/sfora-probe-genuine-alias-boundary-20261009/scripts/qualify_connected_probe_serving.py","function":"deadline","line":793},{"file":"/home/rb/worktrees/sfora-probe-genuine-alias-boundary-20261009/scripts/qualify_connected_probe_serving.py","function":"require","line":125}]}],"edges":[]}}
LOADER_OBSERVATION {"event":"observation_ineligible","diagnostic_complete":false,"reason":"source/type/auth/AST contract failed"}
LOADER_OBSERVATION {"event":"observation_ineligible","diagnostic_complete":false,"reason":"source contract or existing trace"}
LOADER_OBSERVATION {"event":"reference_catch_before_clear_frames","errors":{"diagnostic_complete":true,"root":0,"nodes":[{"id":0,"type":"builtins.ValueError","message":"diagnostic body300 cap exceeded","notes":[],"suppress_context":false,"traceback":[{"file":"/home/rb/worktrees/sfora-probe-genuine-alias-boundary-20261009/scripts/qualify_connected_probe_serving.py","function":"reference_outputs","line":484},{"file":"/home/rb/worktrees/sfora-probe-genuine-alias-boundary-20261009/scripts/qualify_connected_probe_serving.py","function":"deadline","line":793},{"file":"/home/rb/worktrees/sfora-probe-genuine-alias-boundary-20261009/scripts/qualify_connected_probe_serving.py","function":"require","line":125}]}],"edges":[]}}
LOADER_OBSERVATION {"event":"observation_ineligible","diagnostic_complete":false,"reason":"source/type/auth/AST contract failed"}
LOADER_OBSERVATION {"event":"observation_ineligible","diagnostic_complete":false,"reason":"source contract or existing trace"}
LOADER_OBSERVATION {"event":"reference_catch_before_clear_frames","errors":{"diagnostic_complete":true,"root":0,"nodes":[{"id":0,"type":"builtins.ValueError","message":"diagnostic body300 cap exceeded","notes":[],"suppress_context":false,"traceback":[{"file":"/home/rb/worktrees/sfora-probe-genuine-alias-boundary-20261009/scripts/qualify_connected_probe_serving.py","function":"reference_outputs","line":484},{"file":"/home/rb/worktrees/sfora-probe-genuine-alias-boundary-20261009/scripts/qualify_connected_probe_serving.py","function":"deadline","line":793},{"file":"/home/rb/worktrees/sfora-probe-genuine-alias-boundary-20261009/scripts/qualify_connected_probe_serving.py","function":"require","line":125}]}],"edges":[]}}
LOADER_OBSERVATION {"event":"observation_ineligible","diagnostic_complete":false,"reason":"source/type/auth/AST contract failed"}
LOADER_OBSERVATION {"event":"observation_ineligible","diagnostic_complete":false,"reason":"source contract or existing trace"}
LOADER_OBSERVATION {"event":"observation_ineligible","diagnostic_complete":false,"reason":"source/type/auth/AST contract failed"}
LOADER_OBSERVATION {"event":"observation_ineligible","diagnostic_complete":false,"reason":"source contract or existing trace"}
LOADER_OBSERVATION {"event":"observation_ineligible","diagnostic_complete":false,"reason":"source/type/auth/AST contract failed"}
LOADER_OBSERVATION {"event":"observation_ineligible","diagnostic_complete":false,"reason":"source contract or existing trace"}
LOADER_OBSERVATION {"event":"observation_ineligible","diagnostic_complete":false,"reason":"source/type/auth/AST contract failed"}
LOADER_OBSERVATION {"event":"observation_ineligible","diagnostic_complete":false,"reason":"source contract or existing trace"}
LOADER_OBSERVATION {"event":"observation_ineligible","diagnostic_complete":false,"reason":"source/type/auth/AST contract failed"}
LOADER_OBSERVATION {"event":"observation_ineligible","diagnostic_complete":false,"reason":"source contract or existing trace"}
.LOADER_OBSERVATION {"event":"observation_ineligible","diagnostic_complete":false,"reason":"source/type/auth/AST contract failed"}
LOADER_OBSERVATION {"event":"observation_ineligible","diagnostic_complete":false,"reason":"source contract or existing trace"}
.LOADER_OBSERVATION {"event":"observation_ineligible","diagnostic_complete":false,"reason":"source/type/auth/AST contract failed"}
LOADER_OBSERVATION {"event":"observation_ineligible","diagnostic_complete":false,"reason":"source contract or existing trace"}
LOADER_OBSERVATION {"event":"observation_ineligible","diagnostic_complete":false,"reason":"source/type/auth/AST contract failed"}
LOADER_OBSERVATION {"event":"observation_ineligible","diagnostic_complete":false,"reason":"source contract or existing trace"}
.LOADER_OBSERVATION {"event":"observation_ineligible","diagnostic_complete":false,"reason":"source/type/auth/AST contract failed"}
LOADER_OBSERVATION {"event":"observation_ineligible","diagnostic_complete":false,"reason":"source contract or existing trace"}
LOADER_OBSERVATION {"event":"observation_ineligible","diagnostic_complete":false,"reason":"source/type/auth/AST contract failed"}
LOADER_OBSERVATION {"event":"observation_ineligible","diagnostic_complete":false,"reason":"source contract or existing trace"}
LOADER_OBSERVATION {"event":"observation_ineligible","diagnostic_complete":false,"reason":"source/type/auth/AST contract failed"}
LOADER_OBSERVATION {"event":"observation_ineligible","diagnostic_complete":false,"reason":"source contract or existing trace"}
LOADER_OBSERVATION {"event":"observation_ineligible","diagnostic_complete":false,"reason":"source/type/auth/AST contract failed"}
LOADER_OBSERVATION {"event":"observation_ineligible","diagnostic_complete":false,"reason":"source contract or existing trace"}
LOADER_OBSERVATION {"event":"observation_ineligible","diagnostic_complete":false,"reason":"source/type/auth/AST contract failed"}
LOADER_OBSERVATION {"event":"observation_ineligible","diagnostic_complete":false,"reason":"source contract or existing trace"}
...LOADER_OBSERVATION {"event":"observation_ineligible","diagnostic_complete":false,"reason":"source/type/auth/AST contract failed"}
LOADER_OBSERVATION {"event":"observation_ineligible","diagnostic_complete":false,"reason":"source contract or existing trace"}
.LOADER_OBSERVATION {"event":"observation_ineligible","diagnostic_complete":false,"reason":"source/type/auth/AST contract failed"}
LOADER_OBSERVATION {"event":"observation_ineligible","diagnostic_complete":false,"reason":"source contract or existing trace"}
...LOADER_OBSERVATION {"event":"observation_ineligible","diagnostic_complete":false,"reason":"source/type/auth/AST contract failed"}
LOADER_OBSERVATION {"event":"observation_ineligible","diagnostic_complete":false,"reason":"source contract or existing trace"}
.LOADER_OBSERVATION {"event":"observation_ineligible","diagnostic_complete":false,"reason":"source/type/auth/AST contract failed"}
LOADER_OBSERVATION {"event":"observation_ineligible","diagnostic_complete":false,"reason":"source contract or existing trace"}
LOADER_OBSERVATION {"event":"observation_ineligible","diagnostic_complete":false,"reason":"source/type/auth/AST contract failed"}
LOADER_OBSERVATION {"event":"observation_ineligible","diagnostic_complete":false,"reason":"source contract or existing trace"}
.LOADER_OBSERVATION {"event":"observation_ineligible","diagnostic_complete":false,"reason":"source/type/auth/AST contract failed"}
LOADER_OBSERVATION {"event":"observation_ineligible","diagnostic_complete":false,"reason":"source contract or existing trace"}
.LOADER_OBSERVATION {"event":"observation_ineligible","diagnostic_complete":false,"reason":"source/type/auth/AST contract failed"}
LOADER_OBSERVATION {"event":"observation_ineligible","diagnostic_complete":false,"reason":"source contract or existing trace"}
.LOADER_OBSERVATION {"event":"observation_ineligible","diagnostic_complete":false,"reason":"source/type/auth/AST contract failed"}
LOADER_OBSERVATION {"event":"observation_ineligible","diagnostic_complete":false,"reason":"source contract or existing trace"}
LOADER_OBSERVATION {"event":"observation_ineligible","diagnostic_complete":false,"reason":"source/type/auth/AST contract failed"}
LOADER_OBSERVATION {"event":"observation_ineligible","diagnostic_complete":false,"reason":"source contract or existing trace"}
LOADER_OBSERVATION {"event":"observation_ineligible","diagnostic_complete":false,"reason":"source/type/auth/AST contract failed"}
LOADER_OBSERVATION {"event":"observation_ineligible","diagnostic_complete":false,"reason":"source contract or existing trace"}
.LOADER_OBSERVATION {"event":"observation_ineligible","diagnostic_complete":false,"reason":"source/type/auth/AST contract failed"}
LOADER_OBSERVATION {"event":"observation_ineligible","diagnostic_complete":false,"reason":"source contract or existing trace"}
LOADER_OBSERVATION {"event":"reference_catch_before_clear_frames","errors":{"diagnostic_complete":true,"root":0,"nodes":[{"id":0,"type":"builtins.RuntimeError","message":"forward failed","notes":[],"suppress_context":false,"traceback":[{"file":"/home/rb/worktrees/sfora-probe-genuine-alias-boundary-20261009/scripts/qualify_connected_probe_serving.py","function":"reference_outputs","line":481},{"file":"/home/rb/worktrees/sfora-probe-genuine-alias-boundary-20261009/scripts/test_connected_probe_serving.py","function":"<lambda>","line":1331},{"file":"/home/rb/worktrees/sfora-probe-genuine-alias-boundary-20261009/scripts/test_connected_probe_serving.py","function":"<genexpr>","line":1331}]}],"edges":[]}}
.LOADER_OBSERVATION {"event":"observation_ineligible","diagnostic_complete":false,"reason":"source/type/auth/AST contract failed"}
LOADER_OBSERVATION {"event":"observation_ineligible","diagnostic_complete":false,"reason":"source contract or existing trace"}
.LOADER_OBSERVATION {"event":"observation_ineligible","diagnostic_complete":false,"reason":"source/type/auth/AST contract failed"}
LOADER_OBSERVATION {"event":"observation_ineligible","diagnostic_complete":false,"reason":"source contract or existing trace"}
.LOADER_OBSERVATION {"event":"observation_ineligible","diagnostic_complete":false,"reason":"source/type/auth/AST contract failed"}
LOADER_OBSERVATION {"event":"observation_ineligible","diagnostic_complete":false,"reason":"source contract or existing trace"}
LOADER_OBSERVATION {"event":"observation_ineligible","diagnostic_complete":false,"reason":"source/type/auth/AST contract failed"}
LOADER_OBSERVATION {"event":"observation_ineligible","diagnostic_complete":false,"reason":"source contract or existing trace"}
.LOADER_OBSERVATION {"event":"observation_ineligible","diagnostic_complete":false,"reason":"source/type/auth/AST contract failed"}
LOADER_OBSERVATION {"event":"observation_ineligible","diagnostic_complete":false,"reason":"source contract or existing trace"}
...LOADER_OBSERVATION {"event":"observation_ineligible","diagnostic_complete":false,"reason":"source/type/auth/AST contract failed"}
LOADER_OBSERVATION {"event":"observation_ineligible","diagnostic_complete":false,"reason":"source contract or existing trace"}
.LOADER_OBSERVATION {"event":"observation_ineligible","diagnostic_complete":false,"reason":"source/type/auth/AST contract failed"}
LOADER_OBSERVATION {"event":"observation_ineligible","diagnostic_complete":false,"reason":"source contract or existing trace"}
.LOADER_OBSERVATION {"event":"observation_ineligible","diagnostic_complete":false,"reason":"source/type/auth/AST contract failed"}
LOADER_OBSERVATION {"event":"observation_ineligible","diagnostic_complete":false,"reason":"source contract or existing trace"}
...............................................................{"origins": [{"actual_sha256": "82e0179ccaf981220eaf4d6d536942421f90d1dd5cd2e4f5983b5fe4389cc57d", "expected_sha256": null, "path": "/tmp/tmpeshmzq20/bulk-0"}], "schema": "connected-control-native-origin-rejection-v1", "total_count": 1}
{"origins": [{"actual_sha256": "b291e924b5630df527863354cce6782fb5b12855f7ef8b746262edaeef8eabd7", "expected_sha256": null, "path": "/tmp/tmpeshmzq20/tileiras"}], "schema": "connected-control-native-origin-rejection-v1", "total_count": 1}
{"origins": [{"actual_sha256": "82e0179ccaf981220eaf4d6d536942421f90d1dd5cd2e4f5983b5fe4389cc57d", "expected_sha256": null, "path": "/tmp/tmpeshmzq20/bulk-0"}], "schema": "connected-control-native-origin-rejection-v1", "total_count": 1}
........{"origins": [{"actual_sha256": "b23a6a8439c0dde5515893e7c90c1e3233b8616e634470f20dc4928bcf3609bc", "expected_sha256": null, "path": "/tmp/tmp882xxa0h/unknown.so"}], "schema": "connected-control-native-origin-rejection-v1", "total_count": 1}
.........