LOADER_OBSERVATION {"event":"observation_ineligible","diagnostic_complete":false,"reason":"source/type/auth/AST contract failed"}
LOADER_OBSERVATION {"event":"observation_ineligible","diagnostic_complete":false,"reason":"source contract or existing trace"}
.LOADER_OBSERVATION {"event":"observation_ineligible","diagnostic_complete":false,"reason":"source/type/auth/AST contract failed"}
LOADER_OBSERVATION {"event":"observation_ineligible","diagnostic_complete":false,"reason":"source contract or existing trace"}
.LOADER_OBSERVATION {"event":"observation_ineligible","diagnostic_complete":false,"reason":"source/type/auth/AST contract failed"}
LOADER_OBSERVATION {"event":"observation_ineligible","diagnostic_complete":false,"reason":"source contract or existing trace"}
.LOADER_OBSERVATION {"event":"observation_ineligible","diagnostic_complete":false,"reason":"source/type/auth/AST contract failed"}
LOADER_OBSERVATION {"event":"observation_ineligible","diagnostic_complete":false,"reason":"source contract or existing trace"}
.......................LOADER_OBSERVATION {"event":"observation_ineligible","diagnostic_complete":false,"reason":"source/type/auth/AST contract failed"}
LOADER_OBSERVATION {"event":"observation_ineligible","diagnostic_complete":false,"reason":"source contract or existing trace"}
LOADER_OBSERVATION {"event":"reference_catch_before_clear_frames","errors":{"diagnostic_complete":true,"root":0,"nodes":[{"id":0,"type":"builtins.RuntimeError","message":"forward failed","notes":[],"suppress_context":false,"traceback":[{"file":"/home/rb/worktrees/sfora-probe-genuine-alias-boundary-20261009/scripts/qualify_connected_probe_serving.py","function":"reference_outputs","line":481},{"file":"/home/rb/worktrees/sfora-probe-genuine-alias-boundary-20261009/scripts/test_connected_probe_serving.py","function":"<lambda>","line":1051},{"file":"/home/rb/worktrees/sfora-probe-genuine-alias-boundary-20261009/scripts/test_connected_probe_serving.py","function":"<genexpr>","line":1051}]}],"edges":[]}}
..LOADER_OBSERVATION {"event":"observation_ineligible","diagnostic_complete":false,"reason":"source/type/auth/AST contract failed"}
LOADER_OBSERVATION {"event":"observation_ineligible","diagnostic_complete":false,"reason":"source contract or existing trace"}
LOADER_OBSERVATION {"event":"reference_catch_before_clear_frames","errors":{"diagnostic_complete":true,"root":0,"nodes":[{"id":0,"type":"builtins.RuntimeError","message":"forward failed","notes":[],"suppress_context":false,"traceback":[{"file":"/home/rb/worktrees/sfora-probe-genuine-alias-boundary-20261009/scripts/qualify_connected_probe_serving.py","function":"reference_outputs","line":481},{"file":"/home/rb/worktrees/sfora-probe-genuine-alias-boundary-20261009/scripts/test_connected_probe_serving.py","function":"<lambda>","line":1029},{"file":"/home/rb/worktrees/sfora-probe-genuine-alias-boundary-20261009/scripts/test_connected_probe_serving.py","function":"forward","line":1021}]}],"edges":[]}}
.LOADER_OBSERVATION {"event":"observation_ineligible","diagnostic_complete":false,"reason":"source/type/auth/AST contract failed"}
LOADER_OBSERVATION {"event":"observation_ineligible","diagnostic_complete":false,"reason":"source contract or existing trace"}
LOADER_OBSERVATION {"event":"reference_catch_before_clear_frames","errors":{"diagnostic_complete":true,"root":0,"nodes":[{"id":0,"type":"builtins.RuntimeError","message":"forward failed","notes":[],"suppress_context":false,"traceback":[{"file":"/home/rb/worktrees/sfora-probe-genuine-alias-boundary-20261009/scripts/qualify_connected_probe_serving.py","function":"reference_outputs","line":481},{"file":"/home/rb/worktrees/sfora-probe-genuine-alias-boundary-20261009/scripts/test_connected_probe_serving.py","function":"<lambda>","line":1079},{"file":"/home/rb/worktrees/sfora-probe-genuine-alias-boundary-20261009/scripts/test_connected_probe_serving.py","function":"<genexpr>","line":1079}]}],"edges":[]}}
.....LOADER_OBSERVATION {"event":"observation_ineligible","diagnostic_complete":false,"reason":"source/type/auth/AST contract failed"}
LOADER_OBSERVATION {"event":"observation_ineligible","diagnostic_complete":false,"reason":"source contract or existing trace"}
...................{"event": "COMPACT_RUNTIME_HASH", "boundary": "begin", "elapsed_seconds": 0.0, "item_count": 1346}
{"event": "COMPACT_RUNTIME_HASH", "boundary": "end", "elapsed_seconds": 0.29686733498238027, "item_count": 1346}
.{"event": "COMPACT_RUNTIME_HASH", "boundary": "begin", "elapsed_seconds": 0.0, "item_count": 1346}
{"event": "COMPACT_RUNTIME_HASH", "boundary": "end", "elapsed_seconds": 0.25986593996640295, "item_count": 1346}
{"event": "COMPACT_RUNTIME_HASH", "boundary": "begin", "elapsed_seconds": 0.0, "item_count": 1346}
{"event": "COMPACT_RUNTIME_HASH", "boundary": "end", "elapsed_seconds": 0.3006605979753658, "item_count": 1346}
.{"event": "COMPACT_RUNTIME_HASH", "boundary": "begin", "elapsed_seconds": 0.0, "item_count": 1346}
{"event": "COMPACT_RUNTIME_HASH", "boundary": "end", "elapsed_seconds": 0.281622207025066, "item_count": 1346}
{"event": "COMPACT_RUNTIME_HASH", "boundary": "begin", "elapsed_seconds": 0.0, "item_count": 1346}
{"event": "COMPACT_RUNTIME_HASH", "boundary": "end", "elapsed_seconds": 0.28722557704895735, "item_count": 1346}
..{"event": "COMPACT_RUNTIME_HASH", "boundary": "begin", "elapsed_seconds": 0.0, "item_count": 1346}
{"event": "COMPACT_RUNTIME_HASH", "boundary": "end", "elapsed_seconds": 0.25625697697978467, "item_count": 1346}
{"event": "COMPACT_RUNTIME_HASH", "boundary": "begin", "elapsed_seconds": 0.0, "item_count": 1346}
{"event": "COMPACT_RUNTIME_HASH", "boundary": "end", "elapsed_seconds": 0.30323241895530373, "item_count": 1346}
{"event": "COMPACT_RUNTIME_HASH", "boundary": "begin", "elapsed_seconds": 0.0, "item_count": 1346}
{"event": "COMPACT_RUNTIME_HASH", "boundary": "end", "elapsed_seconds": 0.301682268967852, "item_count": 1346}
...{"event": "COMPACT_RUNTIME_HASH", "boundary": "begin", "elapsed_seconds": 0.0, "item_count": 1346}
{"event": "COMPACT_RUNTIME_HASH", "boundary": "end", "elapsed_seconds": 0.25926393701229244, "item_count": 1346}
.{"event": "COMPACT_RUNTIME_HASH", "boundary": "begin", "elapsed_seconds": 0.0, "item_count": 1345}
{"event": "COMPACT_RUNTIME_HASH", "boundary": "end", "elapsed_seconds": 0.3352488619275391, "item_count": 1345}
{"event": "COMPACT_RUNTIME_HASH", "boundary": "begin", "elapsed_seconds": 0.0, "item_count": 1346}
{"event": "COMPACT_RUNTIME_HASH", "boundary": "end", "elapsed_seconds": 0.33622648601885885, "item_count": 1346}
{"event": "COMPACT_RUNTIME_HASH", "boundary": "begin", "elapsed_seconds": 0.0, "item_count": 1346}
{"event": "COMPACT_RUNTIME_HASH", "boundary": "end", "elapsed_seconds": 0.28940029500517994, "item_count": 1346}
...................LOADER_OBSERVATION {"event":"observation_ineligible","diagnostic_complete":false,"reason":"source/type/auth/AST contract failed"}
LOADER_OBSERVATION {"event":"observation_ineligible","diagnostic_complete":false,"reason":"source contract or existing trace"}
..LOADER_OBSERVATION {"event":"observation_ineligible","diagnostic_complete":false,"reason":"source/type/auth/AST contract failed"}
LOADER_OBSERVATION {"event":"observation_ineligible","diagnostic_complete":false,"reason":"source contract or existing trace"}
.LOADER_OBSERVATION {"event":"observation_ineligible","diagnostic_complete":false,"reason":"source/type/auth/AST contract failed"}
LOADER_OBSERVATION {"event":"observation_ineligible","diagnostic_complete":false,"reason":"source contract or existing trace"}
....LOADER_OBSERVATION {"event":"observation_ineligible","diagnostic_complete":false,"reason":"source/type/auth/AST contract failed"}
LOADER_OBSERVATION {"event":"observation_ineligible","diagnostic_complete":false,"reason":"source contract or existing trace"}
LOADER_OBSERVATION {"event":"reference_catch_before_clear_frames","errors":{"diagnostic_complete":true,"root":0,"nodes":[{"id":0,"type":"builtins.ValueError","message":"diagnostic body300 cap exceeded","notes":[],"suppress_context":false,"traceback":[{"file":"/home/rb/worktrees/sfora-probe-genuine-alias-boundary-20261009/scripts/qualify_connected_probe_serving.py","function":"reference_outputs","line":482},{"file":"/home/rb/worktrees/sfora-probe-genuine-alias-boundary-20261009/scripts/qualify_connected_probe_serving.py","function":"deadline","line":793},{"file":"/home/rb/worktrees/sfora-probe-genuine-alias-boundary-20261009/scripts/qualify_connected_probe_serving.py","function":"require","line":125}]}],"edges":[]}}
LOADER_OBSERVATION {"event":"observation_ineligible","diagnostic_complete":false,"reason":"source/type/auth/AST contract failed"}
LOADER_OBSERVATION {"event":"observation_ineligible","diagnostic_complete":false,"reason":"source contract or existing trace"}
LOADER_OBSERVATION {"event":"reference_catch_before_clear_frames","errors":{"diagnostic_complete":true,"root":0,"nodes":[{"id":0,"type":"builtins.ValueError","message":"diagnostic body300 cap exceeded","notes":[],"suppress_context":false,"traceback":[{"file":"/home/rb/worktrees/sfora-probe-genuine-alias-boundary-20261009/scripts/qualify_connected_probe_serving.py","function":"reference_outputs","line":484},{"file":"/home/rb/worktrees/sfora-probe-genuine-alias-boundary-20261009/scripts/qualify_connected_probe_serving.py","function":"deadline","line":793},{"file":"/home/rb/worktrees/sfora-probe-genuine-alias-boundary-20261009/scripts/qualify_connected_probe_serving.py","function":"require","line":125}]}],"edges":[]}}
LOADER_OBSERVATION {"event":"observation_ineligible","diagnostic_complete":false,"reason":"source/type/auth/AST contract failed"}
LOADER_OBSERVATION {"event":"observation_ineligible","diagnostic_complete":false,"reason":"source contract or existing trace"}
LOADER_OBSERVATION {"event":"reference_catch_before_clear_frames","errors":{"diagnostic_complete":true,"root":0,"nodes":[{"id":0,"type":"builtins.ValueError","message":"diagnostic body300 cap exceeded","notes":[],"suppress_context":false,"traceback":[{"file":"/home/rb/worktrees/sfora-probe-genuine-alias-boundary-20261009/scripts/qualify_connected_probe_serving.py","function":"reference_outputs","line":484},{"file":"/home/rb/worktrees/sfora-probe-genuine-alias-boundary-20261009/scripts/qualify_connected_probe_serving.py","function":"deadline","line":793},{"file":"/home/rb/worktrees/sfora-probe-genuine-alias-boundary-20261009/scripts/qualify_connected_probe_serving.py","function":"require","line":125}]}],"edges":[]}}
LOADER_OBSERVATION {"event":"observation_ineligible","diagnostic_complete":false,"reason":"source/type/auth/AST contract failed"}
LOADER_OBSERVATION {"event":"observation_ineligible","diagnostic_complete":false,"reason":"source contract or existing trace"}
LOADER_OBSERVATION {"event":"observation_ineligible","diagnostic_complete":false,"reason":"source/type/auth/AST contract failed"}
LOADER_OBSERVATION {"event":"observation_ineligible","diagnostic_complete":false,"reason":"source contract or existing trace"}
LOADER_OBSERVATION {"event":"observation_ineligible","diagnostic_complete":false,"reason":"source/type/auth/AST contract failed"}
LOADER_OBSERVATION {"event":"observation_ineligible","diagnostic_complete":false,"reason":"source contract or existing trace"}
LOADER_OBSERVATION {"event":"observation_ineligible","diagnostic_complete":false,"reason":"source/type/auth/AST contract failed"}
LOADER_OBSERVATION {"event":"observation_ineligible","diagnostic_complete":false,"reason":"source contract or existing trace"}
LOADER_OBSERVATION {"event":"observation_ineligible","diagnostic_complete":false,"reason":"source/type/auth/AST contract failed"}
LOADER_OBSERVATION {"event":"observation_ineligible","diagnostic_complete":false,"reason":"source contract or existing trace"}
.LOADER_OBSERVATION {"event":"observation_ineligible","diagnostic_complete":false,"reason":"source/type/auth/AST contract failed"}
LOADER_OBSERVATION {"event":"observation_ineligible","diagnostic_complete":false,"reason":"source contract or existing trace"}
.LOADER_OBSERVATION {"event":"observation_ineligible","diagnostic_complete":false,"reason":"source/type/auth/AST contract failed"}
LOADER_OBSERVATION {"event":"observation_ineligible","diagnostic_complete":false,"reason":"source contract or existing trace"}
LOADER_OBSERVATION {"event":"observation_ineligible","diagnostic_complete":false,"reason":"source/type/auth/AST contract failed"}
LOADER_OBSERVATION {"event":"observation_ineligible","diagnostic_complete":false,"reason":"source contract or existing trace"}
.LOADER_OBSERVATION {"event":"observation_ineligible","diagnostic_complete":false,"reason":"source/type/auth/AST contract failed"}
LOADER_OBSERVATION {"event":"observation_ineligible","diagnostic_complete":false,"reason":"source contract or existing trace"}
LOADER_OBSERVATION {"event":"observation_ineligible","diagnostic_complete":false,"reason":"source/type/auth/AST contract failed"}
LOADER_OBSERVATION {"event":"observation_ineligible","diagnostic_complete":false,"reason":"source contract or existing trace"}
LOADER_OBSERVATION {"event":"observation_ineligible","diagnostic_complete":false,"reason":"source/type/auth/AST contract failed"}
LOADER_OBSERVATION {"event":"observation_ineligible","diagnostic_complete":false,"reason":"source contract or existing trace"}
LOADER_OBSERVATION {"event":"observation_ineligible","diagnostic_complete":false,"reason":"source/type/auth/AST contract failed"}
LOADER_OBSERVATION {"event":"observation_ineligible","diagnostic_complete":false,"reason":"source contract or existing trace"}
LOADER_OBSERVATION {"event":"observation_ineligible","diagnostic_complete":false,"reason":"source/type/auth/AST contract failed"}
LOADER_OBSERVATION {"event":"observation_ineligible","diagnostic_complete":false,"reason":"source contract or existing trace"}
....LOADER_OBSERVATION {"event":"observation_ineligible","diagnostic_complete":false,"reason":"source/type/auth/AST contract failed"}
LOADER_OBSERVATION {"event":"observation_ineligible","diagnostic_complete":false,"reason":"source contract or existing trace"}
LOADER_OBSERVATION {"event":"observation_ineligible","diagnostic_complete":false,"reason":"source/type/auth/AST contract failed"}
LOADER_OBSERVATION {"event":"observation_ineligible","diagnostic_complete":false,"reason":"source contract or existing trace"}
....LOADER_OBSERVATION {"event":"observation_ineligible","diagnostic_complete":false,"reason":"source/type/auth/AST contract failed"}
LOADER_OBSERVATION {"event":"observation_ineligible","diagnostic_complete":false,"reason":"source contract or existing trace"}
LOADER_OBSERVATION {"event":"observation_ineligible","diagnostic_complete":false,"reason":"source/type/auth/AST contract failed"}
LOADER_OBSERVATION {"event":"observation_ineligible","diagnostic_complete":false,"reason":"source contract or existing trace"}
LOADER_OBSERVATION {"event":"observation_ineligible","diagnostic_complete":false,"reason":"source/type/auth/AST contract failed"}
LOADER_OBSERVATION {"event":"observation_ineligible","diagnostic_complete":false,"reason":"source contract or existing trace"}
.LOADER_OBSERVATION {"event":"observation_ineligible","diagnostic_complete":false,"reason":"source/type/auth/AST contract failed"}
LOADER_OBSERVATION {"event":"observation_ineligible","diagnostic_complete":false,"reason":"source contract or existing trace"}
.LOADER_OBSERVATION {"event":"observation_ineligible","diagnostic_complete":false,"reason":"source/type/auth/AST contract failed"}
LOADER_OBSERVATION {"event":"observation_ineligible","diagnostic_complete":false,"reason":"source contract or existing trace"}
.LOADER_OBSERVATION {"event":"observation_ineligible","diagnostic_complete":false,"reason":"source/type/auth/AST contract failed"}
LOADER_OBSERVATION {"event":"observation_ineligible","diagnostic_complete":false,"reason":"source contract or existing trace"}
LOADER_OBSERVATION {"event":"observation_ineligible","diagnostic_complete":false,"reason":"source/type/auth/AST contract failed"}
LOADER_OBSERVATION {"event":"observation_ineligible","diagnostic_complete":false,"reason":"source contract or existing trace"}
LOADER_OBSERVATION {"event":"observation_ineligible","diagnostic_complete":false,"reason":"source/type/auth/AST contract failed"}
LOADER_OBSERVATION {"event":"observation_ineligible","diagnostic_complete":false,"reason":"source contract or existing trace"}
.LOADER_OBSERVATION {"event":"observation_ineligible","diagnostic_complete":false,"reason":"source/type/auth/AST contract failed"}
LOADER_OBSERVATION {"event":"observation_ineligible","diagnostic_complete":false,"reason":"source contract or existing trace"}
LOADER_OBSERVATION {"event":"reference_catch_before_clear_frames","errors":{"diagnostic_complete":true,"root":0,"nodes":[{"id":0,"type":"builtins.RuntimeError","message":"forward failed","notes":[],"suppress_context":false,"traceback":[{"file":"/home/rb/worktrees/sfora-probe-genuine-alias-boundary-20261009/scripts/qualify_connected_probe_serving.py","function":"reference_outputs","line":481},{"file":"/home/rb/worktrees/sfora-probe-genuine-alias-boundary-20261009/scripts/test_connected_probe_serving.py","function":"<lambda>","line":1331},{"file":"/home/rb/worktrees/sfora-probe-genuine-alias-boundary-20261009/scripts/test_connected_probe_serving.py","function":"<genexpr>","line":1331}]}],"edges":[]}}
.LOADER_OBSERVATION {"event":"observation_ineligible","diagnostic_complete":false,"reason":"source/type/auth/AST contract failed"}
LOADER_OBSERVATION {"event":"observation_ineligible","diagnostic_complete":false,"reason":"source contract or existing trace"}
.LOADER_OBSERVATION {"event":"observation_ineligible","diagnostic_complete":false,"reason":"source/type/auth/AST contract failed"}
LOADER_OBSERVATION {"event":"observation_ineligible","diagnostic_complete":false,"reason":"source contract or existing trace"}
.LOADER_OBSERVATION {"event":"observation_ineligible","diagnostic_complete":false,"reason":"source/type/auth/AST contract failed"}
LOADER_OBSERVATION {"event":"observation_ineligible","diagnostic_complete":false,"reason":"source contract or existing trace"}
.LOADER_OBSERVATION {"event":"observation_ineligible","diagnostic_complete":false,"reason":"source/type/auth/AST contract failed"}
LOADER_OBSERVATION {"event":"observation_ineligible","diagnostic_complete":false,"reason":"source contract or existing trace"}
LOADER_OBSERVATION {"event":"observation_ineligible","diagnostic_complete":false,"reason":"source/type/auth/AST contract failed"}
LOADER_OBSERVATION {"event":"observation_ineligible","diagnostic_complete":false,"reason":"source contract or existing trace"}
...LOADER_OBSERVATION {"event":"observation_ineligible","diagnostic_complete":false,"reason":"source/type/auth/AST contract failed"}
LOADER_OBSERVATION {"event":"observation_ineligible","diagnostic_complete":false,"reason":"source contract or existing trace"}
.LOADER_OBSERVATION {"event":"observation_ineligible","diagnostic_complete":false,"reason":"source/type/auth/AST contract failed"}
LOADER_OBSERVATION {"event":"observation_ineligible","diagnostic_complete":false,"reason":"source contract or existing trace"}
.LOADER_OBSERVATION {"event":"observation_ineligible","diagnostic_complete":false,"reason":"source/type/auth/AST contract failed"}
LOADER_OBSERVATION {"event":"observation_ineligible","diagnostic_complete":false,"reason":"source contract or existing trace"}
...........................
----------------------------------------------------------------------
Ran 138 tests in 37.827s

OK
