PASS initializer runtime: real restore/direct/canonical RED500 -> phase GREEN; unchanged predicates/origins
PASS witness scan: inverse source/AST, fresh occurrences, ordered owner, bounded/joined workers, negatives
PASS exact runtime/CPU/batch/historical source and historical test inverses
PASS real original terminal AST: connected/gradient/control seams and binding/log/cgroup falsifiers
PASS source-only connected MLP contracts/falsifiers; native UNRUN
	Command being timed: "timeout 120 python3 -B scripts/test_siglip2_connected_mlp.py --source-only"
	User time (seconds): 6.73
	System time (seconds): 0.16
	Percent of CPU this job got: 82%
	Elapsed (wall clock) time (h:mm:ss or m:ss): 0:08.33
	Average shared text size (kbytes): 0
	Average unshared data size (kbytes): 0
	Average stack size (kbytes): 0
	Average total size (kbytes): 0
	Maximum resident set size (kbytes): 80720
	Average resident set size (kbytes): 0
	Major (requiring I/O) page faults: 1
	Minor (reclaiming a frame) page faults: 25137
	Voluntary context switches: 702
	Involuntary context switches: 1795
	Swaps: 0
	File system inputs: 30664
	File system outputs: 0
	Socket messages sent: 0
	Socket messages received: 0
	Signals delivered: 0
	Page size (bytes): 4096
	Exit status: 0
