/home/riomus/runs/sfora-connected-residual-native-source-v1/command.sh: OK
Running as unit: sfora-connected-residual-native-math-v1.service; invocation ID: b4c889fe1cad40db8b31d065de6ab39b
/home/riomus/runs/sfora-so400-nearest-ranking-train-source-v5/native-authority.json: OK
/home/riomus/runs/sfora-cudnn-wheel-provenance-v1/proof.json: OK
/home/riomus/runs/sfora-cudnn-wheel-provenance-source-v1/decision.json: OK
/home/riomus/runs/sfora-cudnn-wheel-provenance-source-v1/original.log: OK
/home/riomus/.local/share/uv/python/cpython-3.13.9-linux-aarch64-gnu/bin/python3.13: OK
/home/riomus/runs/sfora-native256-initialized-cpu-final-footer-v1.py: OK
/home/riomus/runs/sfora-native256-stop-cgroup-footer-v1.py: OK
/home/riomus/runs/sfora-so400-nearest-ranking-train-source-v5/authority-cpu-v5.json: OK
/home/riomus/runs/sfora-so400-nearest-ranking-train-source-v5/execution.json: OK
/home/riomus/runs/sfora-so400-nearest-ranking-train-source-v5/nearest_ranking_readout.py: OK
/home/riomus/runs/sfora-so400-nearest-ranking-train-source-v5/test_siglip2_nearest_ranking.py: OK
/home/riomus/runs/sfora-so400-nearest-ranking-train-source-v5/train_siglip2_nearest_ranking.py: OK
/home/riomus/runs/sfora-so400-signed-concat-fit-concat-v1/receipt.json: OK
/home/riomus/runs/sfora-so400-signed-concat-fit-concat-v1/resume.pt: OK
/home/riomus/runs/sfora-so400-signed-concat-fit-source-v2/authority-fit-concat-v1.json: OK
/home/riomus/runs/sfora-so400-signed-concat-fit-source-v2/execution.json: OK
/home/riomus/runs/sfora-so400-signed-concat-fit-source-v2/fit-concat-v1.log: OK
/home/riomus/runs/sfora-so400-signed-concat-fit-source-v2/fit_siglip2_prototype_residual.py: OK
/home/riomus/runs/sfora-so400-signed-concat-fit-source-v2/prototype_residual_readout.py: OK
/home/riomus/runs/sfora-so400-signed-concat-fit-source-v2/test_siglip2_prototype_residual.py: OK
/home/riomus/runs/sfora-so400-fullfeature-residual-train-source-v1/train_siglip2_compact_ranking.py: OK
/home/riomus/runs/sfora-so400-fullfeature-residual-train-source-v1/test_siglip2_compact_ranking.py: OK
/home/riomus/runs/sfora-so400-fullfeature-residual-train-source-v1/execution.json: OK
/home/riomus/runs/sfora-so400-fullfeature-residual-train-source-v1/authority-cpu-v1.json: OK
/home/riomus/runs/sfora-so400-smooth-ap-train-candidate-179061-v1/bundle/bundle.json: OK
/home/riomus/runs/sfora-so400-smooth-ap-train-candidate-179061-v1/receipt.json: OK
/home/riomus/runs/sfora-so400-smooth-ap-train-candidate-179061-v1/resume.pt: OK
/home/riomus/runs/sfora-so400-smooth-ap-train-source-v1/authority-train-candidate-179061-v1.json: OK
/home/riomus/runs/sfora-so400-smooth-ap-train-source-v1/execution.json: OK
/home/riomus/runs/sfora-so400-smooth-ap-train-source-v1/test_siglip2_compact_ranking.py: OK
/home/riomus/runs/sfora-so400-smooth-ap-train-source-v1/train-candidate-179061-v1.log: OK
/home/riomus/runs/sfora-so400-smooth-ap-train-source-v1/train_siglip2_compact_ranking.py: OK
/home/riomus/runs/sfora-so400-identity-diversity-train-source-v5/authority-train-candidate-179061-v1.json: OK
/home/riomus/runs/sfora-so400-identity-diversity-train-source-v5/execution.json: OK
/home/riomus/runs/sfora-so400-identity-diversity-train-source-v5/test_siglip2_identity_diversity.py: OK
/home/riomus/runs/sfora-so400-identity-diversity-train-source-v5/train_siglip2_identity_diversity.py: OK
/home/riomus/runs/sfora-so400-identity-diversity-view-export-candidate-v1/receipt.json: OK
/home/riomus/runs/sfora-so400-identity-diversity-view-source-v2/export-candidate-v1.log: OK
/home/riomus/runs/sfora-so400-identity-diversity-view-export-candidate-v1/augmented.npy: OK
/home/riomus/runs/sfora-so400-identity-diversity-view-export-candidate-v1/canonical.npy: OK
/home/riomus/runs/sfora-identity-diversity-metadata-v1/scope.json: OK
/home/riomus/runs/sfora-so400-identity-diversity-view-source-v2/authority.json: OK
/home/riomus/runs/sfora-so400-identity-diversity-cpu-v5/receipt.json: OK
/home/riomus/runs/sfora-so400-identity-diversity-train-source-v5/cpu-v5.log: OK
/home/riomus/runs/sfora-so400-identity-diversity-mechanics-control-179061-v2/receipt.json: OK
/home/riomus/runs/sfora-so400-identity-diversity-train-source-v5/mechanics-control-179061-v2.log: OK
/home/riomus/runs/sfora-so400-identity-diversity-mechanics-candidate-179061-v2/receipt.json: OK
/home/riomus/runs/sfora-so400-identity-diversity-train-source-v5/mechanics-candidate-179061-v2.log: OK
/home/riomus/runs/sfora-connected-residual-native-source-v1/driver.py: OK
/home/riomus/runs/sfora-connected-residual-native-source-v1/train_siglip2_cached_readout.py: OK
/home/riomus/runs/sfora-connected-residual-native-source-v1/connected_residual_readout.py: OK
/home/riomus/runs/sfora-connected-residual-native-source-v1/prototype_residual_readout.py: OK
/home/riomus/runs/sfora-connected-residual-native-source-v1/quadratic_readout.py: OK
/home/riomus/runs/sfora-connected-residual-native-source-v1/authority.json: OK
/usr/lib/aarch64-linux-gnu/ld-linux-aarch64.so.1: OK
/usr/lib/aarch64-linux-gnu/libc.so.6: OK
/usr/lib/aarch64-linux-gnu/libcuda.so.580.159.03: OK
/usr/lib/aarch64-linux-gnu/libdl.so.2: OK
/usr/lib/aarch64-linux-gnu/libfribidi.so.0.4.0: OK
/usr/lib/aarch64-linux-gnu/libgcc_s.so.1: OK
/usr/lib/aarch64-linux-gnu/libm.so.6: OK
/usr/lib/aarch64-linux-gnu/libnvidia-ml.so.580.159.03: OK
/usr/lib/aarch64-linux-gnu/libpthread.so.0: OK
/usr/lib/aarch64-linux-gnu/librt.so.1: OK
/usr/lib/aarch64-linux-gnu/libstdc++.so.6.0.33: OK
/usr/lib/aarch64-linux-gnu/libutil.so.1: OK
/usr/lib/aarch64-linux-gnu/libz.so.1.3: OK
{"schema": "connected-residual-native-math-v1", "pass": true, "engineering_only": true, "model_fit_qualified": false, "state_reuse_eligible": false, "quality_read": false, "rows": [{"device": "cpu", "zero_C": true, "forward_bitwise": true, "gradient_bitwise": true, "gradient_norms": [1.348907470703125, 25.590362548828125, 1499.8056640625]}, {"device": "cpu", "zero_C": false, "forward_bitwise": true, "gradient_bitwise": true, "gradient_norms": [15.032561302185059, 28.30812644958496, 1492.877685546875]}, {"device": "cuda", "zero_C": true, "forward_bitwise": true, "gradient_bitwise": true, "gradient_norms": [1.3353520631790161, 27.916704177856445, 1490.0814208984375]}, {"device": "cuda", "zero_C": false, "forward_bitwise": true, "gradient_bitwise": true, "gradient_norms": [15.317234992980957, 27.970016479492188, 1544.4849853515625]}], "wall_seconds": 3.5421014860003197, "peak_cuda_allocated_bytes": 73530368, "invocation_id": "b4c889fe1cad40db8b31d065de6ab39b", "authority_sha256": "822716b9087f4b3a7addcb6e799dc26141ddce189b0d4ec9a5261fc42513e29a"}
/home/riomus/runs/sfora-so400-nearest-ranking-train-source-v5/native-authority.json: OK
/home/riomus/runs/sfora-cudnn-wheel-provenance-v1/proof.json: OK
/home/riomus/runs/sfora-cudnn-wheel-provenance-source-v1/decision.json: OK
/home/riomus/runs/sfora-cudnn-wheel-provenance-source-v1/original.log: OK
/home/riomus/.local/share/uv/python/cpython-3.13.9-linux-aarch64-gnu/bin/python3.13: OK
/home/riomus/runs/sfora-native256-initialized-cpu-final-footer-v1.py: OK
/home/riomus/runs/sfora-native256-stop-cgroup-footer-v1.py: OK
/home/riomus/runs/sfora-so400-nearest-ranking-train-source-v5/authority-cpu-v5.json: OK
/home/riomus/runs/sfora-so400-nearest-ranking-train-source-v5/execution.json: OK
/home/riomus/runs/sfora-so400-nearest-ranking-train-source-v5/nearest_ranking_readout.py: OK
/home/riomus/runs/sfora-so400-nearest-ranking-train-source-v5/test_siglip2_nearest_ranking.py: OK
/home/riomus/runs/sfora-so400-nearest-ranking-train-source-v5/train_siglip2_nearest_ranking.py: OK
/home/riomus/runs/sfora-so400-signed-concat-fit-concat-v1/receipt.json: OK
/home/riomus/runs/sfora-so400-signed-concat-fit-concat-v1/resume.pt: OK
/home/riomus/runs/sfora-so400-signed-concat-fit-source-v2/authority-fit-concat-v1.json: OK
/home/riomus/runs/sfora-so400-signed-concat-fit-source-v2/execution.json: OK
/home/riomus/runs/sfora-so400-signed-concat-fit-source-v2/fit-concat-v1.log: OK
/home/riomus/runs/sfora-so400-signed-concat-fit-source-v2/fit_siglip2_prototype_residual.py: OK
/home/riomus/runs/sfora-so400-signed-concat-fit-source-v2/prototype_residual_readout.py: OK
/home/riomus/runs/sfora-so400-signed-concat-fit-source-v2/test_siglip2_prototype_residual.py: OK
/home/riomus/runs/sfora-so400-fullfeature-residual-train-source-v1/train_siglip2_compact_ranking.py: OK
/home/riomus/runs/sfora-so400-fullfeature-residual-train-source-v1/test_siglip2_compact_ranking.py: OK
/home/riomus/runs/sfora-so400-fullfeature-residual-train-source-v1/execution.json: OK
/home/riomus/runs/sfora-so400-fullfeature-residual-train-source-v1/authority-cpu-v1.json: OK
/home/riomus/runs/sfora-so400-smooth-ap-train-candidate-179061-v1/bundle/bundle.json: OK
/home/riomus/runs/sfora-so400-smooth-ap-train-candidate-179061-v1/receipt.json: OK
/home/riomus/runs/sfora-so400-smooth-ap-train-candidate-179061-v1/resume.pt: OK
/home/riomus/runs/sfora-so400-smooth-ap-train-source-v1/authority-train-candidate-179061-v1.json: OK
/home/riomus/runs/sfora-so400-smooth-ap-train-source-v1/execution.json: OK
/home/riomus/runs/sfora-so400-smooth-ap-train-source-v1/test_siglip2_compact_ranking.py: OK
/home/riomus/runs/sfora-so400-smooth-ap-train-source-v1/train-candidate-179061-v1.log: OK
/home/riomus/runs/sfora-so400-smooth-ap-train-source-v1/train_siglip2_compact_ranking.py: OK
/home/riomus/runs/sfora-so400-identity-diversity-train-source-v5/authority-train-candidate-179061-v1.json: OK
/home/riomus/runs/sfora-so400-identity-diversity-train-source-v5/execution.json: OK
/home/riomus/runs/sfora-so400-identity-diversity-train-source-v5/test_siglip2_identity_diversity.py: OK
/home/riomus/runs/sfora-so400-identity-diversity-train-source-v5/train_siglip2_identity_diversity.py: OK
/home/riomus/runs/sfora-so400-identity-diversity-view-export-candidate-v1/receipt.json: OK
/home/riomus/runs/sfora-so400-identity-diversity-view-source-v2/export-candidate-v1.log: OK
/home/riomus/runs/sfora-so400-identity-diversity-view-export-candidate-v1/augmented.npy: OK
/home/riomus/runs/sfora-so400-identity-diversity-view-export-candidate-v1/canonical.npy: OK
/home/riomus/runs/sfora-identity-diversity-metadata-v1/scope.json: OK
/home/riomus/runs/sfora-so400-identity-diversity-view-source-v2/authority.json: OK
/home/riomus/runs/sfora-so400-identity-diversity-cpu-v5/receipt.json: OK
/home/riomus/runs/sfora-so400-identity-diversity-train-source-v5/cpu-v5.log: OK
/home/riomus/runs/sfora-so400-identity-diversity-mechanics-control-179061-v2/receipt.json: OK
/home/riomus/runs/sfora-so400-identity-diversity-train-source-v5/mechanics-control-179061-v2.log: OK
/home/riomus/runs/sfora-so400-identity-diversity-mechanics-candidate-179061-v2/receipt.json: OK
/home/riomus/runs/sfora-so400-identity-diversity-train-source-v5/mechanics-candidate-179061-v2.log: OK
/home/riomus/runs/sfora-connected-residual-native-source-v1/driver.py: OK
/home/riomus/runs/sfora-connected-residual-native-source-v1/train_siglip2_cached_readout.py: OK
/home/riomus/runs/sfora-connected-residual-native-source-v1/connected_residual_readout.py: OK
/home/riomus/runs/sfora-connected-residual-native-source-v1/prototype_residual_readout.py: OK
/home/riomus/runs/sfora-connected-residual-native-source-v1/quadratic_readout.py: OK
/home/riomus/runs/sfora-connected-residual-native-source-v1/authority.json: OK
/usr/lib/aarch64-linux-gnu/ld-linux-aarch64.so.1: OK
/usr/lib/aarch64-linux-gnu/libc.so.6: OK
/usr/lib/aarch64-linux-gnu/libcuda.so.580.159.03: OK
/usr/lib/aarch64-linux-gnu/libdl.so.2: OK
/usr/lib/aarch64-linux-gnu/libfribidi.so.0.4.0: OK
/usr/lib/aarch64-linux-gnu/libgcc_s.so.1: OK
/usr/lib/aarch64-linux-gnu/libm.so.6: OK
/usr/lib/aarch64-linux-gnu/libnvidia-ml.so.580.159.03: OK
/usr/lib/aarch64-linux-gnu/libpthread.so.0: OK
/usr/lib/aarch64-linux-gnu/librt.so.1: OK
/usr/lib/aarch64-linux-gnu/libstdc++.so.6.0.33: OK
/usr/lib/aarch64-linux-gnu/libutil.so.1: OK
/usr/lib/aarch64-linux-gnu/libz.so.1.3: OK
FINAL_CGROUP {"command_exit_status": 0, "invocation_id": "b4c889fe1cad40db8b31d065de6ab39b", "path": "/sys/fs/cgroup/user.slice/user-1000.slice/user@1000.service/app.slice/sfora-connected-residual-native-math-v1.service", "values": {"memory.current": "1113739264", "memory.events": "low 0\nhigh 0\nmax 0\noom 0\noom_kill 0\noom_group_kill 0", "memory.max": "8589934592", "memory.peak": "2248470528", "memory.stat": "anon 6037504\nfile 1093660672\nkernel 11685888\nkernel_stack 65536\npagetables 348160\nsec_pagetables 0\npercpu 2464\nsock 0\nvmalloc 0\nshmem 0\nzswap 0\nzswapped 0\nfile_mapped 20480\nfile_dirty 40960\nfile_writeback 0\nswapcached 0\nanon_thp 0\nfile_thp 0\nshmem_thp 0\ninactive_anon 0\nactive_anon 5931008\ninactive_file 547500032\nactive_file 546160640\nunevictable 0\nslab_reclaimable 11132152\nslab_unreclaimable 109824\nslab 11241976\nworkingset_refault_anon 0\nworkingset_refault_file 0\nworkingset_activate_anon 0\nworkingset_activate_file 0\nworkingset_restore_anon 0\nworkingset_restore_file 0\nworkingset_nodereclaim 0\npgdemote_kswapd 0\npgdemote_direct 0\npgdemote_khugepaged 0\npgdemote_proactive 0\npgpromote_success 0\npgscan 0\npgsteal 0\npswpin 0\npswpout 0\npgscan_kswapd 0\npgscan_direct 0\npgscan_khugepaged 0\npgscan_proactive 0\npgsteal_kswapd 0\npgsteal_direct 0\npgsteal_khugepaged 0\npgsteal_proactive 0\npgfault 297567\npgmajfault 4776\npgrefill 0\npgactivate 0\npgdeactivate 0\npglazyfree 0\npglazyfreed 0\nswpin_zero 0\nswpout_zero 0\nzswpin 0\nzswpout 0\nzswpwb 0\nthp_fault_alloc 9\nthp_collapse_alloc 0\nthp_swpout 0\nthp_swpout_fallback 0\nnuma_pages_migrated 0\nnuma_pte_updates 0\nnuma_hint_faults 0", "memory.swap.current": "0", "memory.swap.max": "0", "memory.swap.peak": "0"}}
	Command being timed: "/bin/bash -c set -e; sudo -n /bin/sync; sudo -n /bin/sh -c "echo 3 > /proc/sys/vm/drop_caches"; exec /bin/bash /home/riomus/runs/sfora-connected-residual-native-source-v1/command.sh"
	User time (seconds): 1.80
	System time (seconds): 1.46
	Percent of CPU this job got: 60%
	Elapsed (wall clock) time (h:mm:ss or m:ss): 0:05.40
	Average shared text size (kbytes): 0
	Average unshared data size (kbytes): 0
	Average stack size (kbytes): 0
	Average total size (kbytes): 0
	Maximum resident set size (kbytes): 1576264
	Average resident set size (kbytes): 0
	Major (requiring I/O) page faults: 4776
	Minor (reclaiming a frame) page faults: 292625
	Voluntary context switches: 10329
	Involuntary context switches: 71
	Swaps: 0
	File system inputs: 2136968
	File system outputs: 56
	Socket messages sent: 0
	Socket messages received: 0
	Signals delivered: 0
	Page size (bytes): 4096
	Exit status: 0
STOP_CGROUP {"exit_code": "exited", "exit_status": "0", "invocation_id": "b4c889fe1cad40db8b31d065de6ab39b", "path": "/sys/fs/cgroup/user.slice/user-1000.slice/user@1000.service/app.slice/sfora-connected-residual-native-math-v1.service", "service_result": "success", "values": {"memory.current": "1113251840", "memory.events": "low 0\nhigh 0\nmax 0\noom 0\noom_kill 0\noom_group_kill 0", "memory.max": "8589934592", "memory.peak": "2248470528", "memory.stat": "anon 5427200\nfile 1093791744\nkernel 11333632\nkernel_stack 0\npagetables 102400\nsec_pagetables 0\npercpu 1760\nsock 0\nvmalloc 0\nshmem 0\nzswap 0\nzswapped 0\nfile_mapped 20480\nfile_dirty 45056\nfile_writeback 0\nswapcached 0\nanon_thp 0\nfile_thp 0\nshmem_thp 0\ninactive_anon 0\nactive_anon 5382144\ninactive_file 547500032\nactive_file 546283520\nunevictable 0\nslab_reclaimable 11131720\nslab_unreclaimable 71584\nslab 11203304\nworkingset_refault_anon 0\nworkingset_refault_file 0\nworkingset_activate_anon 0\nworkingset_activate_file 0\nworkingset_restore_anon 0\nworkingset_restore_file 0\nworkingset_nodereclaim 0\npgdemote_kswapd 0\npgdemote_direct 0\npgdemote_khugepaged 0\npgdemote_proactive 0\npgpromote_success 0\npgscan 0\npgsteal 0\npswpin 0\npswpout 0\npgscan_kswapd 0\npgscan_direct 0\npgscan_khugepaged 0\npgscan_proactive 0\npgsteal_kswapd 0\npgsteal_direct 0\npgsteal_khugepaged 0\npgsteal_proactive 0\npgfault 299087\npgmajfault 4777\npgrefill 0\npgactivate 0\npgdeactivate 0\npglazyfree 0\npglazyfreed 0\nswpin_zero 0\nswpout_zero 0\nzswpin 0\nzswpout 0\nzswpwb 0\nthp_fault_alloc 9\nthp_collapse_alloc 0\nthp_swpout 0\nthp_swpout_fallback 0\nnuma_pages_migrated 0\nnuma_pte_updates 0\nnuma_hint_faults 0", "memory.swap.current": "0", "memory.swap.max": "0", "memory.swap.peak": "0"}}
Finished with result: success
Main processes terminated with: code=exited/status=0
Service runtime: 5.436s
CPU time consumed: 3.288s
Memory peak: 2.0G
Memory swap peak: 0B
