/home/riomus/runs/sfora-rank-routed-mlp-train-source-v1/cpu-v1-command.sh: OK
Running as unit: sfora-rank-routed-mlp-cpu-v1.service; invocation ID: c51642b05b624c6c8ff7091c15055285
/home/riomus/.local/share/uv/python/cpython-3.13.9-linux-aarch64-gnu/bin/python3.13: OK
/home/riomus/runs/sfora-rank-routed-mlp-train-source-v1/authority-cpu-v1.json: OK
/home/riomus/runs/sfora-rank-routed-mlp-train-source-v1/execution.json: OK
/home/riomus/runs/sfora-rank-routed-mlp-train-source-v1/test_siglip2_rank_routed_mlp.py: OK
/home/riomus/runs/sfora-rank-routed-mlp-train-source-v1/train_siglip2_rank_routed_mlp.py: OK
/usr/lib/aarch64-linux-gnu/ld-linux-aarch64.so.1: OK
/usr/lib/aarch64-linux-gnu/libc.so.6: OK
/usr/lib/aarch64-linux-gnu/libcuda.so.580.159.03: OK
/usr/lib/aarch64-linux-gnu/libdl.so.2: OK
/usr/lib/aarch64-linux-gnu/libfribidi.so.0.4.0: OK
/usr/lib/aarch64-linux-gnu/libgcc_s.so.1: OK
/usr/lib/aarch64-linux-gnu/libm.so.6: OK
/usr/lib/aarch64-linux-gnu/libnvidia-ml.so.580.159.03: OK
/usr/lib/aarch64-linux-gnu/libpthread.so.0: OK
/usr/lib/aarch64-linux-gnu/librt.so.1: OK
/usr/lib/aarch64-linux-gnu/libstdc++.so.6.0.33: OK
/usr/lib/aarch64-linux-gnu/libutil.so.1: OK
/usr/lib/aarch64-linux-gnu/libz.so.1.3: OK
{"event": "COMPACT_PHASE", "phase": "independent_reload", "boundary": "begin", "seconds": 104.11902159298188}
{"event": "COMPACT_PHASE", "phase": "independent_reload", "boundary": "end", "delta_seconds": 2.2174620000005234, "seconds": 106.33648781699594}
{"event": "CONNECTED_PHASE", "phase": "complete_arm_work", "seconds": 138.72461766301421}
Traceback (most recent call last):
  File "/home/riomus/runs/sfora-rank-routed-mlp-train-source-v1/train_siglip2_rank_routed_mlp.py", line 1864, in arm_run
    row = update(context,state,identity,step)
  File "/home/riomus/runs/sfora-rank-routed-mlp-train-source-v1/train_siglip2_rank_routed_mlp.py", line 1178, in update
    integrity(context,state,identity)
    ~~~~~~~~~^^^^^^^^^^^^^^^^^^^^^^^^
  File "/home/riomus/runs/sfora-rank-routed-mlp-train-source-v1/train_siglip2_rank_routed_mlp.py", line 970, in integrity
    resource_check(context)
    ~~~~~~~~~~~~~~^^^^^^^^^
  File "/home/riomus/runs/sfora-rank-routed-mlp-train-source-v1/train_siglip2_rank_routed_mlp.py", line 935, in resource_check
    cgroup = context['legacy']['source_driver'].cgroup_memory()
  File "/home/riomus/runs/sfora-native256-source-cpu-v4/qualify_siglip2_substrate_cpu.py", line 519, in cgroup_memory
    require(all(int(events.get(key, '-1')) == 0 for key in ('oom', 'oom_kill', 'max')), 'cgroup memory failure event')
    ~~~~~~~^^^^^^^^^^^^^^^^^^^^^^^^^^^^^^^^^^^^^^^^^^^^^^^^^^^^^^^^^^^^^^^^^^^^^^^^^^^^^^^^^^^^^^^^^^^^^^^^^^^^^^^^^^^
  File "/home/riomus/runs/sfora-native256-source-cpu-v4/qualify_siglip2_substrate_cpu.py", line 46, in require
    raise ValueError(message)
ValueError: cgroup memory failure event

During handling of the above exception, another exception occurred:

Traceback (most recent call last):
  File "/home/riomus/runs/sfora-rank-routed-mlp-train-source-v1/train_siglip2_rank_routed_mlp.py", line 2104, in run
    result = cpu_run(context)
  File "/home/riomus/runs/sfora-rank-routed-mlp-train-source-v1/train_siglip2_rank_routed_mlp.py", line 2051, in cpu_run
    result = arm_run(context,'candidate',SEEDS[0],'cpu',discarded_update=True)
  File "/home/riomus/runs/sfora-rank-routed-mlp-train-source-v1/train_siglip2_rank_routed_mlp.py", line 1904, in arm_run
    release(context,state)
    ~~~~~~~^^^^^^^^^^^^^^^
  File "/home/riomus/runs/sfora-rank-routed-mlp-train-source-v1/train_siglip2_rank_routed_mlp.py", line 986, in release
    trainer.release(context,state)
    ~~~~~~~~~~~~~~~^^^^^^^^^^^^^^^
  File "/home/riomus/runs/sfora-so400-identity-diversity-train-source-v5/train_siglip2_identity_diversity.py", line 1125, in release
    require_no_training(context)
    ~~~~~~~~~~~~~~~~~~~^^^^^^^^^
  File "/home/riomus/runs/sfora-so400-identity-diversity-train-source-v5/train_siglip2_identity_diversity.py", line 822, in require_no_training
    require(reference is None or reference() is None, 'previous training A still alive')
    ~~~~~~~^^^^^^^^^^^^^^^^^^^^^^^^^^^^^^^^^^^^^^^^^^^^^^^^^^^^^^^^^^^^^^^^^^^^^^^^^^^^^
  File "/home/riomus/runs/sfora-so400-identity-diversity-train-source-v5/train_siglip2_identity_diversity.py", line 114, in require
    raise ValueError(message)
ValueError: previous training A still alive

During handling of the above exception, another exception occurred:

Traceback (most recent call last):
  File "/home/riomus/runs/sfora-rank-routed-mlp-train-source-v1/train_siglip2_rank_routed_mlp.py", line 2171, in <module>
    run(parser().parse_args())
    ~~~^^^^^^^^^^^^^^^^^^^^^^^
  File "/home/riomus/runs/sfora-rank-routed-mlp-train-source-v1/train_siglip2_rank_routed_mlp.py", line 2117, in run
    trainer.exit_rehash(context)
    ~~~~~~~~~~~~~~~~~~~^^^^^^^^^
  File "/home/riomus/runs/sfora-so400-identity-diversity-train-source-v5/train_siglip2_identity_diversity.py", line 2745, in exit_rehash
    require_no_training(context)
    ~~~~~~~~~~~~~~~~~~~^^^^^^^^^
  File "/home/riomus/runs/sfora-so400-identity-diversity-train-source-v5/train_siglip2_identity_diversity.py", line 822, in require_no_training
    require(reference is None or reference() is None, 'previous training A still alive')
    ~~~~~~~^^^^^^^^^^^^^^^^^^^^^^^^^^^^^^^^^^^^^^^^^^^^^^^^^^^^^^^^^^^^^^^^^^^^^^^^^^^^^
  File "/home/riomus/runs/sfora-so400-identity-diversity-train-source-v5/train_siglip2_identity_diversity.py", line 114, in require
    raise ValueError(message)
ValueError: previous training A still alive
FINAL_CGROUP {"command_exit_status": 1, "invocation_id": "c51642b05b624c6c8ff7091c15055285", "path": "/sys/fs/cgroup/user.slice/user-1000.slice/user@1000.service/app.slice/sfora-rank-routed-mlp-cpu-v1.service", "values": {"memory.current": "707862528", "memory.events": "low 0\nhigh 0\nmax 1699\noom 0\noom_kill 0\noom_group_kill 0", "memory.max": "8589934592", "memory.peak": "8589934592", "memory.stat": "anon 6000640\nfile 596250624\nkernel 103510016\nkernel_stack 65536\npagetables 344064\nsec_pagetables 0\npercpu 2112\nsock 0\nvmalloc 0\nshmem 0\nzswap 0\nzswapped 0\nfile_mapped 0\nfile_dirty 4096\nfile_writeback 0\nswapcached 0\nanon_thp 0\nfile_thp 0\nshmem_thp 0\ninactive_anon 471040\nactive_anon 5406720\ninactive_file 273989632\nactive_file 322252800\nunevictable 0\nslab_reclaimable 102935248\nslab_unreclaimable 135928\nslab 103071176\nworkingset_refault_anon 0\nworkingset_refault_file 5773\nworkingset_activate_anon 0\nworkingset_activate_file 5262\nworkingset_restore_anon 0\nworkingset_restore_file 24\nworkingset_nodereclaim 0\npgdemote_kswapd 0\npgdemote_direct 0\npgdemote_khugepaged 0\npgdemote_proactive 0\npgpromote_success 0\npgscan 141321\npgsteal 95455\npswpin 0\npswpout 0\npgscan_kswapd 0\npgscan_direct 141321\npgscan_khugepaged 0\npgscan_proactive 0\npgsteal_kswapd 0\npgsteal_direct 95455\npgsteal_khugepaged 0\npgsteal_proactive 0\npgfault 28275819\npgmajfault 8629\npgrefill 12654\npgactivate 1451\npgdeactivate 0\npglazyfree 0\npglazyfreed 0\nswpin_zero 0\nswpout_zero 0\nzswpin 0\nzswpout 0\nzswpwb 0\nthp_fault_alloc 2530\nthp_collapse_alloc 2\nthp_swpout 0\nthp_swpout_fallback 0\nnuma_pages_migrated 0\nnuma_pte_updates 0\nnuma_hint_faults 0", "memory.swap.current": "0", "memory.swap.max": "0", "memory.swap.peak": "0"}}
Command exited with non-zero status 1
	Command being timed: "/bin/bash -c set -e; sudo -n /bin/sync; sudo -n /bin/sh -c "echo 3 > /proc/sys/vm/drop_caches"; exec /bin/bash /home/riomus/runs/sfora-rank-routed-mlp-train-source-v1/cpu-v1-command.sh"
	User time (seconds): 713.22
	System time (seconds): 64.31
	Percent of CPU this job got: 318%
	Elapsed (wall clock) time (h:mm:ss or m:ss): 4:04.19
	Average shared text size (kbytes): 0
	Average unshared data size (kbytes): 0
	Average stack size (kbytes): 0
	Average total size (kbytes): 0
	Maximum resident set size (kbytes): 8137520
	Average resident set size (kbytes): 0
	Major (requiring I/O) page faults: 8629
	Minor (reclaiming a frame) page faults: 28267024
	Voluntary context switches: 808209
	Involuntary context switches: 3511
	Swaps: 0
	File system inputs: 130019312
	File system outputs: 56
	Socket messages sent: 0
	Socket messages received: 0
	Signals delivered: 0
	Page size (bytes): 4096
	Exit status: 1
STOP_CGROUP {"exit_code": "exited", "exit_status": "1", "invocation_id": "c51642b05b624c6c8ff7091c15055285", "path": "/sys/fs/cgroup/user.slice/user-1000.slice/user@1000.service/app.slice/sfora-rank-routed-mlp-cpu-v1.service", "service_result": "exit-code", "values": {"memory.current": "707186688", "memory.events": "low 0\nhigh 0\nmax 1699\noom 0\noom_kill 0\noom_group_kill 0", "memory.max": "8589934592", "memory.peak": "8589934592", "memory.stat": "anon 5443584\nfile 596258816\nkernel 103137280\nkernel_stack 0\npagetables 102400\nsec_pagetables 0\npercpu 1408\nsock 0\nvmalloc 0\nshmem 0\nzswap 0\nzswapped 0\nfile_mapped 0\nfile_dirty 8192\nfile_writeback 0\nswapcached 0\nanon_thp 0\nfile_thp 0\nshmem_thp 0\ninactive_anon 0\nactive_anon 5365760\ninactive_file 273993728\nactive_file 322252800\nunevictable 0\nslab_reclaimable 102939104\nslab_unreclaimable 70448\nslab 103009552\nworkingset_refault_anon 0\nworkingset_refault_file 5773\nworkingset_activate_anon 0\nworkingset_activate_file 5262\nworkingset_restore_anon 0\nworkingset_restore_file 24\nworkingset_nodereclaim 0\npgdemote_kswapd 0\npgdemote_direct 0\npgdemote_khugepaged 0\npgdemote_proactive 0\npgpromote_success 0\npgscan 141321\npgsteal 95455\npswpin 0\npswpout 0\npgscan_kswapd 0\npgscan_direct 141321\npgscan_khugepaged 0\npgscan_proactive 0\npgsteal_kswapd 0\npgsteal_direct 95455\npgsteal_khugepaged 0\npgsteal_proactive 0\npgfault 28277343\npgmajfault 8629\npgrefill 12654\npgactivate 1451\npgdeactivate 0\npglazyfree 0\npglazyfreed 0\nswpin_zero 0\nswpout_zero 0\nzswpin 0\nzswpout 0\nzswpwb 0\nthp_fault_alloc 2530\nthp_collapse_alloc 2\nthp_swpout 0\nthp_swpout_fallback 0\nnuma_pages_migrated 0\nnuma_pte_updates 0\nnuma_hint_faults 0", "memory.swap.current": "0", "memory.swap.max": "0", "memory.swap.peak": "0"}}
Finished with result: exit-code
Main processes terminated with: code=exited/status=1
Service runtime: 4min 4.234s
CPU time consumed: 12min 57.562s
Memory peak: 8.0G
Memory swap peak: 0B
