.
----------------------------------------------------------------------
Ran 1 test in 0.026s

OK
......................
----------------------------------------------------------------------
Ran 22 tests in 0.108s

OK
...........
----------------------------------------------------------------------
Ran 11 tests in 0.482s

OK
.
----------------------------------------------------------------------
Ran 1 test in 0.039s

OK
......................
----------------------------------------------------------------------
Ran 22 tests in 0.094s

OK
...........
----------------------------------------------------------------------
Ran 11 tests in 0.358s

OK
wall_seconds=3.60 maxrss_kib=131388 swaps=0
