/home/riomus/runs/sfora-connected-installed-control-serving-source-v1/freeze.json: OK
/home/riomus/runs/sfora-connected-installed-control-serving-source-v1/command.sh: OK
Running as unit: sfora-connected-installed-control-serving-diagnostic-v1.service; invocation ID: 3b6c15018a904e9cb5f11272bd54fd2d
/home/riomus/.local/share/uv/python/cpython-3.13.9-linux-aarch64-gnu/bin/python3.13: OK
/home/riomus/runs/sfora-connected-control-serving-native-authority-v5/native-authority.json: OK
/home/riomus/runs/sfora-connected-installed-control-serving-source-v1/authority.json: OK
/home/riomus/runs/sfora-connected-installed-control-serving-source-v1/connected_control_native_authority.py: OK
/home/riomus/runs/sfora-connected-installed-control-serving-source-v1/observation.json: OK
/home/riomus/runs/sfora-connected-installed-control-serving-source-v1/observe_connected_serving.py: OK
/home/riomus/runs/sfora-connected-installed-control-serving-source-v1/qualify_connected_control_serving.py: OK
/home/riomus/runs/sfora-connected-installed-control-serving-source-v1/qualify_connected_serving_requests.py: OK
/home/riomus/runs/sfora-connected-installed-control-serving-source-v1/test_connected_control_serving.py: OK
/home/riomus/runs/sfora-connected-installed-control-serving-source-v1/test_connected_serving_requests.py: OK
/home/riomus/runs/sfora-connected-installed-control-serving-source-v1/test_observe_connected_serving.py: OK
/home/riomus/runs/sfora-connected-installed-control-serving-wheel-v1/installed-source-manifest.json: OK
/home/riomus/runs/sfora-connected-installed-control-serving-wheel-v1/site-packages/sfora-0.3.0rc4.dist-info/INSTALLER: OK
/home/riomus/runs/sfora-connected-installed-control-serving-wheel-v1/site-packages/sfora-0.3.0rc4.dist-info/METADATA: OK
/home/riomus/runs/sfora-connected-installed-control-serving-wheel-v1/site-packages/sfora-0.3.0rc4.dist-info/RECORD: OK
/home/riomus/runs/sfora-connected-installed-control-serving-wheel-v1/site-packages/sfora-0.3.0rc4.dist-info/REQUESTED: OK
/home/riomus/runs/sfora-connected-installed-control-serving-wheel-v1/site-packages/sfora-0.3.0rc4.dist-info/WHEEL: OK
/home/riomus/runs/sfora-connected-installed-control-serving-wheel-v1/site-packages/sfora-0.3.0rc4.dist-info/direct_url.json: OK
/home/riomus/runs/sfora-connected-installed-control-serving-wheel-v1/site-packages/sfora-0.3.0rc4.dist-info/entry_points.txt: OK
/home/riomus/runs/sfora-connected-installed-control-serving-wheel-v1/site-packages/sfora-0.3.0rc4.dist-info/uv_cache.json: OK
/home/riomus/runs/sfora-connected-installed-control-serving-wheel-v1/site-packages/sfora/__init__.py: OK
/home/riomus/runs/sfora-connected-installed-control-serving-wheel-v1/site-packages/sfora/_connected_inference_authority.py: OK
/home/riomus/runs/sfora-connected-installed-control-serving-wheel-v1/site-packages/sfora/_native/factorized_residual_ann.c: OK
/home/riomus/runs/sfora-connected-installed-control-serving-wheel-v1/site-packages/sfora/ablation.py: OK
/home/riomus/runs/sfora-connected-installed-control-serving-wheel-v1/site-packages/sfora/additive_quantization.py: OK
/home/riomus/runs/sfora-connected-installed-control-serving-wheel-v1/site-packages/sfora/amortized_local_scale.py: OK
/home/riomus/runs/sfora-connected-installed-control-serving-wheel-v1/site-packages/sfora/api.py: OK
/home/riomus/runs/sfora-connected-installed-control-serving-wheel-v1/site-packages/sfora/arcg.py: OK
/home/riomus/runs/sfora-connected-installed-control-serving-wheel-v1/site-packages/sfora/asymmetric_cohort_residual.py: OK
/home/riomus/runs/sfora-connected-installed-control-serving-wheel-v1/site-packages/sfora/atomic_publication.py: OK
/home/riomus/runs/sfora-connected-installed-control-serving-wheel-v1/site-packages/sfora/benchmark.py: OK
/home/riomus/runs/sfora-connected-installed-control-serving-wheel-v1/site-packages/sfora/bn_inception.py: OK
/home/riomus/runs/sfora-connected-installed-control-serving-wheel-v1/site-packages/sfora/cadr.py: OK
/home/riomus/runs/sfora-connected-installed-control-serving-wheel-v1/site-packages/sfora/calibrated_tail_moment.py: OK
/home/riomus/runs/sfora-connected-installed-control-serving-wheel-v1/site-packages/sfora/calibrated_tail_moment_io.py: OK
/home/riomus/runs/sfora-connected-installed-control-serving-wheel-v1/site-packages/sfora/catalog.py: OK
/home/riomus/runs/sfora-connected-installed-control-serving-wheel-v1/site-packages/sfora/cea.py: OK
/home/riomus/runs/sfora-connected-installed-control-serving-wheel-v1/site-packages/sfora/cem.py: OK
/home/riomus/runs/sfora-connected-installed-control-serving-wheel-v1/site-packages/sfora/cli.py: OK
/home/riomus/runs/sfora-connected-installed-control-serving-wheel-v1/site-packages/sfora/compact_metric.py: OK
/home/riomus/runs/sfora-connected-installed-control-serving-wheel-v1/site-packages/sfora/compose.py: OK
/home/riomus/runs/sfora-connected-installed-control-serving-wheel-v1/site-packages/sfora/connected_compact_serving.py: OK
/home/riomus/runs/sfora-connected-installed-control-serving-wheel-v1/site-packages/sfora/connected_inference.py: OK
/home/riomus/runs/sfora-connected-installed-control-serving-wheel-v1/site-packages/sfora/cuda_authority.py: OK
/home/riomus/runs/sfora-connected-installed-control-serving-wheel-v1/site-packages/sfora/cutile_int8.py: OK
/home/riomus/runs/sfora-connected-installed-control-serving-wheel-v1/site-packages/sfora/dada_reproduction.py: OK
/home/riomus/runs/sfora-connected-installed-control-serving-wheel-v1/site-packages/sfora/data.py: OK
/home/riomus/runs/sfora-connected-installed-control-serving-wheel-v1/site-packages/sfora/deployed_code_rank.py: OK
/home/riomus/runs/sfora-connected-installed-control-serving-wheel-v1/site-packages/sfora/deterministic_similarity_runtime.py: OK
/home/riomus/runs/sfora-connected-installed-control-serving-wheel-v1/site-packages/sfora/encoder_ablation.py: OK
/home/riomus/runs/sfora-connected-installed-control-serving-wheel-v1/site-packages/sfora/encoder_training.py: OK
/home/riomus/runs/sfora-connected-installed-control-serving-wheel-v1/site-packages/sfora/evaluation.py: OK
/home/riomus/runs/sfora-connected-installed-control-serving-wheel-v1/site-packages/sfora/experiments.py: OK
/home/riomus/runs/sfora-connected-installed-control-serving-wheel-v1/site-packages/sfora/factorized_residual_ann.py: OK
/home/riomus/runs/sfora-connected-installed-control-serving-wheel-v1/site-packages/sfora/factorized_residual_index.py: OK
/home/riomus/runs/sfora-connected-installed-control-serving-wheel-v1/site-packages/sfora/factorized_residual_native.py: OK
/home/riomus/runs/sfora-connected-installed-control-serving-wheel-v1/site-packages/sfora/foldable_linear.py: OK
/home/riomus/runs/sfora-connected-installed-control-serving-wheel-v1/site-packages/sfora/foundation_adapter.py: OK
/home/riomus/runs/sfora-connected-installed-control-serving-wheel-v1/site-packages/sfora/foundation_finetune.py: OK
/home/riomus/runs/sfora-connected-installed-control-serving-wheel-v1/site-packages/sfora/foundation_oml.py: OK
/home/riomus/runs/sfora-connected-installed-control-serving-wheel-v1/site-packages/sfora/foundation_pareto.py: OK
/home/riomus/runs/sfora-connected-installed-control-serving-wheel-v1/site-packages/sfora/frozen_text_supervision.py: OK
/home/riomus/runs/sfora-connected-installed-control-serving-wheel-v1/site-packages/sfora/gallery_hubness.py: OK
/home/riomus/runs/sfora-connected-installed-control-serving-wheel-v1/site-packages/sfora/gallery_risk.py: OK
/home/riomus/runs/sfora-connected-installed-control-serving-wheel-v1/site-packages/sfora/idgp.py: OK
/home/riomus/runs/sfora-connected-installed-control-serving-wheel-v1/site-packages/sfora/image_benchmark.py: OK
/home/riomus/runs/sfora-connected-installed-control-serving-wheel-v1/site-packages/sfora/image_end_to_end.py: OK
/home/riomus/runs/sfora-connected-installed-control-serving-wheel-v1/site-packages/sfora/image_recipes.py: OK
/home/riomus/runs/sfora-connected-installed-control-serving-wheel-v1/site-packages/sfora/inference_head.py: OK
/home/riomus/runs/sfora-connected-installed-control-serving-wheel-v1/site-packages/sfora/ipsr.py: OK
/home/riomus/runs/sfora-connected-installed-control-serving-wheel-v1/site-packages/sfora/joint_pq_projection.py: OK
/home/riomus/runs/sfora-connected-installed-control-serving-wheel-v1/site-packages/sfora/joint_relational_compaction.py: OK
/home/riomus/runs/sfora-connected-installed-control-serving-wheel-v1/site-packages/sfora/live_head_bank.py: OK
/home/riomus/runs/sfora-connected-installed-control-serving-wheel-v1/site-packages/sfora/lops_pg.py: OK
/home/riomus/runs/sfora-connected-installed-control-serving-wheel-v1/site-packages/sfora/lorentz_rider.py: OK
/home/riomus/runs/sfora-connected-installed-control-serving-wheel-v1/site-packages/sfora/lorentz_rider_io.py: OK
/home/riomus/runs/sfora-connected-installed-control-serving-wheel-v1/site-packages/sfora/losses.py: OK
/home/riomus/runs/sfora-connected-installed-control-serving-wheel-v1/site-packages/sfora/mcps_study.py: OK
/home/riomus/runs/sfora-connected-installed-control-serving-wheel-v1/site-packages/sfora/method.py: OK
/home/riomus/runs/sfora-connected-installed-control-serving-wheel-v1/site-packages/sfora/model_artifacts/oml_vits16_sop_power_whitening_128.sfora: OK
/home/riomus/runs/sfora-connected-installed-control-serving-wheel-v1/site-packages/sfora/model_profiles.py: OK
/home/riomus/runs/sfora-connected-installed-control-serving-wheel-v1/site-packages/sfora/model_soup.py: OK
/home/riomus/runs/sfora-connected-installed-control-serving-wheel-v1/site-packages/sfora/nested_neighborhood_rank.py: OK
/home/riomus/runs/sfora-connected-installed-control-serving-wheel-v1/site-packages/sfora/nested_rank_evaluation.py: OK
/home/riomus/runs/sfora-connected-installed-control-serving-wheel-v1/site-packages/sfora/nested_rank_protocol.py: OK
/home/riomus/runs/sfora-connected-installed-control-serving-wheel-v1/site-packages/sfora/oapf.py: OK
/home/riomus/runs/sfora-connected-installed-control-serving-wheel-v1/site-packages/sfora/packed_int4.py: OK
/home/riomus/runs/sfora-connected-installed-control-serving-wheel-v1/site-packages/sfora/packed_int8.py: OK
/home/riomus/runs/sfora-connected-installed-control-serving-wheel-v1/site-packages/sfora/packed_int8_search.py: OK
/home/riomus/runs/sfora-connected-installed-control-serving-wheel-v1/site-packages/sfora/pq_candidate_reranking.py: OK
/home/riomus/runs/sfora-connected-installed-control-serving-wheel-v1/site-packages/sfora/pq_candidate_scoring.py: OK
/home/riomus/runs/sfora-connected-installed-control-serving-wheel-v1/site-packages/sfora/pq_lookup_distillation.py: OK
/home/riomus/runs/sfora-connected-installed-control-serving-wheel-v1/site-packages/sfora/product_pair_schedule.py: OK
/home/riomus/runs/sfora-connected-installed-control-serving-wheel-v1/site-packages/sfora/product_quantization.py: OK
/home/riomus/runs/sfora-connected-installed-control-serving-wheel-v1/site-packages/sfora/progressive_residual_quantization.py: OK
/home/riomus/runs/sfora-connected-installed-control-serving-wheel-v1/site-packages/sfora/progressive_residual_scoring.py: OK
/home/riomus/runs/sfora-connected-installed-control-serving-wheel-v1/site-packages/sfora/publication.py: OK
/home/riomus/runs/sfora-connected-installed-control-serving-wheel-v1/site-packages/sfora/py.typed: OK
/home/riomus/runs/sfora-connected-installed-control-serving-wheel-v1/site-packages/sfora/rate_matched_product_quantization.py: OK
/home/riomus/runs/sfora-connected-installed-control-serving-wheel-v1/site-packages/sfora/reciprocal_reranking.py: OK
/home/riomus/runs/sfora-connected-installed-control-serving-wheel-v1/site-packages/sfora/remote.py: OK
/home/riomus/runs/sfora-connected-installed-control-serving-wheel-v1/site-packages/sfora/report.py: OK
/home/riomus/runs/sfora-connected-installed-control-serving-wheel-v1/site-packages/sfora/representation_ceiling.py: OK
/home/riomus/runs/sfora-connected-installed-control-serving-wheel-v1/site-packages/sfora/residual_quantization.py: OK
/home/riomus/runs/sfora-connected-installed-control-serving-wheel-v1/site-packages/sfora/siglip2_compact_serving.py: OK
/home/riomus/runs/sfora-connected-installed-control-serving-wheel-v1/site-packages/sfora/sop_compact_training.py: OK
/home/riomus/runs/sfora-connected-installed-control-serving-wheel-v1/site-packages/sfora/sop_evaluation.py: OK
/home/riomus/runs/sfora-connected-installed-control-serving-wheel-v1/site-packages/sfora/sop_reference_recipe.py: OK
/home/riomus/runs/sfora-connected-installed-control-serving-wheel-v1/site-packages/sfora/sop_reference_selection.py: OK
/home/riomus/runs/sfora-connected-installed-control-serving-wheel-v1/site-packages/sfora/teacher_anchored_distillation.py: OK
/home/riomus/runs/sfora-connected-installed-control-serving-wheel-v1/site-packages/sfora/teacher_anchored_schedule_io.py: OK
/home/riomus/runs/sfora-connected-installed-control-serving-wheel-v1/site-packages/sfora/text_baselines.py: OK
/home/riomus/runs/sfora-connected-installed-control-serving-wheel-v1/site-packages/sfora/token_slot_readout.py: OK
/home/riomus/runs/sfora-connected-installed-control-serving-wheel-v1/site-packages/sfora/training.py: OK
/home/riomus/runs/sfora-connected-installed-control-serving-wheel-v1/site-packages/sfora/unicom_audit_io.py: OK
/home/riomus/runs/sfora-connected-installed-control-serving-wheel-v1/site-packages/sfora/unicom_cap.py: OK
/home/riomus/runs/sfora-connected-installed-control-serving-wheel-v1/site-packages/sfora/unicom_fepf.py: OK
/home/riomus/runs/sfora-connected-installed-control-serving-wheel-v1/site-packages/sfora/unicom_finish_evidence.py: OK
/home/riomus/runs/sfora-connected-installed-control-serving-wheel-v1/site-packages/sfora/unicom_finish_protocol.py: OK
/home/riomus/runs/sfora-connected-installed-control-serving-wheel-v1/site-packages/sfora/unicom_inshop.py: OK
/home/riomus/runs/sfora-connected-installed-control-serving-wheel-v1/site-packages/sfora/unicom_probe.py: OK
/home/riomus/runs/sfora-connected-installed-control-serving-wheel-v1/site-packages/sfora/unicom_proxy_muon.py: OK
/home/riomus/runs/sfora-connected-installed-control-serving-wheel-v1/site-packages/sfora/unicom_rank_finish.py: OK
/home/riomus/runs/sfora-connected-installed-control-serving-wheel-v1/site-packages/sfora/unicom_resolution_adapter.py: OK
/home/riomus/runs/sfora-connected-installed-control-serving-wheel-v1/site-packages/sfora/unicom_retrieval_audit.py: OK
/home/riomus/runs/sfora-connected-installed-control-serving-wheel-v1/site-packages/sfora/unicom_runtime_authority.py: OK
/home/riomus/runs/sfora-connected-installed-control-serving-wheel-v1/site-packages/sfora/unicom_shard_audit.py: OK
/home/riomus/runs/sfora-connected-installed-control-serving-wheel-v1/site-packages/sfora/unicom_tail_adapter.py: OK
/home/riomus/runs/sfora-connected-installed-control-serving-wheel-v1/site-packages/sfora/unicom_training.py: OK
/home/riomus/runs/sfora-connected-installed-control-serving-wheel-v1/site-packages/sfora/vector_store.py: OK
/home/riomus/runs/sfora-native256-initialized-cpu-final-footer-v1.py: OK
/home/riomus/runs/sfora-native256-stop-cgroup-footer-v1.py: OK
/home/riomus/toolchains/cuda-13.4-wheel-env/lib/python3.12/site-packages/nvidia/cu13/bin/tileiras: OK
tileiras: NVIDIA (R) Cuda Tile IR optimizing assembler
Copyright (c) 2005-2026 NVIDIA Corporation
Built on Tue_Sep__1_09:45:49_PDT_2026
Cuda compilation tools, release 13.4, V13.4.92
Build local.local.38855100_
{"event": "COMPACT_PHASE", "phase": "shared_source_preparation", "boundary": "begin", "seconds": 391.40484515199205}
{"event": "COMPACT_PHASE", "phase": "shared_source_preparation", "boundary": "end", "delta_seconds": 23.16478949401062, "seconds": 414.56963706199895}
{"event": "COMPACT_PHASE", "phase": "cache_target_preparation", "boundary": "begin", "seconds": 414.5696732700162}
{"event": "COMPACT_PHASE", "phase": "cache_target_preparation", "boundary": "end", "delta_seconds": 2.4548379209882114, "seconds": 417.02451487100916}
{"event": "INITIAL_NATIVE_ORIGIN_DIAGNOSTICS_V1", "expected": {"/home/riomus/group-learning/.venv/lib/python3.13/site-packages/nvidia/cudnn/lib/libcudnn_engines_precompiled.so.9": "3b765736f63d724a0de67b7ce915b0d0a780154fe4a2d515ab14040224aa7db4", "/home/riomus/group-learning/.venv/lib/python3.13/site-packages/nvidia/cudnn/lib/libcudnn_engines_runtime_compiled.so.9": "7b8f371a7718c29549317efdbdeb8d7c301874f9471762a04830846ac4e83510", "/home/riomus/group-learning/.venv/lib/python3.13/site-packages/nvidia/cudnn/lib/libcudnn_graph.so.9": "b601fddd333d84ced4a3d833e75bb412c204e39b21755d79cb890335dce660b8", "/home/riomus/group-learning/.venv/lib/python3.13/site-packages/nvidia/cudnn/lib/libcudnn_heuristic.so.9": "368687b9b5c2c01b55c21f74bd930cb05d3654b4e901e998b7bfb33cebac6ae8"}, "observed_difference": {}, "missing": ["/home/riomus/group-learning/.venv/lib/python3.13/site-packages/nvidia/cudnn/lib/libcudnn_engines_precompiled.so.9", "/home/riomus/group-learning/.venv/lib/python3.13/site-packages/nvidia/cudnn/lib/libcudnn_engines_runtime_compiled.so.9", "/home/riomus/group-learning/.venv/lib/python3.13/site-packages/nvidia/cudnn/lib/libcudnn_graph.so.9", "/home/riomus/group-learning/.venv/lib/python3.13/site-packages/nvidia/cudnn/lib/libcudnn_heuristic.so.9"], "extra": [], "missing_native": ["/home/riomus/group-learning/.venv/lib/python3.13/site-packages/nvidia/cudnn/lib/libcudnn_engines_precompiled.so.9", "/home/riomus/group-learning/.venv/lib/python3.13/site-packages/nvidia/cudnn/lib/libcudnn_engines_runtime_compiled.so.9", "/home/riomus/group-learning/.venv/lib/python3.13/site-packages/nvidia/cudnn/lib/libcudnn_graph.so.9", "/home/riomus/group-learning/.venv/lib/python3.13/site-packages/nvidia/cudnn/lib/libcudnn_heuristic.so.9"]}
{"event": "COMPACT_PHASE", "phase": "independent_reload", "boundary": "begin", "seconds": 440.7448676789936}
{"event": "COMPACT_PHASE", "phase": "independent_reload", "boundary": "end", "delta_seconds": 1.5124715260171797, "seconds": 442.25734160499997}
{"event": "PROTOTYPE_PHASE", "phase": "old_exit_begin", "seconds": 603.1568347669963}
{"event": "QUADRATIC_PHASE", "phase": "exit_rehash", "delta_seconds": 19.91947048099246, "cumulative_seconds": 19.91947048099246}
{"event": "PROTOTYPE_PHASE", "phase": "old_exit_end", "seconds": 623.0771762390214}
{"event": "PROTOTYPE_PHASE", "phase": "own_union_begin", "seconds": 623.0771939990227}
{"event": "PROTOTYPE_PHASE", "phase": "own_union_end", "seconds": 640.4989104910055}
{"event": "PROTOTYPE_PHASE", "phase": "closure_begin", "seconds": 640.4989422830113}
{"event": "PROTOTYPE_PHASE", "phase": "closure_end", "seconds": 640.5003635930188}
  | ExceptionGroup: other request driver failures (1 sub-exception)
  +-+---------------- 1 ----------------
    | Traceback (most recent call last):
    |   File "/home/riomus/runs/sfora-connected-installed-control-serving-source-v1/qualify_connected_serving_requests.py", line 247, in owner
    |     try: guard()
    |          ~~~~~^^
    |   File "/home/riomus/runs/sfora-connected-installed-control-serving-source-v1/qualify_connected_serving_requests.py", line 309, in bounded
    |     require(time.perf_counter()-started < 120, 'diagnostic body120 cap exceeded')
    |     ~~~~~~~^^^^^^^^^^^^^^^^^^^^^^^^^^^^^^^^^^^^^^^^^^^^^^^^^^^^^^^^^^^^^^^^^^^^^^
    |   File "/home/riomus/runs/sfora-connected-installed-control-serving-source-v1/qualify_connected_serving_requests.py", line 55, in require
    |     raise ValueError(message)
    | ValueError: diagnostic body120 cap exceeded
    +------------------------------------

The above exception was the direct cause of the following exception:

Traceback (most recent call last):
  File "/home/riomus/runs/sfora-connected-installed-control-serving-source-v1/qualify_connected_control_serving.py", line 509, in <module>
    main()
    ~~~~^^
  File "/home/riomus/runs/sfora-connected-installed-control-serving-source-v1/qualify_connected_control_serving.py", line 505, in main
    return run(parser.parse_args(argv))
  File "/home/riomus/runs/sfora-connected-installed-control-serving-source-v1/qualify_connected_control_serving.py", line 496, in run
    if failures: requests.raise_failures(failures)
                 ~~~~~~~~~~~~~~~~~~~~~~~^^^^^^^^^^
  File "/home/riomus/runs/sfora-connected-installed-control-serving-source-v1/qualify_connected_serving_requests.py", line 226, in raise_failures
    raise primary
  File "/home/riomus/runs/sfora-connected-installed-control-serving-source-v1/qualify_connected_control_serving.py", line 451, in run
    diagnostic = requests.request_body(factory,observer,read_images,torch.cuda.synchronize,
        [Path(f['path']) for f in observation['train_images']],observation['sources'],guard)
  File "/home/riomus/runs/sfora-connected-installed-control-serving-source-v1/qualify_connected_serving_requests.py", line 334, in request_body
    with owner(factory, bounded, charges[1]) as index:
         ~~~~~^^^^^^^^^^^^^^^^^^^^^^^^^^^^^^
  File "/home/riomus/.local/share/uv/python/cpython-3.13.9-linux-aarch64-gnu/lib/python3.13/contextlib.py", line 141, in __enter__
    return next(self.gen)
  File "/home/riomus/runs/sfora-connected-installed-control-serving-source-v1/qualify_connected_serving_requests.py", line 250, in owner
    if failures: raise_failures(failures)
                 ~~~~~~~~~~~~~~^^^^^^^^^^
  File "/home/riomus/runs/sfora-connected-installed-control-serving-source-v1/qualify_connected_serving_requests.py", line 225, in raise_failures
    raise primary from BaseExceptionGroup('other request driver failures', others)
  File "/home/riomus/runs/sfora-connected-installed-control-serving-source-v1/qualify_connected_serving_requests.py", line 237, in owner
    guard()
    ~~~~~^^
  File "/home/riomus/runs/sfora-connected-installed-control-serving-source-v1/qualify_connected_serving_requests.py", line 309, in bounded
    require(time.perf_counter()-started < 120, 'diagnostic body120 cap exceeded')
    ~~~~~~~^^^^^^^^^^^^^^^^^^^^^^^^^^^^^^^^^^^^^^^^^^^^^^^^^^^^^^^^^^^^^^^^^^^^^^
  File "/home/riomus/runs/sfora-connected-installed-control-serving-source-v1/qualify_connected_serving_requests.py", line 55, in require
    raise ValueError(message)
ValueError: diagnostic body120 cap exceeded
request driver also failed: ValueError('diagnostic body120 cap exceeded')
/home/riomus/.local/share/uv/python/cpython-3.13.9-linux-aarch64-gnu/bin/python3.13: OK
/home/riomus/runs/sfora-connected-control-serving-native-authority-v5/native-authority.json: OK
/home/riomus/runs/sfora-connected-installed-control-serving-source-v1/authority.json: OK
/home/riomus/runs/sfora-connected-installed-control-serving-source-v1/connected_control_native_authority.py: OK
/home/riomus/runs/sfora-connected-installed-control-serving-source-v1/observation.json: OK
/home/riomus/runs/sfora-connected-installed-control-serving-source-v1/observe_connected_serving.py: OK
/home/riomus/runs/sfora-connected-installed-control-serving-source-v1/qualify_connected_control_serving.py: OK
/home/riomus/runs/sfora-connected-installed-control-serving-source-v1/qualify_connected_serving_requests.py: OK
/home/riomus/runs/sfora-connected-installed-control-serving-source-v1/test_connected_control_serving.py: OK
/home/riomus/runs/sfora-connected-installed-control-serving-source-v1/test_connected_serving_requests.py: OK
/home/riomus/runs/sfora-connected-installed-control-serving-source-v1/test_observe_connected_serving.py: OK
/home/riomus/runs/sfora-connected-installed-control-serving-wheel-v1/installed-source-manifest.json: OK
/home/riomus/runs/sfora-connected-installed-control-serving-wheel-v1/site-packages/sfora-0.3.0rc4.dist-info/INSTALLER: OK
/home/riomus/runs/sfora-connected-installed-control-serving-wheel-v1/site-packages/sfora-0.3.0rc4.dist-info/METADATA: OK
/home/riomus/runs/sfora-connected-installed-control-serving-wheel-v1/site-packages/sfora-0.3.0rc4.dist-info/RECORD: OK
/home/riomus/runs/sfora-connected-installed-control-serving-wheel-v1/site-packages/sfora-0.3.0rc4.dist-info/REQUESTED: OK
/home/riomus/runs/sfora-connected-installed-control-serving-wheel-v1/site-packages/sfora-0.3.0rc4.dist-info/WHEEL: OK
/home/riomus/runs/sfora-connected-installed-control-serving-wheel-v1/site-packages/sfora-0.3.0rc4.dist-info/direct_url.json: OK
/home/riomus/runs/sfora-connected-installed-control-serving-wheel-v1/site-packages/sfora-0.3.0rc4.dist-info/entry_points.txt: OK
/home/riomus/runs/sfora-connected-installed-control-serving-wheel-v1/site-packages/sfora-0.3.0rc4.dist-info/uv_cache.json: OK
/home/riomus/runs/sfora-connected-installed-control-serving-wheel-v1/site-packages/sfora/__init__.py: OK
/home/riomus/runs/sfora-connected-installed-control-serving-wheel-v1/site-packages/sfora/_connected_inference_authority.py: OK
/home/riomus/runs/sfora-connected-installed-control-serving-wheel-v1/site-packages/sfora/_native/factorized_residual_ann.c: OK
/home/riomus/runs/sfora-connected-installed-control-serving-wheel-v1/site-packages/sfora/ablation.py: OK
/home/riomus/runs/sfora-connected-installed-control-serving-wheel-v1/site-packages/sfora/additive_quantization.py: OK
/home/riomus/runs/sfora-connected-installed-control-serving-wheel-v1/site-packages/sfora/amortized_local_scale.py: OK
/home/riomus/runs/sfora-connected-installed-control-serving-wheel-v1/site-packages/sfora/api.py: OK
/home/riomus/runs/sfora-connected-installed-control-serving-wheel-v1/site-packages/sfora/arcg.py: OK
/home/riomus/runs/sfora-connected-installed-control-serving-wheel-v1/site-packages/sfora/asymmetric_cohort_residual.py: OK
/home/riomus/runs/sfora-connected-installed-control-serving-wheel-v1/site-packages/sfora/atomic_publication.py: OK
/home/riomus/runs/sfora-connected-installed-control-serving-wheel-v1/site-packages/sfora/benchmark.py: OK
/home/riomus/runs/sfora-connected-installed-control-serving-wheel-v1/site-packages/sfora/bn_inception.py: OK
/home/riomus/runs/sfora-connected-installed-control-serving-wheel-v1/site-packages/sfora/cadr.py: OK
/home/riomus/runs/sfora-connected-installed-control-serving-wheel-v1/site-packages/sfora/calibrated_tail_moment.py: OK
/home/riomus/runs/sfora-connected-installed-control-serving-wheel-v1/site-packages/sfora/calibrated_tail_moment_io.py: OK
/home/riomus/runs/sfora-connected-installed-control-serving-wheel-v1/site-packages/sfora/catalog.py: OK
/home/riomus/runs/sfora-connected-installed-control-serving-wheel-v1/site-packages/sfora/cea.py: OK
/home/riomus/runs/sfora-connected-installed-control-serving-wheel-v1/site-packages/sfora/cem.py: OK
/home/riomus/runs/sfora-connected-installed-control-serving-wheel-v1/site-packages/sfora/cli.py: OK
/home/riomus/runs/sfora-connected-installed-control-serving-wheel-v1/site-packages/sfora/compact_metric.py: OK
/home/riomus/runs/sfora-connected-installed-control-serving-wheel-v1/site-packages/sfora/compose.py: OK
/home/riomus/runs/sfora-connected-installed-control-serving-wheel-v1/site-packages/sfora/connected_compact_serving.py: OK
/home/riomus/runs/sfora-connected-installed-control-serving-wheel-v1/site-packages/sfora/connected_inference.py: OK
/home/riomus/runs/sfora-connected-installed-control-serving-wheel-v1/site-packages/sfora/cuda_authority.py: OK
/home/riomus/runs/sfora-connected-installed-control-serving-wheel-v1/site-packages/sfora/cutile_int8.py: OK
/home/riomus/runs/sfora-connected-installed-control-serving-wheel-v1/site-packages/sfora/dada_reproduction.py: OK
/home/riomus/runs/sfora-connected-installed-control-serving-wheel-v1/site-packages/sfora/data.py: OK
/home/riomus/runs/sfora-connected-installed-control-serving-wheel-v1/site-packages/sfora/deployed_code_rank.py: OK
/home/riomus/runs/sfora-connected-installed-control-serving-wheel-v1/site-packages/sfora/deterministic_similarity_runtime.py: OK
/home/riomus/runs/sfora-connected-installed-control-serving-wheel-v1/site-packages/sfora/encoder_ablation.py: OK
/home/riomus/runs/sfora-connected-installed-control-serving-wheel-v1/site-packages/sfora/encoder_training.py: OK
/home/riomus/runs/sfora-connected-installed-control-serving-wheel-v1/site-packages/sfora/evaluation.py: OK
/home/riomus/runs/sfora-connected-installed-control-serving-wheel-v1/site-packages/sfora/experiments.py: OK
/home/riomus/runs/sfora-connected-installed-control-serving-wheel-v1/site-packages/sfora/factorized_residual_ann.py: OK
/home/riomus/runs/sfora-connected-installed-control-serving-wheel-v1/site-packages/sfora/factorized_residual_index.py: OK
/home/riomus/runs/sfora-connected-installed-control-serving-wheel-v1/site-packages/sfora/factorized_residual_native.py: OK
/home/riomus/runs/sfora-connected-installed-control-serving-wheel-v1/site-packages/sfora/foldable_linear.py: OK
/home/riomus/runs/sfora-connected-installed-control-serving-wheel-v1/site-packages/sfora/foundation_adapter.py: OK
/home/riomus/runs/sfora-connected-installed-control-serving-wheel-v1/site-packages/sfora/foundation_finetune.py: OK
/home/riomus/runs/sfora-connected-installed-control-serving-wheel-v1/site-packages/sfora/foundation_oml.py: OK
/home/riomus/runs/sfora-connected-installed-control-serving-wheel-v1/site-packages/sfora/foundation_pareto.py: OK
/home/riomus/runs/sfora-connected-installed-control-serving-wheel-v1/site-packages/sfora/frozen_text_supervision.py: OK
/home/riomus/runs/sfora-connected-installed-control-serving-wheel-v1/site-packages/sfora/gallery_hubness.py: OK
/home/riomus/runs/sfora-connected-installed-control-serving-wheel-v1/site-packages/sfora/gallery_risk.py: OK
/home/riomus/runs/sfora-connected-installed-control-serving-wheel-v1/site-packages/sfora/idgp.py: OK
/home/riomus/runs/sfora-connected-installed-control-serving-wheel-v1/site-packages/sfora/image_benchmark.py: OK
/home/riomus/runs/sfora-connected-installed-control-serving-wheel-v1/site-packages/sfora/image_end_to_end.py: OK
/home/riomus/runs/sfora-connected-installed-control-serving-wheel-v1/site-packages/sfora/image_recipes.py: OK
/home/riomus/runs/sfora-connected-installed-control-serving-wheel-v1/site-packages/sfora/inference_head.py: OK
/home/riomus/runs/sfora-connected-installed-control-serving-wheel-v1/site-packages/sfora/ipsr.py: OK
/home/riomus/runs/sfora-connected-installed-control-serving-wheel-v1/site-packages/sfora/joint_pq_projection.py: OK
/home/riomus/runs/sfora-connected-installed-control-serving-wheel-v1/site-packages/sfora/joint_relational_compaction.py: OK
/home/riomus/runs/sfora-connected-installed-control-serving-wheel-v1/site-packages/sfora/live_head_bank.py: OK
/home/riomus/runs/sfora-connected-installed-control-serving-wheel-v1/site-packages/sfora/lops_pg.py: OK
/home/riomus/runs/sfora-connected-installed-control-serving-wheel-v1/site-packages/sfora/lorentz_rider.py: OK
/home/riomus/runs/sfora-connected-installed-control-serving-wheel-v1/site-packages/sfora/lorentz_rider_io.py: OK
/home/riomus/runs/sfora-connected-installed-control-serving-wheel-v1/site-packages/sfora/losses.py: OK
/home/riomus/runs/sfora-connected-installed-control-serving-wheel-v1/site-packages/sfora/mcps_study.py: OK
/home/riomus/runs/sfora-connected-installed-control-serving-wheel-v1/site-packages/sfora/method.py: OK
/home/riomus/runs/sfora-connected-installed-control-serving-wheel-v1/site-packages/sfora/model_artifacts/oml_vits16_sop_power_whitening_128.sfora: OK
/home/riomus/runs/sfora-connected-installed-control-serving-wheel-v1/site-packages/sfora/model_profiles.py: OK
/home/riomus/runs/sfora-connected-installed-control-serving-wheel-v1/site-packages/sfora/model_soup.py: OK
/home/riomus/runs/sfora-connected-installed-control-serving-wheel-v1/site-packages/sfora/nested_neighborhood_rank.py: OK
/home/riomus/runs/sfora-connected-installed-control-serving-wheel-v1/site-packages/sfora/nested_rank_evaluation.py: OK
/home/riomus/runs/sfora-connected-installed-control-serving-wheel-v1/site-packages/sfora/nested_rank_protocol.py: OK
/home/riomus/runs/sfora-connected-installed-control-serving-wheel-v1/site-packages/sfora/oapf.py: OK
/home/riomus/runs/sfora-connected-installed-control-serving-wheel-v1/site-packages/sfora/packed_int4.py: OK
/home/riomus/runs/sfora-connected-installed-control-serving-wheel-v1/site-packages/sfora/packed_int8.py: OK
/home/riomus/runs/sfora-connected-installed-control-serving-wheel-v1/site-packages/sfora/packed_int8_search.py: OK
/home/riomus/runs/sfora-connected-installed-control-serving-wheel-v1/site-packages/sfora/pq_candidate_reranking.py: OK
/home/riomus/runs/sfora-connected-installed-control-serving-wheel-v1/site-packages/sfora/pq_candidate_scoring.py: OK
/home/riomus/runs/sfora-connected-installed-control-serving-wheel-v1/site-packages/sfora/pq_lookup_distillation.py: OK
/home/riomus/runs/sfora-connected-installed-control-serving-wheel-v1/site-packages/sfora/product_pair_schedule.py: OK
/home/riomus/runs/sfora-connected-installed-control-serving-wheel-v1/site-packages/sfora/product_quantization.py: OK
/home/riomus/runs/sfora-connected-installed-control-serving-wheel-v1/site-packages/sfora/progressive_residual_quantization.py: OK
/home/riomus/runs/sfora-connected-installed-control-serving-wheel-v1/site-packages/sfora/progressive_residual_scoring.py: OK
/home/riomus/runs/sfora-connected-installed-control-serving-wheel-v1/site-packages/sfora/publication.py: OK
/home/riomus/runs/sfora-connected-installed-control-serving-wheel-v1/site-packages/sfora/py.typed: OK
/home/riomus/runs/sfora-connected-installed-control-serving-wheel-v1/site-packages/sfora/rate_matched_product_quantization.py: OK
/home/riomus/runs/sfora-connected-installed-control-serving-wheel-v1/site-packages/sfora/reciprocal_reranking.py: OK
/home/riomus/runs/sfora-connected-installed-control-serving-wheel-v1/site-packages/sfora/remote.py: OK
/home/riomus/runs/sfora-connected-installed-control-serving-wheel-v1/site-packages/sfora/report.py: OK
/home/riomus/runs/sfora-connected-installed-control-serving-wheel-v1/site-packages/sfora/representation_ceiling.py: OK
/home/riomus/runs/sfora-connected-installed-control-serving-wheel-v1/site-packages/sfora/residual_quantization.py: OK
/home/riomus/runs/sfora-connected-installed-control-serving-wheel-v1/site-packages/sfora/siglip2_compact_serving.py: OK
/home/riomus/runs/sfora-connected-installed-control-serving-wheel-v1/site-packages/sfora/sop_compact_training.py: OK
/home/riomus/runs/sfora-connected-installed-control-serving-wheel-v1/site-packages/sfora/sop_evaluation.py: OK
/home/riomus/runs/sfora-connected-installed-control-serving-wheel-v1/site-packages/sfora/sop_reference_recipe.py: OK
/home/riomus/runs/sfora-connected-installed-control-serving-wheel-v1/site-packages/sfora/sop_reference_selection.py: OK
/home/riomus/runs/sfora-connected-installed-control-serving-wheel-v1/site-packages/sfora/teacher_anchored_distillation.py: OK
/home/riomus/runs/sfora-connected-installed-control-serving-wheel-v1/site-packages/sfora/teacher_anchored_schedule_io.py: OK
/home/riomus/runs/sfora-connected-installed-control-serving-wheel-v1/site-packages/sfora/text_baselines.py: OK
/home/riomus/runs/sfora-connected-installed-control-serving-wheel-v1/site-packages/sfora/token_slot_readout.py: OK
/home/riomus/runs/sfora-connected-installed-control-serving-wheel-v1/site-packages/sfora/training.py: OK
/home/riomus/runs/sfora-connected-installed-control-serving-wheel-v1/site-packages/sfora/unicom_audit_io.py: OK
/home/riomus/runs/sfora-connected-installed-control-serving-wheel-v1/site-packages/sfora/unicom_cap.py: OK
/home/riomus/runs/sfora-connected-installed-control-serving-wheel-v1/site-packages/sfora/unicom_fepf.py: OK
/home/riomus/runs/sfora-connected-installed-control-serving-wheel-v1/site-packages/sfora/unicom_finish_evidence.py: OK
/home/riomus/runs/sfora-connected-installed-control-serving-wheel-v1/site-packages/sfora/unicom_finish_protocol.py: OK
/home/riomus/runs/sfora-connected-installed-control-serving-wheel-v1/site-packages/sfora/unicom_inshop.py: OK
/home/riomus/runs/sfora-connected-installed-control-serving-wheel-v1/site-packages/sfora/unicom_probe.py: OK
/home/riomus/runs/sfora-connected-installed-control-serving-wheel-v1/site-packages/sfora/unicom_proxy_muon.py: OK
/home/riomus/runs/sfora-connected-installed-control-serving-wheel-v1/site-packages/sfora/unicom_rank_finish.py: OK
/home/riomus/runs/sfora-connected-installed-control-serving-wheel-v1/site-packages/sfora/unicom_resolution_adapter.py: OK
/home/riomus/runs/sfora-connected-installed-control-serving-wheel-v1/site-packages/sfora/unicom_retrieval_audit.py: OK
/home/riomus/runs/sfora-connected-installed-control-serving-wheel-v1/site-packages/sfora/unicom_runtime_authority.py: OK
/home/riomus/runs/sfora-connected-installed-control-serving-wheel-v1/site-packages/sfora/unicom_shard_audit.py: OK
/home/riomus/runs/sfora-connected-installed-control-serving-wheel-v1/site-packages/sfora/unicom_tail_adapter.py: OK
/home/riomus/runs/sfora-connected-installed-control-serving-wheel-v1/site-packages/sfora/unicom_training.py: OK
/home/riomus/runs/sfora-connected-installed-control-serving-wheel-v1/site-packages/sfora/vector_store.py: OK
/home/riomus/runs/sfora-native256-initialized-cpu-final-footer-v1.py: OK
/home/riomus/runs/sfora-native256-stop-cgroup-footer-v1.py: OK
/home/riomus/toolchains/cuda-13.4-wheel-env/lib/python3.12/site-packages/nvidia/cu13/bin/tileiras: OK
FINAL_CGROUP {"command_exit_status": 1, "invocation_id": "3b6c15018a904e9cb5f11272bd54fd2d", "path": "/sys/fs/cgroup/user.slice/user-1000.slice/user@1000.service/app.slice/sfora-connected-installed-control-serving-diagnostic-v1.service", "values": {"memory.current": "761856000", "memory.events": "low 0\nhigh 0\nmax 0\noom 0\noom_kill 0\noom_group_kill 0", "memory.max": "8589934592", "memory.peak": "6375174144", "memory.stat": "anon 5943296\nfile 750559232\nkernel 2940928\nkernel_stack 32768\npagetables 208896\nsec_pagetables 0\npercpu 1408\nsock 0\nvmalloc 0\nshmem 0\nzswap 0\nzswapped 0\nfile_mapped 0\nfile_dirty 0\nfile_writeback 0\nswapcached 0\nanon_thp 0\nfile_thp 0\nshmem_thp 0\ninactive_anon 0\nactive_anon 5771264\ninactive_file 173060096\nactive_file 577499136\nunevictable 0\nslab_reclaimable 2629704\nslab_unreclaimable 77304\nslab 2707008\nworkingset_refault_anon 0\nworkingset_refault_file 64\nworkingset_activate_anon 0\nworkingset_activate_file 0\nworkingset_restore_anon 0\nworkingset_restore_file 0\nworkingset_nodereclaim 0\npgdemote_kswapd 0\npgdemote_direct 0\npgdemote_khugepaged 0\npgdemote_proactive 0\npgpromote_success 0\npgscan 0\npgsteal 0\npswpin 0\npswpout 0\npgscan_kswapd 0\npgscan_direct 0\npgscan_khugepaged 0\npgscan_proactive 0\npgsteal_kswapd 0\npgsteal_direct 0\npgsteal_khugepaged 0\npgsteal_proactive 0\npgfault 1136699\npgmajfault 12256\npgrefill 0\npgactivate 0\npgdeactivate 0\npglazyfree 0\npglazyfreed 0\nswpin_zero 0\nswpout_zero 0\nzswpin 0\nzswpout 0\nzswpwb 0\nthp_fault_alloc 1008\nthp_collapse_alloc 3\nthp_swpout 0\nthp_swpout_fallback 0\nnuma_pages_migrated 0\nnuma_pte_updates 0\nnuma_hint_faults 0", "memory.swap.current": "0", "memory.swap.max": "0", "memory.swap.peak": "0"}}
Command exited with non-zero status 1
	Command being timed: "/bin/bash /home/riomus/runs/sfora-connected-installed-control-serving-source-v1/command.sh"
	User time (seconds): 467.14
	System time (seconds): 100.84
	Percent of CPU this job got: 82%
	Elapsed (wall clock) time (h:mm:ss or m:ss): 11:29.32
	Average shared text size (kbytes): 0
	Average unshared data size (kbytes): 0
	Average stack size (kbytes): 0
	Average total size (kbytes): 0
	Maximum resident set size (kbytes): 4278784
	Average resident set size (kbytes): 0
	Major (requiring I/O) page faults: 12257
	Minor (reclaiming a frame) page faults: 1006199
	Voluntary context switches: 9316565
	Involuntary context switches: 4307
	Swaps: 0
	File system inputs: 1083144944
	File system outputs: 2160
	Socket messages sent: 0
	Socket messages received: 0
	Signals delivered: 0
	Page size (bytes): 4096
	Exit status: 1
STOP_CGROUP {"exit_code": "exited", "exit_status": "1", "invocation_id": "3b6c15018a904e9cb5f11272bd54fd2d", "path": "/sys/fs/cgroup/user.slice/user-1000.slice/user@1000.service/app.slice/sfora-connected-installed-control-serving-diagnostic-v1.service", "service_result": "exit-code", "values": {"memory.current": "761245696", "memory.events": "low 0\nhigh 0\nmax 0\noom 0\noom_kill 0\noom_group_kill 0", "memory.max": "8589934592", "memory.peak": "6375174144", "memory.stat": "anon 5439488\nfile 750559232\nkernel 2764800\nkernel_stack 0\npagetables 102400\nsec_pagetables 0\npercpu 1056\nsock 0\nvmalloc 0\nshmem 0\nzswap 0\nzswapped 0\nfile_mapped 0\nfile_dirty 0\nfile_writeback 0\nswapcached 0\nanon_thp 0\nfile_thp 0\nshmem_thp 0\ninactive_anon 0\nactive_anon 5320704\ninactive_file 173060096\nactive_file 577499136\nunevictable 0\nslab_reclaimable 2625832\nslab_unreclaimable 46296\nslab 2672128\nworkingset_refault_anon 0\nworkingset_refault_file 64\nworkingset_activate_anon 0\nworkingset_activate_file 0\nworkingset_restore_anon 0\nworkingset_restore_file 0\nworkingset_nodereclaim 0\npgdemote_kswapd 0\npgdemote_direct 0\npgdemote_khugepaged 0\npgdemote_proactive 0\npgpromote_success 0\npgscan 0\npgsteal 0\npswpin 0\npswpout 0\npgscan_kswapd 0\npgscan_direct 0\npgscan_khugepaged 0\npgscan_proactive 0\npgsteal_kswapd 0\npgsteal_direct 0\npgsteal_khugepaged 0\npgsteal_proactive 0\npgfault 1138196\npgmajfault 12256\npgrefill 0\npgactivate 0\npgdeactivate 0\npglazyfree 0\npglazyfreed 0\nswpin_zero 0\nswpout_zero 0\nzswpin 0\nzswpout 0\nzswpwb 0\nthp_fault_alloc 1008\nthp_collapse_alloc 3\nthp_swpout 0\nthp_swpout_fallback 0\nnuma_pages_migrated 0\nnuma_pte_updates 0\nnuma_hint_faults 0", "memory.swap.current": "0", "memory.swap.max": "0", "memory.swap.peak": "0"}}
Finished with result: exit-code
Main processes terminated with: code=exited/status=1
Service runtime: 11min 29.348s
CPU time consumed: 9min 27.998s
Memory peak: 5.9G
Memory swap peak: 0B
