/home/riomus/runs/sfora-so400-nearest-ranking-current-bytes-native-source-v3/command.sh: OK
Running as unit: sfora-so400-nearest-ranking-current-bytes-native-v3.service; invocation ID: 58ab48fd29154e44b6cee46a4f152353
/home/riomus/runs/sfora-so400-nearest-ranking-current-bytes-native-source-v3/execution.json: OK
/home/riomus/runs/sfora-so400-nearest-ranking-current-bytes-native-source-v3/authority.json: OK
/home/riomus/runs/sfora-so400-nearest-ranking-current-bytes-native-source-v3/compare_nearest_ranking_current_bytes.py: OK
/home/riomus/runs/sfora-so400-nearest-ranking-current-bytes-native-source-v3/test_compare_nearest_ranking_current_bytes.py: OK
/home/riomus/runs/sfora-so400-nearest-ranking-cpu-v5/receipt.json: OK
/home/riomus/runs/sfora-so400-nearest-ranking-train-source-v5/cpu-v5.log: OK
/home/riomus/runs/sfora-so400-nearest-ranking-train-source-v5/native-authority.json: OK
/home/riomus/runs/sfora-cudnn-wheel-provenance-v1/proof.json: OK
/home/riomus/runs/sfora-cudnn-wheel-provenance-source-v1/decision.json: OK
/home/riomus/runs/sfora-cudnn-wheel-provenance-source-v1/original.log: OK
/home/riomus/.local/share/uv/python/cpython-3.13.9-linux-aarch64-gnu/bin/python3.13: OK
/home/riomus/runs/sfora-native256-initialized-cpu-final-footer-v1.py: OK
/home/riomus/runs/sfora-native256-stop-cgroup-footer-v1.py: OK
/home/riomus/runs/sfora-so400-nearest-ranking-train-source-v5/authority-cpu-v5.json: OK
/home/riomus/runs/sfora-so400-nearest-ranking-train-source-v5/execution.json: OK
/home/riomus/runs/sfora-so400-nearest-ranking-train-source-v5/nearest_ranking_readout.py: OK
/home/riomus/runs/sfora-so400-nearest-ranking-train-source-v5/test_siglip2_nearest_ranking.py: OK
/home/riomus/runs/sfora-so400-nearest-ranking-train-source-v5/train_siglip2_nearest_ranking.py: OK
/home/riomus/runs/sfora-so400-signed-concat-fit-concat-v1/receipt.json: OK
/home/riomus/runs/sfora-so400-signed-concat-fit-concat-v1/resume.pt: OK
/home/riomus/runs/sfora-so400-signed-concat-fit-source-v2/authority-fit-concat-v1.json: OK
/home/riomus/runs/sfora-so400-signed-concat-fit-source-v2/execution.json: OK
/home/riomus/runs/sfora-so400-signed-concat-fit-source-v2/fit-concat-v1.log: OK
/home/riomus/runs/sfora-so400-signed-concat-fit-source-v2/fit_siglip2_prototype_residual.py: OK
/home/riomus/runs/sfora-so400-signed-concat-fit-source-v2/prototype_residual_readout.py: OK
/home/riomus/runs/sfora-so400-signed-concat-fit-source-v2/test_siglip2_prototype_residual.py: OK
{"event": "NEAREST_PHASE", "phase": "accepted_payload_admission", "boundary": "begin", "seconds": 83.42256376193836}
{"event": "NEAREST_PHASE", "phase": "target_construction", "boundary": "begin", "seconds": 83.81156315561384}
{"event": "NEAREST_PHASE", "phase": "target_construction", "boundary": "end", "delta_seconds": 0.1408185614272952, "seconds": 83.95238638902083}
{"event": "NEAREST_PHASE", "phase": "accepted_payload_admission", "boundary": "end", "delta_seconds": 0.8101596077904105, "seconds": 84.23272917792201}
{"event": "NEAREST_PHASE", "phase": "target_construction", "boundary": "begin", "seconds": 84.23279255395755}
{"event": "NEAREST_PHASE", "phase": "target_construction", "boundary": "end", "delta_seconds": 4.650875967927277, "seconds": 88.88367122597992}
{"event": "NEAREST_PHASE", "phase": "source_construction", "boundary": "begin", "seconds": 99.49349921569228}
{"boundary": "begin", "cgroup": {"path": "/sys/fs/cgroup/user.slice/user-1000.slice/user@1000.service/app.slice/sfora-so400-nearest-ranking-current-bytes-native-v3.service", "values": {"memory.current": "1320378368", "memory.events": "low 0\nhigh 0\nmax 0\noom 0\noom_kill 0\noom_group_kill 0", "memory.max": "8589934592", "memory.peak": "1320443904", "memory.stat": "anon 677154816\nfile 540446720\nkernel 97583104\nkernel_stack 311296\npagetables 3506176\nsec_pagetables 0\npercpu 1760\nsock 0\nvmalloc 0\nshmem 0\nzswap 0\nzswapped 0\nfile_mapped 326074368\nfile_dirty 4096\nfile_writeback 0\nswapcached 0\nanon_thp 115343360\nfile_thp 0\nshmem_thp 0\ninactive_anon 0\nactive_anon 680493056\ninactive_file 166649856\nactive_file 373796864\nunevictable 0\nslab_reclaimable 93178840\nslab_unreclaimable 551704\nslab 93730544\nworkingset_refault_anon 0\nworkingset_refault_file 0\nworkingset_activate_anon 0\nworkingset_activate_file 0\nworkingset_restore_anon 0\nworkingset_restore_file 0\nworkingset_nodereclaim 0\npgdemote_kswapd 0\npgdemote_direct 0\npgdemote_khugepaged 0\npgdemote_proactive 0\npgpromote_success 0\npgscan 0\npgsteal 0\npswpin 0\npswpout 0\npgscan_kswapd 0\npgscan_direct 0\npgscan_khugepaged 0\npgscan_proactive 0\npgsteal_kswapd 0\npgsteal_direct 0\npgsteal_khugepaged 0\npgsteal_proactive 0\npgfault 290245\npgmajfault 3436\npgrefill 0\npgactivate 0\npgdeactivate 0\npglazyfree 0\npglazyfreed 0\nswpin_zero 0\nswpout_zero 0\nzswpin 0\nzswpout 0\nzswpwb 0\nthp_fault_alloc 65\nthp_collapse_alloc 0\nthp_swpout 0\nthp_swpout_fallback 0\nnuma_pages_migrated 0\nnuma_pte_updates 0\nnuma_hint_faults 0", "memory.swap.current": "0", "memory.swap.max": "0", "memory.swap.peak": "0"}}, "event": "NEAREST_RESTORE_MEMORY", "invocation_id": "58ab48fd29154e44b6cee46a4f152353", "phase": "source_construction", "seconds": 99.493765886873}
{"boundary": "begin", "cgroup": {"path": "/sys/fs/cgroup/user.slice/user-1000.slice/user@1000.service/app.slice/sfora-so400-nearest-ranking-current-bytes-native-v3.service", "values": {"memory.current": "5148573696", "memory.events": "low 0\nhigh 0\nmax 0\noom 0\noom_kill 0\noom_group_kill 0", "memory.max": "8589934592", "memory.peak": "5153181696", "memory.stat": "anon 2596622336\nfile 2432679936\nkernel 110055424\nkernel_stack 311296\npagetables 7602176\nsec_pagetables 0\npercpu 1760\nsock 0\nvmalloc 0\nshmem 0\nzswap 0\nzswapped 0\nfile_mapped 381337600\nfile_dirty 4096\nfile_writeback 0\nswapcached 0\nanon_thp 1920991232\nfile_thp 0\nshmem_thp 0\ninactive_anon 0\nactive_anon 2603372544\ninactive_file 249581568\nactive_file 2182672384\nunevictable 0\nslab_reclaimable 101156424\nslab_unreclaimable 953784\nslab 102110208\nworkingset_refault_anon 0\nworkingset_refault_file 0\nworkingset_activate_anon 0\nworkingset_activate_file 0\nworkingset_restore_anon 0\nworkingset_restore_file 0\nworkingset_nodereclaim 0\npgdemote_kswapd 0\npgdemote_direct 0\npgdemote_khugepaged 0\npgdemote_proactive 0\npgpromote_success 0\npgscan 0\npgsteal 0\npswpin 0\npswpout 0\npgscan_kswapd 0\npgscan_direct 0\npgscan_khugepaged 0\npgscan_proactive 0\npgsteal_kswapd 0\npgsteal_direct 0\npgsteal_khugepaged 0\npgsteal_proactive 0\npgfault 352729\npgmajfault 6956\npgrefill 0\npgactivate 0\npgdeactivate 0\npglazyfree 0\npglazyfreed 0\nswpin_zero 0\nswpout_zero 0\nzswpin 0\nzswpout 0\nzswpwb 0\nthp_fault_alloc 933\nthp_collapse_alloc 0\nthp_swpout 0\nthp_swpout_fallback 0\nnuma_pages_migrated 0\nnuma_pte_updates 0\nnuma_hint_faults 0", "memory.swap.current": "0", "memory.swap.max": "0", "memory.swap.peak": "0"}}, "event": "NEAREST_RESTORE_MEMORY", "invocation_id": "58ab48fd29154e44b6cee46a4f152353", "phase": "vision_transfer", "seconds": 110.40619576303288}
{"boundary": "end", "cgroup": {"path": "/sys/fs/cgroup/user.slice/user-1000.slice/user@1000.service/app.slice/sfora-so400-nearest-ranking-current-bytes-native-v3.service", "values": {"memory.current": "5152710656", "memory.events": "low 0\nhigh 0\nmax 0\noom 0\noom_kill 0\noom_group_kill 0", "memory.max": "8589934592", "memory.peak": "5229182976", "memory.stat": "anon 2522468352\nfile 2488209408\nkernel 116883456\nkernel_stack 327680\npagetables 7684096\nsec_pagetables 0\npercpu 1760\nsock 0\nvmalloc 0\nshmem 44236800\nzswap 0\nzswapped 0\nfile_mapped 438964224\nfile_dirty 4096\nfile_writeback 0\nswapcached 0\nanon_thp 1818230784\nfile_thp 0\nshmem_thp 0\ninactive_anon 0\nactive_anon 2589339648\ninactive_file 249581568\nactive_file 2193965056\nunevictable 0\nslab_reclaimable 101302552\nslab_unreclaimable 998752\nslab 102301304\nworkingset_refault_anon 0\nworkingset_refault_file 0\nworkingset_activate_anon 0\nworkingset_activate_file 0\nworkingset_restore_anon 0\nworkingset_restore_file 0\nworkingset_nodereclaim 0\npgdemote_kswapd 0\npgdemote_direct 0\npgdemote_khugepaged 0\npgdemote_proactive 0\npgpromote_success 0\npgscan 0\npgsteal 0\npswpin 0\npswpout 0\npgscan_kswapd 0\npgscan_direct 0\npgscan_khugepaged 0\npgscan_proactive 0\npgsteal_kswapd 0\npgsteal_direct 0\npgsteal_khugepaged 0\npgsteal_proactive 0\npgfault 369101\npgmajfault 7050\npgrefill 0\npgactivate 0\npgdeactivate 0\npglazyfree 0\npglazyfreed 0\nswpin_zero 0\nswpout_zero 0\nzswpin 0\nzswpout 0\nzswpwb 0\nthp_fault_alloc 933\nthp_collapse_alloc 0\nthp_swpout 0\nthp_swpout_fallback 0\nnuma_pages_migrated 0\nnuma_pte_updates 0\nnuma_hint_faults 0", "memory.swap.current": "0", "memory.swap.max": "0", "memory.swap.peak": "0"}}, "event": "NEAREST_RESTORE_MEMORY", "invocation_id": "58ab48fd29154e44b6cee46a4f152353", "phase": "vision_transfer", "seconds": 110.75372509472072}
{"boundary": "end", "cgroup": {"path": "/sys/fs/cgroup/user.slice/user-1000.slice/user@1000.service/app.slice/sfora-so400-nearest-ranking-current-bytes-native-v3.service", "values": {"memory.current": "5131108352", "memory.events": "low 0\nhigh 0\nmax 0\noom 0\noom_kill 0\noom_group_kill 0", "memory.max": "8589934592", "memory.peak": "5229182976", "memory.stat": "anon 2500890624\nfile 2488209408\nkernel 116854784\nkernel_stack 327680\npagetables 7651328\nsec_pagetables 0\npercpu 1760\nsock 0\nvmalloc 0\nshmem 44236800\nzswap 0\nzswapped 0\nfile_mapped 438964224\nfile_dirty 4096\nfile_writeback 0\nswapcached 0\nanon_thp 1795162112\nfile_thp 0\nshmem_thp 0\ninactive_anon 0\nactive_anon 2567815168\ninactive_file 249581568\nactive_file 2193965056\nunevictable 0\nslab_reclaimable 101302552\nslab_unreclaimable 999136\nslab 102301688\nworkingset_refault_anon 0\nworkingset_refault_file 0\nworkingset_activate_anon 0\nworkingset_activate_file 0\nworkingset_restore_anon 0\nworkingset_restore_file 0\nworkingset_nodereclaim 0\npgdemote_kswapd 0\npgdemote_direct 0\npgdemote_khugepaged 0\npgdemote_proactive 0\npgpromote_success 0\npgscan 0\npgsteal 0\npswpin 0\npswpout 0\npgscan_kswapd 0\npgscan_direct 0\npgscan_khugepaged 0\npgscan_proactive 0\npgsteal_kswapd 0\npgsteal_direct 0\npgsteal_khugepaged 0\npgsteal_proactive 0\npgfault 369507\npgmajfault 7050\npgrefill 0\npgactivate 0\npgdeactivate 0\npglazyfree 0\npglazyfreed 0\nswpin_zero 0\nswpout_zero 0\nzswpin 0\nzswpout 0\nzswpwb 0\nthp_fault_alloc 933\nthp_collapse_alloc 0\nthp_swpout 0\nthp_swpout_fallback 0\nnuma_pages_migrated 0\nnuma_pte_updates 0\nnuma_hint_faults 0", "memory.swap.current": "0", "memory.swap.max": "0", "memory.swap.peak": "0"}}, "event": "NEAREST_RESTORE_MEMORY", "invocation_id": "58ab48fd29154e44b6cee46a4f152353", "phase": "source_construction", "seconds": 110.76773204701021}
{"event": "NEAREST_PHASE", "phase": "source_construction", "boundary": "end", "delta_seconds": 11.274270127061754, "seconds": 110.76777023868635}
{"event": "NEAREST_PHASE", "phase": "calibration", "boundary": "begin", "seconds": 116.52585171768442}
{"event": "NEAREST_PHASE", "phase": "calibration", "boundary": "end", "delta_seconds": 1.2567568882368505, "seconds": 117.78261129371822}
{"event": "NEAREST_PHASE", "phase": "source_exit_rehash", "boundary": "begin", "seconds": 178.30121424980462}
{"event": "PROTOTYPE_PHASE", "phase": "old_exit_begin", "seconds": 179.83695436501876}
{"event": "QUADRATIC_PHASE", "phase": "exit_rehash", "delta_seconds": 19.498163911048323, "cumulative_seconds": 19.498163911048323}
{"event": "PROTOTYPE_PHASE", "phase": "old_exit_end", "seconds": 199.33637380832806}
{"event": "PROTOTYPE_PHASE", "phase": "own_union_begin", "seconds": 199.33639272022992}
{"event": "PROTOTYPE_PHASE", "phase": "own_union_end", "seconds": 213.2243929891847}
{"event": "PROTOTYPE_PHASE", "phase": "closure_begin", "seconds": 213.22442620527}
{"event": "PROTOTYPE_PHASE", "phase": "closure_end", "seconds": 213.22639983100817}
{"event": "NEAREST_PHASE", "phase": "source_exit_rehash", "boundary": "end", "delta_seconds": 34.89391344413161, "seconds": 213.19512937404215}
{"event": "NEAREST_PHASE", "phase": "own_exit_rehash", "boundary": "begin", "seconds": 213.19514254201204}
{"event": "NEAREST_PHASE", "phase": "own_exit_rehash", "boundary": "end", "delta_seconds": 16.250575063750148, "seconds": 229.44571893382818}
{"schema": "nearest-ranking-current-bytes-native-receipt-v1", "pass": true, "output": "/home/riomus/runs/sfora-so400-nearest-ranking-current-bytes-native-v3", "qualification_eligible": false, "state_reuse_eligible": false, "quality_read": false}
/home/riomus/runs/sfora-so400-nearest-ranking-current-bytes-native-source-v3/execution.json: OK
/home/riomus/runs/sfora-so400-nearest-ranking-current-bytes-native-source-v3/authority.json: OK
/home/riomus/runs/sfora-so400-nearest-ranking-current-bytes-native-source-v3/compare_nearest_ranking_current_bytes.py: OK
/home/riomus/runs/sfora-so400-nearest-ranking-current-bytes-native-source-v3/test_compare_nearest_ranking_current_bytes.py: OK
/home/riomus/runs/sfora-so400-nearest-ranking-cpu-v5/receipt.json: OK
/home/riomus/runs/sfora-so400-nearest-ranking-train-source-v5/cpu-v5.log: OK
/home/riomus/runs/sfora-so400-nearest-ranking-train-source-v5/native-authority.json: OK
/home/riomus/runs/sfora-cudnn-wheel-provenance-v1/proof.json: OK
/home/riomus/runs/sfora-cudnn-wheel-provenance-source-v1/decision.json: OK
/home/riomus/runs/sfora-cudnn-wheel-provenance-source-v1/original.log: OK
/home/riomus/.local/share/uv/python/cpython-3.13.9-linux-aarch64-gnu/bin/python3.13: OK
/home/riomus/runs/sfora-native256-initialized-cpu-final-footer-v1.py: OK
/home/riomus/runs/sfora-native256-stop-cgroup-footer-v1.py: OK
/home/riomus/runs/sfora-so400-nearest-ranking-train-source-v5/authority-cpu-v5.json: OK
/home/riomus/runs/sfora-so400-nearest-ranking-train-source-v5/execution.json: OK
/home/riomus/runs/sfora-so400-nearest-ranking-train-source-v5/nearest_ranking_readout.py: OK
/home/riomus/runs/sfora-so400-nearest-ranking-train-source-v5/test_siglip2_nearest_ranking.py: OK
/home/riomus/runs/sfora-so400-nearest-ranking-train-source-v5/train_siglip2_nearest_ranking.py: OK
/home/riomus/runs/sfora-so400-signed-concat-fit-concat-v1/receipt.json: OK
/home/riomus/runs/sfora-so400-signed-concat-fit-concat-v1/resume.pt: OK
/home/riomus/runs/sfora-so400-signed-concat-fit-source-v2/authority-fit-concat-v1.json: OK
/home/riomus/runs/sfora-so400-signed-concat-fit-source-v2/execution.json: OK
/home/riomus/runs/sfora-so400-signed-concat-fit-source-v2/fit-concat-v1.log: OK
/home/riomus/runs/sfora-so400-signed-concat-fit-source-v2/fit_siglip2_prototype_residual.py: OK
/home/riomus/runs/sfora-so400-signed-concat-fit-source-v2/prototype_residual_readout.py: OK
/home/riomus/runs/sfora-so400-signed-concat-fit-source-v2/test_siglip2_prototype_residual.py: OK
FINAL_CGROUP {"command_exit_status": 0, "invocation_id": "58ab48fd29154e44b6cee46a4f152353", "path": "/sys/fs/cgroup/user.slice/user-1000.slice/user@1000.service/app.slice/sfora-so400-nearest-ranking-current-bytes-native-v3.service", "values": {"memory.current": "1235886080", "memory.events": "low 0\nhigh 0\nmax 0\noom 0\noom_kill 0\noom_group_kill 0", "memory.max": "8589934592", "memory.peak": "5318275072", "memory.stat": "anon 5996544\nfile 1128816640\nkernel 99860480\nkernel_stack 65536\npagetables 458752\nsec_pagetables 0\npercpu 2112\nsock 0\nvmalloc 0\nshmem 0\nzswap 0\nzswapped 0\nfile_mapped 0\nfile_dirty 8192\nfile_writeback 0\nswapcached 0\nanon_thp 0\nfile_thp 4194304\nshmem_thp 0\ninactive_anon 0\nactive_anon 5816320\ninactive_file 547471360\nactive_file 581341184\nunevictable 0\nslab_reclaimable 99190816\nslab_unreclaimable 119696\nslab 99310512\nworkingset_refault_anon 0\nworkingset_refault_file 0\nworkingset_activate_anon 0\nworkingset_activate_file 0\nworkingset_restore_anon 0\nworkingset_restore_file 0\nworkingset_nodereclaim 0\npgdemote_kswapd 0\npgdemote_direct 0\npgdemote_khugepaged 0\npgdemote_proactive 0\npgpromote_success 0\npgscan 0\npgsteal 0\npswpin 0\npswpout 0\npgscan_kswapd 0\npgscan_direct 0\npgscan_khugepaged 0\npgscan_proactive 0\npgsteal_kswapd 0\npgsteal_direct 0\npgsteal_khugepaged 0\npgsteal_proactive 0\npgfault 1155748\npgmajfault 9491\npgrefill 0\npgactivate 0\npgdeactivate 0\npglazyfree 0\npglazyfreed 0\nswpin_zero 0\nswpout_zero 0\nzswpin 0\nzswpout 0\nzswpwb 0\nthp_fault_alloc 1049\nthp_collapse_alloc 29\nthp_swpout 0\nthp_swpout_fallback 0\nnuma_pages_migrated 0\nnuma_pte_updates 0\nnuma_hint_faults 0", "memory.swap.current": "0", "memory.swap.max": "0", "memory.swap.peak": "0"}}
	Command being timed: "/bin/bash -c set -e; sudo -n /bin/sync; sudo -n /bin/sh -c "echo 3 > /proc/sys/vm/drop_caches"; exec /bin/bash /home/riomus/runs/sfora-so400-nearest-ranking-current-bytes-native-source-v3/command.sh"
	User time (seconds): 102.87
	System time (seconds): 17.31
	Percent of CPU this job got: 48%
	Elapsed (wall clock) time (h:mm:ss or m:ss): 4:06.71
	Average shared text size (kbytes): 0
	Average unshared data size (kbytes): 0
	Average stack size (kbytes): 0
	Average total size (kbytes): 0
	Maximum resident set size (kbytes): 4582708
	Average resident set size (kbytes): 0
	Major (requiring I/O) page faults: 9492
	Minor (reclaiming a frame) page faults: 835611
	Voluntary context switches: 620711
	Involuntary context switches: 976
	Swaps: 0
	File system inputs: 223415392
	File system outputs: 11480
	Socket messages sent: 0
	Socket messages received: 0
	Signals delivered: 0
	Page size (bytes): 4096
	Exit status: 0
STOP_CGROUP {"exit_code": "exited", "exit_status": "0", "invocation_id": "58ab48fd29154e44b6cee46a4f152353", "path": "/sys/fs/cgroup/user.slice/user-1000.slice/user@1000.service/app.slice/sfora-so400-nearest-ranking-current-bytes-native-v3.service", "service_result": "success", "values": {"memory.current": "1235304448", "memory.events": "low 0\nhigh 0\nmax 0\noom 0\noom_kill 0\noom_group_kill 0", "memory.max": "8589934592", "memory.peak": "5318275072", "memory.stat": "anon 5410816\nfile 1128816640\nkernel 99360768\nkernel_stack 0\npagetables 106496\nsec_pagetables 0\npercpu 1408\nsock 0\nvmalloc 0\nshmem 0\nzswap 0\nzswapped 0\nfile_mapped 0\nfile_dirty 8192\nfile_writeback 0\nswapcached 0\nanon_thp 0\nfile_thp 4194304\nshmem_thp 0\ninactive_anon 0\nactive_anon 5386240\ninactive_file 547471360\nactive_file 581341184\nunevictable 0\nslab_reclaimable 99190256\nslab_unreclaimable 45040\nslab 99235296\nworkingset_refault_anon 0\nworkingset_refault_file 0\nworkingset_activate_anon 0\nworkingset_activate_file 0\nworkingset_restore_anon 0\nworkingset_restore_file 0\nworkingset_nodereclaim 0\npgdemote_kswapd 0\npgdemote_direct 0\npgdemote_khugepaged 0\npgdemote_proactive 0\npgpromote_success 0\npgscan 0\npgsteal 0\npswpin 0\npswpout 0\npgscan_kswapd 0\npgscan_direct 0\npgscan_khugepaged 0\npgscan_proactive 0\npgsteal_kswapd 0\npgsteal_direct 0\npgsteal_khugepaged 0\npgsteal_proactive 0\npgfault 1157258\npgmajfault 9491\npgrefill 0\npgactivate 0\npgdeactivate 0\npglazyfree 0\npglazyfreed 0\nswpin_zero 0\nswpout_zero 0\nzswpin 0\nzswpout 0\nzswpwb 0\nthp_fault_alloc 1049\nthp_collapse_alloc 29\nthp_swpout 0\nthp_swpout_fallback 0\nnuma_pages_migrated 0\nnuma_pte_updates 0\nnuma_hint_faults 0", "memory.swap.current": "0", "memory.swap.max": "0", "memory.swap.peak": "0"}}
Finished with result: success
Main processes terminated with: code=exited/status=0
Service runtime: 4min 6.749s
CPU time consumed: 2min 207ms
Memory peak: 4.9G
Memory swap peak: 0B
