/home/riomus/runs/sfora-connected-control-serving-source-v2/command.sh: OK
Running as unit: sfora-connected-control-serving-diagnostic-v1.service; invocation ID: f01ae16a6f714d759fab5e11b8883a63
/home/riomus/runs/sfora-connected-control-serving-package-v1/src/sfora/connected_compact_serving.py: OK
/home/riomus/runs/sfora-connected-control-serving-source-v2/qualify_connected_control_serving.py: OK
/home/riomus/runs/sfora-connected-control-serving-source-v2/connected_control_native_authority.py: OK
/home/riomus/runs/sfora-connected-control-serving-source-v2/test_connected_control_serving.py: OK
/home/riomus/runs/sfora-connected-control-serving-package-v1/src/sfora/cutile_int8.py: OK
/home/riomus/runs/sfora-connected-control-serving-source-v2/observe_connected_serving.py: OK
/home/riomus/runs/sfora-connected-control-serving-source-v2/test_observe_connected_serving.py: OK
/home/riomus/runs/sfora-connected-control-serving-package-v1/src/sfora/joint_relational_compaction.py: OK
/home/riomus/runs/sfora-connected-control-serving-source-v2/qualify_connected_serving_requests.py: OK
/home/riomus/runs/sfora-connected-control-serving-source-v2/test_connected_serving_requests.py: OK
/home/riomus/runs/sfora-connected-control-serving-source-v2/authority.json: OK
/home/riomus/runs/sfora-connected-control-serving-source-v2/observation.json: OK
/home/riomus/runs/sfora-connected-control-serving-package-v1/src/sfora/__init__.py: OK
/home/riomus/runs/sfora-connected-control-serving-package-v1/src/sfora/_native/factorized_residual_ann.c: OK
/home/riomus/runs/sfora-connected-control-serving-package-v1/src/sfora/ablation.py: OK
/home/riomus/runs/sfora-connected-control-serving-package-v1/src/sfora/additive_quantization.py: OK
/home/riomus/runs/sfora-connected-control-serving-package-v1/src/sfora/amortized_local_scale.py: OK
/home/riomus/runs/sfora-connected-control-serving-package-v1/src/sfora/api.py: OK
/home/riomus/runs/sfora-connected-control-serving-package-v1/src/sfora/arcg.py: OK
/home/riomus/runs/sfora-connected-control-serving-package-v1/src/sfora/asymmetric_cohort_residual.py: OK
/home/riomus/runs/sfora-connected-control-serving-package-v1/src/sfora/atomic_publication.py: OK
/home/riomus/runs/sfora-connected-control-serving-package-v1/src/sfora/benchmark.py: OK
/home/riomus/runs/sfora-connected-control-serving-package-v1/src/sfora/bn_inception.py: OK
/home/riomus/runs/sfora-connected-control-serving-package-v1/src/sfora/cadr.py: OK
/home/riomus/runs/sfora-connected-control-serving-package-v1/src/sfora/calibrated_tail_moment.py: OK
/home/riomus/runs/sfora-connected-control-serving-package-v1/src/sfora/calibrated_tail_moment_io.py: OK
/home/riomus/runs/sfora-connected-control-serving-package-v1/src/sfora/catalog.py: OK
/home/riomus/runs/sfora-connected-control-serving-package-v1/src/sfora/cea.py: OK
/home/riomus/runs/sfora-connected-control-serving-package-v1/src/sfora/cem.py: OK
/home/riomus/runs/sfora-connected-control-serving-package-v1/src/sfora/cli.py: OK
/home/riomus/runs/sfora-connected-control-serving-package-v1/src/sfora/compact_metric.py: OK
/home/riomus/runs/sfora-connected-control-serving-package-v1/src/sfora/compose.py: OK
/home/riomus/runs/sfora-connected-control-serving-package-v1/src/sfora/cuda_authority.py: OK
/home/riomus/runs/sfora-connected-control-serving-package-v1/src/sfora/dada_reproduction.py: OK
/home/riomus/runs/sfora-connected-control-serving-package-v1/src/sfora/data.py: OK
/home/riomus/runs/sfora-connected-control-serving-package-v1/src/sfora/deployed_code_rank.py: OK
/home/riomus/runs/sfora-connected-control-serving-package-v1/src/sfora/deterministic_similarity_runtime.py: OK
/home/riomus/runs/sfora-connected-control-serving-package-v1/src/sfora/encoder_ablation.py: OK
/home/riomus/runs/sfora-connected-control-serving-package-v1/src/sfora/encoder_training.py: OK
/home/riomus/runs/sfora-connected-control-serving-package-v1/src/sfora/evaluation.py: OK
/home/riomus/runs/sfora-connected-control-serving-package-v1/src/sfora/experiments.py: OK
/home/riomus/runs/sfora-connected-control-serving-package-v1/src/sfora/factorized_residual_ann.py: OK
/home/riomus/runs/sfora-connected-control-serving-package-v1/src/sfora/factorized_residual_index.py: OK
/home/riomus/runs/sfora-connected-control-serving-package-v1/src/sfora/factorized_residual_native.py: OK
/home/riomus/runs/sfora-connected-control-serving-package-v1/src/sfora/foldable_linear.py: OK
/home/riomus/runs/sfora-connected-control-serving-package-v1/src/sfora/foundation_adapter.py: OK
/home/riomus/runs/sfora-connected-control-serving-package-v1/src/sfora/foundation_finetune.py: OK
/home/riomus/runs/sfora-connected-control-serving-package-v1/src/sfora/foundation_oml.py: OK
/home/riomus/runs/sfora-connected-control-serving-package-v1/src/sfora/foundation_pareto.py: OK
/home/riomus/runs/sfora-connected-control-serving-package-v1/src/sfora/frozen_text_supervision.py: OK
/home/riomus/runs/sfora-connected-control-serving-package-v1/src/sfora/gallery_hubness.py: OK
/home/riomus/runs/sfora-connected-control-serving-package-v1/src/sfora/gallery_risk.py: OK
/home/riomus/runs/sfora-connected-control-serving-package-v1/src/sfora/idgp.py: OK
/home/riomus/runs/sfora-connected-control-serving-package-v1/src/sfora/image_benchmark.py: OK
/home/riomus/runs/sfora-connected-control-serving-package-v1/src/sfora/image_end_to_end.py: OK
/home/riomus/runs/sfora-connected-control-serving-package-v1/src/sfora/image_recipes.py: OK
/home/riomus/runs/sfora-connected-control-serving-package-v1/src/sfora/inference_head.py: OK
/home/riomus/runs/sfora-connected-control-serving-package-v1/src/sfora/ipsr.py: OK
/home/riomus/runs/sfora-connected-control-serving-package-v1/src/sfora/joint_pq_projection.py: OK
/home/riomus/runs/sfora-connected-control-serving-package-v1/src/sfora/live_head_bank.py: OK
/home/riomus/runs/sfora-connected-control-serving-package-v1/src/sfora/lops_pg.py: OK
/home/riomus/runs/sfora-connected-control-serving-package-v1/src/sfora/lorentz_rider.py: OK
/home/riomus/runs/sfora-connected-control-serving-package-v1/src/sfora/lorentz_rider_io.py: OK
/home/riomus/runs/sfora-connected-control-serving-package-v1/src/sfora/losses.py: OK
/home/riomus/runs/sfora-connected-control-serving-package-v1/src/sfora/mcps_study.py: OK
/home/riomus/runs/sfora-connected-control-serving-package-v1/src/sfora/method.py: OK
/home/riomus/runs/sfora-connected-control-serving-package-v1/src/sfora/model_artifacts/oml_vits16_sop_power_whitening_128.sfora: OK
/home/riomus/runs/sfora-connected-control-serving-package-v1/src/sfora/model_profiles.py: OK
/home/riomus/runs/sfora-connected-control-serving-package-v1/src/sfora/model_soup.py: OK
/home/riomus/runs/sfora-connected-control-serving-package-v1/src/sfora/nested_neighborhood_rank.py: OK
/home/riomus/runs/sfora-connected-control-serving-package-v1/src/sfora/nested_rank_evaluation.py: OK
/home/riomus/runs/sfora-connected-control-serving-package-v1/src/sfora/nested_rank_protocol.py: OK
/home/riomus/runs/sfora-connected-control-serving-package-v1/src/sfora/oapf.py: OK
/home/riomus/runs/sfora-connected-control-serving-package-v1/src/sfora/packed_int4.py: OK
/home/riomus/runs/sfora-connected-control-serving-package-v1/src/sfora/packed_int8_search.py: OK
/home/riomus/runs/sfora-connected-control-serving-package-v1/src/sfora/pq_candidate_reranking.py: OK
/home/riomus/runs/sfora-connected-control-serving-package-v1/src/sfora/pq_candidate_scoring.py: OK
/home/riomus/runs/sfora-connected-control-serving-package-v1/src/sfora/pq_lookup_distillation.py: OK
/home/riomus/runs/sfora-connected-control-serving-package-v1/src/sfora/product_pair_schedule.py: OK
/home/riomus/runs/sfora-connected-control-serving-package-v1/src/sfora/product_quantization.py: OK
/home/riomus/runs/sfora-connected-control-serving-package-v1/src/sfora/progressive_residual_quantization.py: OK
/home/riomus/runs/sfora-connected-control-serving-package-v1/src/sfora/progressive_residual_scoring.py: OK
/home/riomus/runs/sfora-connected-control-serving-package-v1/src/sfora/publication.py: OK
/home/riomus/runs/sfora-connected-control-serving-package-v1/src/sfora/py.typed: OK
/home/riomus/runs/sfora-connected-control-serving-package-v1/src/sfora/rate_matched_product_quantization.py: OK
/home/riomus/runs/sfora-connected-control-serving-package-v1/src/sfora/reciprocal_reranking.py: OK
/home/riomus/runs/sfora-connected-control-serving-package-v1/src/sfora/remote.py: OK
/home/riomus/runs/sfora-connected-control-serving-package-v1/src/sfora/report.py: OK
/home/riomus/runs/sfora-connected-control-serving-package-v1/src/sfora/representation_ceiling.py: OK
/home/riomus/runs/sfora-connected-control-serving-package-v1/src/sfora/residual_quantization.py: OK
/home/riomus/runs/sfora-connected-control-serving-package-v1/src/sfora/siglip2_compact_serving.py: OK
/home/riomus/runs/sfora-connected-control-serving-package-v1/src/sfora/sop_compact_training.py: OK
/home/riomus/runs/sfora-connected-control-serving-package-v1/src/sfora/sop_evaluation.py: OK
/home/riomus/runs/sfora-connected-control-serving-package-v1/src/sfora/sop_reference_recipe.py: OK
/home/riomus/runs/sfora-connected-control-serving-package-v1/src/sfora/sop_reference_selection.py: OK
/home/riomus/runs/sfora-connected-control-serving-package-v1/src/sfora/teacher_anchored_distillation.py: OK
/home/riomus/runs/sfora-connected-control-serving-package-v1/src/sfora/teacher_anchored_schedule_io.py: OK
/home/riomus/runs/sfora-connected-control-serving-package-v1/src/sfora/text_baselines.py: OK
/home/riomus/runs/sfora-connected-control-serving-package-v1/src/sfora/token_slot_readout.py: OK
/home/riomus/runs/sfora-connected-control-serving-package-v1/src/sfora/training.py: OK
/home/riomus/runs/sfora-connected-control-serving-package-v1/src/sfora/unicom_audit_io.py: OK
/home/riomus/runs/sfora-connected-control-serving-package-v1/src/sfora/unicom_cap.py: OK
/home/riomus/runs/sfora-connected-control-serving-package-v1/src/sfora/unicom_fepf.py: OK
/home/riomus/runs/sfora-connected-control-serving-package-v1/src/sfora/unicom_finish_evidence.py: OK
/home/riomus/runs/sfora-connected-control-serving-package-v1/src/sfora/unicom_finish_protocol.py: OK
/home/riomus/runs/sfora-connected-control-serving-package-v1/src/sfora/unicom_inshop.py: OK
/home/riomus/runs/sfora-connected-control-serving-package-v1/src/sfora/unicom_probe.py: OK
/home/riomus/runs/sfora-connected-control-serving-package-v1/src/sfora/unicom_proxy_muon.py: OK
/home/riomus/runs/sfora-connected-control-serving-package-v1/src/sfora/unicom_rank_finish.py: OK
/home/riomus/runs/sfora-connected-control-serving-package-v1/src/sfora/unicom_resolution_adapter.py: OK
/home/riomus/runs/sfora-connected-control-serving-package-v1/src/sfora/unicom_retrieval_audit.py: OK
/home/riomus/runs/sfora-connected-control-serving-package-v1/src/sfora/unicom_runtime_authority.py: OK
/home/riomus/runs/sfora-connected-control-serving-package-v1/src/sfora/unicom_shard_audit.py: OK
/home/riomus/runs/sfora-connected-control-serving-package-v1/src/sfora/unicom_tail_adapter.py: OK
/home/riomus/runs/sfora-connected-control-serving-package-v1/src/sfora/unicom_training.py: OK
/home/riomus/runs/sfora-connected-control-serving-package-v1/src/sfora/vector_store.py: OK
/home/riomus/runs/sfora-connected-control-serving-package-v1/source-manifest.json: OK
/home/riomus/runs/sfora-connected-control-serving-native-authority-v3/native-authority.json: OK
/home/riomus/.local/share/uv/python/cpython-3.13.9-linux-aarch64-gnu/bin/python3.13: OK
/home/riomus/runs/sfora-native256-initialized-cpu-final-footer-v1.py: OK
/home/riomus/runs/sfora-native256-stop-cgroup-footer-v1.py: OK
/home/riomus/toolchains/cuda-13.4-wheel-env/lib/python3.12/site-packages/nvidia/cu13/bin/tileiras: OK
tileiras: NVIDIA (R) Cuda Tile IR optimizing assembler
Copyright (c) 2005-2026 NVIDIA Corporation
Built on Tue_Sep__1_09:45:49_PDT_2026
Cuda compilation tools, release 13.4, V13.4.92
Build local.local.38855100_
{"event": "COMPACT_PHASE", "phase": "shared_source_preparation", "boundary": "begin", "seconds": 386.5530588159745}
{"event": "COMPACT_PHASE", "phase": "shared_source_preparation", "boundary": "end", "delta_seconds": 23.41195564100053, "seconds": 409.9650170329842}
{"event": "COMPACT_PHASE", "phase": "cache_target_preparation", "boundary": "begin", "seconds": 409.96505167198484}
{"event": "COMPACT_PHASE", "phase": "cache_target_preparation", "boundary": "end", "delta_seconds": 2.3263534319994505, "seconds": 412.29140859199106}
{"event": "INITIAL_NATIVE_ORIGIN_DIAGNOSTICS_V1", "expected": {"/home/riomus/group-learning/.venv/lib/python3.13/site-packages/nvidia/cudnn/lib/libcudnn_engines_precompiled.so.9": "3b765736f63d724a0de67b7ce915b0d0a780154fe4a2d515ab14040224aa7db4", "/home/riomus/group-learning/.venv/lib/python3.13/site-packages/nvidia/cudnn/lib/libcudnn_engines_runtime_compiled.so.9": "7b8f371a7718c29549317efdbdeb8d7c301874f9471762a04830846ac4e83510", "/home/riomus/group-learning/.venv/lib/python3.13/site-packages/nvidia/cudnn/lib/libcudnn_graph.so.9": "b601fddd333d84ced4a3d833e75bb412c204e39b21755d79cb890335dce660b8", "/home/riomus/group-learning/.venv/lib/python3.13/site-packages/nvidia/cudnn/lib/libcudnn_heuristic.so.9": "368687b9b5c2c01b55c21f74bd930cb05d3654b4e901e998b7bfb33cebac6ae8"}, "observed_difference": {}, "missing": ["/home/riomus/group-learning/.venv/lib/python3.13/site-packages/nvidia/cudnn/lib/libcudnn_engines_precompiled.so.9", "/home/riomus/group-learning/.venv/lib/python3.13/site-packages/nvidia/cudnn/lib/libcudnn_engines_runtime_compiled.so.9", "/home/riomus/group-learning/.venv/lib/python3.13/site-packages/nvidia/cudnn/lib/libcudnn_graph.so.9", "/home/riomus/group-learning/.venv/lib/python3.13/site-packages/nvidia/cudnn/lib/libcudnn_heuristic.so.9"], "extra": [], "missing_native": ["/home/riomus/group-learning/.venv/lib/python3.13/site-packages/nvidia/cudnn/lib/libcudnn_engines_precompiled.so.9", "/home/riomus/group-learning/.venv/lib/python3.13/site-packages/nvidia/cudnn/lib/libcudnn_engines_runtime_compiled.so.9", "/home/riomus/group-learning/.venv/lib/python3.13/site-packages/nvidia/cudnn/lib/libcudnn_graph.so.9", "/home/riomus/group-learning/.venv/lib/python3.13/site-packages/nvidia/cudnn/lib/libcudnn_heuristic.so.9"]}
{"origins": [{"actual_sha256": "06cce242043cd160ad3a7652537f3e3afcce0f58587d2f8e6ae6a157e3289299", "expected_sha256": null, "path": "/home/riomus/group-learning/.venv/lib/python3.13/site-packages/sklearn/svm/_libsvm.cpython-313-aarch64-linux-gnu.so"}, {"actual_sha256": "ee567ce2679afdfb68875fdc649b107e31c9edb76b8c6d9299e132efd7da8e75", "expected_sha256": null, "path": "/home/riomus/group-learning/.venv/lib/python3.13/site-packages/sklearn/_loss/_loss.cpython-313-aarch64-linux-gnu.so"}, {"actual_sha256": "55645bef2a7ec65cdb6868c5a45fba4b6a45d07259b60647acaf77dd8a3a3889", "expected_sha256": null, "path": "/home/riomus/group-learning/.venv/lib/python3.13/site-packages/sklearn/utils/_random.cpython-313-aarch64-linux-gnu.so"}, {"actual_sha256": "567ac4107913cd03f498aec3dcde92b55d904c01bd4c613d213e185ed0970c04", "expected_sha256": null, "path": "/home/riomus/group-learning/.venv/lib/python3.13/site-packages/sklearn/utils/_seq_dataset.cpython-313-aarch64-linux-gnu.so"}, {"actual_sha256": "0bb2ae025213398d124ad8eadff8ce2ab1aa4cbc03dd1dc11002c10046e1d9cf", "expected_sha256": null, "path": "/home/riomus/group-learning/.venv/lib/python3.13/site-packages/sklearn/svm/_liblinear.cpython-313-aarch64-linux-gnu.so"}, {"actual_sha256": "62e51d3f9ec96e153386de68f5de0b4c05bc13c132c6f2f7053ebd55e117a262", "expected_sha256": null, "path": "/home/riomus/group-learning/.venv/lib/python3.13/site-packages/sklearn/svm/_libsvm_sparse.cpython-313-aarch64-linux-gnu.so"}, {"actual_sha256": "943555f4463b6c8b3d8c4b117330cf6840e8be5ac41e15e826e65083226641e3", "expected_sha256": null, "path": "/home/riomus/group-learning/.venv/lib/python3.13/site-packages/sklearn/linear_model/_sag_fast.cpython-313-aarch64-linux-gnu.so"}, {"actual_sha256": "36bcc8f5b56360d0162a77dbcb7ab39567cb5f35fc0d11fe70d87c524c182b3d", "expected_sha256": null, "path": "/home/riomus/group-learning/.venv/lib/python3.13/site-packages/sklearn/utils/arrayfuncs.cpython-313-aarch64-linux-gnu.so"}, {"actual_sha256": "fd471937b539c445cbcee5846ba2d7e1c1410fda7b5df0ddf20133a48783efc5", "expected_sha256": null, "path": "/home/riomus/group-learning/.venv/lib/python3.13/site-packages/pydantic_core/_pydantic_core.cpython-313-aarch64-linux-gnu.so"}, {"actual_sha256": "4da75f646a3db3ee4d55f1723b7a58532e49d3d76c8e7b069a6cc771a88564e5", "expected_sha256": null, "path": "/home/riomus/group-learning/.venv/lib/python3.13/site-packages/sklearn/linear_model/_sgd_fast.cpython-313-aarch64-linux-gnu.so"}, {"actual_sha256": "f9e19c3c4805ee72b3a9a04bbce65a8645b7501147584322b5c3663de22b1745", "expected_sha256": null, "path": "/usr/lib/aarch64-linux-gnu/libnvidia-gpucomp.so.580.159.03"}, {"actual_sha256": "872e3e241cab6afba924715fce8c5f60a2891a4d247c7f05cd52e0baa591f67d", "expected_sha256": null, "path": "/home/riomus/group-learning/.venv/lib/python3.13/site-packages/sklearn/linear_model/_cd_fast.cpython-313-aarch64-linux-gnu.so"}, {"actual_sha256": "4f216e5c706dc22dec9b59f1b700d62b2f0bf51522db6de0960ff194328bdc4e", "expected_sha256": null, "path": "/home/riomus/group-learning/.venv/lib/python3.13/site-packages/sklearn/utils/_weight_vector.cpython-313-aarch64-linux-gnu.so"}, {"actual_sha256": "5cb3e6c6bc3fdb4aab8d47fe1903c03effe02e539bee041814a7efebfe20fe0a", "expected_sha256": null, "path": "/home/riomus/group-learning/.venv/lib/python3.13/site-packages/sklearn/feature_extraction/_hashing_fast.cpython-313-aarch64-linux-gnu.so"}], "schema": "connected-control-native-origin-rejection-v1", "total_count": 14}
{"origins": [{"actual_sha256": "06cce242043cd160ad3a7652537f3e3afcce0f58587d2f8e6ae6a157e3289299", "expected_sha256": null, "path": "/home/riomus/group-learning/.venv/lib/python3.13/site-packages/sklearn/svm/_libsvm.cpython-313-aarch64-linux-gnu.so"}, {"actual_sha256": "ee567ce2679afdfb68875fdc649b107e31c9edb76b8c6d9299e132efd7da8e75", "expected_sha256": null, "path": "/home/riomus/group-learning/.venv/lib/python3.13/site-packages/sklearn/_loss/_loss.cpython-313-aarch64-linux-gnu.so"}, {"actual_sha256": "55645bef2a7ec65cdb6868c5a45fba4b6a45d07259b60647acaf77dd8a3a3889", "expected_sha256": null, "path": "/home/riomus/group-learning/.venv/lib/python3.13/site-packages/sklearn/utils/_random.cpython-313-aarch64-linux-gnu.so"}, {"actual_sha256": "567ac4107913cd03f498aec3dcde92b55d904c01bd4c613d213e185ed0970c04", "expected_sha256": null, "path": "/home/riomus/group-learning/.venv/lib/python3.13/site-packages/sklearn/utils/_seq_dataset.cpython-313-aarch64-linux-gnu.so"}, {"actual_sha256": "0bb2ae025213398d124ad8eadff8ce2ab1aa4cbc03dd1dc11002c10046e1d9cf", "expected_sha256": null, "path": "/home/riomus/group-learning/.venv/lib/python3.13/site-packages/sklearn/svm/_liblinear.cpython-313-aarch64-linux-gnu.so"}, {"actual_sha256": "62e51d3f9ec96e153386de68f5de0b4c05bc13c132c6f2f7053ebd55e117a262", "expected_sha256": null, "path": "/home/riomus/group-learning/.venv/lib/python3.13/site-packages/sklearn/svm/_libsvm_sparse.cpython-313-aarch64-linux-gnu.so"}, {"actual_sha256": "943555f4463b6c8b3d8c4b117330cf6840e8be5ac41e15e826e65083226641e3", "expected_sha256": null, "path": "/home/riomus/group-learning/.venv/lib/python3.13/site-packages/sklearn/linear_model/_sag_fast.cpython-313-aarch64-linux-gnu.so"}, {"actual_sha256": "36bcc8f5b56360d0162a77dbcb7ab39567cb5f35fc0d11fe70d87c524c182b3d", "expected_sha256": null, "path": "/home/riomus/group-learning/.venv/lib/python3.13/site-packages/sklearn/utils/arrayfuncs.cpython-313-aarch64-linux-gnu.so"}, {"actual_sha256": "fd471937b539c445cbcee5846ba2d7e1c1410fda7b5df0ddf20133a48783efc5", "expected_sha256": null, "path": "/home/riomus/group-learning/.venv/lib/python3.13/site-packages/pydantic_core/_pydantic_core.cpython-313-aarch64-linux-gnu.so"}, {"actual_sha256": "4da75f646a3db3ee4d55f1723b7a58532e49d3d76c8e7b069a6cc771a88564e5", "expected_sha256": null, "path": "/home/riomus/group-learning/.venv/lib/python3.13/site-packages/sklearn/linear_model/_sgd_fast.cpython-313-aarch64-linux-gnu.so"}, {"actual_sha256": "f9e19c3c4805ee72b3a9a04bbce65a8645b7501147584322b5c3663de22b1745", "expected_sha256": null, "path": "/usr/lib/aarch64-linux-gnu/libnvidia-gpucomp.so.580.159.03"}, {"actual_sha256": "872e3e241cab6afba924715fce8c5f60a2891a4d247c7f05cd52e0baa591f67d", "expected_sha256": null, "path": "/home/riomus/group-learning/.venv/lib/python3.13/site-packages/sklearn/linear_model/_cd_fast.cpython-313-aarch64-linux-gnu.so"}, {"actual_sha256": "4f216e5c706dc22dec9b59f1b700d62b2f0bf51522db6de0960ff194328bdc4e", "expected_sha256": null, "path": "/home/riomus/group-learning/.venv/lib/python3.13/site-packages/sklearn/utils/_weight_vector.cpython-313-aarch64-linux-gnu.so"}, {"actual_sha256": "5cb3e6c6bc3fdb4aab8d47fe1903c03effe02e539bee041814a7efebfe20fe0a", "expected_sha256": null, "path": "/home/riomus/group-learning/.venv/lib/python3.13/site-packages/sklearn/feature_extraction/_hashing_fast.cpython-313-aarch64-linux-gnu.so"}], "schema": "connected-control-native-origin-rejection-v1", "total_count": 14}
  | ExceptionGroup: other request driver failures (1 sub-exception)
  +-+---------------- 1 ----------------
    | Traceback (most recent call last):
    |   File "/home/riomus/runs/sfora-connected-control-serving-source-v2/qualify_connected_control_serving.py", line 466, in run
    |     else: api.evaluator_exit(context,exit_guard)
    |           ~~~~~~~~~~~~~~~~~~^^^^^^^^^^^^^^^^^^^^
    |   File "/home/riomus/runs/sfora-connected-control-serving-source-v2/connected_control_native_authority.py", line 362, in evaluator_exit
    |     return evaluator(value,guard)
    |   File "/home/riomus/runs/sfora-connected-mlp-evaluation-source-v9/evaluate_siglip2_connected_mlp.py", line 1778, in exit_rehash
    |     api.audit_origins(t['legacy'],require_exact=context['args'].phase == 'export')
    |     ~~~~~~~~~~~~~~~~~^^^^^^^^^^^^^^^^^^^^^^^^^^^^^^^^^^^^^^^^^^^^^^^^^^^^^^^^^^^^^
    |   File "/home/riomus/runs/sfora-so400-nearest-ranking-train-source-v5/train_siglip2_nearest_ranking.py", line 506, in audit_origins
    |     private_audit(value, initial=initial, admission=admission)
    |     ~~~~~~~~~~~~~^^^^^^^^^^^^^^^^^^^^^^^^^^^^^^^^^^^^^^^^^^^^^
    |   File "/home/riomus/runs/sfora-so400-quadratic-readout-source-v7/train_siglip2_quadratic_readout.py", line 354, in audit_origins
    |     origins = source.imported_origins(context['extract'], context['selected']['packages'])
    |   File "/home/riomus/runs/sfora-connected-control-serving-source-v2/connected_control_native_authority.py", line 260, in collect
    |     require(all(union.get(p) == h for p,h in origins['files'].items()), 'unknown or changed combined native origin')
    |     ~~~~~~~^^^^^^^^^^^^^^^^^^^^^^^^^^^^^^^^^^^^^^^^^^^^^^^^^^^^^^^^^^^^^^^^^^^^^^^^^^^^^^^^^^^^^^^^^^^^^^^^^^^^^^^^^
    |   File "/home/riomus/runs/sfora-connected-control-serving-source-v2/connected_control_native_authority.py", line 39, in require
    |     raise ValueError(message)
    | ValueError: unknown or changed combined native origin
    +------------------------------------

The above exception was the direct cause of the following exception:

Traceback (most recent call last):
  File "/home/riomus/runs/sfora-connected-control-serving-source-v2/qualify_connected_control_serving.py", line 504, in <module>
    main()
    ~~~~^^
  File "/home/riomus/runs/sfora-connected-control-serving-source-v2/qualify_connected_control_serving.py", line 500, in main
    return run(parser.parse_args(argv))
  File "/home/riomus/runs/sfora-connected-control-serving-source-v2/qualify_connected_control_serving.py", line 491, in run
    if failures: requests.raise_failures(failures)
                 ~~~~~~~~~~~~~~~~~~~~~~~^^^^^^^^^^
  File "/home/riomus/runs/sfora-connected-control-serving-source-v2/qualify_connected_serving_requests.py", line 185, in raise_failures
    raise primary from BaseExceptionGroup('other request driver failures', others)
  File "/home/riomus/runs/sfora-connected-control-serving-source-v2/qualify_connected_control_serving.py", line 421, in run
    api.audit_origins(context['training_context']['legacy'])
    ~~~~~~~~~~~~~~~~~^^^^^^^^^^^^^^^^^^^^^^^^^^^^^^^^^^^^^^^
  File "/home/riomus/runs/sfora-so400-nearest-ranking-train-source-v5/train_siglip2_nearest_ranking.py", line 506, in audit_origins
    private_audit(value, initial=initial, admission=admission)
    ~~~~~~~~~~~~~^^^^^^^^^^^^^^^^^^^^^^^^^^^^^^^^^^^^^^^^^^^^^
  File "/home/riomus/runs/sfora-so400-quadratic-readout-source-v7/train_siglip2_quadratic_readout.py", line 354, in audit_origins
    origins = source.imported_origins(context['extract'], context['selected']['packages'])
  File "/home/riomus/runs/sfora-connected-control-serving-source-v2/connected_control_native_authority.py", line 260, in collect
    require(all(union.get(p) == h for p,h in origins['files'].items()), 'unknown or changed combined native origin')
    ~~~~~~~^^^^^^^^^^^^^^^^^^^^^^^^^^^^^^^^^^^^^^^^^^^^^^^^^^^^^^^^^^^^^^^^^^^^^^^^^^^^^^^^^^^^^^^^^^^^^^^^^^^^^^^^^
  File "/home/riomus/runs/sfora-connected-control-serving-source-v2/connected_control_native_authority.py", line 39, in require
    raise ValueError(message)
ValueError: unknown or changed combined native origin
request driver also failed: ValueError('unknown or changed combined native origin')
FINAL_CGROUP {"command_exit_status": 1, "invocation_id": "f01ae16a6f714d759fab5e11b8883a63", "path": "/sys/fs/cgroup/user.slice/user-1000.slice/user@1000.service/app.slice/sfora-connected-control-serving-diagnostic-v1.service", "values": {"memory.current": "727040000", "memory.events": "low 0\nhigh 0\nmax 0\noom 0\noom_kill 0\noom_group_kill 0", "memory.max": "8589934592", "memory.peak": "1850249216", "memory.stat": "anon 5910528\nfile 716431360\nkernel 2711552\nkernel_stack 32768\npagetables 200704\nsec_pagetables 0\npercpu 1408\nsock 0\nvmalloc 0\nshmem 0\nzswap 0\nzswapped 0\nfile_mapped 0\nfile_dirty 262144\nfile_writeback 0\nswapcached 0\nanon_thp 0\nfile_thp 0\nshmem_thp 0\ninactive_anon 0\nactive_anon 5787648\ninactive_file 15011840\nactive_file 701419520\nunevictable 0\nslab_reclaimable 2372200\nslab_unreclaimable 91304\nslab 2463504\nworkingset_refault_anon 0\nworkingset_refault_file 0\nworkingset_activate_anon 0\nworkingset_activate_file 0\nworkingset_restore_anon 0\nworkingset_restore_file 0\nworkingset_nodereclaim 0\npgdemote_kswapd 0\npgdemote_direct 0\npgdemote_khugepaged 0\npgdemote_proactive 0\npgpromote_success 0\npgscan 0\npgsteal 0\npswpin 0\npswpout 0\npgscan_kswapd 0\npgscan_direct 0\npgscan_khugepaged 0\npgscan_proactive 0\npgsteal_kswapd 0\npgsteal_direct 0\npgsteal_khugepaged 0\npgsteal_proactive 0\npgfault 524832\npgmajfault 6568\npgrefill 0\npgactivate 0\npgdeactivate 0\npglazyfree 0\npglazyfreed 0\nswpin_zero 0\nswpout_zero 0\nzswpin 0\nzswpout 0\nzswpwb 0\nthp_fault_alloc 133\nthp_collapse_alloc 0\nthp_swpout 0\nthp_swpout_fallback 0\nnuma_pages_migrated 0\nnuma_pte_updates 0\nnuma_hint_faults 0", "memory.swap.current": "0", "memory.swap.max": "0", "memory.swap.peak": "0"}}
Command exited with non-zero status 1
	Command being timed: "/bin/bash /home/riomus/runs/sfora-connected-control-serving-source-v2/command.sh"
	User time (seconds): 318.54
	System time (seconds): 75.73
	Percent of CPU this job got: 89%
	Elapsed (wall clock) time (h:mm:ss or m:ss): 7:20.17
	Average shared text size (kbytes): 0
	Average unshared data size (kbytes): 0
	Average stack size (kbytes): 0
	Average total size (kbytes): 0
	Maximum resident set size (kbytes): 1561136
	Average resident set size (kbytes): 0
	Major (requiring I/O) page faults: 6568
	Minor (reclaiming a frame) page faults: 518235
	Voluntary context switches: 8235877
	Involuntary context switches: 2110
	Swaps: 0
	File system inputs: 800612472
	File system outputs: 1368
	Socket messages sent: 0
	Socket messages received: 0
	Signals delivered: 0
	Page size (bytes): 4096
	Exit status: 1
STOP_CGROUP {"exit_code": "exited", "exit_status": "1", "invocation_id": "f01ae16a6f714d759fab5e11b8883a63", "path": "/sys/fs/cgroup/user.slice/user-1000.slice/user@1000.service/app.slice/sfora-connected-control-serving-diagnostic-v1.service", "service_result": "exit-code", "values": {"memory.current": "726605824", "memory.events": "low 0\nhigh 0\nmax 0\noom 0\noom_kill 0\noom_group_kill 0", "memory.max": "8589934592", "memory.peak": "1850249216", "memory.stat": "anon 5439488\nfile 716431360\nkernel 2535424\nkernel_stack 0\npagetables 106496\nsec_pagetables 0\npercpu 1760\nsock 0\nvmalloc 0\nshmem 0\nzswap 0\nzswapped 0\nfile_mapped 0\nfile_dirty 262144\nfile_writeback 0\nswapcached 0\nanon_thp 0\nfile_thp 0\nshmem_thp 0\ninactive_anon 0\nactive_anon 5332992\ninactive_file 15011840\nactive_file 701419520\nunevictable 0\nslab_reclaimable 2371624\nslab_unreclaimable 51264\nslab 2422888\nworkingset_refault_anon 0\nworkingset_refault_file 0\nworkingset_activate_anon 0\nworkingset_activate_file 0\nworkingset_restore_anon 0\nworkingset_restore_file 0\nworkingset_nodereclaim 0\npgdemote_kswapd 0\npgdemote_direct 0\npgdemote_khugepaged 0\npgdemote_proactive 0\npgpromote_success 0\npgscan 0\npgsteal 0\npswpin 0\npswpout 0\npgscan_kswapd 0\npgscan_direct 0\npgscan_khugepaged 0\npgscan_proactive 0\npgsteal_kswapd 0\npgsteal_direct 0\npgsteal_khugepaged 0\npgsteal_proactive 0\npgfault 526331\npgmajfault 6568\npgrefill 0\npgactivate 0\npgdeactivate 0\npglazyfree 0\npglazyfreed 0\nswpin_zero 0\nswpout_zero 0\nzswpin 0\nzswpout 0\nzswpwb 0\nthp_fault_alloc 133\nthp_collapse_alloc 0\nthp_swpout 0\nthp_swpout_fallback 0\nnuma_pages_migrated 0\nnuma_pte_updates 0\nnuma_hint_faults 0", "memory.swap.current": "0", "memory.swap.max": "0", "memory.swap.peak": "0"}}
Finished with result: exit-code
Main processes terminated with: code=exited/status=1
Service runtime: 7min 20.204s
CPU time consumed: 6min 34.297s
Memory peak: 1.7G
Memory swap peak: 0B
