REMOTE_EXACT_FREEZE_PASS
/home/riomus/runs/sfora-connected-gradient-decomposition-source-v2/command.sh: OK
Running as unit: sfora-connected-gradient-decomposition-v2.service; invocation ID: ceaf361615b44310a0942f5c1c4e2183
/home/riomus/runs/sfora-connected-gradient-decomposition-source-v2/qualify_connected_gradient_decomposition.py: OK
/home/riomus/runs/sfora-connected-gradient-decomposition-source-v2/test_connected_gradient_decomposition.py: OK
/home/riomus/runs/sfora-connected-gradient-decomposition-source-v2/execution.json: OK
/home/riomus/runs/sfora-connected-gradient-decomposition-source-v2/authority.json: OK
/home/riomus/.local/share/uv/python/cpython-3.13.9-linux-aarch64-gnu/bin/python3.13: OK
/home/riomus/runs/sfora-connected-gradient-decomposition-source-v2/observe_connected_control_batch_execution.py: OK
/home/riomus/runs/sfora-connected-mlp-train-source-v6/authority-train-control-179061-v1.json: OK
/home/riomus/runs/sfora-connected-mlp-train-source-v6/test_siglip2_connected_mlp.py: OK
/home/riomus/runs/sfora-connected-mlp-train-source-v6/train_siglip2_connected_mlp.py: OK
/home/riomus/runs/sfora-connected-mlp-evaluation-source-v9/evaluate_siglip2_connected_mlp.py: OK
/home/riomus/runs/sfora-connected-mlp-evaluation-source-v9/test_connected_mlp_evaluation.py: OK
/home/riomus/runs/sfora-connected-mlp-train-source-v6/authority-train-candidate-179061-v1.json: OK
/home/riomus/runs/sfora-connected-mlp-train-candidate-179061-v1/candidate-179061-terminal.pt: OK
/home/riomus/runs/sfora-connected-mlp-train-candidate-179061-v1/receipt.json: OK
/home/riomus/runs/sfora-connected-mlp-train-source-v6/train-candidate-179061-v1-original.log: OK
/home/riomus/runs/sfora-connected-mlp-train-source-v6/authority-train-candidate-179069-v1.json: OK
/home/riomus/runs/sfora-connected-mlp-train-candidate-179069-v1/candidate-179069-terminal.pt: OK
/home/riomus/runs/sfora-connected-mlp-train-candidate-179069-v1/receipt.json: OK
/home/riomus/runs/sfora-connected-mlp-train-source-v6/train-candidate-179069-v1-original.log: OK
/home/riomus/runs/sfora-native256-initialized-cpu-final-footer-v1.py: OK
/home/riomus/runs/sfora-native256-stop-cgroup-footer-v1.py: OK
{"cgroup_path": "/sys/fs/cgroup/user.slice/user-1000.slice/user@1000.service/app.slice/sfora-connected-gradient-decomposition-v2.service", "event": "GRADIENT_PHASE_MEMORY_V1", "invocation_id": "ceaf361615b44310a0942f5c1c4e2183", "memory_current": 12210176, "memory_events": {"high": 0, "low": 0, "max": 0, "oom": 0, "oom_group_kill": 0, "oom_kill": 0}, "memory_peak": 12210176, "memory_stat": {"active_file": 65536, "anon": 10903552, "file": 65536, "file_mapped": 0, "inactive_file": 0, "kernel": 598016, "pgscan_direct": 0, "pgsteal_direct": 0, "slab": 122608, "slab_reclaimable": 1752, "workingset_refault_file": 16}, "phase": "prepare:begin", "status": "UNACCEPTED", "timestamp_ns": 1791474031960476556}
{"cgroup_path": "/sys/fs/cgroup/user.slice/user-1000.slice/user@1000.service/app.slice/sfora-connected-gradient-decomposition-v2.service", "event": "GRADIENT_PHASE_MEMORY_V1", "invocation_id": "ceaf361615b44310a0942f5c1c4e2183", "memory_current": 12562432, "memory_events": {"high": 0, "low": 0, "max": 0, "oom": 0, "oom_group_kill": 0, "oom_kill": 0}, "memory_peak": 14487552, "memory_stat": {"active_file": 65536, "anon": 11067392, "file": 69632, "file_mapped": 0, "inactive_file": 0, "kernel": 610304, "pgscan_direct": 0, "pgsteal_direct": 0, "slab": 114848, "slab_reclaimable": 1752, "workingset_refault_file": 17}, "phase": "prepare:end", "status": "UNACCEPTED", "timestamp_ns": 1791474031973547921}
Traceback (most recent call last):
  File "/home/riomus/runs/sfora-connected-gradient-decomposition-source-v2/qualify_connected_gradient_decomposition.py", line 806, in <module>
    run(parser().parse_args())
    ~~~^^^^^^^^^^^^^^^^^^^^^^^
  File "/home/riomus/runs/sfora-connected-gradient-decomposition-source-v2/qualify_connected_gradient_decomposition.py", line 692, in run
    launch,code,connected,evaluator,workspace,context,records,guard = prepare(args,started)
                                                                      ~~~~~~~^^^^^^^^^^^^^^
  File "/home/riomus/runs/sfora-connected-gradient-decomposition-source-v2/qualify_connected_gradient_decomposition.py", line 294, in prepare
    training = closure(launch['training'],set(TRAIN_CODE),guards)
  File "/home/riomus/runs/sfora-connected-gradient-decomposition-source-v2/qualify_connected_gradient_decomposition.py", line 232, in closure
    require(read_json({'path':str(root/'execution.json'),'sha256':fact['execution_sha256']},guards) == fact['code'],
            ~~~~~~~~~^^^^^^^^^^^^^^^^^^^^^^^^^^^^^^^^^^^^^^^^^^^^^^^^^^^^^^^^^^^^^^^^^^^^^^^^^^^^^^
  File "/home/riomus/runs/sfora-connected-gradient-decomposition-source-v2/qualify_connected_gradient_decomposition.py", line 210, in read_json
    return json.loads(file_bytes(fact,guards,keep=True),object_pairs_hook=pairs,
                      ~~~~~~~~~~^^^^^^^^^^^^^^^^^^^^^^^
  File "/home/riomus/runs/sfora-connected-gradient-decomposition-source-v2/qualify_connected_gradient_decomposition.py", line 200, in file_bytes
    require(before == after == path.stat() and digest.hexdigest() == fact['sha256'], 'current FILE bytes differ')
    ~~~~~~~^^^^^^^^^^^^^^^^^^^^^^^^^^^^^^^^^^^^^^^^^^^^^^^^^^^^^^^^^^^^^^^^^^^^^^^^^^^^^^^^^^^^^^^^^^^^^^^^^^^^^^
  File "/home/riomus/runs/sfora-connected-gradient-decomposition-source-v2/qualify_connected_gradient_decomposition.py", line 82, in require
    raise ValueError(message)
ValueError: current FILE bytes differ
/home/riomus/runs/sfora-connected-gradient-decomposition-source-v2/qualify_connected_gradient_decomposition.py: OK
/home/riomus/runs/sfora-connected-gradient-decomposition-source-v2/test_connected_gradient_decomposition.py: OK
/home/riomus/runs/sfora-connected-gradient-decomposition-source-v2/execution.json: OK
/home/riomus/runs/sfora-connected-gradient-decomposition-source-v2/authority.json: OK
/home/riomus/.local/share/uv/python/cpython-3.13.9-linux-aarch64-gnu/bin/python3.13: OK
/home/riomus/runs/sfora-connected-gradient-decomposition-source-v2/observe_connected_control_batch_execution.py: OK
/home/riomus/runs/sfora-connected-mlp-train-source-v6/authority-train-control-179061-v1.json: OK
/home/riomus/runs/sfora-connected-mlp-train-source-v6/test_siglip2_connected_mlp.py: OK
/home/riomus/runs/sfora-connected-mlp-train-source-v6/train_siglip2_connected_mlp.py: OK
/home/riomus/runs/sfora-connected-mlp-evaluation-source-v9/evaluate_siglip2_connected_mlp.py: OK
/home/riomus/runs/sfora-connected-mlp-evaluation-source-v9/test_connected_mlp_evaluation.py: OK
/home/riomus/runs/sfora-connected-mlp-train-source-v6/authority-train-candidate-179061-v1.json: OK
/home/riomus/runs/sfora-connected-mlp-train-candidate-179061-v1/candidate-179061-terminal.pt: OK
/home/riomus/runs/sfora-connected-mlp-train-candidate-179061-v1/receipt.json: OK
/home/riomus/runs/sfora-connected-mlp-train-source-v6/train-candidate-179061-v1-original.log: OK
/home/riomus/runs/sfora-connected-mlp-train-source-v6/authority-train-candidate-179069-v1.json: OK
/home/riomus/runs/sfora-connected-mlp-train-candidate-179069-v1/candidate-179069-terminal.pt: OK
/home/riomus/runs/sfora-connected-mlp-train-candidate-179069-v1/receipt.json: OK
/home/riomus/runs/sfora-connected-mlp-train-source-v6/train-candidate-179069-v1-original.log: OK
/home/riomus/runs/sfora-native256-initialized-cpu-final-footer-v1.py: OK
/home/riomus/runs/sfora-native256-stop-cgroup-footer-v1.py: OK
FINAL_CGROUP {"command_exit_status": 1, "invocation_id": "ceaf361615b44310a0942f5c1c4e2183", "path": "/sys/fs/cgroup/user.slice/user-1000.slice/user@1000.service/app.slice/sfora-connected-gradient-decomposition-v2.service", "values": {"memory.current": "7413760", "memory.events": "low 0\nhigh 0\nmax 0\noom 0\noom_kill 0\noom_group_kill 0", "memory.max": "8589934592", "memory.peak": "14487552", "memory.stat": "anon 6008832\nfile 69632\nkernel 552960\nkernel_stack 65536\npagetables 344064\nsec_pagetables 0\npercpu 2464\nsock 0\nvmalloc 0\nshmem 0\nzswap 0\nzswapped 0\nfile_mapped 0\nfile_dirty 0\nfile_writeback 0\nswapcached 0\nanon_thp 0\nfile_thp 0\nshmem_thp 0\ninactive_anon 0\nactive_anon 5902336\ninactive_file 4096\nactive_file 65536\nunevictable 0\nslab_reclaimable 5968\nslab_unreclaimable 124552\nslab 130520\nworkingset_refault_anon 0\nworkingset_refault_file 17\nworkingset_activate_anon 0\nworkingset_activate_file 16\nworkingset_restore_anon 0\nworkingset_restore_file 0\nworkingset_nodereclaim 0\npgdemote_kswapd 0\npgdemote_direct 0\npgdemote_khugepaged 0\npgdemote_proactive 0\npgpromote_success 0\npgscan 0\npgsteal 0\npswpin 0\npswpout 0\npgscan_kswapd 0\npgscan_direct 0\npgscan_khugepaged 0\npgscan_proactive 0\npgsteal_kswapd 0\npgsteal_direct 0\npgsteal_khugepaged 0\npgsteal_proactive 0\npgfault 5812\npgmajfault 1\npgrefill 0\npgactivate 0\npgdeactivate 0\npglazyfree 0\npglazyfreed 0\nswpin_zero 0\nswpout_zero 0\nzswpin 0\nzswpout 0\nzswpwb 0\nthp_fault_alloc 0\nthp_collapse_alloc 0\nthp_swpout 0\nthp_swpout_fallback 0\nnuma_pages_migrated 0\nnuma_pte_updates 0\nnuma_hint_faults 0", "memory.swap.current": "0", "memory.swap.max": "0", "memory.swap.peak": "0"}}
Command exited with non-zero status 1
	Command being timed: "/bin/bash /home/riomus/runs/sfora-connected-gradient-decomposition-source-v2/command.sh"
	User time (seconds): 0.39
	System time (seconds): 0.06
	Percent of CPU this job got: 97%
	Elapsed (wall clock) time (h:mm:ss or m:ss): 0:00.47
	Average shared text size (kbytes): 0
	Average unshared data size (kbytes): 0
	Average stack size (kbytes): 0
	Average total size (kbytes): 0
	Maximum resident set size (kbytes): 23828
	Average resident set size (kbytes): 0
	Major (requiring I/O) page faults: 1
	Minor (reclaiming a frame) page faults: 5637
	Voluntary context switches: 10
	Involuntary context switches: 12
	Swaps: 0
	File system inputs: 136
	File system outputs: 0
	Socket messages sent: 0
	Socket messages received: 0
	Signals delivered: 0
	Page size (bytes): 4096
	Exit status: 1
STOP_CGROUP {"exit_code": "exited", "exit_status": "1", "invocation_id": "ceaf361615b44310a0942f5c1c4e2183", "path": "/sys/fs/cgroup/user.slice/user-1000.slice/user@1000.service/app.slice/sfora-connected-gradient-decomposition-v2.service", "service_result": "exit-code", "values": {"memory.current": "6471680", "memory.events": "low 0\nhigh 0\nmax 0\noom 0\noom_kill 0\noom_group_kill 0", "memory.max": "8589934592", "memory.peak": "14487552", "memory.stat": "anon 5443584\nfile 69632\nkernel 184320\nkernel_stack 0\npagetables 98304\nsec_pagetables 0\npercpu 1056\nsock 0\nvmalloc 0\nshmem 0\nzswap 0\nzswapped 0\nfile_mapped 0\nfile_dirty 0\nfile_writeback 0\nswapcached 0\nanon_thp 0\nfile_thp 0\nshmem_thp 0\ninactive_anon 0\nactive_anon 5406720\ninactive_file 4096\nactive_file 65536\nunevictable 0\nslab_reclaimable 2320\nslab_unreclaimable 67080\nslab 69400\nworkingset_refault_anon 0\nworkingset_refault_file 17\nworkingset_activate_anon 0\nworkingset_activate_file 16\nworkingset_restore_anon 0\nworkingset_restore_file 0\nworkingset_nodereclaim 0\npgdemote_kswapd 0\npgdemote_direct 0\npgdemote_khugepaged 0\npgdemote_proactive 0\npgpromote_success 0\npgscan 0\npgsteal 0\npswpin 0\npswpout 0\npgscan_kswapd 0\npgscan_direct 0\npgscan_khugepaged 0\npgscan_proactive 0\npgsteal_kswapd 0\npgsteal_direct 0\npgsteal_khugepaged 0\npgsteal_proactive 0\npgfault 7330\npgmajfault 1\npgrefill 0\npgactivate 0\npgdeactivate 0\npglazyfree 0\npglazyfreed 0\nswpin_zero 0\nswpout_zero 0\nzswpin 0\nzswpout 0\nzswpwb 0\nthp_fault_alloc 0\nthp_collapse_alloc 0\nthp_swpout 0\nthp_swpout_fallback 0\nnuma_pages_migrated 0\nnuma_pte_updates 0\nnuma_hint_faults 0", "memory.swap.current": "0", "memory.swap.max": "0", "memory.swap.peak": "0"}}
Finished with result: exit-code
Main processes terminated with: code=exited/status=1
Service runtime: 506ms
CPU time consumed: 483ms
Memory peak: 13.8M
Memory swap peak: 0B
