tests-py312 0
tests-py314 0
ruff-check 0
ruff-format 0
mypy-source 0
	Command being timed: "python3 -B /tmp/sfora-identity-fd-reuse-gate.py"
	User time (seconds): 1.21
	System time (seconds): 0.20
	Percent of CPU this job got: 61%
	Elapsed (wall clock) time (h:mm:ss or m:ss): 0:02.28
	Average shared text size (kbytes): 0
	Average unshared data size (kbytes): 0
	Average stack size (kbytes): 0
	Average total size (kbytes): 0
	Maximum resident set size (kbytes): 94796
	Average resident set size (kbytes): 0
	Major (requiring I/O) page faults: 1
	Minor (reclaiming a frame) page faults: 47219
	Voluntary context switches: 188
	Involuntary context switches: 262
	Swaps: 0
	File system inputs: 1864
	File system outputs: 88
	Socket messages sent: 0
	Socket messages received: 0
	Signals delivered: 0
	Page size (bytes): 4096
	Exit status: 0
