Running as unit: sfora-large-immutable-amp-gpu-v1.service; invocation ID: 200eb20329914937a815eddb30e7b3b5
[transformers] Model config: bos_token_id must be `None` or an integer within the vocabulary (between 0 and 31999), got 49406. This may result in unexpected behavior.
[transformers] Model config: eos_token_id must be `None` or an integer within the vocabulary (between 0 and 31999), got 49407. This may result in unexpected behavior.
Loading weights:   0%|          | 0/792 [00:00<?, ?it/s]Loading weights: 100%|██████████| 792/792 [00:00<00:00, 9483.14it/s]
Traceback (most recent call last):
  File "/home/riomus/runs/sfora-large-immutable-amp-v1/qualify_pe_large_immutable_amp_gpu.py", line 175, in <module>
    main()
    ~~~~^^
  File "/home/riomus/runs/sfora-large-immutable-amp-v1/qualify_pe_large_immutable_amp_gpu.py", line 125, in main
    pair.smoke.save(args.output / "progress.json", {
    ~~~~~~~~~~~~~~~^^^^^^^^^^^^^^^^^^^^^^^^^^^^^^^^^
        "partial_evidence_only": True, "advance": False,
        ^^^^^^^^^^^^^^^^^^^^^^^^^^^^^^^^^^^^^^^^^^^^^^^^
    ...<5 lines>...
        "quality_read": False,
        ^^^^^^^^^^^^^^^^^^^^^^
    })
    ^^
  File "/home/riomus/runs/sfora-large-immutable-amp-v1/probe_inshop_pe_training_smoke.py", line 58, in save
    with path.open("x") as stream:
         ~~~~~~~~~^^^^^
  File "/home/riomus/.local/share/uv/python/cpython-3.13.9-linux-aarch64-gnu/lib/python3.13/pathlib/_local.py", line 537, in open
    return io.open(self, mode, buffering, encoding, errors, newline)
           ~~~~~~~^^^^^^^^^^^^^^^^^^^^^^^^^^^^^^^^^^^^^^^^^^^^^^^^^^
FileExistsError: [Errno 17] File exists: '/home/riomus/runs/sfora-large-immutable-amp-gpu-v1/progress.json'
Finished with result: exit-code
Main processes terminated with: code=exited/status=1
Service runtime: 17.815s
CPU time consumed: 22.909s
Memory peak: 256.0K
Memory swap peak: 0B
