Running as unit: sfora-budget4000-export-v1.service; invocation ID: b553c0f5e5fe4947be89a2e6045bbf5f
Traceback (most recent call last):
  File "/home/riomus/runs/sfora-corrected128-budget4000-qualification-source-v1/qualify_pe_corrected128_budget4000.py", line 248, in <module>
    main()
    ~~~~^^
  File "/home/riomus/runs/sfora-corrected128-budget4000-qualification-source-v1/qualify_pe_corrected128_budget4000.py", line 238, in main
    control, source, prior, proof, protocol, official, code, receipts, _ = authority(root, args.execution_sha256)
                                                                           ~~~~~~~~~^^^^^^^^^^^^^^^^^^^^^^^^^^^^^
  File "/home/riomus/runs/sfora-corrected128-budget4000-qualification-source-v1/qualify_pe_corrected128_budget4000.py", line 58, in authority
    control, source, prior, proof, inherited, parent = continuation.authority(root, SOURCE)
                                                       ~~~~~~~~~~~~~~~~~~~~~~^^^^^^^^^^^^^^
  File "/home/riomus/runs/sfora-corrected128-budget4000-qualification-source-v1/train_pe_corrected128_budget4000.py", line 56, in authority
    control, source, prior, proof, inherited, baseline = previous.startup(root, OLD)
                                                         ~~~~~~~~~~~~~~~~^^^^^^^^^^^
  File "/home/riomus/runs/sfora-corrected128-budget4000-qualification-source-v1/train_pe_full_valid_anchor.py", line 31, in startup
    control, source, prior, proof, old = cpu.authority(root, CPU_CODE, allowed=code)
                                         ~~~~~~~~~~~~~^^^^^^^^^^^^^^^^^^^^^^^^^^^^^^
  File "/home/riomus/runs/sfora-corrected128-budget4000-qualification-source-v1/qualify_pe_full_valid_anchor_cpu.py", line 43, in authority
    control, source, prior, proof, _, terminal, *_ = previous.qualified.authority(root, previous.PREVIOUS_CODE, 'full', FULL_CONTROL_SHA)
                                                     ~~~~~~~~~~~~~~~~~~~~~~~~~~~~^^^^^^^^^^^^^^^^^^^^^^^^^^^^^^^^^^^^^^^^^^^^^^^^^^^^^^^^
  File "/home/riomus/runs/sfora-corrected128-budget4000-qualification-source-v1/qualify_pe_large_optimization_checkpoint.py", line 52, in authority
    log=(root/f'{arm}-{end}.log').read_text()
  File "/home/riomus/.local/share/uv/python/cpython-3.13.9-linux-aarch64-gnu/lib/python3.13/pathlib/_local.py", line 546, in read_text
    return PathBase.read_text(self, encoding, errors, newline)
           ~~~~~~~~~~~~~~~~~~^^^^^^^^^^^^^^^^^^^^^^^^^^^^^^^^^
  File "/home/riomus/.local/share/uv/python/cpython-3.13.9-linux-aarch64-gnu/lib/python3.13/pathlib/_abc.py", line 632, in read_text
    with self.open(mode='r', encoding=encoding, errors=errors, newline=newline) as f:
         ~~~~~~~~~^^^^^^^^^^^^^^^^^^^^^^^^^^^^^^^^^^^^^^^^^^^^^^^^^^^^^^^^^^^^^
  File "/home/riomus/.local/share/uv/python/cpython-3.13.9-linux-aarch64-gnu/lib/python3.13/pathlib/_local.py", line 537, in open
    return io.open(self, mode, buffering, encoding, errors, newline)
           ~~~~~~~^^^^^^^^^^^^^^^^^^^^^^^^^^^^^^^^^^^^^^^^^^^^^^^^^^
FileNotFoundError: [Errno 2] No such file or directory: '/home/riomus/runs/sfora-corrected128-budget4000-qualification-source-v1/full-100.log'
Finished with result: exit-code
Main processes terminated with: code=exited/status=1
Service runtime: 6.460s
CPU time consumed: 8.970s
Memory peak: 256.0K
Memory swap peak: 0B
