test_snapshot_keeps_authenticated_bytes_and_pins_together (__main__.ServingTests.test_snapshot_keeps_authenticated_bytes_and_pins_together) ... ERROR

======================================================================
ERROR: test_snapshot_keeps_authenticated_bytes_and_pins_together (__main__.ServingTests.test_snapshot_keeps_authenticated_bytes_and_pins_together)
----------------------------------------------------------------------
Traceback (most recent call last):
  File "/home/rb/worktrees/sfora-connected-serving-manifest-binder-20261009/src/sfora/connected_gallery_provenance.py", line 138, in _parse
    json.loads(raw, object_pairs_hook=_pairs, parse_constant=_constant, parse_float=_float)
  File "/home/rb/.local/share/uv/python/cpython-3.12.13-linux-x86_64-gnu/lib/python3.12/json/__init__.py", line 359, in loads
    return cls(**kw).decode(s)
           ^^^^^^^^^^^^^^^^^^^
  File "/home/rb/.local/share/uv/python/cpython-3.12.13-linux-x86_64-gnu/lib/python3.12/json/decoder.py", line 338, in decode
    obj, end = self.raw_decode(s, idx=_w(s, 0).end())
               ^^^^^^^^^^^^^^^^^^^^^^^^^^^^^^^^^^^^^^
  File "/home/rb/.local/share/uv/python/cpython-3.12.13-linux-x86_64-gnu/lib/python3.12/json/decoder.py", line 356, in raw_decode
    raise JSONDecodeError("Expecting value", s, err.value) from None
json.decoder.JSONDecodeError: Expecting value: line 1 column 1 (char 0)

The above exception was the direct cause of the following exception:

Traceback (most recent call last):
  File "/home/rb/worktrees/sfora-connected-serving-manifest-binder-20261009/scripts/test_connected_serving_artifact.py", line 270, in test_snapshot_keeps_authenticated_bytes_and_pins_together
    self.assertEqual(self.bind()["producer"], self.producer)
                     ^^^^^^^^^^^
  File "/home/rb/worktrees/sfora-connected-serving-manifest-binder-20261009/scripts/test_connected_serving_artifact.py", line 130, in bind
    return self.api.bind_serving_manifest(
           ^^^^^^^^^^^^^^^^^^^^^^^^^^^^^^^
  File "/home/rb/worktrees/sfora-connected-serving-manifest-binder-20261009/src/sfora/connected_serving_artifact.py", line 107, in bind_serving_manifest
    producer = bind_gallery_provenance(
               ^^^^^^^^^^^^^^^^^^^^^^^^
  File "/home/rb/worktrees/sfora-connected-serving-manifest-binder-20261009/src/sfora/connected_gallery_provenance.py", line 443, in bind_gallery_provenance
    record, manifest = _parse(receipt), _parse(bundle)
                       ^^^^^^^^^^^^^^^
  File "/home/rb/worktrees/sfora-connected-serving-manifest-binder-20261009/src/sfora/connected_gallery_provenance.py", line 141, in _parse
    raise ValueError("strict JSON required") from error
ValueError: strict JSON required

----------------------------------------------------------------------
Ran 1 test in 0.008s

FAILED (errors=1)
