/home/riomus/runs/sfora-connected-control-batch-execution-source-v4/command.sh: OK
Running as unit: sfora-connected-control-batch-execution-observation-v4.service; invocation ID: 0891b2604cdc410881a9f8b92c06e9f6
/home/riomus/runs/sfora-connected-control-batch-execution-source-v4/observe_connected_control_batch_execution.py: OK
/home/riomus/runs/sfora-connected-control-batch-execution-source-v4/test_connected_control_batch_execution.py: OK
/home/riomus/runs/sfora-connected-control-batch-execution-source-v4/execution.json: OK
/home/riomus/runs/sfora-connected-control-batch-execution-source-v4/authority.json: OK
/home/riomus/runs/sfora-connected-gallery-freshness-source-v3/diagnose_connected_gallery_freshness.py: OK
/home/riomus/runs/sfora-connected-gallery-freshness-source-v3/execution.json: OK
/home/riomus/runs/sfora-connected-gallery-freshness-source-v3/authority.json: OK
/home/riomus/.local/share/uv/python/cpython-3.13.9-linux-aarch64-gnu/bin/python3.13: OK
/home/riomus/runs/sfora-native256-initialized-cpu-final-footer-v1.py: OK
/home/riomus/runs/sfora-native256-stop-cgroup-footer-v1.py: OK
{"diagnostic": "memory_snapshot", "memory.current": 445435904, "memory.events.high": 0, "memory.events.low": 0, "memory.events.max": 0, "memory.events.oom": 0, "memory.events.oom_group_kill": 0, "memory.events.oom_kill": 0, "memory.peak": 457310208, "memory.stat.anon": 145506304, "memory.stat.file": 297295872, "memory.stat.kernel": 1613824, "memory.swap.current": 0, "memory.swap.peak": 0, "path": "/sys/fs/cgroup/user.slice/user-1000.slice/user@1000.service/app.slice/sfora-connected-control-batch-execution-observation-v4.service", "phase": "after_admission"}
{"diagnostic": "memory_snapshot", "memory.current": 712753152, "memory.events.high": 0, "memory.events.low": 0, "memory.events.max": 0, "memory.events.oom": 0, "memory.events.oom_group_kill": 0, "memory.events.oom_kill": 0, "memory.peak": 753205248, "memory.stat.anon": 410492928, "memory.stat.file": 297439232, "memory.stat.kernel": 3543040, "memory.swap.current": 0, "memory.swap.peak": 0, "path": "/sys/fs/cgroup/user.slice/user-1000.slice/user@1000.service/app.slice/sfora-connected-control-batch-execution-observation-v4.service", "phase": "before_rehash_context"}
{"diagnostic": "memory_snapshot", "memory.current": 414834688, "memory.events.high": 0, "memory.events.low": 0, "memory.events.max": 0, "memory.events.oom": 0, "memory.events.oom_group_kill": 0, "memory.events.oom_kill": 0, "memory.peak": 753205248, "memory.stat.anon": 410492928, "memory.stat.file": 307200, "memory.stat.kernel": 2822144, "memory.swap.current": 0, "memory.swap.peak": 0, "path": "/sys/fs/cgroup/user.slice/user-1000.slice/user@1000.service/app.slice/sfora-connected-control-batch-execution-observation-v4.service", "phase": "after_rehash_context"}
{"diagnostic": "memory_snapshot", "memory.current": 414834688, "memory.events.high": 0, "memory.events.low": 0, "memory.events.max": 0, "memory.events.oom": 0, "memory.events.oom_group_kill": 0, "memory.events.oom_kill": 0, "memory.peak": 753205248, "memory.stat.anon": 410492928, "memory.stat.file": 307200, "memory.stat.kernel": 2822144, "memory.swap.current": 0, "memory.swap.peak": 0, "path": "/sys/fs/cgroup/user.slice/user-1000.slice/user@1000.service/app.slice/sfora-connected-control-batch-execution-observation-v4.service", "phase": "before_rehash_prospective"}
{"diagnostic": "memory_snapshot", "memory.current": 414609408, "memory.events.high": 0, "memory.events.low": 0, "memory.events.max": 0, "memory.events.oom": 0, "memory.events.oom_group_kill": 0, "memory.events.oom_kill": 0, "memory.peak": 753205248, "memory.stat.anon": 410492928, "memory.stat.file": 307200, "memory.stat.kernel": 2822144, "memory.swap.current": 0, "memory.swap.peak": 0, "path": "/sys/fs/cgroup/user.slice/user-1000.slice/user@1000.service/app.slice/sfora-connected-control-batch-execution-observation-v4.service", "phase": "after_rehash_prospective"}
Traceback (most recent call last):
  File "/home/riomus/runs/sfora-connected-control-batch-execution-source-v4/observe_connected_control_batch_execution.py", line 741, in <module>
    module.run(args)
    ~~~~~~~~~~^^^^^^
  File "/home/riomus/runs/sfora-connected-control-batch-execution-source-v4/observe_connected_control_batch_execution.py", line 716, in run
    diagnostic.cleanup_error(error, actions)
    ~~~~~~~~~~~~~~~~~~~~~~~~^^^^^^^^^^^^^^^^
  File "/home/riomus/runs/sfora-connected-gallery-freshness-source-v3/diagnose_connected_gallery_freshness.py", line 278, in cleanup_error
    raise error
ValueError: workspace original guarded origin required
cleanup: ValueError('native supplement must be exact original four')
FINAL_CGROUP {"command_exit_status": 1, "invocation_id": "0891b2604cdc410881a9f8b92c06e9f6", "path": "/sys/fs/cgroup/user.slice/user-1000.slice/user@1000.service/app.slice/sfora-connected-control-batch-execution-observation-v4.service", "values": {"memory.current": "134492160", "memory.events": "low 0\nhigh 0\nmax 0\noom 0\noom_kill 0\noom_group_kill 0", "memory.max": "8589934592", "memory.peak": "753205248", "memory.stat": "anon 5992448\nfile 126431232\nkernel 888832\nkernel_stack 65536\npagetables 348160\nsec_pagetables 0\npercpu 2112\nsock 0\nvmalloc 0\nshmem 0\nzswap 0\nzswapped 0\nfile_mapped 0\nfile_dirty 0\nfile_writeback 0\nswapcached 0\nanon_thp 0\nfile_thp 0\nshmem_thp 0\ninactive_anon 0\nactive_anon 5877760\ninactive_file 114688\nactive_file 126316544\nunevictable 0\nslab_reclaimable 337608\nslab_unreclaimable 117816\nslab 455424\nworkingset_refault_anon 0\nworkingset_refault_file 0\nworkingset_activate_anon 0\nworkingset_activate_file 0\nworkingset_restore_anon 0\nworkingset_restore_file 0\nworkingset_nodereclaim 0\npgdemote_kswapd 0\npgdemote_direct 0\npgdemote_khugepaged 0\npgdemote_proactive 0\npgpromote_success 0\npgscan 0\npgsteal 0\npswpin 0\npswpout 0\npgscan_kswapd 0\npgscan_direct 0\npgscan_khugepaged 0\npgscan_proactive 0\npgsteal_kswapd 0\npgsteal_direct 0\npgsteal_khugepaged 0\npgsteal_proactive 0\npgfault 129429\npgmajfault 1826\npgrefill 0\npgactivate 0\npgdeactivate 0\npglazyfree 0\npglazyfreed 0\nswpin_zero 0\nswpout_zero 0\nzswpin 0\nzswpout 0\nzswpwb 0\nthp_fault_alloc 0\nthp_collapse_alloc 0\nthp_swpout 0\nthp_swpout_fallback 0\nnuma_pages_migrated 0\nnuma_pte_updates 0\nnuma_hint_faults 0", "memory.swap.current": "0", "memory.swap.max": "0", "memory.swap.peak": "0"}}
Command exited with non-zero status 1
	Command being timed: "/bin/bash /home/riomus/runs/sfora-connected-control-batch-execution-source-v4/command.sh"
	User time (seconds): 6.21
	System time (seconds): 1.71
	Percent of CPU this job got: 51%
	Elapsed (wall clock) time (h:mm:ss or m:ss): 0:15.47
	Average shared text size (kbytes): 0
	Average unshared data size (kbytes): 0
	Average stack size (kbytes): 0
	Average total size (kbytes): 0
	Maximum resident set size (kbytes): 660024
	Average resident set size (kbytes): 0
	Major (requiring I/O) page faults: 1826
	Minor (reclaiming a frame) page faults: 127433
	Voluntary context switches: 34827
	Involuntary context switches: 82
	Swaps: 0
	File system inputs: 15004760
	File system outputs: 8
	Socket messages sent: 0
	Socket messages received: 0
	Signals delivered: 0
	Page size (bytes): 4096
	Exit status: 1
STOP_CGROUP {"exit_code": "exited", "exit_status": "1", "invocation_id": "0891b2604cdc410881a9f8b92c06e9f6", "path": "/sys/fs/cgroup/user.slice/user-1000.slice/user@1000.service/app.slice/sfora-connected-control-batch-execution-observation-v4.service", "service_result": "exit-code", "values": {"memory.current": "133586944", "memory.events": "low 0\nhigh 0\nmax 0\noom 0\noom_kill 0\noom_group_kill 0", "memory.max": "8589934592", "memory.peak": "753205248", "memory.stat": "anon 5439488\nfile 126431232\nkernel 466944\nkernel_stack 0\npagetables 94208\nsec_pagetables 0\npercpu 1408\nsock 0\nvmalloc 0\nshmem 0\nzswap 0\nzswapped 0\nfile_mapped 0\nfile_dirty 0\nfile_writeback 0\nswapcached 0\nanon_thp 0\nfile_thp 0\nshmem_thp 0\ninactive_anon 0\nactive_anon 5394432\ninactive_file 114688\nactive_file 126316544\nunevictable 0\nslab_reclaimable 333888\nslab_unreclaimable 34216\nslab 368104\nworkingset_refault_anon 0\nworkingset_refault_file 0\nworkingset_activate_anon 0\nworkingset_activate_file 0\nworkingset_restore_anon 0\nworkingset_restore_file 0\nworkingset_nodereclaim 0\npgdemote_kswapd 0\npgdemote_direct 0\npgdemote_khugepaged 0\npgdemote_proactive 0\npgpromote_success 0\npgscan 0\npgsteal 0\npswpin 0\npswpout 0\npgscan_kswapd 0\npgscan_direct 0\npgscan_khugepaged 0\npgscan_proactive 0\npgsteal_kswapd 0\npgsteal_direct 0\npgsteal_khugepaged 0\npgsteal_proactive 0\npgfault 130949\npgmajfault 1826\npgrefill 0\npgactivate 0\npgdeactivate 0\npglazyfree 0\npglazyfreed 0\nswpin_zero 0\nswpout_zero 0\nzswpin 0\nzswpout 0\nzswpwb 0\nthp_fault_alloc 0\nthp_collapse_alloc 0\nthp_swpout 0\nthp_swpout_fallback 0\nnuma_pages_migrated 0\nnuma_pte_updates 0\nnuma_hint_faults 0", "memory.swap.current": "0", "memory.swap.max": "0", "memory.swap.peak": "0"}}
Finished with result: exit-code
Main processes terminated with: code=exited/status=1
Service runtime: 15.512s
CPU time consumed: 7.950s
Memory peak: 718.3M
Memory swap peak: 0B
