/home/riomus/runs/sfora-connected-full-authority-observation-source-v3/command.sh: OK
Running as unit: sfora-connected-full-authority-observation-v3.service; invocation ID: e9120ebc13ff449a8a5f1849388b5cd2
/home/riomus/runs/sfora-connected-full-authority-observation-source-v3/observe_connected_full_authority.py: OK
/home/riomus/runs/sfora-connected-full-authority-observation-source-v3/test_connected_full_authority_observation.py: OK
/home/riomus/.local/share/uv/python/cpython-3.13.9-linux-aarch64-gnu/bin/python3.13: OK
/home/riomus/runs/sfora-connected-mlp-evaluation-source-v6/evaluate_siglip2_connected_mlp.py: OK
/home/riomus/runs/sfora-connected-mlp-evaluation-source-v6/execution.json: OK
/home/riomus/runs/sfora-connected-mlp-evaluation-source-v6/authority-full-cpu-v2.json: OK
/home/riomus/runs/sfora-connected-mlp-evaluation-source-v6/full-cpu-v2-command.sh: OK
/home/riomus/runs/sfora-connected-mlp-evaluation-source-v6/test_connected_mlp_evaluation.py: OK
/home/riomus/runs/sfora-connected-full-authority-observation-source-v3/manifest.json: OK
/home/riomus/runs/sfora-native256-initialized-cpu-final-footer-v1.py: OK
/home/riomus/runs/sfora-native256-stop-cgroup-footer-v1.py: OK
Traceback (most recent call last):
  File "/home/riomus/runs/sfora-connected-full-authority-observation-source-v3/observe_connected_full_authority.py", line 333, in <module>
    main()
    ~~~~^^
  File "/home/riomus/runs/sfora-connected-full-authority-observation-source-v3/observe_connected_full_authority.py", line 329, in main
    observe(raw, manifest['argv'], Sampler(EVALUATOR['path'], stream))
    ~~~~~~~^^^^^^^^^^^^^^^^^^^^^^^^^^^^^^^^^^^^^^^^^^^^^^^^^^^^^^^^^^^
  File "/home/riomus/runs/sfora-connected-full-authority-observation-source-v3/observe_connected_full_authority.py", line 279, in observe
    context, original_guard = module.authority(args)
                              ~~~~~~~~~~~~~~~~^^^^^^
  File "/home/riomus/runs/sfora-connected-mlp-evaluation-source-v6/evaluate_siglip2_connected_mlp.py", line 965, in authority
    endpoint_reader,endpoint_guard = load_endpoint_reader(context)
                                     ~~~~~~~~~~~~~~~~~~~~^^^^^^^^^
  File "/home/riomus/runs/sfora-connected-mlp-evaluation-source-v6/evaluate_siglip2_connected_mlp.py", line 267, in load_endpoint_reader
    terminal_guards = tuple(source_live_guard(m,t['guards'][m.__file__],t['guards'],names=names)
        for m,names in ((t['trainer'],{'check_steps','check_ranking_bank','ranking_membership',
                                      'ranking_bank','json_sha256','require'}),
                       (t['fitter'],None),(t['old'],{'zero_events','require'}),
                       (initializer,{'admit_cgroup','require'})))
  File "/home/riomus/runs/sfora-connected-mlp-evaluation-source-v6/evaluate_siglip2_connected_mlp.py", line 267, in <genexpr>
    terminal_guards = tuple(source_live_guard(m,t['guards'][m.__file__],t['guards'],names=names)
                            ~~~~~~~~~~~~~~~~~^^^^^^^^^^^^^^^^^^^^^^^^^^^^^^^^^^^^^^^^^^^^^^^^^^^
  File "/home/riomus/runs/sfora-connected-mlp-evaluation-source-v6/evaluate_siglip2_connected_mlp.py", line 104, in source_live_guard
    return function(canonical,module,digest,guards,names,class_name)
  File "/home/riomus/runs/sfora-connected-mlp-evaluation-source-v6/evaluate_siglip2_connected_mlp.py", line 135, in source_live_guard
    require(spec is not None and spec.loader is not None and spec.name == module.__name__ and
    ~~~~~~~^^^^^^^^^^^^^^^^^^^^^^^^^^^^^^^^^^^^^^^^^^^^^^^^^^^^^^^^^^^^^^^^^^^^^^^^^^^^^^^^^^
        Path(spec.origin) == path and sys.modules.get(module.__name__) is module,
        ^^^^^^^^^^^^^^^^^^^^^^^^^^^^^^^^^^^^^^^^^^^^^^^^^^^^^^^^^^^^^^^^^^^^^^^^^
        'authenticated module registry/origin differs')
        ^^^^^^^^^^^^^^^^^^^^^^^^^^^^^^^^^^^^^^^^^^^^^^^
  File "/home/riomus/runs/sfora-connected-mlp-evaluation-source-v6/evaluate_siglip2_connected_mlp.py", line 128, in require
    raise error(message)
ValueError: authenticated module registry/origin differs
FINAL_CGROUP {"command_exit_status": 1, "invocation_id": "e9120ebc13ff449a8a5f1849388b5cd2", "path": "/sys/fs/cgroup/user.slice/user-1000.slice/user@1000.service/app.slice/sfora-connected-full-authority-observation-v3.service", "values": {"memory.current": "209842176", "memory.events": "low 0\nhigh 0\nmax 0\noom 0\noom_kill 0\noom_group_kill 0", "memory.max": "8589934592", "memory.peak": "589524992", "memory.stat": "anon 5996544\nfile 108699648\nkernel 94027776\nkernel_stack 65536\npagetables 339968\nsec_pagetables 0\npercpu 2112\nsock 0\nvmalloc 0\nshmem 0\nzswap 0\nzswapped 0\nfile_mapped 0\nfile_dirty 16384\nfile_writeback 0\nswapcached 0\nanon_thp 0\nfile_thp 0\nshmem_thp 0\ninactive_anon 0\nactive_anon 5869568\ninactive_file 107708416\nactive_file 991232\nunevictable 0\nslab_reclaimable 93510296\nslab_unreclaimable 112616\nslab 93622912\nworkingset_refault_anon 0\nworkingset_refault_file 0\nworkingset_activate_anon 0\nworkingset_activate_file 0\nworkingset_restore_anon 0\nworkingset_restore_file 0\nworkingset_nodereclaim 0\npgdemote_kswapd 0\npgdemote_direct 0\npgdemote_khugepaged 0\npgdemote_proactive 0\npgpromote_success 0\npgscan 0\npgsteal 0\npswpin 0\npswpout 0\npgscan_kswapd 0\npgscan_direct 0\npgscan_khugepaged 0\npgscan_proactive 0\npgsteal_kswapd 0\npgsteal_direct 0\npgsteal_khugepaged 0\npgsteal_proactive 0\npgfault 186836\npgmajfault 23\npgrefill 0\npgactivate 0\npgdeactivate 0\npglazyfree 0\npglazyfreed 0\nswpin_zero 0\nswpout_zero 0\nzswpin 0\nzswpout 0\nzswpwb 0\nthp_fault_alloc 0\nthp_collapse_alloc 0\nthp_swpout 0\nthp_swpout_fallback 0\nnuma_pages_migrated 0\nnuma_pte_updates 0\nnuma_hint_faults 0", "memory.swap.current": "0", "memory.swap.max": "0", "memory.swap.peak": "0"}}
Command exited with non-zero status 1
	Command being timed: "/bin/bash -c set -e; sudo -n /bin/sync; sudo -n /bin/sh -c "echo 3 > /proc/sys/vm/drop_caches"; exec /bin/bash /home/riomus/runs/sfora-connected-full-authority-observation-source-v3/command.sh"
	User time (seconds): 74.34
	System time (seconds): 12.11
	Percent of CPU this job got: 45%
	Elapsed (wall clock) time (h:mm:ss or m:ss): 3:07.99
	Average shared text size (kbytes): 0
	Average unshared data size (kbytes): 0
	Average stack size (kbytes): 0
	Average total size (kbytes): 0
	Maximum resident set size (kbytes): 336624
	Average resident set size (kbytes): 0
	Major (requiring I/O) page faults: 23
	Minor (reclaiming a frame) page faults: 186646
	Voluntary context switches: 938959
	Involuntary context switches: 520
	Swaps: 0
	File system inputs: 227952080
	File system outputs: 640
	Socket messages sent: 0
	Socket messages received: 0
	Signals delivered: 0
	Page size (bytes): 4096
	Exit status: 1
STOP_CGROUP {"exit_code": "exited", "exit_status": "1", "invocation_id": "e9120ebc13ff449a8a5f1849388b5cd2", "path": "/sys/fs/cgroup/user.slice/user-1000.slice/user@1000.service/app.slice/sfora-connected-full-authority-observation-v3.service", "service_result": "exit-code", "values": {"memory.current": "208875520", "memory.events": "low 0\nhigh 0\nmax 0\noom 0\noom_kill 0\noom_group_kill 0", "memory.max": "8589934592", "memory.peak": "589524992", "memory.stat": "anon 5431296\nfile 108703744\nkernel 93646848\nkernel_stack 0\npagetables 102400\nsec_pagetables 0\npercpu 1408\nsock 0\nvmalloc 0\nshmem 0\nzswap 0\nzswapped 0\nfile_mapped 0\nfile_dirty 20480\nfile_writeback 0\nswapcached 0\nanon_thp 0\nfile_thp 0\nshmem_thp 0\ninactive_anon 0\nactive_anon 5332992\ninactive_file 107708416\nactive_file 991232\nunevictable 0\nslab_reclaimable 93512360\nslab_unreclaimable 33920\nslab 93546280\nworkingset_refault_anon 0\nworkingset_refault_file 0\nworkingset_activate_anon 0\nworkingset_activate_file 0\nworkingset_restore_anon 0\nworkingset_restore_file 0\nworkingset_nodereclaim 0\npgdemote_kswapd 0\npgdemote_direct 0\npgdemote_khugepaged 0\npgdemote_proactive 0\npgpromote_success 0\npgscan 0\npgsteal 0\npswpin 0\npswpout 0\npgscan_kswapd 0\npgscan_direct 0\npgscan_khugepaged 0\npgscan_proactive 0\npgsteal_kswapd 0\npgsteal_direct 0\npgsteal_khugepaged 0\npgsteal_proactive 0\npgfault 188355\npgmajfault 23\npgrefill 0\npgactivate 0\npgdeactivate 0\npglazyfree 0\npglazyfreed 0\nswpin_zero 0\nswpout_zero 0\nzswpin 0\nzswpout 0\nzswpwb 0\nthp_fault_alloc 0\nthp_collapse_alloc 0\nthp_swpout 0\nthp_swpout_fallback 0\nnuma_pages_migrated 0\nnuma_pte_updates 0\nnuma_hint_faults 0", "memory.swap.current": "0", "memory.swap.max": "0", "memory.swap.peak": "0"}}
Finished with result: exit-code
Main processes terminated with: code=exited/status=1
Service runtime: 3min 8.030s
CPU time consumed: 1min 26.481s
Memory peak: 562.2M
Memory swap peak: 0B
