/home/riomus/runs/sfora-export-exit-scan-ab-source-v1/command.sh: OK
Running as unit: sfora-export-exit-scan-ab-v1.service; invocation ID: 403b4c2b4c3f429888385862a9c5a3df
/home/riomus/runs/sfora-export-exit-scan-ab-source-v1/driver.py: OK
/home/riomus/runs/sfora-export-exit-scan-ab-source-v1/train_siglip2_identity_diversity.py: OK
/home/riomus/runs/sfora-export-exit-scan-ab-source-v1/authority.json: OK
/home/riomus/runs/sfora-so400-identity-diversity-evaluation-first-export-control-179061-v1/receipt.json: OK
/usr/lib/aarch64-linux-gnu/ld-linux-aarch64.so.1: OK
/usr/lib/aarch64-linux-gnu/libc.so.6: OK
/usr/lib/aarch64-linux-gnu/libcuda.so.580.159.03: OK
/usr/lib/aarch64-linux-gnu/libdl.so.2: OK
/usr/lib/aarch64-linux-gnu/libfribidi.so.0.4.0: OK
/usr/lib/aarch64-linux-gnu/libgcc_s.so.1: OK
/usr/lib/aarch64-linux-gnu/libm.so.6: OK
/usr/lib/aarch64-linux-gnu/libnvidia-ml.so.580.159.03: OK
/usr/lib/aarch64-linux-gnu/libpthread.so.0: OK
/usr/lib/aarch64-linux-gnu/librt.so.1: OK
/usr/lib/aarch64-linux-gnu/libstdc++.so.6.0.33: OK
/usr/lib/aarch64-linux-gnu/libutil.so.1: OK
/usr/lib/aarch64-linux-gnu/libz.so.1.3: OK
{"round": 0, "mode": "serial", "seconds": 33.868433261000064, "files": 20302}
{"round": 0, "mode": "batch", "seconds": 10.465719990000252, "files": 20302}
{"round": 1, "mode": "batch", "seconds": 10.19314343499991, "files": 20302}
{"round": 1, "mode": "serial", "seconds": 32.43357337299949, "files": 20302}
{"round": 2, "mode": "serial", "seconds": 32.02000593400044, "files": 20302}
{"round": 2, "mode": "batch", "seconds": 10.084295765999741, "files": 20302}
/home/riomus/runs/sfora-export-exit-scan-ab-source-v1/driver.py: OK
/home/riomus/runs/sfora-export-exit-scan-ab-source-v1/train_siglip2_identity_diversity.py: OK
/home/riomus/runs/sfora-export-exit-scan-ab-source-v1/authority.json: OK
/home/riomus/runs/sfora-so400-identity-diversity-evaluation-first-export-control-179061-v1/receipt.json: OK
/usr/lib/aarch64-linux-gnu/ld-linux-aarch64.so.1: OK
/usr/lib/aarch64-linux-gnu/libc.so.6: OK
/usr/lib/aarch64-linux-gnu/libcuda.so.580.159.03: OK
/usr/lib/aarch64-linux-gnu/libdl.so.2: OK
/usr/lib/aarch64-linux-gnu/libfribidi.so.0.4.0: OK
/usr/lib/aarch64-linux-gnu/libgcc_s.so.1: OK
/usr/lib/aarch64-linux-gnu/libm.so.6: OK
/usr/lib/aarch64-linux-gnu/libnvidia-ml.so.580.159.03: OK
/usr/lib/aarch64-linux-gnu/libpthread.so.0: OK
/usr/lib/aarch64-linux-gnu/librt.so.1: OK
/usr/lib/aarch64-linux-gnu/libstdc++.so.6.0.33: OK
/usr/lib/aarch64-linux-gnu/libutil.so.1: OK
/usr/lib/aarch64-linux-gnu/libz.so.1.3: OK
FINAL_CGROUP {"command_exit_status": 0, "invocation_id": "403b4c2b4c3f429888385862a9c5a3df", "path": "/sys/fs/cgroup/user.slice/user-1000.slice/user@1000.service/app.slice/sfora-export-exit-scan-ab-v1.service", "values": {"memory.current": "221945856", "memory.events": "low 0\nhigh 0\nmax 0\noom 0\noom_kill 0\noom_group_kill 0", "memory.max": "8589934592", "memory.peak": "251711488", "memory.stat": "anon 5984256\nfile 178028544\nkernel 36458496\nkernel_stack 65536\npagetables 393216\nsec_pagetables 0\npercpu 2464\nsock 0\nvmalloc 0\nshmem 0\nzswap 0\nzswapped 0\nfile_mapped 0\nfile_dirty 8192\nfile_writeback 0\nswapcached 0\nanon_thp 0\nfile_thp 0\nshmem_thp 0\ninactive_anon 0\nactive_anon 5894144\ninactive_file 166363136\nactive_file 11567104\nunevictable 0\nslab_reclaimable 35860952\nslab_unreclaimable 131552\nslab 35992504\nworkingset_refault_anon 0\nworkingset_refault_file 0\nworkingset_activate_anon 0\nworkingset_activate_file 0\nworkingset_restore_anon 0\nworkingset_restore_file 0\nworkingset_nodereclaim 0\npgdemote_kswapd 0\npgdemote_direct 0\npgdemote_khugepaged 0\npgdemote_proactive 0\npgpromote_success 0\npgscan 0\npgsteal 0\npswpin 0\npswpout 0\npgscan_kswapd 0\npgscan_direct 0\npgscan_khugepaged 0\npgscan_proactive 0\npgsteal_kswapd 0\npgsteal_direct 0\npgsteal_khugepaged 0\npgsteal_proactive 0\npgfault 35388\npgmajfault 131\npgrefill 0\npgactivate 0\npgdeactivate 0\npglazyfree 0\npglazyfreed 0\nswpin_zero 0\nswpout_zero 0\nzswpin 0\nzswpout 0\nzswpwb 0\nthp_fault_alloc 0\nthp_collapse_alloc 0\nthp_swpout 0\nthp_swpout_fallback 0\nnuma_pages_migrated 0\nnuma_pte_updates 0\nnuma_hint_faults 0", "memory.swap.current": "0", "memory.swap.max": "0", "memory.swap.peak": "0"}}
	Command being timed: "/bin/bash -c set -e; sudo -n /bin/sync; sudo -n /bin/sh -c "echo 3 > /proc/sys/vm/drop_caches"; exec /bin/bash /home/riomus/runs/sfora-export-exit-scan-ab-source-v1/command.sh"
	User time (seconds): 56.32
	System time (seconds): 18.45
	Percent of CPU this job got: 57%
	Elapsed (wall clock) time (h:mm:ss or m:ss): 2:09.60
	Average shared text size (kbytes): 0
	Average unshared data size (kbytes): 0
	Average stack size (kbytes): 0
	Average total size (kbytes): 0
	Maximum resident set size (kbytes): 86884
	Average resident set size (kbytes): 0
	Major (requiring I/O) page faults: 130
	Minor (reclaiming a frame) page faults: 35093
	Voluntary context switches: 1575835
	Involuntary context switches: 265
	Swaps: 0
	File system inputs: 228039040
	File system outputs: 64
	Socket messages sent: 0
	Socket messages received: 0
	Signals delivered: 0
	Page size (bytes): 4096
	Exit status: 0
STOP_CGROUP {"exit_code": "exited", "exit_status": "0", "invocation_id": "403b4c2b4c3f429888385862a9c5a3df", "path": "/sys/fs/cgroup/user.slice/user-1000.slice/user@1000.service/app.slice/sfora-export-exit-scan-ab-v1.service", "service_result": "success", "values": {"memory.current": "221016064", "memory.events": "low 0\nhigh 0\nmax 0\noom 0\noom_kill 0\noom_group_kill 0", "memory.max": "8589934592", "memory.peak": "251711488", "memory.stat": "anon 5423104\nfile 178036736\nkernel 36028416\nkernel_stack 0\npagetables 106496\nsec_pagetables 0\npercpu 2112\nsock 0\nvmalloc 0\nshmem 0\nzswap 0\nzswapped 0\nfile_mapped 0\nfile_dirty 12288\nfile_writeback 0\nswapcached 0\nanon_thp 0\nfile_thp 0\nshmem_thp 0\ninactive_anon 0\nactive_anon 5320704\ninactive_file 166367232\nactive_file 11567104\nunevictable 0\nslab_reclaimable 35862864\nslab_unreclaimable 52504\nslab 35915368\nworkingset_refault_anon 0\nworkingset_refault_file 0\nworkingset_activate_anon 0\nworkingset_activate_file 0\nworkingset_restore_anon 0\nworkingset_restore_file 0\nworkingset_nodereclaim 0\npgdemote_kswapd 0\npgdemote_direct 0\npgdemote_khugepaged 0\npgdemote_proactive 0\npgpromote_success 0\npgscan 0\npgsteal 0\npswpin 0\npswpout 0\npgscan_kswapd 0\npgscan_direct 0\npgscan_khugepaged 0\npgscan_proactive 0\npgsteal_kswapd 0\npgsteal_direct 0\npgsteal_khugepaged 0\npgsteal_proactive 0\npgfault 36908\npgmajfault 131\npgrefill 0\npgactivate 0\npgdeactivate 0\npglazyfree 0\npglazyfreed 0\nswpin_zero 0\nswpout_zero 0\nzswpin 0\nzswpout 0\nzswpwb 0\nthp_fault_alloc 0\nthp_collapse_alloc 0\nthp_swpout 0\nthp_swpout_fallback 0\nnuma_pages_migrated 0\nnuma_pte_updates 0\nnuma_hint_faults 0", "memory.swap.current": "0", "memory.swap.max": "0", "memory.swap.peak": "0"}}
Finished with result: success
Main processes terminated with: code=exited/status=0
Service runtime: 2min 9.648s
CPU time consumed: 1min 14.809s
Memory peak: 240.0M
Memory swap peak: 0B
