Running as unit: sfora-so400-cached-readout-cpu-v1.service; invocation ID: df03638a49304717bc9a6e213c53b2aa
train_siglip2_cached_readout.py: OK
test_siglip2_cached_readout.py: OK
execution.json: OK
authority-cpu-v1.json: OK
sfora-native256-fit-export-collected-inputs-v1.json: OK
sfora-native256-full-initialized-cpu-collected-inputs-v1.json: OK
/home/riomus/runs/sfora-native256-initialized-cpu-final-footer-v1.py: OK
/home/riomus/runs/sfora-native256-stop-cgroup-footer-v1.py: OK
{"schema": "siglip2-cached-readout-v1", "phase": "cpu", "output": "/home/riomus/runs/sfora-so400-cached-readout-cpu-v1"}
train_siglip2_cached_readout.py: OK
test_siglip2_cached_readout.py: OK
execution.json: OK
authority-cpu-v1.json: OK
sfora-native256-fit-export-collected-inputs-v1.json: OK
sfora-native256-full-initialized-cpu-collected-inputs-v1.json: OK
/home/riomus/runs/sfora-native256-initialized-cpu-final-footer-v1.py: OK
/home/riomus/runs/sfora-native256-stop-cgroup-footer-v1.py: OK
FINAL_CGROUP {"command_exit_status": 0, "invocation_id": "df03638a49304717bc9a6e213c53b2aa", "path": "/sys/fs/cgroup/user.slice/user-1000.slice/user@1000.service/app.slice/sfora-so400-cached-readout-cpu-v1.service", "values": {"memory.current": "837128192", "memory.events": "low 0\nhigh 0\nmax 0\noom 0\noom_kill 0\noom_group_kill 0", "memory.max": "8589934592", "memory.peak": "5924012032", "memory.stat": "anon 5869568\nfile 769683456\nkernel 59166720\nkernel_stack 65536\npagetables 348160\nsec_pagetables 0\npercpu 2464\nsock 0\nvmalloc 0\nshmem 0\nzswap 0\nzswapped 0\nfile_mapped 16384\nfile_dirty 20480\nfile_writeback 0\nswapcached 0\nanon_thp 0\nfile_thp 41943040\nshmem_thp 0\ninactive_anon 0\nactive_anon 5816320\ninactive_file 244678656\nactive_file 524922880\nunevictable 0\nslab_reclaimable 58584584\nslab_unreclaimable 137168\nslab 58721752\nworkingset_refault_anon 0\nworkingset_refault_file 0\nworkingset_activate_anon 0\nworkingset_activate_file 0\nworkingset_restore_anon 0\nworkingset_restore_file 0\nworkingset_nodereclaim 0\npgdemote_kswapd 0\npgdemote_direct 0\npgdemote_khugepaged 0\npgdemote_proactive 0\npgpromote_success 0\npgscan 0\npgsteal 0\npswpin 0\npswpout 0\npgscan_kswapd 0\npgscan_direct 0\npgscan_khugepaged 0\npgscan_proactive 0\npgsteal_kswapd 0\npgsteal_direct 0\npgsteal_khugepaged 0\npgsteal_proactive 0\npgfault 280311\npgmajfault 11519\npgrefill 0\npgactivate 0\npgdeactivate 0\npglazyfree 0\npglazyfreed 0\nswpin_zero 0\nswpout_zero 0\nzswpin 0\nzswpout 0\nzswpwb 0\nthp_fault_alloc 2368\nthp_collapse_alloc 0\nthp_swpout 0\nthp_swpout_fallback 0\nnuma_pages_migrated 0\nnuma_pte_updates 0\nnuma_hint_faults 0", "memory.swap.current": "0", "memory.swap.max": "0", "memory.swap.peak": "0"}}
	Command being timed: "/bin/bash /home/riomus/runs/sfora-so400-cached-readout-source-v1/cpu-command.sh"
	User time (seconds): 54.11
	System time (seconds): 6.37
	Percent of CPU this job got: 91%
	Elapsed (wall clock) time (h:mm:ss or m:ss): 1:06.25
	Average shared text size (kbytes): 0
	Average unshared data size (kbytes): 0
	Average stack size (kbytes): 0
	Average total size (kbytes): 0
	Maximum resident set size (kbytes): 4426696
	Average resident set size (kbytes): 0
	Major (requiring I/O) page faults: 11517
	Minor (reclaiming a frame) page faults: 268619
	Voluntary context switches: 199890
	Involuntary context switches: 405
	Swaps: 0
	File system inputs: 47895272
	File system outputs: 114504
	Socket messages sent: 0
	Socket messages received: 0
	Signals delivered: 0
	Page size (bytes): 4096
	Exit status: 0
STOP_CGROUP {"exit_code": "exited", "exit_status": "0", "invocation_id": "df03638a49304717bc9a6e213c53b2aa", "path": "/sys/fs/cgroup/user.slice/user-1000.slice/user@1000.service/app.slice/sfora-so400-cached-readout-cpu-v1.service", "service_result": "success", "values": {"memory.current": "836423680", "memory.events": "low 0\nhigh 0\nmax 0\noom 0\noom_kill 0\noom_group_kill 0", "memory.max": "8589934592", "memory.peak": "5924012032", "memory.stat": "anon 5283840\nfile 769683456\nkernel 58753024\nkernel_stack 0\npagetables 114688\nsec_pagetables 0\npercpu 2464\nsock 0\nvmalloc 0\nshmem 0\nzswap 0\nzswapped 0\nfile_mapped 0\nfile_dirty 20480\nfile_writeback 0\nswapcached 0\nanon_thp 0\nfile_thp 41943040\nshmem_thp 0\ninactive_anon 0\nactive_anon 5263360\ninactive_file 244678656\nactive_file 524922880\nunevictable 0\nslab_reclaimable 58582080\nslab_unreclaimable 31688\nslab 58613768\nworkingset_refault_anon 0\nworkingset_refault_file 0\nworkingset_activate_anon 0\nworkingset_activate_file 0\nworkingset_restore_anon 0\nworkingset_restore_file 0\nworkingset_nodereclaim 0\npgdemote_kswapd 0\npgdemote_direct 0\npgdemote_khugepaged 0\npgdemote_proactive 0\npgpromote_success 0\npgscan 0\npgsteal 0\npswpin 0\npswpout 0\npgscan_kswapd 0\npgscan_direct 0\npgscan_khugepaged 0\npgscan_proactive 0\npgsteal_kswapd 0\npgsteal_direct 0\npgsteal_khugepaged 0\npgsteal_proactive 0\npgfault 281793\npgmajfault 11519\npgrefill 0\npgactivate 0\npgdeactivate 0\npglazyfree 0\npglazyfreed 0\nswpin_zero 0\nswpout_zero 0\nzswpin 0\nzswpout 0\nzswpwb 0\nthp_fault_alloc 2368\nthp_collapse_alloc 0\nthp_swpout 0\nthp_swpout_fallback 0\nnuma_pages_migrated 0\nnuma_pte_updates 0\nnuma_hint_faults 0", "memory.swap.current": "0", "memory.swap.max": "0", "memory.swap.peak": "0"}}
Finished with result: success
Main processes terminated with: code=exited/status=0
Service runtime: 1min 6.308s
CPU time consumed: 1min 523ms
Memory peak: 5.5G
Memory swap peak: 0B
