Running as unit: sfora-so400-quadratic-readout-cpu-v1.service; invocation ID: 7a1b0b6dd44643149fb486c6ff6ab8d9
quadratic_readout.py: OK
test_siglip2_quadratic_readout.py: OK
train_siglip2_quadratic_readout.py: OK
execution.json: OK
authority-cpu-v1.json: OK
/home/riomus/runs/sfora-native256-initialized-cpu-final-footer-v1.py: OK
/home/riomus/runs/sfora-native256-stop-cgroup-footer-v1.py: OK
{"event": "QUADRATIC_PHASE", "phase": "admission", "delta_seconds": 55.00011591380462, "cumulative_seconds": 55.00011591380462}
{"event": "QUADRATIC_PHASE", "phase": "native_admission", "delta_seconds": 22.613110319711268, "cumulative_seconds": 22.613110319711268}
{"event": "QUADRATIC_PHASE", "phase": "construction", "delta_seconds": 0.44105203729122877, "cumulative_seconds": 0.44105203729122877}
{"event": "QUADRATIC_PHASE", "phase": "integrity", "delta_seconds": 0.10305558936670423, "cumulative_seconds": 0.10305558936670423}
{"event": "QUADRATIC_PHASE", "phase": "integrity", "delta_seconds": 0.08854743000119925, "cumulative_seconds": 0.19160301936790347}
{"event": "QUADRATIC_PHASE", "phase": "integrity", "delta_seconds": 0.09189178422093391, "cumulative_seconds": 0.2834948035888374}
{"event": "QUADRATIC_PHASE", "phase": "integrity", "delta_seconds": 0.09064225666224957, "cumulative_seconds": 0.37413706025108695}
{"A_updated": true, "batch": [185, 419, 3802, 1536, 5675, 3633, 5030, 3737, 5622, 1070, 6090, 343, 1312, 4889, 5235, 1321, 3024, 669, 3387, 2180, 4276, 1577, 1393, 2469, 5116, 5843, 3925, 4775, 6105, 1374, 6211, 6342, 1670, 3789, 4878, 4751, 4682, 0, 5563, 1939, 1128, 1997, 1792, 5558, 5172, 1902, 2862, 3766, 5306, 2704, 2617, 5024, 4845, 2339, 3593, 1873, 5759, 2475, 1255, 1324, 292, 3595, 5093, 6215], "ce": 0.25864591309800744, "clean_bank_sha256": "437b51a272ebb0d295092767b161adc5f53588688a14bd66de24cb2634e5a1d3", "feature_rows_sha256": "9ff2ded0e0cf601c3a38d90b24f080c45d9714d90dd0e89932318c7eaae28a09", "gradient_norms": {"A": 24.281548993214294}, "loss": 0.5742817730642855, "mask_sha256": "fa87542a2e1d985fec14820e82093a86b814c5aee9081651b083d77c91b6ea47", "preclip_norm": 24.28154754638672, "rank": 0.03945448249578476, "scale": 128.0, "schedule_sha256": "662a9122d12c50930f6f7df42e83d0e593078af8e124af13cff261a59a942041", "seconds": 0.479542579036206, "state_sha256": "b0b0a145dad2328a8aeb9969469c62180b92b7da8e563eda535a5bd0f96e3eb0", "step": 1}
{"event": "QUADRATIC_PHASE", "phase": "integrity", "delta_seconds": 0.08773657586425543, "cumulative_seconds": 0.4618736361153424}
{"event": "QUADRATIC_PHASE", "phase": "serialization", "delta_seconds": 0.08989551523700356, "cumulative_seconds": 0.08989551523700356}
{"event": "QUADRATIC_PHASE", "phase": "integrity", "delta_seconds": 0.09253423381596804, "cumulative_seconds": 0.5544078699313104}
{"event": "QUADRATIC_PHASE", "phase": "integrity", "delta_seconds": 0.09077865676954389, "cumulative_seconds": 0.6451865267008543}
{"A_updated": true, "batch": [2295, 6349, 470, 5135, 546, 506, 619, 6120, 3515, 3064, 2100, 2142, 2343, 207, 1006, 1025, 3003, 1757, 4085, 490, 5091, 4652, 3727, 2457, 902, 1527, 534, 173, 3200, 2047, 6089, 1889, 220, 5263, 5041, 1414, 3266, 3373, 5348, 2636, 5541, 2135, 6082, 3932, 5383, 5722, 69, 828, 1142, 1838, 3101, 3914, 5976, 2512, 4702, 4041, 2492, 566, 908, 4568, 5765, 5856, 689, 844], "ce": 0.2088815290480852, "clean_bank_sha256": "ba0379fce9aae1d1344d1d71f5f5b234e7200e0df14a15d66fcbd94491cda4f5", "feature_rows_sha256": "5d85fd289a658463816031a815aa4c40384dfb18019bd0a675ced845c9701825", "gradient_norms": {"A": 25.93867283024066}, "loss": 0.6378661710768938, "mask_sha256": "89a83d3ab108d3bda88ebcb4576d237d3438641287401ba0288b2174dc182de6", "preclip_norm": 25.93867301940918, "rank": 0.053623080253601074, "scale": 128.0, "schedule_sha256": "662a9122d12c50930f6f7df42e83d0e593078af8e124af13cff261a59a942041", "seconds": 0.3724308996461332, "state_sha256": "9d08051d25d8e991e11d0168fff8b5b85d37a977436b3196b90da8eec92e3682", "step": 2}
{"event": "QUADRATIC_PHASE", "phase": "integrity", "delta_seconds": 0.09004458785057068, "cumulative_seconds": 0.735231114551425}
{"event": "QUADRATIC_PHASE", "phase": "construction", "delta_seconds": 0.16173425922170281, "cumulative_seconds": 0.6027862965129316}
{"event": "QUADRATIC_PHASE", "phase": "integrity", "delta_seconds": 0.09471030905842781, "cumulative_seconds": 0.8299414236098528}
{"event": "QUADRATIC_PHASE", "phase": "reload", "delta_seconds": 0.7383221569471061, "cumulative_seconds": 0.7383221569471061}
{"event": "QUADRATIC_PHASE", "phase": "integrity", "delta_seconds": 0.09384431969374418, "cumulative_seconds": 0.923785743303597}
{"event": "QUADRATIC_PHASE", "phase": "integrity", "delta_seconds": 0.0918997973203659, "cumulative_seconds": 1.0156855406239629}
{"A_updated": true, "batch": [2295, 6349, 470, 5135, 546, 506, 619, 6120, 3515, 3064, 2100, 2142, 2343, 207, 1006, 1025, 3003, 1757, 4085, 490, 5091, 4652, 3727, 2457, 902, 1527, 534, 173, 3200, 2047, 6089, 1889, 220, 5263, 5041, 1414, 3266, 3373, 5348, 2636, 5541, 2135, 6082, 3932, 5383, 5722, 69, 828, 1142, 1838, 3101, 3914, 5976, 2512, 4702, 4041, 2492, 566, 908, 4568, 5765, 5856, 689, 844], "ce": 0.2088815290480852, "clean_bank_sha256": "ba0379fce9aae1d1344d1d71f5f5b234e7200e0df14a15d66fcbd94491cda4f5", "feature_rows_sha256": "5d85fd289a658463816031a815aa4c40384dfb18019bd0a675ced845c9701825", "gradient_norms": {"A": 25.93867283024066}, "loss": 0.6378661710768938, "mask_sha256": "89a83d3ab108d3bda88ebcb4576d237d3438641287401ba0288b2174dc182de6", "preclip_norm": 25.93867301940918, "rank": 0.053623080253601074, "scale": 128.0, "schedule_sha256": "662a9122d12c50930f6f7df42e83d0e593078af8e124af13cff261a59a942041", "seconds": 0.3704204997047782, "state_sha256": "9d08051d25d8e991e11d0168fff8b5b85d37a977436b3196b90da8eec92e3682", "step": 2}
{"event": "QUADRATIC_PHASE", "phase": "integrity", "delta_seconds": 0.08730313135311007, "cumulative_seconds": 1.102988671977073}
{"event": "QUADRATIC_PHASE", "phase": "construction", "delta_seconds": 0.16970749897882342, "cumulative_seconds": 0.772493795491755}
{"event": "QUADRATIC_PHASE", "phase": "integrity", "delta_seconds": 0.09344911575317383, "cumulative_seconds": 1.1964377877302468}
{"event": "QUADRATIC_PHASE", "phase": "integrity", "delta_seconds": 0.09112950367853045, "cumulative_seconds": 1.2875672914087772}
{"event": "QUADRATIC_PHASE", "phase": "integrity", "delta_seconds": 0.08838299289345741, "cumulative_seconds": 1.3759502843022346}
{"event": "QUADRATIC_PHASE", "phase": "integrity", "delta_seconds": 0.08887772960588336, "cumulative_seconds": 1.464828013908118}
{"A_updated": true, "batch": [185, 419, 3802, 1536, 5675, 3633, 5030, 3737, 5622, 1070, 6090, 343, 1312, 4889, 5235, 1321, 3024, 669, 3387, 2180, 4276, 1577, 1393, 2469, 5116, 5843, 3925, 4775, 6105, 1374, 6211, 6342, 1670, 3789, 4878, 4751, 4682, 0, 5563, 1939, 1128, 1997, 1792, 5558, 5172, 1902, 2862, 3766, 5306, 2704, 2617, 5024, 4845, 2339, 3593, 1873, 5759, 2475, 1255, 1324, 292, 3595, 5093, 6215], "ce": 0.25864591309800744, "clean_bank_sha256": "437b51a272ebb0d295092767b161adc5f53588688a14bd66de24cb2634e5a1d3", "feature_rows_sha256": "9ff2ded0e0cf601c3a38d90b24f080c45d9714d90dd0e89932318c7eaae28a09", "gradient_norms": {"A": 43.079205116501406}, "loss": 0.5742817730642855, "mask_sha256": "fa87542a2e1d985fec14820e82093a86b814c5aee9081651b083d77c91b6ea47", "preclip_norm": 43.079200744628906, "rank": 0.03945448249578476, "scale": 128.0, "schedule_sha256": "662a9122d12c50930f6f7df42e83d0e593078af8e124af13cff261a59a942041", "seconds": 0.35892852721735835, "state_sha256": "61afb4ed9110d6efa001fa59980643a60d057bae98d0cf60623b6528d91fdf6d", "step": 1}
{"event": "QUADRATIC_PHASE", "phase": "integrity", "delta_seconds": 0.08848641719669104, "cumulative_seconds": 1.553314431104809}
{"event": "QUADRATIC_PHASE", "phase": "serialization", "delta_seconds": 0.09032001020386815, "cumulative_seconds": 0.18021552544087172}
{"event": "QUADRATIC_PHASE", "phase": "integrity", "delta_seconds": 0.0925156231969595, "cumulative_seconds": 1.6458300543017685}
{"event": "QUADRATIC_PHASE", "phase": "integrity", "delta_seconds": 0.09264599066227674, "cumulative_seconds": 1.7384760449640453}
{"A_updated": true, "batch": [2295, 6349, 470, 5135, 546, 506, 619, 6120, 3515, 3064, 2100, 2142, 2343, 207, 1006, 1025, 3003, 1757, 4085, 490, 5091, 4652, 3727, 2457, 902, 1527, 534, 173, 3200, 2047, 6089, 1889, 220, 5263, 5041, 1414, 3266, 3373, 5348, 2636, 5541, 2135, 6082, 3932, 5383, 5722, 69, 828, 1142, 1838, 3101, 3914, 5976, 2512, 4702, 4041, 2492, 566, 908, 4568, 5765, 5856, 689, 844], "ce": 0.20927724055945873, "clean_bank_sha256": "bfdb2e67aa0f56139df9d7681b883ddb91ff5d60fb5cfffc98275e51dc9475a7", "feature_rows_sha256": "5d85fd289a658463816031a815aa4c40384dfb18019bd0a675ced845c9701825", "gradient_norms": {"A": 37.42707097504173}, "loss": 0.6383316200226545, "mask_sha256": "89a83d3ab108d3bda88ebcb4576d237d3438641287401ba0288b2174dc182de6", "preclip_norm": 37.42707443237305, "rank": 0.053631797432899475, "scale": 128.0, "schedule_sha256": "662a9122d12c50930f6f7df42e83d0e593078af8e124af13cff261a59a942041", "seconds": 0.36269571306183934, "state_sha256": "66445cfc457b2034c29e73e385986c4f3176a380ea2d27e0fbe2e2881b9f1b07", "step": 2}
{"event": "QUADRATIC_PHASE", "phase": "integrity", "delta_seconds": 0.08999330410733819, "cumulative_seconds": 1.8284693490713835}
{"event": "QUADRATIC_PHASE", "phase": "construction", "delta_seconds": 0.17556938296183944, "cumulative_seconds": 0.9480631784535944}
{"event": "QUADRATIC_PHASE", "phase": "integrity", "delta_seconds": 0.09039252204820514, "cumulative_seconds": 1.9188618711195886}
{"event": "QUADRATIC_PHASE", "phase": "reload", "delta_seconds": 0.7310058157891035, "cumulative_seconds": 1.4693279727362096}
{"event": "QUADRATIC_PHASE", "phase": "integrity", "delta_seconds": 0.09125641407445073, "cumulative_seconds": 2.0101182851940393}
{"event": "QUADRATIC_PHASE", "phase": "integrity", "delta_seconds": 0.09013047209009528, "cumulative_seconds": 2.1002487572841346}
{"A_updated": true, "batch": [2295, 6349, 470, 5135, 546, 506, 619, 6120, 3515, 3064, 2100, 2142, 2343, 207, 1006, 1025, 3003, 1757, 4085, 490, 5091, 4652, 3727, 2457, 902, 1527, 534, 173, 3200, 2047, 6089, 1889, 220, 5263, 5041, 1414, 3266, 3373, 5348, 2636, 5541, 2135, 6082, 3932, 5383, 5722, 69, 828, 1142, 1838, 3101, 3914, 5976, 2512, 4702, 4041, 2492, 566, 908, 4568, 5765, 5856, 689, 844], "ce": 0.20927724055945873, "clean_bank_sha256": "bfdb2e67aa0f56139df9d7681b883ddb91ff5d60fb5cfffc98275e51dc9475a7", "feature_rows_sha256": "5d85fd289a658463816031a815aa4c40384dfb18019bd0a675ced845c9701825", "gradient_norms": {"A": 37.42707097504173}, "loss": 0.6383316200226545, "mask_sha256": "89a83d3ab108d3bda88ebcb4576d237d3438641287401ba0288b2174dc182de6", "preclip_norm": 37.42707443237305, "rank": 0.053631797432899475, "scale": 128.0, "schedule_sha256": "662a9122d12c50930f6f7df42e83d0e593078af8e124af13cff261a59a942041", "seconds": 0.3416266646236181, "state_sha256": "66445cfc457b2034c29e73e385986c4f3176a380ea2d27e0fbe2e2881b9f1b07", "step": 2}
{"event": "QUADRATIC_PHASE", "phase": "integrity", "delta_seconds": 0.08948025992140174, "cumulative_seconds": 2.1897290172055364}
FINAL_CGROUP {"command_exit_status": 0, "invocation_id": "7a1b0b6dd44643149fb486c6ff6ab8d9", "path": "/sys/fs/cgroup/user.slice/user-1000.slice/user@1000.service/app.slice/sfora-so400-quadratic-readout-cpu-v1.service", "values": {"memory.current": "749191168", "memory.events": "low 0\nhigh 0\nmax 0\noom 0\noom_kill 0\noom_group_kill 0", "memory.max": "8589934592", "memory.peak": "1360617472", "memory.stat": "anon 224055296\nfile 474927104\nkernel 37556224\nkernel_stack 49152\npagetables 3153920\nsec_pagetables 0\npercpu 1408\nsock 0\nvmalloc 0\nshmem 0\nzswap 0\nzswapped 0\nfile_mapped 210092032\nfile_dirty 4096\nfile_writeback 0\nswapcached 0\nanon_thp 0\nfile_thp 0\nshmem_thp 0\ninactive_anon 0\nactive_anon 234070016\ninactive_file 117415936\nactive_file 357511168\nunevictable 0\nslab_reclaimable 33767104\nslab_unreclaimable 562864\nslab 34329968\nworkingset_refault_anon 0\nworkingset_refault_file 0\nworkingset_activate_anon 0\nworkingset_activate_file 0\nworkingset_restore_anon 0\nworkingset_restore_file 0\nworkingset_nodereclaim 0\npgdemote_kswapd 0\npgdemote_direct 0\npgdemote_khugepaged 0\npgdemote_proactive 0\npgpromote_success 0\npgscan 0\npgsteal 0\npswpin 0\npswpout 0\npgscan_kswapd 0\npgscan_direct 0\npgscan_khugepaged 0\npgscan_proactive 0\npgsteal_kswapd 0\npgsteal_direct 0\npgsteal_khugepaged 0\npgsteal_proactive 0\npgfault 181141\npgmajfault 3535\npgrefill 0\npgactivate 0\npgdeactivate 0\npglazyfree 0\npglazyfreed 0\nswpin_zero 0\nswpout_zero 0\nzswpin 0\nzswpout 0\nzswpwb 0\nthp_fault_alloc 165\nthp_collapse_alloc 1\nthp_swpout 0\nthp_swpout_fallback 0\nnuma_pages_migrated 0\nnuma_pte_updates 0\nnuma_hint_faults 0", "memory.swap.current": "0", "memory.swap.max": "0", "memory.swap.peak": "0"}}
STOP_CGROUP {"exit_code": "killed", "exit_status": "TERM", "invocation_id": "7a1b0b6dd44643149fb486c6ff6ab8d9", "path": "/sys/fs/cgroup/user.slice/user-1000.slice/user@1000.service/app.slice/sfora-so400-quadratic-readout-cpu-v1.service", "service_result": "timeout", "values": {"memory.current": "645394432", "memory.events": "low 0\nhigh 0\nmax 0\noom 0\noom_kill 0\noom_group_kill 0", "memory.max": "8589934592", "memory.peak": "1360617472", "memory.stat": "anon 99614720\nfile 474927104\nkernel 37355520\nkernel_stack 16384\npagetables 3158016\nsec_pagetables 0\npercpu 1408\nsock 0\nvmalloc 0\nshmem 0\nzswap 0\nzswapped 0\nfile_mapped 2191360\nfile_dirty 4096\nfile_writeback 0\nswapcached 0\nanon_thp 0\nfile_thp 0\nshmem_thp 0\ninactive_anon 0\nactive_anon 130580480\ninactive_file 117415936\nactive_file 357511168\nunevictable 0\nslab_reclaimable 33766192\nslab_unreclaimable 417008\nslab 34183200\nworkingset_refault_anon 0\nworkingset_refault_file 0\nworkingset_activate_anon 0\nworkingset_activate_file 0\nworkingset_restore_anon 0\nworkingset_restore_file 0\nworkingset_nodereclaim 0\npgdemote_kswapd 0\npgdemote_direct 0\npgdemote_khugepaged 0\npgdemote_proactive 0\npgpromote_success 0\npgscan 0\npgsteal 0\npswpin 0\npswpout 0\npgscan_kswapd 0\npgscan_direct 0\npgscan_khugepaged 0\npgscan_proactive 0\npgsteal_kswapd 0\npgsteal_direct 0\npgsteal_khugepaged 0\npgsteal_proactive 0\npgfault 181880\npgmajfault 3535\npgrefill 0\npgactivate 0\npgdeactivate 0\npglazyfree 0\npglazyfreed 0\nswpin_zero 0\nswpout_zero 0\nzswpin 0\nzswpout 0\nzswpwb 0\nthp_fault_alloc 165\nthp_collapse_alloc 1\nthp_swpout 0\nthp_swpout_fallback 0\nnuma_pages_migrated 0\nnuma_pte_updates 0\nnuma_hint_faults 0", "memory.swap.current": "0", "memory.swap.max": "0", "memory.swap.peak": "0"}}
Finished with result: timeout
Main processes terminated with: code=killed/status=TERM
Service runtime: 2min 152ms
CPU time consumed: 47.548s
Memory peak: 1.2G
Memory swap peak: 0B
