Running as unit: sfora-so400-genuine-view-cpu-v1.service; invocation ID: c22b296edd8a42469f9f59668025f0c1
test_siglip2_genuine_view_training.py: OK
train_siglip2_genuine_views.py: OK
execution.json: OK
authority-cpu-v1.json: OK
/home/riomus/runs/sfora-native256-initialized-cpu-final-footer-v1.py: OK
/home/riomus/runs/sfora-native256-stop-cgroup-footer-v1.py: OK
{"batch": [185, 419, 3802, 1536, 5675, 3633, 5030, 3737, 5622, 1070, 6090, 343, 1312, 4889, 5235, 1321, 3024, 669, 3387, 2180, 4276, 1577, 1393, 2469, 5116, 5843, 3925, 4775, 6105, 1374, 6211, 6342, 1670, 3789, 4878, 4751, 4682, 0, 5563, 1939, 1128, 1997, 1792, 5558, 5172, 1902, 2862, 3766, 5306, 2704, 2617, 5024, 4845, 2339, 3593, 1873, 5759, 2475, 1255, 1324, 292, 3595, 5093, 6215], "ce": 1.0433785244822502, "clean_bank_sha256": "fabc987fcdf3b6d9a92e9e0d01a01ee2dcc544ab32feeb550619c7ccf8b79226", "feature_rows_sha256": "7fe1a925df73f66e8d1b94f113d02b6bae536e00ad82cb371e43c97235044fe7", "gradient_norms": {"classifier": 3.120975149860962, "compact_head.down.weight": 0.0, "compact_head.primary.bias": 6.067050284719712, "compact_head.primary.weight": 6.132401211212126, "compact_head.up.weight": 16.873688880875804}, "loss": 2.970601849257946, "mask_sha256": "fa87542a2e1d985fec14820e82093a86b814c5aee9081651b083d77c91b6ea47", "preclip_norm": 19.206167221069336, "rank": 0.24090291559696198, "scale": 128.0, "schedule_sha256": "662a9122d12c50930f6f7df42e83d0e593078af8e124af13cff261a59a942041", "seconds": 0.28283678786829114, "state_sha256": "51cad73e6df0c01976b1f6019622c0c1307d81026f3dfbf8c3148c1cc215241d", "step": 1}
{"batch": [2295, 6349, 470, 5135, 546, 506, 619, 6120, 3515, 3064, 2100, 2142, 2343, 207, 1006, 1025, 3003, 1757, 4085, 490, 5091, 4652, 3727, 2457, 902, 1527, 534, 173, 3200, 2047, 6089, 1889, 220, 5263, 5041, 1414, 3266, 3373, 5348, 2636, 5541, 2135, 6082, 3932, 5383, 5722, 69, 828, 1142, 1838, 3101, 3914, 5976, 2512, 4702, 4041, 2492, 566, 908, 4568, 5765, 5856, 689, 844], "ce": 1.9620593339204788, "clean_bank_sha256": "97e8f8ad139103b44143338a5ac65273dd6ac75cba006b845a4916ec49d8d1fe", "feature_rows_sha256": "b520565b6fed660bbdb5ef22d6b5d957424e0f0f741a12b2ca85ddf569d84519", "gradient_norms": {"classifier": 4.033371435841185, "compact_head.down.weight": 0.0016586994650750002, "compact_head.primary.bias": 9.80820913799001, "compact_head.primary.weight": 9.554438855796386, "compact_head.up.weight": 27.205121887803593}, "loss": 4.404546692967415, "mask_sha256": "89a83d3ab108d3bda88ebcb4576d237d3438641287401ba0288b2174dc182de6", "preclip_norm": 30.722536087036133, "rank": 0.305310919880867, "scale": 128.0, "schedule_sha256": "662a9122d12c50930f6f7df42e83d0e593078af8e124af13cff261a59a942041", "seconds": 0.1711906110867858, "state_sha256": "898761a34bd80494e6367415b6d1dc66664cdbd9b09d109f37b2008abec4304e", "step": 2}
{"batch": [2295, 6349, 470, 5135, 546, 506, 619, 6120, 3515, 3064, 2100, 2142, 2343, 207, 1006, 1025, 3003, 1757, 4085, 490, 5091, 4652, 3727, 2457, 902, 1527, 534, 173, 3200, 2047, 6089, 1889, 220, 5263, 5041, 1414, 3266, 3373, 5348, 2636, 5541, 2135, 6082, 3932, 5383, 5722, 69, 828, 1142, 1838, 3101, 3914, 5976, 2512, 4702, 4041, 2492, 566, 908, 4568, 5765, 5856, 689, 844], "ce": 1.9620593339204788, "clean_bank_sha256": "97e8f8ad139103b44143338a5ac65273dd6ac75cba006b845a4916ec49d8d1fe", "feature_rows_sha256": "b520565b6fed660bbdb5ef22d6b5d957424e0f0f741a12b2ca85ddf569d84519", "gradient_norms": {"classifier": 4.033371435841185, "compact_head.down.weight": 0.0016586994650750002, "compact_head.primary.bias": 9.80820913799001, "compact_head.primary.weight": 9.554438855796386, "compact_head.up.weight": 27.205121887803593}, "loss": 4.404546692967415, "mask_sha256": "89a83d3ab108d3bda88ebcb4576d237d3438641287401ba0288b2174dc182de6", "preclip_norm": 30.722536087036133, "rank": 0.305310919880867, "scale": 128.0, "schedule_sha256": "662a9122d12c50930f6f7df42e83d0e593078af8e124af13cff261a59a942041", "seconds": 0.2215860029682517, "state_sha256": "898761a34bd80494e6367415b6d1dc66664cdbd9b09d109f37b2008abec4304e", "step": 2}
{"batch": [185, 419, 3802, 1536, 5675, 3633, 5030, 3737, 5622, 1070, 6090, 343, 1312, 4889, 5235, 1321, 3024, 669, 3387, 2180, 4276, 1577, 1393, 2469, 5116, 5843, 3925, 4775, 6105, 1374, 6211, 6342, 1670, 3789, 4878, 4751, 4682, 0, 5563, 1939, 1128, 1997, 1792, 5558, 5172, 1902, 2862, 3766, 5306, 2704, 2617, 5024, 4845, 2339, 3593, 1873, 5759, 2475, 1255, 1324, 292, 3595, 5093, 6215], "ce": 1.8019991740584373, "clean_bank_sha256": "fabc987fcdf3b6d9a92e9e0d01a01ee2dcc544ab32feeb550619c7ccf8b79226", "feature_rows_sha256": "7fe1a925df73f66e8d1b94f113d02b6bae536e00ad82cb371e43c97235044fe7", "gradient_norms": {"classifier": 3.9761396389851393, "compact_head.down.weight": 0.0, "compact_head.primary.bias": 8.78171579377108, "compact_head.primary.weight": 8.491539882031216, "compact_head.up.weight": 23.005345629598335}, "loss": 3.8975307568907738, "mask_sha256": "fa87542a2e1d985fec14820e82093a86b814c5aee9081651b083d77c91b6ea47", "preclip_norm": 26.34917640686035, "rank": 0.26194144785404205, "scale": 128.0, "schedule_sha256": "662a9122d12c50930f6f7df42e83d0e593078af8e124af13cff261a59a942041", "seconds": 0.1104310741648078, "state_sha256": "70575423f367317f3720d746971c7bd9398e7bfb23f621d24a6d0ed96e636a10", "step": 1}
{"batch": [2295, 6349, 470, 5135, 546, 506, 619, 6120, 3515, 3064, 2100, 2142, 2343, 207, 1006, 1025, 3003, 1757, 4085, 490, 5091, 4652, 3727, 2457, 902, 1527, 534, 173, 3200, 2047, 6089, 1889, 220, 5263, 5041, 1414, 3266, 3373, 5348, 2636, 5541, 2135, 6082, 3932, 5383, 5722, 69, 828, 1142, 1838, 3101, 3914, 5976, 2512, 4702, 4041, 2492, 566, 908, 4568, 5765, 5856, 689, 844], "ce": 2.3509677201509476, "clean_bank_sha256": "a504b666a875d4195d27a36f7f99a2f50af73c2eec343f08039c6ef0182f02df", "feature_rows_sha256": "b520565b6fed660bbdb5ef22d6b5d957424e0f0f741a12b2ca85ddf569d84519", "gradient_norms": {"classifier": 4.750498497005442, "compact_head.down.weight": 0.0021430504621200363, "compact_head.primary.bias": 13.705886484092064, "compact_head.primary.weight": 12.480912532518625, "compact_head.up.weight": 32.143223957581924}, "loss": 4.749786332249641, "mask_sha256": "89a83d3ab108d3bda88ebcb4576d237d3438641287401ba0288b2174dc182de6", "preclip_norm": 37.408233642578125, "rank": 0.29985232651233673, "scale": 128.0, "schedule_sha256": "662a9122d12c50930f6f7df42e83d0e593078af8e124af13cff261a59a942041", "seconds": 0.12199443532153964, "state_sha256": "049b0f2593c4cacff3e5b4a584c544dd99e4208f06de6fba189a1aee6c5c0858", "step": 2}
{"batch": [2295, 6349, 470, 5135, 546, 506, 619, 6120, 3515, 3064, 2100, 2142, 2343, 207, 1006, 1025, 3003, 1757, 4085, 490, 5091, 4652, 3727, 2457, 902, 1527, 534, 173, 3200, 2047, 6089, 1889, 220, 5263, 5041, 1414, 3266, 3373, 5348, 2636, 5541, 2135, 6082, 3932, 5383, 5722, 69, 828, 1142, 1838, 3101, 3914, 5976, 2512, 4702, 4041, 2492, 566, 908, 4568, 5765, 5856, 689, 844], "ce": 2.3509677201509476, "clean_bank_sha256": "a504b666a875d4195d27a36f7f99a2f50af73c2eec343f08039c6ef0182f02df", "feature_rows_sha256": "b520565b6fed660bbdb5ef22d6b5d957424e0f0f741a12b2ca85ddf569d84519", "gradient_norms": {"classifier": 4.750498497005442, "compact_head.down.weight": 0.0021430504621200363, "compact_head.primary.bias": 13.705886484092064, "compact_head.primary.weight": 12.480912532518625, "compact_head.up.weight": 32.143223957581924}, "loss": 4.749786332249641, "mask_sha256": "89a83d3ab108d3bda88ebcb4576d237d3438641287401ba0288b2174dc182de6", "preclip_norm": 37.408233642578125, "rank": 0.29985232651233673, "scale": 128.0, "schedule_sha256": "662a9122d12c50930f6f7df42e83d0e593078af8e124af13cff261a59a942041", "seconds": 0.10924526816233993, "state_sha256": "049b0f2593c4cacff3e5b4a584c544dd99e4208f06de6fba189a1aee6c5c0858", "step": 2}
{"schema": "siglip2-genuine-view-trainer-v1", "phase": "cpu", "output": "/home/riomus/runs/sfora-so400-genuine-view-cpu-v1"}
test_siglip2_genuine_view_training.py: OK
train_siglip2_genuine_views.py: OK
execution.json: OK
authority-cpu-v1.json: OK
/home/riomus/runs/sfora-native256-initialized-cpu-final-footer-v1.py: OK
/home/riomus/runs/sfora-native256-stop-cgroup-footer-v1.py: OK
FINAL_CGROUP {"command_exit_status": 0, "invocation_id": "c22b296edd8a42469f9f59668025f0c1", "path": "/sys/fs/cgroup/user.slice/user-1000.slice/user@1000.service/app.slice/sfora-so400-genuine-view-cpu-v1.service", "values": {"memory.current": "622039040", "memory.events": "low 0\nhigh 0\nmax 0\noom 0\noom_kill 0\noom_group_kill 0", "memory.max": "8589934592", "memory.peak": "1472462848", "memory.stat": "anon 5861376\nfile 579936256\nkernel 34836480\nkernel_stack 65536\npagetables 344064\nsec_pagetables 0\npercpu 2464\nsock 0\nvmalloc 0\nshmem 0\nzswap 0\nzswapped 0\nfile_mapped 16384\nfile_dirty 12288\nfile_writeback 0\nswapcached 0\nanon_thp 0\nfile_thp 8388608\nshmem_thp 0\ninactive_anon 0\nactive_anon 5718016\ninactive_file 118910976\nactive_file 461021184\nunevictable 0\nslab_reclaimable 34256544\nslab_unreclaimable 158672\nslab 34415216\nworkingset_refault_anon 0\nworkingset_refault_file 0\nworkingset_activate_anon 0\nworkingset_activate_file 0\nworkingset_restore_anon 0\nworkingset_restore_file 0\nworkingset_nodereclaim 0\npgdemote_kswapd 0\npgdemote_direct 0\npgdemote_khugepaged 0\npgdemote_proactive 0\npgpromote_success 0\npgscan 0\npgsteal 0\npswpin 0\npswpout 0\npgscan_kswapd 0\npgscan_direct 0\npgscan_khugepaged 0\npgscan_proactive 0\npgsteal_kswapd 0\npgsteal_direct 0\npgsteal_khugepaged 0\npgsteal_proactive 0\npgfault 186883\npgmajfault 5093\npgrefill 0\npgactivate 0\npgdeactivate 0\npglazyfree 0\npglazyfreed 0\nswpin_zero 0\nswpout_zero 0\nzswpin 0\nzswpout 0\nzswpwb 0\nthp_fault_alloc 257\nthp_collapse_alloc 6\nthp_swpout 0\nthp_swpout_fallback 0\nnuma_pages_migrated 0\nnuma_pte_updates 0\nnuma_hint_faults 0", "memory.swap.current": "0", "memory.swap.max": "0", "memory.swap.peak": "0"}}
	Command being timed: "/bin/bash /home/riomus/runs/sfora-so400-genuine-view-train-source-v1/cpu-command.sh"
	User time (seconds): 32.27
	System time (seconds): 5.67
	Percent of CPU this job got: 39%
	Elapsed (wall clock) time (h:mm:ss or m:ss): 1:35.89
	Average shared text size (kbytes): 0
	Average unshared data size (kbytes): 0
	Average stack size (kbytes): 0
	Average total size (kbytes): 0
	Maximum resident set size (kbytes): 1188668
	Average resident set size (kbytes): 0
	Major (requiring I/O) page faults: 5093
	Minor (reclaiming a frame) page faults: 181615
	Voluntary context switches: 275426
	Involuntary context switches: 217
	Swaps: 0
	File system inputs: 87736560
	File system outputs: 129272
	Socket messages sent: 0
	Socket messages received: 0
	Signals delivered: 0
	Page size (bytes): 4096
	Exit status: 0
STOP_CGROUP {"exit_code": "exited", "exit_status": "0", "invocation_id": "c22b296edd8a42469f9f59668025f0c1", "path": "/sys/fs/cgroup/user.slice/user-1000.slice/user@1000.service/app.slice/sfora-so400-genuine-view-cpu-v1.service", "service_result": "success", "values": {"memory.current": "620982272", "memory.events": "low 0\nhigh 0\nmax 0\noom 0\noom_kill 0\noom_group_kill 0", "memory.max": "8589934592", "memory.peak": "1472462848", "memory.stat": "anon 5292032\nfile 579936256\nkernel 34418688\nkernel_stack 0\npagetables 102400\nsec_pagetables 0\npercpu 1760\nsock 0\nvmalloc 0\nshmem 0\nzswap 0\nzswapped 0\nfile_mapped 0\nfile_dirty 12288\nfile_writeback 0\nswapcached 0\nanon_thp 0\nfile_thp 8388608\nshmem_thp 0\ninactive_anon 0\nactive_anon 5259264\ninactive_file 118910976\nactive_file 461021184\nunevictable 0\nslab_reclaimable 34252656\nslab_unreclaimable 58424\nslab 34311080\nworkingset_refault_anon 0\nworkingset_refault_file 0\nworkingset_activate_anon 0\nworkingset_activate_file 0\nworkingset_restore_anon 0\nworkingset_restore_file 0\nworkingset_nodereclaim 0\npgdemote_kswapd 0\npgdemote_direct 0\npgdemote_khugepaged 0\npgdemote_proactive 0\npgpromote_success 0\npgscan 0\npgsteal 0\npswpin 0\npswpout 0\npgscan_kswapd 0\npgscan_direct 0\npgscan_khugepaged 0\npgscan_proactive 0\npgsteal_kswapd 0\npgsteal_direct 0\npgsteal_khugepaged 0\npgsteal_proactive 0\npgfault 188366\npgmajfault 5093\npgrefill 0\npgactivate 0\npgdeactivate 0\npglazyfree 0\npglazyfreed 0\nswpin_zero 0\nswpout_zero 0\nzswpin 0\nzswpout 0\nzswpwb 0\nthp_fault_alloc 257\nthp_collapse_alloc 6\nthp_swpout 0\nthp_swpout_fallback 0\nnuma_pages_migrated 0\nnuma_pte_updates 0\nnuma_hint_faults 0", "memory.swap.current": "0", "memory.swap.max": "0", "memory.swap.peak": "0"}}
Finished with result: success
Main processes terminated with: code=exited/status=0
Service runtime: 1min 35.933s
CPU time consumed: 37.971s
Memory peak: 1.3G
Memory swap peak: 0B
