/home/riomus/runs/sfora-connected-full-authority-observation-source-v4/command.sh: OK
Running as unit: sfora-connected-full-authority-observation-v4.service; invocation ID: 4b935d2c7b204e63ae1155768f985e77
/home/riomus/runs/sfora-connected-full-authority-observation-source-v4/observe_connected_full_authority.py: OK
/home/riomus/runs/sfora-connected-full-authority-observation-source-v4/test_connected_full_authority_observation.py: OK
/home/riomus/.local/share/uv/python/cpython-3.13.9-linux-aarch64-gnu/bin/python3.13: OK
/home/riomus/runs/sfora-connected-mlp-evaluation-source-v7/evaluate_siglip2_connected_mlp.py: OK
/home/riomus/runs/sfora-connected-mlp-evaluation-source-v7/execution.json: OK
/home/riomus/runs/sfora-connected-mlp-evaluation-source-v7/authority-full-cpu-v3.json: OK
/home/riomus/runs/sfora-connected-mlp-evaluation-source-v7/full-cpu-v3-command.sh: OK
/home/riomus/runs/sfora-connected-mlp-evaluation-source-v7/test_connected_mlp_evaluation.py: OK
/home/riomus/runs/sfora-connected-full-authority-observation-source-v4/manifest.json: OK
/home/riomus/runs/sfora-native256-initialized-cpu-final-footer-v1.py: OK
/home/riomus/runs/sfora-native256-stop-cgroup-footer-v1.py: OK
/home/riomus/runs/sfora-connected-full-authority-observation-source-v4/observe_connected_full_authority.py: OK
/home/riomus/runs/sfora-connected-full-authority-observation-source-v4/test_connected_full_authority_observation.py: OK
/home/riomus/.local/share/uv/python/cpython-3.13.9-linux-aarch64-gnu/bin/python3.13: OK
/home/riomus/runs/sfora-connected-mlp-evaluation-source-v7/evaluate_siglip2_connected_mlp.py: OK
/home/riomus/runs/sfora-connected-mlp-evaluation-source-v7/execution.json: OK
/home/riomus/runs/sfora-connected-mlp-evaluation-source-v7/authority-full-cpu-v3.json: OK
/home/riomus/runs/sfora-connected-mlp-evaluation-source-v7/full-cpu-v3-command.sh: OK
/home/riomus/runs/sfora-connected-mlp-evaluation-source-v7/test_connected_mlp_evaluation.py: OK
/home/riomus/runs/sfora-connected-full-authority-observation-source-v4/manifest.json: OK
/home/riomus/runs/sfora-native256-initialized-cpu-final-footer-v1.py: OK
/home/riomus/runs/sfora-native256-stop-cgroup-footer-v1.py: OK
FINAL_CGROUP {"command_exit_status": 0, "invocation_id": "4b935d2c7b204e63ae1155768f985e77", "path": "/sys/fs/cgroup/user.slice/user-1000.slice/user@1000.service/app.slice/sfora-connected-full-authority-observation-v4.service", "values": {"memory.current": "239517696", "memory.events": "low 0\nhigh 0\nmax 0\noom 0\noom_kill 0\noom_group_kill 0", "memory.max": "8589934592", "memory.peak": "662966272", "memory.stat": "anon 5996544\nfile 137089024\nkernel 94457856\nkernel_stack 65536\npagetables 335872\nsec_pagetables 0\npercpu 2112\nsock 0\nvmalloc 0\nshmem 0\nzswap 0\nzswapped 0\nfile_mapped 0\nfile_dirty 40960\nfile_writeback 0\nswapcached 0\nanon_thp 0\nfile_thp 0\nshmem_thp 0\ninactive_anon 0\nactive_anon 5885952\ninactive_file 136093696\nactive_file 991232\nunevictable 0\nslab_reclaimable 93922040\nslab_unreclaimable 123128\nslab 94045168\nworkingset_refault_anon 0\nworkingset_refault_file 0\nworkingset_activate_anon 0\nworkingset_activate_file 0\nworkingset_restore_anon 0\nworkingset_restore_file 0\nworkingset_nodereclaim 0\npgdemote_kswapd 0\npgdemote_direct 0\npgdemote_khugepaged 0\npgdemote_proactive 0\npgpromote_success 0\npgscan 0\npgsteal 0\npswpin 0\npswpout 0\npgscan_kswapd 0\npgscan_direct 0\npgscan_khugepaged 0\npgscan_proactive 0\npgsteal_kswapd 0\npgsteal_direct 0\npgsteal_khugepaged 0\npgsteal_proactive 0\npgfault 257371\npgmajfault 23\npgrefill 0\npgactivate 0\npgdeactivate 0\npglazyfree 0\npglazyfreed 0\nswpin_zero 0\nswpout_zero 0\nzswpin 0\nzswpout 0\nzswpwb 0\nthp_fault_alloc 0\nthp_collapse_alloc 0\nthp_swpout 0\nthp_swpout_fallback 0\nnuma_pages_migrated 0\nnuma_pte_updates 0\nnuma_hint_faults 0", "memory.swap.current": "0", "memory.swap.max": "0", "memory.swap.peak": "0"}}
	Command being timed: "/bin/bash -c set -e; sudo -n /bin/sync; sudo -n /bin/sh -c "echo 3 > /proc/sys/vm/drop_caches"; exec /bin/bash /home/riomus/runs/sfora-connected-full-authority-observation-source-v4/command.sh"
	User time (seconds): 259.96
	System time (seconds): 54.97
	Percent of CPU this job got: 76%
	Elapsed (wall clock) time (h:mm:ss or m:ss): 6:50.11
	Average shared text size (kbytes): 0
	Average unshared data size (kbytes): 0
	Average stack size (kbytes): 0
	Average total size (kbytes): 0
	Maximum resident set size (kbytes): 435156
	Average resident set size (kbytes): 0
	Major (requiring I/O) page faults: 23
	Minor (reclaiming a frame) page faults: 257181
	Voluntary context switches: 5715501
	Involuntary context switches: 1775
	Swaps: 0
	File system inputs: 613177336
	File system outputs: 2288
	Socket messages sent: 0
	Socket messages received: 0
	Signals delivered: 0
	Page size (bytes): 4096
	Exit status: 0
STOP_CGROUP {"exit_code": "exited", "exit_status": "0", "invocation_id": "4b935d2c7b204e63ae1155768f985e77", "path": "/sys/fs/cgroup/user.slice/user-1000.slice/user@1000.service/app.slice/sfora-connected-full-authority-observation-v4.service", "service_result": "success", "values": {"memory.current": "238735360", "memory.events": "low 0\nhigh 0\nmax 0\noom 0\noom_kill 0\noom_group_kill 0", "memory.max": "8589934592", "memory.peak": "662966272", "memory.stat": "anon 5435392\nfile 137093120\nkernel 94085120\nkernel_stack 0\npagetables 106496\nsec_pagetables 0\npercpu 1760\nsock 0\nvmalloc 0\nshmem 0\nzswap 0\nzswapped 0\nfile_mapped 0\nfile_dirty 45056\nfile_writeback 0\nswapcached 0\nanon_thp 0\nfile_thp 0\nshmem_thp 0\ninactive_anon 0\nactive_anon 5328896\ninactive_file 136093696\nactive_file 991232\nunevictable 0\nslab_reclaimable 93925680\nslab_unreclaimable 26896\nslab 93952576\nworkingset_refault_anon 0\nworkingset_refault_file 0\nworkingset_activate_anon 0\nworkingset_activate_file 0\nworkingset_restore_anon 0\nworkingset_restore_file 0\nworkingset_nodereclaim 0\npgdemote_kswapd 0\npgdemote_direct 0\npgdemote_khugepaged 0\npgdemote_proactive 0\npgpromote_success 0\npgscan 0\npgsteal 0\npswpin 0\npswpout 0\npgscan_kswapd 0\npgscan_direct 0\npgscan_khugepaged 0\npgscan_proactive 0\npgsteal_kswapd 0\npgsteal_direct 0\npgsteal_khugepaged 0\npgsteal_proactive 0\npgfault 258925\npgmajfault 23\npgrefill 0\npgactivate 0\npgdeactivate 0\npglazyfree 0\npglazyfreed 0\nswpin_zero 0\nswpout_zero 0\nzswpin 0\nzswpout 0\nzswpwb 0\nthp_fault_alloc 0\nthp_collapse_alloc 0\nthp_swpout 0\nthp_swpout_fallback 0\nnuma_pages_migrated 0\nnuma_pte_updates 0\nnuma_hint_faults 0", "memory.swap.current": "0", "memory.swap.max": "0", "memory.swap.peak": "0"}}
Finished with result: success
Main processes terminated with: code=exited/status=0
Service runtime: 6min 50.152s
CPU time consumed: 5min 14.962s
Memory peak: 632.2M
Memory swap peak: 0B
