/home/riomus/runs/sfora-so400-fullfeature-residual-evaluation-source-v1/full-selection-score-v1-command.sh: OK
Running as unit: sfora-so400-fullfeature-residual-evaluation-full-selection-score-v1.service; invocation ID: 4a0f3b0ae04544899dd057965fdbf1d2
/home/riomus/.local/share/uv/python/cpython-3.13.9-linux-aarch64-gnu/bin/python3.13: OK
/home/riomus/runs/sfora-native256-initialized-cpu-final-footer-v1.py: OK
/home/riomus/runs/sfora-native256-stop-cgroup-footer-v1.py: OK
/home/riomus/runs/sfora-so400-compact-ranking-evaluation-reference-v1/evaluate_siglip2_nearest_ranking.py: OK
/home/riomus/runs/sfora-so400-compact-ranking-evaluation-reference-v1/execution.json: OK
/home/riomus/runs/sfora-so400-compact-ranking-evaluation-reference-v1/test_nearest_ranking_evaluation.py: OK
/home/riomus/runs/sfora-so400-fullfeature-residual-evaluation-source-v1/authority-full-selection-score-v1.json: OK
/home/riomus/runs/sfora-so400-fullfeature-residual-evaluation-source-v1/evaluate_siglip2_compact_ranking.py: OK
/home/riomus/runs/sfora-so400-fullfeature-residual-evaluation-source-v1/execution.json: OK
/home/riomus/runs/sfora-so400-fullfeature-residual-evaluation-source-v1/test_compact_ranking_evaluation.py: OK
/home/riomus/runs/sfora-so400-fullfeature-residual-train-candidate-179061-v1/bundle/bundle.json: OK
/home/riomus/runs/sfora-so400-fullfeature-residual-train-candidate-179061-v1/receipt.json: OK
/home/riomus/runs/sfora-so400-fullfeature-residual-train-candidate-179061-v1/resume.pt: OK
/home/riomus/runs/sfora-so400-fullfeature-residual-train-control-179061-v1/bundle/bundle.json: OK
/home/riomus/runs/sfora-so400-fullfeature-residual-train-control-179061-v1/receipt.json: OK
/home/riomus/runs/sfora-so400-fullfeature-residual-train-control-179061-v1/resume.pt: OK
/home/riomus/runs/sfora-so400-fullfeature-residual-train-source-v1/authority-train-candidate-179061-v1.json: OK
/home/riomus/runs/sfora-so400-fullfeature-residual-train-source-v1/authority-train-control-179061-v1.json: OK
/home/riomus/runs/sfora-so400-fullfeature-residual-train-source-v1/execution.json: OK
/home/riomus/runs/sfora-so400-fullfeature-residual-train-source-v1/test_siglip2_compact_ranking.py: OK
/home/riomus/runs/sfora-so400-fullfeature-residual-train-source-v1/train-candidate-179061-v1.log: OK
/home/riomus/runs/sfora-so400-fullfeature-residual-train-source-v1/train-control-179061-v1.log: OK
/home/riomus/runs/sfora-so400-fullfeature-residual-train-source-v1/train_siglip2_compact_ranking.py: OK
/home/riomus/runs/sfora-so400-genuine-view-evaluation-source-v4/evaluate_siglip2_genuine_views.py: OK
/home/riomus/runs/sfora-so400-genuine-view-evaluation-source-v4/execution.json: OK
/home/riomus/runs/sfora-so400-genuine-view-evaluation-source-v4/test_siglip2_genuine_view_evaluation.py: OK
/home/riomus/runs/sfora-so400-signed-concat-evaluation-source-v2/evaluate_siglip2_prototype_residual.py: OK
/home/riomus/runs/sfora-so400-signed-concat-evaluation-source-v2/execution.json: OK
/home/riomus/runs/sfora-so400-signed-concat-evaluation-source-v2/test_siglip2_prototype_residual_evaluation.py: OK
/home/riomus/runs/sfora-so400-fullfeature-residual-evaluation-full-export-control-179061-v1/receipt.json: OK
/home/riomus/runs/sfora-so400-fullfeature-residual-evaluation-source-v1/full-export-control-179061-v1.log: OK
/home/riomus/runs/sfora-so400-fullfeature-residual-evaluation-full-export-control-179061-v1/control-179061.packed.bin: OK
/home/riomus/runs/sfora-so400-fullfeature-residual-evaluation-full-export-control-179061-v1/control-179061.raw.npy: OK
/home/riomus/runs/sfora-so400-fullfeature-residual-evaluation-full-export-control-179061-v1/control-179061.unit.npy: OK
/home/riomus/runs/sfora-so400-fullfeature-residual-evaluation-full-export-candidate-179061-v1/receipt.json: OK
/home/riomus/runs/sfora-so400-fullfeature-residual-evaluation-source-v1/full-export-candidate-179061-v1.log: OK
/home/riomus/runs/sfora-so400-fullfeature-residual-evaluation-full-export-candidate-179061-v1/candidate-179061.packed.bin: OK
/home/riomus/runs/sfora-so400-fullfeature-residual-evaluation-full-export-candidate-179061-v1/candidate-179061.raw.npy: OK
/home/riomus/runs/sfora-so400-fullfeature-residual-evaluation-full-export-candidate-179061-v1/candidate-179061.unit.npy: OK
/home/riomus/runs/sfora-so400-fullfeature-residual-evaluation-full-cpu-v1/receipt.json: OK
/home/riomus/runs/sfora-so400-fullfeature-residual-evaluation-source-v1/full-cpu-v1.log: OK
/home/riomus/runs/sfora-so400-fullfeature-residual-evaluation-first-selection-score-v1/receipt.json: OK
/home/riomus/runs/sfora-so400-fullfeature-residual-evaluation-source-v1/first-selection-score-v1.log: OK
/home/riomus/runs/sfora-so400-fullfeature-residual-train-candidate-179069-v2/resume.pt: OK
/home/riomus/runs/sfora-so400-fullfeature-residual-train-candidate-179069-v2/bundle/bundle.json: OK
/home/riomus/runs/sfora-so400-fullfeature-residual-train-source-v1/authority-train-candidate-179069-v2.json: OK
/home/riomus/runs/sfora-so400-fullfeature-residual-train-candidate-179069-v2/receipt.json: OK
/home/riomus/runs/sfora-so400-fullfeature-residual-train-source-v1/train-candidate-179069-v2.log: OK
/home/riomus/runs/sfora-so400-fullfeature-residual-train-control-179069-v2/resume.pt: OK
/home/riomus/runs/sfora-so400-fullfeature-residual-train-control-179069-v2/bundle/bundle.json: OK
/home/riomus/runs/sfora-so400-fullfeature-residual-train-source-v1/authority-train-control-179069-v2.json: OK
/home/riomus/runs/sfora-so400-fullfeature-residual-train-control-179069-v2/receipt.json: OK
/home/riomus/runs/sfora-so400-fullfeature-residual-train-source-v1/train-control-179069-v2.log: OK
/home/riomus/runs/sfora-so400-fullfeature-residual-evaluation-full-export-candidate-179069-v1/receipt.json: OK
/home/riomus/runs/sfora-so400-fullfeature-residual-evaluation-source-v1/full-export-candidate-179069-v1.log: OK
/home/riomus/runs/sfora-so400-fullfeature-residual-evaluation-full-export-control-179069-v1/receipt.json: OK
/home/riomus/runs/sfora-so400-fullfeature-residual-evaluation-source-v1/full-export-control-179069-v1.log: OK
/home/riomus/runs/sfora-so400-fullfeature-residual-evaluation-full-export-candidate-179069-v1/candidate-179069.packed.bin: OK
/home/riomus/runs/sfora-so400-fullfeature-residual-evaluation-full-export-candidate-179069-v1/candidate-179069.raw.npy: OK
/home/riomus/runs/sfora-so400-fullfeature-residual-evaluation-full-export-candidate-179069-v1/candidate-179069.unit.npy: OK
/home/riomus/runs/sfora-so400-fullfeature-residual-evaluation-full-export-control-179069-v1/control-179069.packed.bin: OK
/home/riomus/runs/sfora-so400-fullfeature-residual-evaluation-full-export-control-179069-v1/control-179069.raw.npy: OK
/home/riomus/runs/sfora-so400-fullfeature-residual-evaluation-full-export-control-179069-v1/control-179069.unit.npy: OK
{"progress": "admitted", "phase": "score", "stage": "full", "seconds": 351.9545958121307}
{"progress": "exit_rehash", "seconds": 353.9540027757175}
{"event": "COMPACT_TIMING", "stage": "exit_rehash", "boundary": "begin", "phase": "score", "seconds": 353.95404997607693}
{"event": "PROTOTYPE_PHASE", "phase": "old_exit_begin", "seconds": 367.06001402204856}
{"event": "QUADRATIC_PHASE", "phase": "exit_rehash", "delta_seconds": 16.945938223041594, "cumulative_seconds": 16.945938223041594}
{"event": "PROTOTYPE_PHASE", "phase": "old_exit_end", "seconds": 384.0073579689488}
{"event": "PROTOTYPE_PHASE", "phase": "own_union_begin", "seconds": 384.0073784966953}
{"event": "PROTOTYPE_PHASE", "phase": "own_union_end", "seconds": 399.425082298927}
{"event": "PROTOTYPE_PHASE", "phase": "closure_begin", "seconds": 399.4251361708157}
{"event": "PROTOTYPE_PHASE", "phase": "closure_end", "seconds": 399.42657650308684}
{"event": "COMPACT_TIMING", "stage": "exit_rehash", "boundary": "end", "phase": "score", "seconds": 452.1030443459749}
{"schema": "siglip2-compact-fullfeature-residual-evaluation-v1", "phase": "score", "output": "/home/riomus/runs/sfora-so400-fullfeature-residual-evaluation-full-selection-score-v1", "decision": "KILL"}
/home/riomus/.local/share/uv/python/cpython-3.13.9-linux-aarch64-gnu/bin/python3.13: OK
/home/riomus/runs/sfora-native256-initialized-cpu-final-footer-v1.py: OK
/home/riomus/runs/sfora-native256-stop-cgroup-footer-v1.py: OK
/home/riomus/runs/sfora-so400-compact-ranking-evaluation-reference-v1/evaluate_siglip2_nearest_ranking.py: OK
/home/riomus/runs/sfora-so400-compact-ranking-evaluation-reference-v1/execution.json: OK
/home/riomus/runs/sfora-so400-compact-ranking-evaluation-reference-v1/test_nearest_ranking_evaluation.py: OK
/home/riomus/runs/sfora-so400-fullfeature-residual-evaluation-source-v1/authority-full-selection-score-v1.json: OK
/home/riomus/runs/sfora-so400-fullfeature-residual-evaluation-source-v1/evaluate_siglip2_compact_ranking.py: OK
/home/riomus/runs/sfora-so400-fullfeature-residual-evaluation-source-v1/execution.json: OK
/home/riomus/runs/sfora-so400-fullfeature-residual-evaluation-source-v1/test_compact_ranking_evaluation.py: OK
/home/riomus/runs/sfora-so400-fullfeature-residual-train-candidate-179061-v1/bundle/bundle.json: OK
/home/riomus/runs/sfora-so400-fullfeature-residual-train-candidate-179061-v1/receipt.json: OK
/home/riomus/runs/sfora-so400-fullfeature-residual-train-candidate-179061-v1/resume.pt: OK
/home/riomus/runs/sfora-so400-fullfeature-residual-train-control-179061-v1/bundle/bundle.json: OK
/home/riomus/runs/sfora-so400-fullfeature-residual-train-control-179061-v1/receipt.json: OK
/home/riomus/runs/sfora-so400-fullfeature-residual-train-control-179061-v1/resume.pt: OK
/home/riomus/runs/sfora-so400-fullfeature-residual-train-source-v1/authority-train-candidate-179061-v1.json: OK
/home/riomus/runs/sfora-so400-fullfeature-residual-train-source-v1/authority-train-control-179061-v1.json: OK
/home/riomus/runs/sfora-so400-fullfeature-residual-train-source-v1/execution.json: OK
/home/riomus/runs/sfora-so400-fullfeature-residual-train-source-v1/test_siglip2_compact_ranking.py: OK
/home/riomus/runs/sfora-so400-fullfeature-residual-train-source-v1/train-candidate-179061-v1.log: OK
/home/riomus/runs/sfora-so400-fullfeature-residual-train-source-v1/train-control-179061-v1.log: OK
/home/riomus/runs/sfora-so400-fullfeature-residual-train-source-v1/train_siglip2_compact_ranking.py: OK
/home/riomus/runs/sfora-so400-genuine-view-evaluation-source-v4/evaluate_siglip2_genuine_views.py: OK
/home/riomus/runs/sfora-so400-genuine-view-evaluation-source-v4/execution.json: OK
/home/riomus/runs/sfora-so400-genuine-view-evaluation-source-v4/test_siglip2_genuine_view_evaluation.py: OK
/home/riomus/runs/sfora-so400-signed-concat-evaluation-source-v2/evaluate_siglip2_prototype_residual.py: OK
/home/riomus/runs/sfora-so400-signed-concat-evaluation-source-v2/execution.json: OK
/home/riomus/runs/sfora-so400-signed-concat-evaluation-source-v2/test_siglip2_prototype_residual_evaluation.py: OK
/home/riomus/runs/sfora-so400-fullfeature-residual-evaluation-full-export-control-179061-v1/receipt.json: OK
/home/riomus/runs/sfora-so400-fullfeature-residual-evaluation-source-v1/full-export-control-179061-v1.log: OK
/home/riomus/runs/sfora-so400-fullfeature-residual-evaluation-full-export-control-179061-v1/control-179061.packed.bin: OK
/home/riomus/runs/sfora-so400-fullfeature-residual-evaluation-full-export-control-179061-v1/control-179061.raw.npy: OK
/home/riomus/runs/sfora-so400-fullfeature-residual-evaluation-full-export-control-179061-v1/control-179061.unit.npy: OK
/home/riomus/runs/sfora-so400-fullfeature-residual-evaluation-full-export-candidate-179061-v1/receipt.json: OK
/home/riomus/runs/sfora-so400-fullfeature-residual-evaluation-source-v1/full-export-candidate-179061-v1.log: OK
/home/riomus/runs/sfora-so400-fullfeature-residual-evaluation-full-export-candidate-179061-v1/candidate-179061.packed.bin: OK
/home/riomus/runs/sfora-so400-fullfeature-residual-evaluation-full-export-candidate-179061-v1/candidate-179061.raw.npy: OK
/home/riomus/runs/sfora-so400-fullfeature-residual-evaluation-full-export-candidate-179061-v1/candidate-179061.unit.npy: OK
/home/riomus/runs/sfora-so400-fullfeature-residual-evaluation-full-cpu-v1/receipt.json: OK
/home/riomus/runs/sfora-so400-fullfeature-residual-evaluation-source-v1/full-cpu-v1.log: OK
/home/riomus/runs/sfora-so400-fullfeature-residual-evaluation-first-selection-score-v1/receipt.json: OK
/home/riomus/runs/sfora-so400-fullfeature-residual-evaluation-source-v1/first-selection-score-v1.log: OK
/home/riomus/runs/sfora-so400-fullfeature-residual-train-candidate-179069-v2/resume.pt: OK
/home/riomus/runs/sfora-so400-fullfeature-residual-train-candidate-179069-v2/bundle/bundle.json: OK
/home/riomus/runs/sfora-so400-fullfeature-residual-train-source-v1/authority-train-candidate-179069-v2.json: OK
/home/riomus/runs/sfora-so400-fullfeature-residual-train-candidate-179069-v2/receipt.json: OK
/home/riomus/runs/sfora-so400-fullfeature-residual-train-source-v1/train-candidate-179069-v2.log: OK
/home/riomus/runs/sfora-so400-fullfeature-residual-train-control-179069-v2/resume.pt: OK
/home/riomus/runs/sfora-so400-fullfeature-residual-train-control-179069-v2/bundle/bundle.json: OK
/home/riomus/runs/sfora-so400-fullfeature-residual-train-source-v1/authority-train-control-179069-v2.json: OK
/home/riomus/runs/sfora-so400-fullfeature-residual-train-control-179069-v2/receipt.json: OK
/home/riomus/runs/sfora-so400-fullfeature-residual-train-source-v1/train-control-179069-v2.log: OK
/home/riomus/runs/sfora-so400-fullfeature-residual-evaluation-full-export-candidate-179069-v1/receipt.json: OK
/home/riomus/runs/sfora-so400-fullfeature-residual-evaluation-source-v1/full-export-candidate-179069-v1.log: OK
/home/riomus/runs/sfora-so400-fullfeature-residual-evaluation-full-export-control-179069-v1/receipt.json: OK
/home/riomus/runs/sfora-so400-fullfeature-residual-evaluation-source-v1/full-export-control-179069-v1.log: OK
/home/riomus/runs/sfora-so400-fullfeature-residual-evaluation-full-export-candidate-179069-v1/candidate-179069.packed.bin: OK
/home/riomus/runs/sfora-so400-fullfeature-residual-evaluation-full-export-candidate-179069-v1/candidate-179069.raw.npy: OK
/home/riomus/runs/sfora-so400-fullfeature-residual-evaluation-full-export-candidate-179069-v1/candidate-179069.unit.npy: OK
/home/riomus/runs/sfora-so400-fullfeature-residual-evaluation-full-export-control-179069-v1/control-179069.packed.bin: OK
/home/riomus/runs/sfora-so400-fullfeature-residual-evaluation-full-export-control-179069-v1/control-179069.raw.npy: OK
/home/riomus/runs/sfora-so400-fullfeature-residual-evaluation-full-export-control-179069-v1/control-179069.unit.npy: OK
FINAL_CGROUP {"command_exit_status": 0, "invocation_id": "4a0f3b0ae04544899dd057965fdbf1d2", "path": "/sys/fs/cgroup/user.slice/user-1000.slice/user@1000.service/app.slice/sfora-so400-fullfeature-residual-evaluation-full-selection-score-v1.service", "values": {"memory.current": "1073594368", "memory.events": "low 0\nhigh 0\nmax 0\noom 0\noom_kill 0\noom_group_kill 0", "memory.max": "8589934592", "memory.peak": "1407451136", "memory.stat": "anon 6037504\nfile 970575872\nkernel 94519296\nkernel_stack 65536\npagetables 389120\nsec_pagetables 0\npercpu 2112\nsock 0\nvmalloc 0\nshmem 0\nzswap 0\nzswapped 0\nfile_mapped 0\nfile_dirty 24576\nfile_writeback 0\nswapcached 0\nanon_thp 0\nfile_thp 2097152\nshmem_thp 0\ninactive_anon 0\nactive_anon 5963776\ninactive_file 530800640\nactive_file 439775232\nunevictable 0\nslab_reclaimable 93911128\nslab_unreclaimable 121024\nslab 94032152\nworkingset_refault_anon 0\nworkingset_refault_file 0\nworkingset_activate_anon 0\nworkingset_activate_file 0\nworkingset_restore_anon 0\nworkingset_restore_file 0\nworkingset_nodereclaim 0\npgdemote_kswapd 0\npgdemote_direct 0\npgdemote_khugepaged 0\npgdemote_proactive 0\npgpromote_success 0\npgscan 0\npgsteal 0\npswpin 0\npswpout 0\npgscan_kswapd 0\npgscan_direct 0\npgscan_khugepaged 0\npgscan_proactive 0\npgsteal_kswapd 0\npgsteal_direct 0\npgsteal_khugepaged 0\npgsteal_proactive 0\npgfault 250517\npgmajfault 4923\npgrefill 0\npgactivate 0\npgdeactivate 0\npglazyfree 0\npglazyfreed 0\nswpin_zero 0\nswpout_zero 0\nzswpin 0\nzswpout 0\nzswpwb 0\nthp_fault_alloc 16\nthp_collapse_alloc 0\nthp_swpout 0\nthp_swpout_fallback 0\nnuma_pages_migrated 0\nnuma_pte_updates 0\nnuma_hint_faults 0", "memory.swap.current": "0", "memory.swap.max": "0", "memory.swap.peak": "0"}}
	Command being timed: "/bin/bash -c set -e; sudo -n /bin/sync; sudo -n /bin/sh -c "echo 3 > /proc/sys/vm/drop_caches"; exec /bin/bash /home/riomus/runs/sfora-so400-fullfeature-residual-evaluation-source-v1/full-selection-score-v1-command.sh"
	User time (seconds): 189.53
	System time (seconds): 36.12
	Percent of CPU this job got: 49%
	Elapsed (wall clock) time (h:mm:ss or m:ss): 7:34.11
	Average shared text size (kbytes): 0
	Average unshared data size (kbytes): 0
	Average stack size (kbytes): 0
	Average total size (kbytes): 0
	Maximum resident set size (kbytes): 1070044
	Average resident set size (kbytes): 0
	Major (requiring I/O) page faults: 4922
	Minor (reclaiming a frame) page faults: 245426
	Voluntary context switches: 1321055
	Involuntary context switches: 1651
	Swaps: 0
	File system inputs: 510364712
	File system outputs: 8056
	Socket messages sent: 0
	Socket messages received: 0
	Signals delivered: 0
	Page size (bytes): 4096
	Exit status: 0
STOP_CGROUP {"exit_code": "exited", "exit_status": "0", "invocation_id": "4a0f3b0ae04544899dd057965fdbf1d2", "path": "/sys/fs/cgroup/user.slice/user-1000.slice/user@1000.service/app.slice/sfora-so400-fullfeature-residual-evaluation-full-selection-score-v1.service", "service_result": "success", "values": {"memory.current": "1072246784", "memory.events": "low 0\nhigh 0\nmax 0\noom 0\noom_kill 0\noom_group_kill 0", "memory.max": "8589934592", "memory.peak": "1407451136", "memory.stat": "anon 5414912\nfile 970579968\nkernel 94081024\nkernel_stack 0\npagetables 110592\nsec_pagetables 0\npercpu 1760\nsock 0\nvmalloc 0\nshmem 0\nzswap 0\nzswapped 0\nfile_mapped 0\nfile_dirty 28672\nfile_writeback 0\nswapcached 0\nanon_thp 0\nfile_thp 2097152\nshmem_thp 0\ninactive_anon 0\nactive_anon 5386240\ninactive_file 530800640\nactive_file 439775232\nunevictable 0\nslab_reclaimable 93910856\nslab_unreclaimable 39000\nslab 93949856\nworkingset_refault_anon 0\nworkingset_refault_file 0\nworkingset_activate_anon 0\nworkingset_activate_file 0\nworkingset_restore_anon 0\nworkingset_restore_file 0\nworkingset_nodereclaim 0\npgdemote_kswapd 0\npgdemote_direct 0\npgdemote_khugepaged 0\npgdemote_proactive 0\npgpromote_success 0\npgscan 0\npgsteal 0\npswpin 0\npswpout 0\npgscan_kswapd 0\npgscan_direct 0\npgscan_khugepaged 0\npgscan_proactive 0\npgsteal_kswapd 0\npgsteal_direct 0\npgsteal_khugepaged 0\npgsteal_proactive 0\npgfault 252032\npgmajfault 4923\npgrefill 0\npgactivate 0\npgdeactivate 0\npglazyfree 0\npglazyfreed 0\nswpin_zero 0\nswpout_zero 0\nzswpin 0\nzswpout 0\nzswpwb 0\nthp_fault_alloc 16\nthp_collapse_alloc 0\nthp_swpout 0\nthp_swpout_fallback 0\nnuma_pages_migrated 0\nnuma_pte_updates 0\nnuma_hint_faults 0", "memory.swap.current": "0", "memory.swap.max": "0", "memory.swap.peak": "0"}}
Finished with result: success
Main processes terminated with: code=exited/status=0
Service runtime: 7min 34.156s
CPU time consumed: 3min 45.679s
Memory peak: 1.3G
Memory swap peak: 0B
