/home/riomus/runs/sfora-so400-nearest-ranking-current-bytes-native-source-v1/launch.sh: OK
/home/riomus/runs/sfora-so400-nearest-ranking-current-bytes-native-source-v1/command.sh: OK
Running as unit: sfora-so400-nearest-ranking-current-bytes-native-v1.service; invocation ID: a2c7367e37f04e549740018d11180e22
/home/riomus/runs/sfora-so400-nearest-ranking-current-bytes-native-source-v1/execution.json: OK
/home/riomus/runs/sfora-so400-nearest-ranking-current-bytes-native-source-v1/authority.json: OK
/home/riomus/runs/sfora-so400-nearest-ranking-current-bytes-native-source-v1/compare_nearest_ranking_current_bytes.py: OK
/home/riomus/runs/sfora-so400-nearest-ranking-current-bytes-native-source-v1/test_compare_nearest_ranking_current_bytes.py: OK
/home/riomus/runs/sfora-so400-nearest-ranking-cpu-v4/receipt.json: OK
/home/riomus/runs/sfora-so400-nearest-ranking-train-source-v4/cpu-v4.log: OK
/home/riomus/.local/share/uv/python/cpython-3.13.9-linux-aarch64-gnu/bin/python3.13: OK
/home/riomus/runs/sfora-native256-initialized-cpu-final-footer-v1.py: OK
/home/riomus/runs/sfora-native256-stop-cgroup-footer-v1.py: OK
/home/riomus/runs/sfora-so400-nearest-ranking-train-source-v4/authority-cpu-v4.json: OK
/home/riomus/runs/sfora-so400-nearest-ranking-train-source-v4/execution.json: OK
/home/riomus/runs/sfora-so400-nearest-ranking-train-source-v4/nearest_ranking_readout.py: OK
/home/riomus/runs/sfora-so400-nearest-ranking-train-source-v4/test_siglip2_nearest_ranking.py: OK
/home/riomus/runs/sfora-so400-nearest-ranking-train-source-v4/train_siglip2_nearest_ranking.py: OK
/home/riomus/runs/sfora-so400-signed-concat-fit-concat-v1/receipt.json: OK
/home/riomus/runs/sfora-so400-signed-concat-fit-concat-v1/resume.pt: OK
/home/riomus/runs/sfora-so400-signed-concat-fit-source-v2/authority-fit-concat-v1.json: OK
/home/riomus/runs/sfora-so400-signed-concat-fit-source-v2/execution.json: OK
/home/riomus/runs/sfora-so400-signed-concat-fit-source-v2/fit-concat-v1.log: OK
/home/riomus/runs/sfora-so400-signed-concat-fit-source-v2/fit_siglip2_prototype_residual.py: OK
/home/riomus/runs/sfora-so400-signed-concat-fit-source-v2/prototype_residual_readout.py: OK
/home/riomus/runs/sfora-so400-signed-concat-fit-source-v2/test_siglip2_prototype_residual.py: OK
{"event": "NEAREST_PHASE", "phase": "accepted_payload_admission", "boundary": "begin", "seconds": 76.02818507188931}
{"event": "NEAREST_PHASE", "phase": "target_construction", "boundary": "begin", "seconds": 76.43792276410386}
{"event": "NEAREST_PHASE", "phase": "target_construction", "boundary": "end", "delta_seconds": 0.13388866372406483, "seconds": 76.57181581202894}
{"event": "NEAREST_PHASE", "phase": "accepted_payload_admission", "boundary": "end", "delta_seconds": 0.8260910999961197, "seconds": 76.8542812122032}
{"event": "NEAREST_PHASE", "phase": "target_construction", "boundary": "begin", "seconds": 76.85434572398663}
{"event": "NEAREST_PHASE", "phase": "target_construction", "boundary": "end", "delta_seconds": 4.631293905898929, "seconds": 81.48564198194072}
{"event": "NEAREST_PHASE", "phase": "source_construction", "boundary": "begin", "seconds": 91.00899162515998}
{"boundary": "begin", "cgroup": {"path": "/sys/fs/cgroup/user.slice/user-1000.slice/user@1000.service/app.slice/sfora-so400-nearest-ranking-current-bytes-native-v1.service", "values": {"memory.current": "1238835200", "memory.events": "low 0\nhigh 0\nmax 0\noom 0\noom_kill 0\noom_group_kill 0", "memory.max": "8589934592", "memory.peak": "1238900736", "memory.stat": "anon 677568512\nfile 517603328\nkernel 38367232\nkernel_stack 311296\npagetables 3469312\nsec_pagetables 0\npercpu 1760\nsock 0\nvmalloc 0\nshmem 0\nzswap 0\nzswapped 0\nfile_mapped 326074368\nfile_dirty 8192\nfile_writeback 0\nswapcached 0\nanon_thp 115343360\nfile_thp 0\nshmem_thp 0\ninactive_anon 0\nactive_anon 680906752\ninactive_file 143839232\nactive_file 373764096\nunevictable 0\nslab_reclaimable 34012504\nslab_unreclaimable 554456\nslab 34566960\nworkingset_refault_anon 0\nworkingset_refault_file 0\nworkingset_activate_anon 0\nworkingset_activate_file 0\nworkingset_restore_anon 0\nworkingset_restore_file 0\nworkingset_nodereclaim 0\npgdemote_kswapd 0\npgdemote_direct 0\npgdemote_khugepaged 0\npgdemote_proactive 0\npgpromote_success 0\npgscan 0\npgsteal 0\npswpin 0\npswpout 0\npgscan_kswapd 0\npgscan_direct 0\npgscan_khugepaged 0\npgscan_proactive 0\npgsteal_kswapd 0\npgsteal_direct 0\npgsteal_khugepaged 0\npgsteal_proactive 0\npgfault 271910\npgmajfault 3423\npgrefill 0\npgactivate 0\npgdeactivate 0\npglazyfree 0\npglazyfreed 0\nswpin_zero 0\nswpout_zero 0\nzswpin 0\nzswpout 0\nzswpwb 0\nthp_fault_alloc 65\nthp_collapse_alloc 0\nthp_swpout 0\nthp_swpout_fallback 0\nnuma_pages_migrated 0\nnuma_pte_updates 0\nnuma_hint_faults 0", "memory.swap.current": "0", "memory.swap.max": "0", "memory.swap.peak": "0"}}, "event": "NEAREST_RESTORE_MEMORY", "invocation_id": "a2c7367e37f04e549740018d11180e22", "phase": "source_construction", "seconds": 91.00925458502024}
{"boundary": "begin", "cgroup": {"path": "/sys/fs/cgroup/user.slice/user-1000.slice/user@1000.service/app.slice/sfora-so400-nearest-ranking-current-bytes-native-v1.service", "values": {"memory.current": "5094932480", "memory.events": "low 0\nhigh 0\nmax 0\noom 0\noom_kill 0\noom_group_kill 0", "memory.max": "8589934592", "memory.peak": "5099540480", "memory.stat": "anon 2596184064\nfile 2419937280\nkernel 69545984\nkernel_stack 311296\npagetables 7577600\nsec_pagetables 0\npercpu 1760\nsock 0\nvmalloc 0\nshmem 0\nzswap 0\nzswapped 0\nfile_mapped 381337600\nfile_dirty 4096\nfile_writeback 0\nswapcached 0\nanon_thp 1920991232\nfile_thp 0\nshmem_thp 0\ninactive_anon 0\nactive_anon 2603053056\ninactive_file 236871680\nactive_file 2182631424\nunevictable 0\nslab_reclaimable 60651064\nslab_unreclaimable 957560\nslab 61608624\nworkingset_refault_anon 0\nworkingset_refault_file 0\nworkingset_activate_anon 0\nworkingset_activate_file 0\nworkingset_restore_anon 0\nworkingset_restore_file 0\nworkingset_nodereclaim 0\npgdemote_kswapd 0\npgdemote_direct 0\npgdemote_khugepaged 0\npgdemote_proactive 0\npgpromote_success 0\npgscan 0\npgsteal 0\npswpin 0\npswpout 0\npgscan_kswapd 0\npgscan_direct 0\npgscan_khugepaged 0\npgscan_proactive 0\npgsteal_kswapd 0\npgsteal_direct 0\npgsteal_khugepaged 0\npgsteal_proactive 0\npgfault 334289\npgmajfault 6918\npgrefill 0\npgactivate 0\npgdeactivate 0\npglazyfree 0\npglazyfreed 0\nswpin_zero 0\nswpout_zero 0\nzswpin 0\nzswpout 0\nzswpwb 0\nthp_fault_alloc 933\nthp_collapse_alloc 0\nthp_swpout 0\nthp_swpout_fallback 0\nnuma_pages_migrated 0\nnuma_pte_updates 0\nnuma_hint_faults 0", "memory.swap.current": "0", "memory.swap.max": "0", "memory.swap.peak": "0"}}, "event": "NEAREST_RESTORE_MEMORY", "invocation_id": "a2c7367e37f04e549740018d11180e22", "phase": "vision_transfer", "seconds": 102.14202098408714}
{"boundary": "end", "cgroup": {"path": "/sys/fs/cgroup/user.slice/user-1000.slice/user@1000.service/app.slice/sfora-so400-nearest-ranking-current-bytes-native-v1.service", "values": {"memory.current": "5098713088", "memory.events": "low 0\nhigh 0\nmax 0\noom 0\noom_kill 0\noom_group_kill 0", "memory.max": "8589934592", "memory.peak": "5175541760", "memory.stat": "anon 2521886720\nfile 2475466752\nkernel 76361728\nkernel_stack 327680\npagetables 7655424\nsec_pagetables 0\npercpu 1760\nsock 0\nvmalloc 0\nshmem 44236800\nzswap 0\nzswapped 0\nfile_mapped 438964224\nfile_dirty 4096\nfile_writeback 0\nswapcached 0\nanon_thp 1818230784\nfile_thp 0\nshmem_thp 0\ninactive_anon 0\nactive_anon 2588889088\ninactive_file 236871680\nactive_file 2193924096\nunevictable 0\nslab_reclaimable 60795416\nslab_unreclaimable 1002528\nslab 61797944\nworkingset_refault_anon 0\nworkingset_refault_file 0\nworkingset_activate_anon 0\nworkingset_activate_file 0\nworkingset_restore_anon 0\nworkingset_restore_file 0\nworkingset_nodereclaim 0\npgdemote_kswapd 0\npgdemote_direct 0\npgdemote_khugepaged 0\npgdemote_proactive 0\npgpromote_success 0\npgscan 0\npgsteal 0\npswpin 0\npswpout 0\npgscan_kswapd 0\npgscan_direct 0\npgscan_khugepaged 0\npgscan_proactive 0\npgsteal_kswapd 0\npgsteal_direct 0\npgsteal_khugepaged 0\npgsteal_proactive 0\npgfault 350666\npgmajfault 7012\npgrefill 0\npgactivate 0\npgdeactivate 0\npglazyfree 0\npglazyfreed 0\nswpin_zero 0\nswpout_zero 0\nzswpin 0\nzswpout 0\nzswpwb 0\nthp_fault_alloc 933\nthp_collapse_alloc 0\nthp_swpout 0\nthp_swpout_fallback 0\nnuma_pages_migrated 0\nnuma_pte_updates 0\nnuma_hint_faults 0", "memory.swap.current": "0", "memory.swap.max": "0", "memory.swap.peak": "0"}}, "event": "NEAREST_RESTORE_MEMORY", "invocation_id": "a2c7367e37f04e549740018d11180e22", "phase": "vision_transfer", "seconds": 102.51848196191713}
{"boundary": "end", "cgroup": {"path": "/sys/fs/cgroup/user.slice/user-1000.slice/user@1000.service/app.slice/sfora-so400-nearest-ranking-current-bytes-native-v1.service", "values": {"memory.current": "5077479424", "memory.events": "low 0\nhigh 0\nmax 0\noom 0\noom_kill 0\noom_group_kill 0", "memory.max": "8589934592", "memory.peak": "5175541760", "memory.stat": "anon 2500481024\nfile 2475466752\nkernel 76328960\nkernel_stack 327680\npagetables 7618560\nsec_pagetables 0\npercpu 1760\nsock 0\nvmalloc 0\nshmem 44236800\nzswap 0\nzswapped 0\nfile_mapped 438964224\nfile_dirty 4096\nfile_writeback 0\nswapcached 0\nanon_thp 1795162112\nfile_thp 0\nshmem_thp 0\ninactive_anon 0\nactive_anon 2567471104\ninactive_file 236871680\nactive_file 2193924096\nunevictable 0\nslab_reclaimable 60798968\nslab_unreclaimable 1002528\nslab 61801496\nworkingset_refault_anon 0\nworkingset_refault_file 0\nworkingset_activate_anon 0\nworkingset_activate_file 0\nworkingset_restore_anon 0\nworkingset_restore_file 0\nworkingset_nodereclaim 0\npgdemote_kswapd 0\npgdemote_direct 0\npgdemote_khugepaged 0\npgdemote_proactive 0\npgpromote_success 0\npgscan 0\npgsteal 0\npswpin 0\npswpout 0\npgscan_kswapd 0\npgscan_direct 0\npgscan_khugepaged 0\npgscan_proactive 0\npgsteal_kswapd 0\npgsteal_direct 0\npgsteal_khugepaged 0\npgsteal_proactive 0\npgfault 351072\npgmajfault 7012\npgrefill 0\npgactivate 0\npgdeactivate 0\npglazyfree 0\npglazyfreed 0\nswpin_zero 0\nswpout_zero 0\nzswpin 0\nzswpout 0\nzswpwb 0\nthp_fault_alloc 933\nthp_collapse_alloc 0\nthp_swpout 0\nthp_swpout_fallback 0\nnuma_pages_migrated 0\nnuma_pte_updates 0\nnuma_hint_faults 0", "memory.swap.current": "0", "memory.swap.max": "0", "memory.swap.peak": "0"}}, "event": "NEAREST_RESTORE_MEMORY", "invocation_id": "a2c7367e37f04e549740018d11180e22", "phase": "source_construction", "seconds": 102.5332734407857}
{"event": "NEAREST_PHASE", "phase": "source_construction", "boundary": "end", "delta_seconds": 11.52431872766465, "seconds": 102.53331176098436}
{"event": "NEAREST_PHASE", "phase": "calibration", "boundary": "begin", "seconds": 107.69976396020502}
{"event": "NEAREST_PHASE", "phase": "calibration", "boundary": "end", "delta_seconds": 1.7522818776778877, "seconds": 109.45204862207174}
{"event": "NEAREST_PHASE", "phase": "source_exit_rehash", "boundary": "begin", "seconds": 133.00925878202543}
{"event": "PROTOTYPE_PHASE", "phase": "old_exit_begin", "seconds": 133.0856479150243}
{"event": "NEAREST_PHASE", "phase": "source_exit_rehash", "boundary": "end", "delta_seconds": 6.135201246012002, "seconds": 139.14446447603405}
Current-byte comparison rejected: unknown or changed native origin
FINAL_CGROUP {"command_exit_status": 1, "invocation_id": "a2c7367e37f04e549740018d11180e22", "path": "/sys/fs/cgroup/user.slice/user-1000.slice/user@1000.service/app.slice/sfora-so400-nearest-ranking-current-bytes-native-v1.service", "values": {"memory.current": "2893590528", "memory.events": "low 0\nhigh 0\nmax 0\noom 0\noom_kill 0\noom_group_kill 0", "memory.max": "8589934592", "memory.peak": "5264048128", "memory.stat": "anon 5980160\nfile 2822672384\nkernel 62722048\nkernel_stack 65536\npagetables 331776\nsec_pagetables 0\npercpu 2112\nsock 0\nvmalloc 0\nshmem 0\nzswap 0\nzswapped 0\nfile_mapped 1097728\nfile_dirty 12288\nfile_writeback 0\nswapcached 0\nanon_thp 0\nfile_thp 2097152\nshmem_thp 0\ninactive_anon 0\nactive_anon 5812224\ninactive_file 470024192\nactive_file 2352648192\nunevictable 0\nslab_reclaimable 62174960\nslab_unreclaimable 111696\nslab 62286656\nworkingset_refault_anon 0\nworkingset_refault_file 0\nworkingset_activate_anon 0\nworkingset_activate_file 0\nworkingset_restore_anon 0\nworkingset_restore_file 0\nworkingset_nodereclaim 0\npgdemote_kswapd 0\npgdemote_direct 0\npgdemote_khugepaged 0\npgdemote_proactive 0\npgpromote_success 0\npgscan 0\npgsteal 0\npswpin 0\npswpout 0\npgscan_kswapd 0\npgscan_direct 0\npgscan_khugepaged 0\npgscan_proactive 0\npgsteal_kswapd 0\npgsteal_direct 0\npgsteal_khugepaged 0\npgsteal_proactive 0\npgfault 1075327\npgmajfault 9486\npgrefill 0\npgactivate 0\npgdeactivate 0\npglazyfree 0\npglazyfreed 0\nswpin_zero 0\nswpout_zero 0\nzswpin 0\nzswpout 0\nzswpwb 0\nthp_fault_alloc 1079\nthp_collapse_alloc 23\nthp_swpout 0\nthp_swpout_fallback 0\nnuma_pages_migrated 0\nnuma_pte_updates 0\nnuma_hint_faults 0", "memory.swap.current": "0", "memory.swap.max": "0", "memory.swap.peak": "0"}}
Command exited with non-zero status 1
	Command being timed: "/bin/bash -c set -e; sudo -n /bin/sync; sudo -n /bin/sh -c "echo 3 > /proc/sys/vm/drop_caches"; exec /bin/bash /home/riomus/runs/sfora-so400-nearest-ranking-current-bytes-native-source-v1/command.sh"
	User time (seconds): 73.66
	System time (seconds): 10.80
	Percent of CPU this job got: 59%
	Elapsed (wall clock) time (h:mm:ss or m:ss): 2:21.22
	Average shared text size (kbytes): 0
	Average unshared data size (kbytes): 0
	Average stack size (kbytes): 0
	Average total size (kbytes): 0
	Maximum resident set size (kbytes): 4582296
	Average resident set size (kbytes): 0
	Major (requiring I/O) page faults: 9485
	Minor (reclaiming a frame) page faults: 799669
	Voluntary context switches: 331093
	Involuntary context switches: 776
	Swaps: 0
	File system inputs: 115606336
	File system outputs: 6808
	Socket messages sent: 0
	Socket messages received: 0
	Signals delivered: 0
	Page size (bytes): 4096
	Exit status: 1
STOP_CGROUP {"exit_code": "exited", "exit_status": "1", "invocation_id": "a2c7367e37f04e549740018d11180e22", "path": "/sys/fs/cgroup/user.slice/user-1000.slice/user@1000.service/app.slice/sfora-so400-nearest-ranking-current-bytes-native-v1.service", "service_result": "exit-code", "values": {"memory.current": "2892742656", "memory.events": "low 0\nhigh 0\nmax 0\noom 0\noom_kill 0\noom_group_kill 0", "memory.max": "8589934592", "memory.peak": "5264048128", "memory.stat": "anon 5402624\nfile 2822672384\nkernel 62332928\nkernel_stack 0\npagetables 94208\nsec_pagetables 0\npercpu 1056\nsock 0\nvmalloc 0\nshmem 0\nzswap 0\nzswapped 0\nfile_mapped 1118208\nfile_dirty 16384\nfile_writeback 0\nswapcached 0\nanon_thp 0\nfile_thp 2097152\nshmem_thp 0\ninactive_anon 0\nactive_anon 5402624\ninactive_file 470024192\nactive_file 2352648192\nunevictable 0\nslab_reclaimable 62185592\nslab_unreclaimable 26264\nslab 62211856\nworkingset_refault_anon 0\nworkingset_refault_file 0\nworkingset_activate_anon 0\nworkingset_activate_file 0\nworkingset_restore_anon 0\nworkingset_restore_file 0\nworkingset_nodereclaim 0\npgdemote_kswapd 0\npgdemote_direct 0\npgdemote_khugepaged 0\npgdemote_proactive 0\npgpromote_success 0\npgscan 0\npgsteal 0\npswpin 0\npswpout 0\npgscan_kswapd 0\npgscan_direct 0\npgscan_khugepaged 0\npgscan_proactive 0\npgsteal_kswapd 0\npgsteal_direct 0\npgsteal_khugepaged 0\npgsteal_proactive 0\npgfault 1076836\npgmajfault 9486\npgrefill 0\npgactivate 0\npgdeactivate 0\npglazyfree 0\npglazyfreed 0\nswpin_zero 0\nswpout_zero 0\nzswpin 0\nzswpout 0\nzswpwb 0\nthp_fault_alloc 1079\nthp_collapse_alloc 23\nthp_swpout 0\nthp_swpout_fallback 0\nnuma_pages_migrated 0\nnuma_pte_updates 0\nnuma_hint_faults 0", "memory.swap.current": "0", "memory.swap.max": "0", "memory.swap.peak": "0"}}
Finished with result: exit-code
Main processes terminated with: code=exited/status=1
Service runtime: 2min 21.277s
CPU time consumed: 1min 24.499s
Memory peak: 4.9G
Memory swap peak: 0B
