	Command being timed: "timeout 120s prlimit --as=1073741824 python3 -B -u scripts/test_connected_mlp_evaluation.py --source-only"
	User time (seconds): 76.62
	System time (seconds): 0.73
	Percent of CPU this job got: 94%
	Elapsed (wall clock) time (h:mm:ss or m:ss): 1:21.93
	Average shared text size (kbytes): 0
	Average unshared data size (kbytes): 0
	Average stack size (kbytes): 0
	Average total size (kbytes): 0
	Maximum resident set size (kbytes): 168272
	Average resident set size (kbytes): 0
	Major (requiring I/O) page faults: 0
	Minor (reclaiming a frame) page faults: 64651
	Voluntary context switches: 10028
	Involuntary context switches: 5217
	Swaps: 0
	File system inputs: 548256
	File system outputs: 0
	Socket messages sent: 0
	Socket messages received: 0
	Signals delivered: 0
	Page size (bytes): 4096
	Exit status: 0
