exact frozen gradient source bytes PASS
/home/riomus/runs/sfora-connected-gradient-decomposition-source-v1/command.sh: OK
Running as unit: sfora-connected-gradient-decomposition-v1.service; invocation ID: 9353648a1a434505931d5f95ae521160
/home/riomus/runs/sfora-connected-gradient-decomposition-source-v1/qualify_connected_gradient_decomposition.py: OK
/home/riomus/runs/sfora-connected-gradient-decomposition-source-v1/test_connected_gradient_decomposition.py: OK
/home/riomus/runs/sfora-connected-gradient-decomposition-source-v1/execution.json: OK
/home/riomus/runs/sfora-connected-gradient-decomposition-source-v1/authority.json: OK
/home/riomus/.local/share/uv/python/cpython-3.13.9-linux-aarch64-gnu/bin/python3.13: OK
/home/riomus/runs/sfora-connected-control-batch-execution-source-v5/observe_connected_control_batch_execution.py: OK
/home/riomus/runs/sfora-connected-mlp-train-source-v6/authority-train-control-179061-v1.json: OK
/home/riomus/runs/sfora-connected-mlp-train-source-v6/test_siglip2_connected_mlp.py: OK
/home/riomus/runs/sfora-connected-mlp-train-source-v6/train_siglip2_connected_mlp.py: OK
/home/riomus/runs/sfora-connected-mlp-evaluation-source-v9/evaluate_siglip2_connected_mlp.py: OK
/home/riomus/runs/sfora-connected-mlp-evaluation-source-v9/test_connected_mlp_evaluation.py: OK
/home/riomus/runs/sfora-connected-mlp-train-source-v6/authority-train-candidate-179061-v1.json: OK
/home/riomus/runs/sfora-connected-mlp-train-candidate-179061-v1/candidate-179061-terminal.pt: OK
/home/riomus/runs/sfora-connected-mlp-train-candidate-179061-v1/receipt.json: OK
/home/riomus/runs/sfora-connected-mlp-train-source-v6/train-candidate-179061-v1-original.log: OK
/home/riomus/runs/sfora-connected-mlp-train-source-v6/authority-train-candidate-179069-v1.json: OK
/home/riomus/runs/sfora-connected-mlp-train-candidate-179069-v1/candidate-179069-terminal.pt: OK
/home/riomus/runs/sfora-connected-mlp-train-candidate-179069-v1/receipt.json: OK
/home/riomus/runs/sfora-connected-mlp-train-source-v6/train-candidate-179069-v1-original.log: OK
/home/riomus/runs/sfora-native256-initialized-cpu-final-footer-v1.py: OK
/home/riomus/runs/sfora-native256-stop-cgroup-footer-v1.py: OK
{"event": "COMPACT_PHASE", "phase": "independent_reload", "boundary": "begin", "seconds": 296.4336758379941}
{"event": "COMPACT_PHASE", "phase": "independent_reload", "boundary": "end", "delta_seconds": 2.1129302170011215, "seconds": 298.54661224700976}
{"event": "COMPACT_PHASE", "phase": "independent_reload", "boundary": "begin", "seconds": 335.7816966570099}
{"event": "COMPACT_PHASE", "phase": "independent_reload", "boundary": "end", "delta_seconds": 1.5053282020089682, "seconds": 337.2870290669962}
{"event": "COMPACT_PHASE", "phase": "independent_reload", "boundary": "begin", "seconds": 375.1792351900076}
{"event": "COMPACT_PHASE", "phase": "independent_reload", "boundary": "end", "delta_seconds": 1.5031189380097203, "seconds": 376.68235638400074}
{"event": "COMPACT_PHASE", "phase": "independent_reload", "boundary": "begin", "seconds": 409.7492750440142}
{"event": "COMPACT_PHASE", "phase": "independent_reload", "boundary": "end", "delta_seconds": 1.562163848982891, "seconds": 411.3114416770113}
{"after": {"allocated_bytes": 0, "reserved_bytes": 71303168}, "before": {"allocated_bytes": 67108864, "reserved_bytes": 71303168}, "diagnostic": "cuda_workspace_disposal", "native_causality_established": false, "ownership_limit": "captured admitted builtin binding; C function pointer not authenticated", "status": "UNACCEPTED"}
Traceback (most recent call last):
  File "/home/riomus/runs/sfora-connected-gradient-decomposition-source-v1/qualify_connected_gradient_decomposition.py", line 551, in final_resources
    dispose()
    ~~~~~~~^^
  File "/home/riomus/runs/sfora-connected-gradient-decomposition-source-v1/qualify_connected_gradient_decomposition.py", line 541, in dispose
    callback()
    ~~~~~~~~^^
  File "/home/riomus/runs/sfora-connected-control-batch-execution-source-v5/observe_connected_control_batch_execution.py", line 533, in dispose
    require(all(type(v) is int and v >= 0 for v in after.values()) and
    ~~~~~~~^^^^^^^^^^^^^^^^^^^^^^^^^^^^^^^^^^^^^^^^^^^^^^^^^^^^^^^^^^^
            before['allocated_bytes'] - after['allocated_bytes'] == 33554432 and
            ^^^^^^^^^^^^^^^^^^^^^^^^^^^^^^^^^^^^^^^^^^^^^^^^^^^^^^^^^^^^^^^^^^^^
            after['allocated_bytes'] <= after['reserved_bytes'] <= before['reserved_bytes'],
            ^^^^^^^^^^^^^^^^^^^^^^^^^^^^^^^^^^^^^^^^^^^^^^^^^^^^^^^^^^^^^^^^^^^^^^^^^^^^^^^^
            'workspace after scalars differ')
            ^^^^^^^^^^^^^^^^^^^^^^^^^^^^^^^^^
  File "/home/riomus/runs/sfora-connected-control-batch-execution-source-v5/observe_connected_control_batch_execution.py", line 62, in require
    raise ValueError(message)
ValueError: workspace after scalars differ
Traceback (most recent call last):
  File "/home/riomus/runs/sfora-connected-gradient-decomposition-source-v1/qualify_connected_gradient_decomposition.py", line 335, in finish_cleanup
    callback()
    ~~~~~~~~^^
  File "/home/riomus/runs/sfora-connected-gradient-decomposition-source-v1/qualify_connected_gradient_decomposition.py", line 625, in <lambda>
    lambda:final_resources(torch,context,before,rng,flags,dispose,resources),exit_integrity,
           ~~~~~~~~~~~~~~~^^^^^^^^^^^^^^^^^^^^^^^^^^^^^^^^^^^^^^^^^^^^^^^^^^
  File "/home/riomus/runs/sfora-connected-gradient-decomposition-source-v1/qualify_connected_gradient_decomposition.py", line 568, in final_resources
    finish_cleanup(error,[cuda_and_rng,cgroup])
    ~~~~~~~~~~~~~~^^^^^^^^^^^^^^^^^^^^^^^^^^^^^
  File "/home/riomus/runs/sfora-connected-gradient-decomposition-source-v1/qualify_connected_gradient_decomposition.py", line 342, in finish_cleanup
    raise error
ValueError: workspace after scalars differ
{"event": "COMPACT_PHASE", "phase": "source_exit_rehash", "boundary": "begin", "seconds": 452.58579649901367}
{"event": "INITIAL_NATIVE_ORIGIN_DIAGNOSTICS_V1", "expected": {"/home/riomus/group-learning/.venv/lib/python3.13/site-packages/nvidia/cudnn/lib/libcudnn_engines_precompiled.so.9": "3b765736f63d724a0de67b7ce915b0d0a780154fe4a2d515ab14040224aa7db4", "/home/riomus/group-learning/.venv/lib/python3.13/site-packages/nvidia/cudnn/lib/libcudnn_engines_runtime_compiled.so.9": "7b8f371a7718c29549317efdbdeb8d7c301874f9471762a04830846ac4e83510", "/home/riomus/group-learning/.venv/lib/python3.13/site-packages/nvidia/cudnn/lib/libcudnn_graph.so.9": "b601fddd333d84ced4a3d833e75bb412c204e39b21755d79cb890335dce660b8", "/home/riomus/group-learning/.venv/lib/python3.13/site-packages/nvidia/cudnn/lib/libcudnn_heuristic.so.9": "368687b9b5c2c01b55c21f74bd930cb05d3654b4e901e998b7bfb33cebac6ae8"}, "observed_difference": {"/home/riomus/group-learning/.venv/lib/python3.13/site-packages/nvidia/cudnn/lib/libcudnn_engines_precompiled.so.9": "3b765736f63d724a0de67b7ce915b0d0a780154fe4a2d515ab14040224aa7db4", "/home/riomus/group-learning/.venv/lib/python3.13/site-packages/nvidia/cudnn/lib/libcudnn_engines_runtime_compiled.so.9": "7b8f371a7718c29549317efdbdeb8d7c301874f9471762a04830846ac4e83510", "/home/riomus/group-learning/.venv/lib/python3.13/site-packages/nvidia/cudnn/lib/libcudnn_graph.so.9": "b601fddd333d84ced4a3d833e75bb412c204e39b21755d79cb890335dce660b8", "/home/riomus/group-learning/.venv/lib/python3.13/site-packages/nvidia/cudnn/lib/libcudnn_heuristic.so.9": "368687b9b5c2c01b55c21f74bd930cb05d3654b4e901e998b7bfb33cebac6ae8"}, "missing": [], "extra": [], "missing_native": []}
{"event": "PROTOTYPE_PHASE", "phase": "old_exit_begin", "seconds": 462.28843224901357}
{"event": "QUADRATIC_PHASE", "phase": "exit_rehash", "delta_seconds": 17.742711405007867, "cumulative_seconds": 17.742711405007867}
{"event": "PROTOTYPE_PHASE", "phase": "old_exit_end", "seconds": 480.0313381169981}
{"event": "PROTOTYPE_PHASE", "phase": "own_union_begin", "seconds": 480.0313477330201}
{"event": "PROTOTYPE_PHASE", "phase": "own_union_end", "seconds": 480.52051579000545}
{"event": "PROTOTYPE_PHASE", "phase": "closure_begin", "seconds": 480.52053891000105}
{"event": "PROTOTYPE_PHASE", "phase": "closure_end", "seconds": 480.5219833550218}
{"event": "COMPACT_PHASE", "phase": "source_exit_rehash", "boundary": "end", "delta_seconds": 27.936207624006784, "seconds": 480.5220051310025}
{"event": "COMPACT_PHASE", "phase": "own_exit_rehash", "boundary": "begin", "seconds": 480.5220172429981}
{"event": "COMPACT_PHASE", "phase": "own_exit_rehash", "boundary": "end", "delta_seconds": 33.505290046014125, "seconds": 514.0273087770038}
{"event": "COMPACT_PHASE", "phase": "post_exit_api_authentication", "boundary": "begin", "seconds": 514.028338870994}
{"event": "COMPACT_PHASE", "phase": "post_exit_api_authentication", "boundary": "end", "delta_seconds": 0.7144887220056262, "seconds": 514.7428298330051}
{"event": "COMPACT_PHASE", "phase": "post_exit_origin_audit", "boundary": "begin", "seconds": 514.7428596410027}
{"event": "INITIAL_NATIVE_ORIGIN_DIAGNOSTICS_V1", "expected": {"/home/riomus/group-learning/.venv/lib/python3.13/site-packages/nvidia/cudnn/lib/libcudnn_engines_precompiled.so.9": "3b765736f63d724a0de67b7ce915b0d0a780154fe4a2d515ab14040224aa7db4", "/home/riomus/group-learning/.venv/lib/python3.13/site-packages/nvidia/cudnn/lib/libcudnn_engines_runtime_compiled.so.9": "7b8f371a7718c29549317efdbdeb8d7c301874f9471762a04830846ac4e83510", "/home/riomus/group-learning/.venv/lib/python3.13/site-packages/nvidia/cudnn/lib/libcudnn_graph.so.9": "b601fddd333d84ced4a3d833e75bb412c204e39b21755d79cb890335dce660b8", "/home/riomus/group-learning/.venv/lib/python3.13/site-packages/nvidia/cudnn/lib/libcudnn_heuristic.so.9": "368687b9b5c2c01b55c21f74bd930cb05d3654b4e901e998b7bfb33cebac6ae8"}, "observed_difference": {"/home/riomus/group-learning/.venv/lib/python3.13/site-packages/nvidia/cudnn/lib/libcudnn_engines_precompiled.so.9": "3b765736f63d724a0de67b7ce915b0d0a780154fe4a2d515ab14040224aa7db4", "/home/riomus/group-learning/.venv/lib/python3.13/site-packages/nvidia/cudnn/lib/libcudnn_engines_runtime_compiled.so.9": "7b8f371a7718c29549317efdbdeb8d7c301874f9471762a04830846ac4e83510", "/home/riomus/group-learning/.venv/lib/python3.13/site-packages/nvidia/cudnn/lib/libcudnn_graph.so.9": "b601fddd333d84ced4a3d833e75bb412c204e39b21755d79cb890335dce660b8", "/home/riomus/group-learning/.venv/lib/python3.13/site-packages/nvidia/cudnn/lib/libcudnn_heuristic.so.9": "368687b9b5c2c01b55c21f74bd930cb05d3654b4e901e998b7bfb33cebac6ae8"}, "missing": [], "extra": [], "missing_native": []}
{"event": "COMPACT_PHASE", "phase": "post_exit_origin_audit", "boundary": "end", "delta_seconds": 7.522953614010476, "seconds": 522.2658151430078}
{"event": "INITIAL_NATIVE_ORIGIN_DIAGNOSTICS_V1", "expected": {"/home/riomus/group-learning/.venv/lib/python3.13/site-packages/nvidia/cudnn/lib/libcudnn_engines_precompiled.so.9": "3b765736f63d724a0de67b7ce915b0d0a780154fe4a2d515ab14040224aa7db4", "/home/riomus/group-learning/.venv/lib/python3.13/site-packages/nvidia/cudnn/lib/libcudnn_engines_runtime_compiled.so.9": "7b8f371a7718c29549317efdbdeb8d7c301874f9471762a04830846ac4e83510", "/home/riomus/group-learning/.venv/lib/python3.13/site-packages/nvidia/cudnn/lib/libcudnn_graph.so.9": "b601fddd333d84ced4a3d833e75bb412c204e39b21755d79cb890335dce660b8", "/home/riomus/group-learning/.venv/lib/python3.13/site-packages/nvidia/cudnn/lib/libcudnn_heuristic.so.9": "368687b9b5c2c01b55c21f74bd930cb05d3654b4e901e998b7bfb33cebac6ae8"}, "observed_difference": {"/home/riomus/group-learning/.venv/lib/python3.13/site-packages/nvidia/cudnn/lib/libcudnn_engines_precompiled.so.9": "3b765736f63d724a0de67b7ce915b0d0a780154fe4a2d515ab14040224aa7db4", "/home/riomus/group-learning/.venv/lib/python3.13/site-packages/nvidia/cudnn/lib/libcudnn_engines_runtime_compiled.so.9": "7b8f371a7718c29549317efdbdeb8d7c301874f9471762a04830846ac4e83510", "/home/riomus/group-learning/.venv/lib/python3.13/site-packages/nvidia/cudnn/lib/libcudnn_graph.so.9": "b601fddd333d84ced4a3d833e75bb412c204e39b21755d79cb890335dce660b8", "/home/riomus/group-learning/.venv/lib/python3.13/site-packages/nvidia/cudnn/lib/libcudnn_heuristic.so.9": "368687b9b5c2c01b55c21f74bd930cb05d3654b4e901e998b7bfb33cebac6ae8"}, "missing": [], "extra": [], "missing_native": []}
Traceback (most recent call last):
  File "/home/riomus/runs/sfora-connected-gradient-decomposition-source-v1/qualify_connected_gradient_decomposition.py", line 335, in finish_cleanup
    callback()
    ~~~~~~~~^^
  File "/home/riomus/runs/sfora-connected-gradient-decomposition-source-v1/qualify_connected_gradient_decomposition.py", line 626, in <lambda>
    lambda:check_resources(torch,context)])
           ~~~~~~~~~~~~~~~^^^^^^^^^^^^^^^
  File "/home/riomus/runs/sfora-connected-gradient-decomposition-source-v1/qualify_connected_gradient_decomposition.py", line 509, in check_resources
    cgroup = context['legacy']['source_driver'].cgroup_memory()
  File "/home/riomus/runs/sfora-native256-source-cpu-v4/qualify_siglip2_substrate_cpu.py", line 519, in cgroup_memory
    require(all(int(events.get(key, '-1')) == 0 for key in ('oom', 'oom_kill', 'max')), 'cgroup memory failure event')
    ~~~~~~~^^^^^^^^^^^^^^^^^^^^^^^^^^^^^^^^^^^^^^^^^^^^^^^^^^^^^^^^^^^^^^^^^^^^^^^^^^^^^^^^^^^^^^^^^^^^^^^^^^^^^^^^^^^
  File "/home/riomus/runs/sfora-native256-source-cpu-v4/qualify_siglip2_substrate_cpu.py", line 46, in require
    raise ValueError(message)
ValueError: cgroup memory failure event
Traceback (most recent call last):
  File "/home/riomus/runs/sfora-connected-gradient-decomposition-source-v1/qualify_connected_gradient_decomposition.py", line 665, in <module>
    run(parser().parse_args())
    ~~~^^^^^^^^^^^^^^^^^^^^^^^
  File "/home/riomus/runs/sfora-connected-gradient-decomposition-source-v1/qualify_connected_gradient_decomposition.py", line 624, in run
    finish_cleanup(error,[restore_rng,
    ~~~~~~~~~~~~~~^^^^^^^^^^^^^^^^^^^^
        lambda:final_resources(torch,context,before,rng,flags,dispose,resources),exit_integrity,
        ^^^^^^^^^^^^^^^^^^^^^^^^^^^^^^^^^^^^^^^^^^^^^^^^^^^^^^^^^^^^^^^^^^^^^^^^^^^^^^^^^^^^^^^^
        lambda:check_resources(torch,context)])
        ^^^^^^^^^^^^^^^^^^^^^^^^^^^^^^^^^^^^^^^
  File "/home/riomus/runs/sfora-connected-gradient-decomposition-source-v1/qualify_connected_gradient_decomposition.py", line 346, in finish_cleanup
    raise failures[0]
ValueError: workspace after scalars differ
cleanup also failed: ValueError('cgroup memory failure event')
/home/riomus/runs/sfora-connected-gradient-decomposition-source-v1/qualify_connected_gradient_decomposition.py: OK
/home/riomus/runs/sfora-connected-gradient-decomposition-source-v1/test_connected_gradient_decomposition.py: OK
/home/riomus/runs/sfora-connected-gradient-decomposition-source-v1/execution.json: OK
/home/riomus/runs/sfora-connected-gradient-decomposition-source-v1/authority.json: OK
/home/riomus/.local/share/uv/python/cpython-3.13.9-linux-aarch64-gnu/bin/python3.13: OK
/home/riomus/runs/sfora-connected-control-batch-execution-source-v5/observe_connected_control_batch_execution.py: OK
/home/riomus/runs/sfora-connected-mlp-train-source-v6/authority-train-control-179061-v1.json: OK
/home/riomus/runs/sfora-connected-mlp-train-source-v6/test_siglip2_connected_mlp.py: OK
/home/riomus/runs/sfora-connected-mlp-train-source-v6/train_siglip2_connected_mlp.py: OK
/home/riomus/runs/sfora-connected-mlp-evaluation-source-v9/evaluate_siglip2_connected_mlp.py: OK
/home/riomus/runs/sfora-connected-mlp-evaluation-source-v9/test_connected_mlp_evaluation.py: OK
/home/riomus/runs/sfora-connected-mlp-train-source-v6/authority-train-candidate-179061-v1.json: OK
/home/riomus/runs/sfora-connected-mlp-train-candidate-179061-v1/candidate-179061-terminal.pt: OK
/home/riomus/runs/sfora-connected-mlp-train-candidate-179061-v1/receipt.json: OK
/home/riomus/runs/sfora-connected-mlp-train-source-v6/train-candidate-179061-v1-original.log: OK
/home/riomus/runs/sfora-connected-mlp-train-source-v6/authority-train-candidate-179069-v1.json: OK
/home/riomus/runs/sfora-connected-mlp-train-candidate-179069-v1/candidate-179069-terminal.pt: OK
/home/riomus/runs/sfora-connected-mlp-train-candidate-179069-v1/receipt.json: OK
/home/riomus/runs/sfora-connected-mlp-train-source-v6/train-candidate-179069-v1-original.log: OK
/home/riomus/runs/sfora-native256-initialized-cpu-final-footer-v1.py: OK
/home/riomus/runs/sfora-native256-stop-cgroup-footer-v1.py: OK
Traceback (most recent call last):
  File "/home/riomus/runs/sfora-native256-initialized-cpu-final-footer-v1.py", line 7, in <module>
    print('FINAL_CGROUP '+json.dumps({'path':str(root),'invocation_id':os.environ.get('INVOCATION_ID'),'command_exit_status':int(os.environ['SFORA_COMMAND_STATUS']),'values':values},sort_keys=True),flush=True)
                                                                                                                                 ~~~~~~~~~~^^^^^^^^^^^^^^^^^^^^^^^^
  File "<frozen os>", line 685, in __getitem__
KeyError: 'SFORA_COMMAND_STATUS'
Command exited with non-zero status 1
	Command being timed: "/bin/bash /home/riomus/runs/sfora-connected-gradient-decomposition-source-v1/command.sh"
	User time (seconds): 425.00
	System time (seconds): 74.72
	Percent of CPU this job got: 86%
	Elapsed (wall clock) time (h:mm:ss or m:ss): 9:39.95
	Average shared text size (kbytes): 0
	Average unshared data size (kbytes): 0
	Average stack size (kbytes): 0
	Average total size (kbytes): 0
	Maximum resident set size (kbytes): 4788924
	Average resident set size (kbytes): 0
	Major (requiring I/O) page faults: 18880
	Minor (reclaiming a frame) page faults: 1588103
	Voluntary context switches: 7432628
	Involuntary context switches: 7736
	Swaps: 0
	File system inputs: 700163280
	File system outputs: 16
	Socket messages sent: 0
	Socket messages received: 0
	Signals delivered: 0
	Page size (bytes): 4096
	Exit status: 1
STOP_CGROUP {"exit_code": "exited", "exit_status": "1", "invocation_id": "9353648a1a434505931d5f95ae521160", "path": "/sys/fs/cgroup/user.slice/user-1000.slice/user@1000.service/app.slice/sfora-connected-gradient-decomposition-v1.service", "service_result": "exit-code", "values": {"memory.current": "6227173376", "memory.events": "low 0\nhigh 0\nmax 17588\noom 0\noom_kill 0\noom_group_kill 0", "memory.max": "8589934592", "memory.peak": "8589934592", "memory.stat": "anon 5443584\nfile 6132768768\nkernel 86614016\nkernel_stack 0\npagetables 102400\nsec_pagetables 0\npercpu 1760\nsock 0\nvmalloc 0\nshmem 0\nzswap 0\nzswapped 0\nfile_mapped 0\nfile_dirty 0\nfile_writeback 0\nswapcached 0\nanon_thp 0\nfile_thp 0\nshmem_thp 0\ninactive_anon 0\nactive_anon 5386240\ninactive_file 5551157248\nactive_file 581611520\nunevictable 0\nslab_reclaimable 86499088\nslab_unreclaimable 39008\nslab 86538096\nworkingset_refault_anon 0\nworkingset_refault_file 83645\nworkingset_activate_anon 0\nworkingset_activate_file 31370\nworkingset_restore_anon 0\nworkingset_restore_file 0\nworkingset_nodereclaim 0\npgdemote_kswapd 0\npgdemote_direct 0\npgdemote_khugepaged 0\npgdemote_proactive 0\npgpromote_success 0\npgscan 6757535\npgsteal 6756675\npswpin 0\npswpout 0\npgscan_kswapd 0\npgscan_direct 6757535\npgscan_khugepaged 0\npgscan_proactive 0\npgsteal_kswapd 0\npgsteal_direct 6756675\npgsteal_khugepaged 0\npgsteal_proactive 0\npgfault 2198631\npgmajfault 18879\npgrefill 26\npgactivate 3783\npgdeactivate 0\npglazyfree 0\npglazyfreed 0\nswpin_zero 0\nswpout_zero 0\nzswpin 0\nzswpout 0\nzswpwb 0\nthp_fault_alloc 1360\nthp_collapse_alloc 19\nthp_swpout 0\nthp_swpout_fallback 0\nnuma_pages_migrated 0\nnuma_pte_updates 0\nnuma_hint_faults 0", "memory.swap.current": "0", "memory.swap.max": "0", "memory.swap.peak": "0"}}
Finished with result: exit-code
Main processes terminated with: code=exited/status=1
Service runtime: 9min 39.993s
CPU time consumed: 8min 19.747s
Memory peak: 8.0G
Memory swap peak: 0B
