......................................................
----------------------------------------------------------------------
Ran 54 tests in 67.312s

OK
	Command being timed: "timeout 120 python3 -m unittest scripts.test_siglip2_compact_ranking"
	User time (seconds): 53.67
	System time (seconds): 6.17
	Percent of CPU this job got: 88%
	Elapsed (wall clock) time (h:mm:ss or m:ss): 1:07.70
	Average shared text size (kbytes): 0
	Average unshared data size (kbytes): 0
	Average stack size (kbytes): 0
	Average total size (kbytes): 0
	Maximum resident set size (kbytes): 181732
	Average resident set size (kbytes): 0
	Major (requiring I/O) page faults: 0
	Minor (reclaiming a frame) page faults: 86470
	Voluntary context switches: 4803
	Involuntary context switches: 5326
	Swaps: 0
	File system inputs: 155216
	File system outputs: 0
	Socket messages sent: 0
	Socket messages received: 0
	Signals delivered: 0
	Page size (bytes): 4096
	Exit status: 0
