..........E...........................................
======================================================================
ERROR: test_updated_A_current_bytes_binding (scripts.test_siglip2_compact_ranking.ContractTests.test_updated_A_current_bytes_binding)
----------------------------------------------------------------------
Traceback (most recent call last):
  File "/home/rb/worktrees/sfora-fullfeature-residual-trainer-20261004/scripts/test_siglip2_compact_ranking.py", line 1509, in test_updated_A_current_bytes_binding
    own(context, state, admit=True)
    ~~~^^^^^^^^^^^^^^^^^^^^^^^^^^^^
TypeError: own_A() missing 1 required keyword-only argument: 'advanced'

----------------------------------------------------------------------
Ran 54 tests in 69.708s

FAILED (errors=1)
Command exited with non-zero status 1
	Command being timed: "timeout 120 python3 -m unittest scripts.test_siglip2_compact_ranking"
	User time (seconds): 53.17
	System time (seconds): 6.32
	Percent of CPU this job got: 84%
	Elapsed (wall clock) time (h:mm:ss or m:ss): 1:10.09
	Average shared text size (kbytes): 0
	Average unshared data size (kbytes): 0
	Average stack size (kbytes): 0
	Average total size (kbytes): 0
	Maximum resident set size (kbytes): 180780
	Average resident set size (kbytes): 0
	Major (requiring I/O) page faults: 1
	Minor (reclaiming a frame) page faults: 83997
	Voluntary context switches: 4910
	Involuntary context switches: 5673
	Swaps: 0
	File system inputs: 155296
	File system outputs: 992
	Socket messages sent: 0
	Socket messages received: 0
	Signals delivered: 0
	Page size (bytes): 4096
	Exit status: 1
