PASS actual probe trainer/API/schema/role/closure and strict pending/current CPU rejection
PASS actual probe bootstrap compilation and source/role/callback mutants; no native admission executed
PASS fresh first CONTINUE precedes069/full/VAL; exact historical UNIT routing retained
PASS strict first/per-seed/mean/product-LCB/floors/cost/readiness gates; no scientific data read
PASS original all-four constructors; finite initializer initial/cached/call/exit tamper rejection
PASS builtin namespace/control primitive rejection all cases
PASS exact bootstrap AST/inverse, three ordered genuine admissions, state/fresh parallel reads and live guards
PASS original all-four constructors; finite initializer initial/cached/call/exit tamper rejection
PASS immutable import-time builtin baseline all cases
PASS builtin namespace/control primitive rejection all cases
PASS genuine transitive check_steps code/object capture/call/exit rejection
PASS actual UNIT mutation after preguard rejected by admission finally
PASS actual initializer holder replacement after preguard rejected by admission finally
PASS initializer delegate import/fresh/cached/call/finally/exit identity and metadata binding
PASS endpoint genuine source/class/callback/state/join/derivative and once-only first-CONTINUE owner
PASS actual authority loop: old overlap1 / new overlap2..4, exact fresh occurrences
PASS actual accept_unit loop: old overlap1 / new overlap2..4, exact fresh occurrences
PASS actual admission scans: mutation/symlink/roles/conflict/duplicates/errors, atomic owner and joined failures
PASS historical first-selection source/execution rejection retained; candidate full-stage requalification blocked
PASS actual ownCPU700 strict700/701, unchanged host/swap/CUDA/export1500/score700, historical CPU500 and exact source/test inverses; UNQUALIFIED
PASS exact original-owner closure/authority/context, unchanged original readers, CPU/payload/CLI/guard/UNIT/VAL and live snapshot falsifiers
PASS prospective score700/export1500 boundaries/caps; historical CPU launch/source binding rejected; fresh ownCPU700 required
PASS evaluator v6 origin, v3 CPU rejection, phase tampering, exact source/AST inverse
PASS initializer runtime: real restore/direct/canonical RED500 -> phase GREEN; unchanged predicates/origins
PASS witness scan: inverse source/AST, fresh occurrences, ordered owner, bounded/joined workers, negatives
PASS exact runtime/CPU/batch/historical source and historical test inverses
PASS executed producer-shaped full mechanics receipt: first17/steps/missing/tamper negatives
PASS real original terminal AST: connected/gradient/control seams and binding/log/cgroup falsifiers
PASS source-only connected MLP contracts/falsifiers; native UNRUN
PASS connected evaluator source-only affected suite
PASS actual decorator factory/code/globals predicates and original CPU-v5 full-source guards
PASS genuine decorated vision/direct head: wraps forgeries, actual closure/flags/globals/base negatives
PASS probe finite inverse/historical-only admission/genuine source/actual two-view gradient/substitution seams
PASS initializer runtime: real restore/direct/canonical RED500 -> phase GREEN; unchanged predicates/origins
PASS witness scan: inverse source/AST, fresh occurrences, ordered owner, bounded/joined workers, negatives
PASS exact runtime/CPU/batch/historical source and historical test inverses
PASS executed producer-shaped full mechanics receipt: first17/steps/missing/tamper negatives
PASS real original terminal AST: connected/gradient/control seams and binding/log/cgroup falsifiers
PASS source-only connected single probe contracts/falsifiers; native UNRUN
PASS probe evaluator source-only complete affected suite; native UNRUN
