/home/riomus/runs/sfora-connected-control-serving-source-v4/command.sh: OK
Running as unit: sfora-connected-control-serving-diagnostic-v4.service; invocation ID: bf883082c60d4597a104f86daf86b42b
/home/riomus/runs/sfora-connected-control-serving-package-v3/src/sfora/connected_compact_serving.py: OK
/home/riomus/runs/sfora-connected-control-serving-source-v4/qualify_connected_control_serving.py: OK
/home/riomus/runs/sfora-connected-control-serving-source-v4/connected_control_native_authority.py: OK
/home/riomus/runs/sfora-connected-control-serving-source-v4/test_connected_control_serving.py: OK
/home/riomus/runs/sfora-connected-control-serving-package-v3/src/sfora/cutile_int8.py: OK
/home/riomus/runs/sfora-connected-control-serving-source-v4/observe_connected_serving.py: OK
/home/riomus/runs/sfora-connected-control-serving-source-v4/test_observe_connected_serving.py: OK
/home/riomus/runs/sfora-connected-control-serving-package-v3/src/sfora/joint_relational_compaction.py: OK
/home/riomus/runs/sfora-connected-control-serving-source-v4/qualify_connected_serving_requests.py: OK
/home/riomus/runs/sfora-connected-control-serving-source-v4/test_connected_serving_requests.py: OK
/home/riomus/runs/sfora-connected-control-serving-source-v4/authority.json: OK
/home/riomus/runs/sfora-connected-control-serving-source-v4/observation.json: OK
/home/riomus/runs/sfora-connected-control-serving-package-v3/src/sfora/__init__.py: OK
/home/riomus/runs/sfora-connected-control-serving-package-v3/src/sfora/_native/factorized_residual_ann.c: OK
/home/riomus/runs/sfora-connected-control-serving-package-v3/src/sfora/ablation.py: OK
/home/riomus/runs/sfora-connected-control-serving-package-v3/src/sfora/additive_quantization.py: OK
/home/riomus/runs/sfora-connected-control-serving-package-v3/src/sfora/amortized_local_scale.py: OK
/home/riomus/runs/sfora-connected-control-serving-package-v3/src/sfora/api.py: OK
/home/riomus/runs/sfora-connected-control-serving-package-v3/src/sfora/arcg.py: OK
/home/riomus/runs/sfora-connected-control-serving-package-v3/src/sfora/asymmetric_cohort_residual.py: OK
/home/riomus/runs/sfora-connected-control-serving-package-v3/src/sfora/atomic_publication.py: OK
/home/riomus/runs/sfora-connected-control-serving-package-v3/src/sfora/benchmark.py: OK
/home/riomus/runs/sfora-connected-control-serving-package-v3/src/sfora/bn_inception.py: OK
/home/riomus/runs/sfora-connected-control-serving-package-v3/src/sfora/cadr.py: OK
/home/riomus/runs/sfora-connected-control-serving-package-v3/src/sfora/calibrated_tail_moment.py: OK
/home/riomus/runs/sfora-connected-control-serving-package-v3/src/sfora/calibrated_tail_moment_io.py: OK
/home/riomus/runs/sfora-connected-control-serving-package-v3/src/sfora/catalog.py: OK
/home/riomus/runs/sfora-connected-control-serving-package-v3/src/sfora/cea.py: OK
/home/riomus/runs/sfora-connected-control-serving-package-v3/src/sfora/cem.py: OK
/home/riomus/runs/sfora-connected-control-serving-package-v3/src/sfora/cli.py: OK
/home/riomus/runs/sfora-connected-control-serving-package-v3/src/sfora/compact_metric.py: OK
/home/riomus/runs/sfora-connected-control-serving-package-v3/src/sfora/compose.py: OK
/home/riomus/runs/sfora-connected-control-serving-package-v3/src/sfora/cuda_authority.py: OK
/home/riomus/runs/sfora-connected-control-serving-package-v3/src/sfora/dada_reproduction.py: OK
/home/riomus/runs/sfora-connected-control-serving-package-v3/src/sfora/data.py: OK
/home/riomus/runs/sfora-connected-control-serving-package-v3/src/sfora/deployed_code_rank.py: OK
/home/riomus/runs/sfora-connected-control-serving-package-v3/src/sfora/deterministic_similarity_runtime.py: OK
/home/riomus/runs/sfora-connected-control-serving-package-v3/src/sfora/encoder_ablation.py: OK
/home/riomus/runs/sfora-connected-control-serving-package-v3/src/sfora/encoder_training.py: OK
/home/riomus/runs/sfora-connected-control-serving-package-v3/src/sfora/evaluation.py: OK
/home/riomus/runs/sfora-connected-control-serving-package-v3/src/sfora/experiments.py: OK
/home/riomus/runs/sfora-connected-control-serving-package-v3/src/sfora/factorized_residual_ann.py: OK
/home/riomus/runs/sfora-connected-control-serving-package-v3/src/sfora/factorized_residual_index.py: OK
/home/riomus/runs/sfora-connected-control-serving-package-v3/src/sfora/factorized_residual_native.py: OK
/home/riomus/runs/sfora-connected-control-serving-package-v3/src/sfora/foldable_linear.py: OK
/home/riomus/runs/sfora-connected-control-serving-package-v3/src/sfora/foundation_adapter.py: OK
/home/riomus/runs/sfora-connected-control-serving-package-v3/src/sfora/foundation_finetune.py: OK
/home/riomus/runs/sfora-connected-control-serving-package-v3/src/sfora/foundation_oml.py: OK
/home/riomus/runs/sfora-connected-control-serving-package-v3/src/sfora/foundation_pareto.py: OK
/home/riomus/runs/sfora-connected-control-serving-package-v3/src/sfora/frozen_text_supervision.py: OK
/home/riomus/runs/sfora-connected-control-serving-package-v3/src/sfora/gallery_hubness.py: OK
/home/riomus/runs/sfora-connected-control-serving-package-v3/src/sfora/gallery_risk.py: OK
/home/riomus/runs/sfora-connected-control-serving-package-v3/src/sfora/idgp.py: OK
/home/riomus/runs/sfora-connected-control-serving-package-v3/src/sfora/image_benchmark.py: OK
/home/riomus/runs/sfora-connected-control-serving-package-v3/src/sfora/image_end_to_end.py: OK
/home/riomus/runs/sfora-connected-control-serving-package-v3/src/sfora/image_recipes.py: OK
/home/riomus/runs/sfora-connected-control-serving-package-v3/src/sfora/inference_head.py: OK
/home/riomus/runs/sfora-connected-control-serving-package-v3/src/sfora/ipsr.py: OK
/home/riomus/runs/sfora-connected-control-serving-package-v3/src/sfora/joint_pq_projection.py: OK
/home/riomus/runs/sfora-connected-control-serving-package-v3/src/sfora/live_head_bank.py: OK
/home/riomus/runs/sfora-connected-control-serving-package-v3/src/sfora/lops_pg.py: OK
/home/riomus/runs/sfora-connected-control-serving-package-v3/src/sfora/lorentz_rider.py: OK
/home/riomus/runs/sfora-connected-control-serving-package-v3/src/sfora/lorentz_rider_io.py: OK
/home/riomus/runs/sfora-connected-control-serving-package-v3/src/sfora/losses.py: OK
/home/riomus/runs/sfora-connected-control-serving-package-v3/src/sfora/mcps_study.py: OK
/home/riomus/runs/sfora-connected-control-serving-package-v3/src/sfora/method.py: OK
/home/riomus/runs/sfora-connected-control-serving-package-v3/src/sfora/model_artifacts/oml_vits16_sop_power_whitening_128.sfora: OK
/home/riomus/runs/sfora-connected-control-serving-package-v3/src/sfora/model_profiles.py: OK
/home/riomus/runs/sfora-connected-control-serving-package-v3/src/sfora/model_soup.py: OK
/home/riomus/runs/sfora-connected-control-serving-package-v3/src/sfora/nested_neighborhood_rank.py: OK
/home/riomus/runs/sfora-connected-control-serving-package-v3/src/sfora/nested_rank_evaluation.py: OK
/home/riomus/runs/sfora-connected-control-serving-package-v3/src/sfora/nested_rank_protocol.py: OK
/home/riomus/runs/sfora-connected-control-serving-package-v3/src/sfora/oapf.py: OK
/home/riomus/runs/sfora-connected-control-serving-package-v3/src/sfora/packed_int4.py: OK
/home/riomus/runs/sfora-connected-control-serving-package-v3/src/sfora/packed_int8_search.py: OK
/home/riomus/runs/sfora-connected-control-serving-package-v3/src/sfora/pq_candidate_reranking.py: OK
/home/riomus/runs/sfora-connected-control-serving-package-v3/src/sfora/pq_candidate_scoring.py: OK
/home/riomus/runs/sfora-connected-control-serving-package-v3/src/sfora/pq_lookup_distillation.py: OK
/home/riomus/runs/sfora-connected-control-serving-package-v3/src/sfora/product_pair_schedule.py: OK
/home/riomus/runs/sfora-connected-control-serving-package-v3/src/sfora/product_quantization.py: OK
/home/riomus/runs/sfora-connected-control-serving-package-v3/src/sfora/progressive_residual_quantization.py: OK
/home/riomus/runs/sfora-connected-control-serving-package-v3/src/sfora/progressive_residual_scoring.py: OK
/home/riomus/runs/sfora-connected-control-serving-package-v3/src/sfora/publication.py: OK
/home/riomus/runs/sfora-connected-control-serving-package-v3/src/sfora/py.typed: OK
/home/riomus/runs/sfora-connected-control-serving-package-v3/src/sfora/rate_matched_product_quantization.py: OK
/home/riomus/runs/sfora-connected-control-serving-package-v3/src/sfora/reciprocal_reranking.py: OK
/home/riomus/runs/sfora-connected-control-serving-package-v3/src/sfora/remote.py: OK
/home/riomus/runs/sfora-connected-control-serving-package-v3/src/sfora/report.py: OK
/home/riomus/runs/sfora-connected-control-serving-package-v3/src/sfora/representation_ceiling.py: OK
/home/riomus/runs/sfora-connected-control-serving-package-v3/src/sfora/residual_quantization.py: OK
/home/riomus/runs/sfora-connected-control-serving-package-v3/src/sfora/siglip2_compact_serving.py: OK
/home/riomus/runs/sfora-connected-control-serving-package-v3/src/sfora/sop_compact_training.py: OK
/home/riomus/runs/sfora-connected-control-serving-package-v3/src/sfora/sop_evaluation.py: OK
/home/riomus/runs/sfora-connected-control-serving-package-v3/src/sfora/sop_reference_recipe.py: OK
/home/riomus/runs/sfora-connected-control-serving-package-v3/src/sfora/sop_reference_selection.py: OK
/home/riomus/runs/sfora-connected-control-serving-package-v3/src/sfora/teacher_anchored_distillation.py: OK
/home/riomus/runs/sfora-connected-control-serving-package-v3/src/sfora/teacher_anchored_schedule_io.py: OK
/home/riomus/runs/sfora-connected-control-serving-package-v3/src/sfora/text_baselines.py: OK
/home/riomus/runs/sfora-connected-control-serving-package-v3/src/sfora/token_slot_readout.py: OK
/home/riomus/runs/sfora-connected-control-serving-package-v3/src/sfora/training.py: OK
/home/riomus/runs/sfora-connected-control-serving-package-v3/src/sfora/unicom_audit_io.py: OK
/home/riomus/runs/sfora-connected-control-serving-package-v3/src/sfora/unicom_cap.py: OK
/home/riomus/runs/sfora-connected-control-serving-package-v3/src/sfora/unicom_fepf.py: OK
/home/riomus/runs/sfora-connected-control-serving-package-v3/src/sfora/unicom_finish_evidence.py: OK
/home/riomus/runs/sfora-connected-control-serving-package-v3/src/sfora/unicom_finish_protocol.py: OK
/home/riomus/runs/sfora-connected-control-serving-package-v3/src/sfora/unicom_inshop.py: OK
/home/riomus/runs/sfora-connected-control-serving-package-v3/src/sfora/unicom_probe.py: OK
/home/riomus/runs/sfora-connected-control-serving-package-v3/src/sfora/unicom_proxy_muon.py: OK
/home/riomus/runs/sfora-connected-control-serving-package-v3/src/sfora/unicom_rank_finish.py: OK
/home/riomus/runs/sfora-connected-control-serving-package-v3/src/sfora/unicom_resolution_adapter.py: OK
/home/riomus/runs/sfora-connected-control-serving-package-v3/src/sfora/unicom_retrieval_audit.py: OK
/home/riomus/runs/sfora-connected-control-serving-package-v3/src/sfora/unicom_runtime_authority.py: OK
/home/riomus/runs/sfora-connected-control-serving-package-v3/src/sfora/unicom_shard_audit.py: OK
/home/riomus/runs/sfora-connected-control-serving-package-v3/src/sfora/unicom_tail_adapter.py: OK
/home/riomus/runs/sfora-connected-control-serving-package-v3/src/sfora/unicom_training.py: OK
/home/riomus/runs/sfora-connected-control-serving-package-v3/src/sfora/vector_store.py: OK
/home/riomus/runs/sfora-connected-control-serving-package-v3/source-manifest.json: OK
/home/riomus/runs/sfora-connected-control-serving-native-authority-v5/native-authority.json: OK
/home/riomus/.local/share/uv/python/cpython-3.13.9-linux-aarch64-gnu/bin/python3.13: OK
/home/riomus/runs/sfora-native256-initialized-cpu-final-footer-v1.py: OK
/home/riomus/runs/sfora-native256-stop-cgroup-footer-v1.py: OK
/home/riomus/toolchains/cuda-13.4-wheel-env/lib/python3.12/site-packages/nvidia/cu13/bin/tileiras: OK
tileiras: NVIDIA (R) Cuda Tile IR optimizing assembler
Copyright (c) 2005-2026 NVIDIA Corporation
Built on Tue_Sep__1_09:45:49_PDT_2026
Cuda compilation tools, release 13.4, V13.4.92
Build local.local.38855100_
{"event": "COMPACT_PHASE", "phase": "shared_source_preparation", "boundary": "begin", "seconds": 394.7140953830094}
{"event": "COMPACT_PHASE", "phase": "shared_source_preparation", "boundary": "end", "delta_seconds": 20.46640756499255, "seconds": 415.180504724005}
{"event": "COMPACT_PHASE", "phase": "cache_target_preparation", "boundary": "begin", "seconds": 415.1805335890094}
{"event": "COMPACT_PHASE", "phase": "cache_target_preparation", "boundary": "end", "delta_seconds": 2.3063231249980163, "seconds": 417.48686007401557}
{"event": "INITIAL_NATIVE_ORIGIN_DIAGNOSTICS_V1", "expected": {"/home/riomus/group-learning/.venv/lib/python3.13/site-packages/nvidia/cudnn/lib/libcudnn_engines_precompiled.so.9": "3b765736f63d724a0de67b7ce915b0d0a780154fe4a2d515ab14040224aa7db4", "/home/riomus/group-learning/.venv/lib/python3.13/site-packages/nvidia/cudnn/lib/libcudnn_engines_runtime_compiled.so.9": "7b8f371a7718c29549317efdbdeb8d7c301874f9471762a04830846ac4e83510", "/home/riomus/group-learning/.venv/lib/python3.13/site-packages/nvidia/cudnn/lib/libcudnn_graph.so.9": "b601fddd333d84ced4a3d833e75bb412c204e39b21755d79cb890335dce660b8", "/home/riomus/group-learning/.venv/lib/python3.13/site-packages/nvidia/cudnn/lib/libcudnn_heuristic.so.9": "368687b9b5c2c01b55c21f74bd930cb05d3654b4e901e998b7bfb33cebac6ae8"}, "observed_difference": {}, "missing": ["/home/riomus/group-learning/.venv/lib/python3.13/site-packages/nvidia/cudnn/lib/libcudnn_engines_precompiled.so.9", "/home/riomus/group-learning/.venv/lib/python3.13/site-packages/nvidia/cudnn/lib/libcudnn_engines_runtime_compiled.so.9", "/home/riomus/group-learning/.venv/lib/python3.13/site-packages/nvidia/cudnn/lib/libcudnn_graph.so.9", "/home/riomus/group-learning/.venv/lib/python3.13/site-packages/nvidia/cudnn/lib/libcudnn_heuristic.so.9"], "extra": [], "missing_native": ["/home/riomus/group-learning/.venv/lib/python3.13/site-packages/nvidia/cudnn/lib/libcudnn_engines_precompiled.so.9", "/home/riomus/group-learning/.venv/lib/python3.13/site-packages/nvidia/cudnn/lib/libcudnn_engines_runtime_compiled.so.9", "/home/riomus/group-learning/.venv/lib/python3.13/site-packages/nvidia/cudnn/lib/libcudnn_graph.so.9", "/home/riomus/group-learning/.venv/lib/python3.13/site-packages/nvidia/cudnn/lib/libcudnn_heuristic.so.9"]}
{"event": "COMPACT_PHASE", "phase": "independent_reload", "boundary": "begin", "seconds": 437.49950610200176}
{"event": "COMPACT_PHASE", "phase": "independent_reload", "boundary": "end", "delta_seconds": 1.4720649920054711, "seconds": 438.9715734299971}
{"event": "PROTOTYPE_PHASE", "phase": "old_exit_begin", "seconds": 495.8798576979898}
{"event": "QUADRATIC_PHASE", "phase": "exit_rehash", "delta_seconds": 18.553822489018785, "cumulative_seconds": 18.553822489018785}
{"event": "PROTOTYPE_PHASE", "phase": "old_exit_end", "seconds": 514.4344745179988}
{"event": "PROTOTYPE_PHASE", "phase": "own_union_begin", "seconds": 514.4344928229984}
{"event": "PROTOTYPE_PHASE", "phase": "own_union_end", "seconds": 527.7190366940049}
{"event": "PROTOTYPE_PHASE", "phase": "closure_begin", "seconds": 527.7190670139971}
{"event": "PROTOTYPE_PHASE", "phase": "closure_end", "seconds": 527.7205030820041}
Traceback (most recent call last):
  File "/home/riomus/runs/sfora-connected-control-serving-source-v4/qualify_connected_control_serving.py", line 504, in <module>
    main()
    ~~~~^^
  File "/home/riomus/runs/sfora-connected-control-serving-source-v4/qualify_connected_control_serving.py", line 500, in main
    return run(parser.parse_args(argv))
  File "/home/riomus/runs/sfora-connected-control-serving-source-v4/qualify_connected_control_serving.py", line 491, in run
    if failures: requests.raise_failures(failures)
                 ~~~~~~~~~~~~~~~~~~~~~~~^^^^^^^^^^
  File "/home/riomus/runs/sfora-connected-control-serving-source-v4/qualify_connected_serving_requests.py", line 186, in raise_failures
    raise primary
  File "/home/riomus/runs/sfora-connected-control-serving-source-v4/qualify_connected_control_serving.py", line 446, in run
    diagnostic = requests.request_body(factory,observer,read_images,torch.cuda.synchronize,
        [Path(f['path']) for f in observation['train_images']],observation['sources'],guard)
  File "/home/riomus/runs/sfora-connected-control-serving-source-v4/qualify_connected_serving_requests.py", line 260, in request_body
    row = request(index,count,'warm_oracle',probe=probe)
  File "/home/riomus/runs/sfora-connected-control-serving-source-v4/qualify_connected_serving_requests.py", line 246, in request
    result, row = observer.measure_request(index, read_images, synchronize, paths[:count], observer=probe)
                  ~~~~~~~~~~~~~~~~~~~~~~~~^^^^^^^^^^^^^^^^^^^^^^^^^^^^^^^^^^^^^^^^^^^^^^^^^^^^^^^^^^^^^^^^
  File "/home/riomus/runs/sfora-connected-control-serving-source-v4/observe_connected_serving.py", line 414, in measure_request
    raise primary
  File "/home/riomus/runs/sfora-connected-control-serving-source-v4/observe_connected_serving.py", line 387, in measure_request
    result = call() if observer is None else observe_call(observer, call)
                                             ~~~~~~~~~~~~^^^^^^^^^^^^^^^^
  File "/home/riomus/runs/sfora-connected-control-serving-source-v4/observe_connected_serving.py", line 369, in observe_call
    require(not observer.failures and all(row['sha256'] is not None for row in [*observer.leaves,*observer.fingerprints]),
    ~~~~~~~^^^^^^^^^^^^^^^^^^^^^^^^^^^^^^^^^^^^^^^^^^^^^^^^^^^^^^^^^^^^^^^^^^^^^^^^^^^^^^^^^^^^^^^^^^^^^^^^^^^^^^^^^^^^^^^
            'incomplete observation: ' + '; '.join(observer.failures))
            ^^^^^^^^^^^^^^^^^^^^^^^^^^^^^^^^^^^^^^^^^^^^^^^^^^^^^^^^^^
  File "/home/riomus/runs/sfora-connected-control-serving-source-v4/observe_connected_serving.py", line 62, in require
    raise ValueError(message)
ValueError: incomplete observation: ValueError: profile resource bound exceeded
FINAL_CGROUP {"command_exit_status": 1, "invocation_id": "bf883082c60d4597a104f86daf86b42b", "path": "/sys/fs/cgroup/user.slice/user-1000.slice/user@1000.service/app.slice/sfora-connected-control-serving-diagnostic-v4.service", "values": {"memory.current": "748711936", "memory.events": "low 0\nhigh 0\nmax 0\noom 0\noom_kill 0\noom_group_kill 0", "memory.max": "8589934592", "memory.peak": "4653977600", "memory.stat": "anon 5914624\nfile 737980416\nkernel 2920448\nkernel_stack 32768\npagetables 204800\nsec_pagetables 0\npercpu 1408\nsock 0\nvmalloc 0\nshmem 0\nzswap 0\nzswapped 0\nfile_mapped 0\nfile_dirty 0\nfile_writeback 0\nswapcached 0\nanon_thp 0\nfile_thp 0\nshmem_thp 0\ninactive_anon 0\nactive_anon 5779456\ninactive_file 161566720\nactive_file 576413696\nunevictable 0\nslab_reclaimable 2573168\nslab_unreclaimable 90824\nslab 2663992\nworkingset_refault_anon 0\nworkingset_refault_file 0\nworkingset_activate_anon 0\nworkingset_activate_file 0\nworkingset_restore_anon 0\nworkingset_restore_file 0\nworkingset_nodereclaim 0\npgdemote_kswapd 0\npgdemote_direct 0\npgdemote_khugepaged 0\npgdemote_proactive 0\npgpromote_success 0\npgscan 0\npgsteal 0\npswpin 0\npswpout 0\npgscan_kswapd 0\npgscan_direct 0\npgscan_khugepaged 0\npgscan_proactive 0\npgsteal_kswapd 0\npgsteal_direct 0\npgsteal_khugepaged 0\npgsteal_proactive 0\npgfault 837950\npgmajfault 9456\npgrefill 0\npgactivate 0\npgdeactivate 0\npglazyfree 0\npglazyfreed 0\nswpin_zero 0\nswpout_zero 0\nzswpin 0\nzswpout 0\nzswpwb 0\nthp_fault_alloc 983\nthp_collapse_alloc 3\nthp_swpout 0\nthp_swpout_fallback 0\nnuma_pages_migrated 0\nnuma_pte_updates 0\nnuma_hint_faults 0", "memory.swap.current": "0", "memory.swap.max": "0", "memory.swap.peak": "0"}}
Command exited with non-zero status 1
	Command being timed: "/bin/bash /home/riomus/runs/sfora-connected-control-serving-source-v4/command.sh"
	User time (seconds): 395.65
	System time (seconds): 89.59
	Percent of CPU this job got: 84%
	Elapsed (wall clock) time (h:mm:ss or m:ss): 9:35.70
	Average shared text size (kbytes): 0
	Average unshared data size (kbytes): 0
	Average stack size (kbytes): 0
	Average total size (kbytes): 0
	Maximum resident set size (kbytes): 4147296
	Average resident set size (kbytes): 0
	Major (requiring I/O) page faults: 9456
	Minor (reclaiming a frame) page faults: 823648
	Voluntary context switches: 9082197
	Involuntary context switches: 3259
	Swaps: 0
	File system inputs: 1009090384
	File system outputs: 1760
	Socket messages sent: 0
	Socket messages received: 0
	Signals delivered: 0
	Page size (bytes): 4096
	Exit status: 1
STOP_CGROUP {"exit_code": "exited", "exit_status": "1", "invocation_id": "bf883082c60d4597a104f86daf86b42b", "path": "/sys/fs/cgroup/user.slice/user-1000.slice/user@1000.service/app.slice/sfora-connected-control-serving-diagnostic-v4.service", "service_result": "exit-code", "values": {"memory.current": "748109824", "memory.events": "low 0\nhigh 0\nmax 0\noom 0\noom_kill 0\noom_group_kill 0", "memory.max": "8589934592", "memory.peak": "4653977600", "memory.stat": "anon 5435392\nfile 737980416\nkernel 2723840\nkernel_stack 0\npagetables 98304\nsec_pagetables 0\npercpu 1056\nsock 0\nvmalloc 0\nshmem 0\nzswap 0\nzswapped 0\nfile_mapped 0\nfile_dirty 0\nfile_writeback 0\nswapcached 0\nanon_thp 0\nfile_thp 0\nshmem_thp 0\ninactive_anon 0\nactive_anon 5328896\ninactive_file 161566720\nactive_file 576413696\nunevictable 0\nslab_reclaimable 2571960\nslab_unreclaimable 46560\nslab 2618520\nworkingset_refault_anon 0\nworkingset_refault_file 0\nworkingset_activate_anon 0\nworkingset_activate_file 0\nworkingset_restore_anon 0\nworkingset_restore_file 0\nworkingset_nodereclaim 0\npgdemote_kswapd 0\npgdemote_direct 0\npgdemote_khugepaged 0\npgdemote_proactive 0\npgpromote_success 0\npgscan 0\npgsteal 0\npswpin 0\npswpout 0\npgscan_kswapd 0\npgscan_direct 0\npgscan_khugepaged 0\npgscan_proactive 0\npgsteal_kswapd 0\npgsteal_direct 0\npgsteal_khugepaged 0\npgsteal_proactive 0\npgfault 839447\npgmajfault 9456\npgrefill 0\npgactivate 0\npgdeactivate 0\npglazyfree 0\npglazyfreed 0\nswpin_zero 0\nswpout_zero 0\nzswpin 0\nzswpout 0\nzswpwb 0\nthp_fault_alloc 983\nthp_collapse_alloc 3\nthp_swpout 0\nthp_swpout_fallback 0\nnuma_pages_migrated 0\nnuma_pte_updates 0\nnuma_hint_faults 0", "memory.swap.current": "0", "memory.swap.max": "0", "memory.swap.peak": "0"}}
Finished with result: exit-code
Main processes terminated with: code=exited/status=1
Service runtime: 9min 35.735s
CPU time consumed: 8min 5.264s
Memory peak: 4.3G
Memory swap peak: 0B
