/home/riomus/runs/sfora-connected-control-serving-source-v1/command.sh: OK
Running as unit: sfora-connected-control-serving-diagnostic-v1.service; invocation ID: 2d26e44d1aac4b5ea3c472274a2b6ec7
/home/riomus/runs/sfora-connected-control-serving-package-v1/src/sfora/connected_compact_serving.py: OK
/home/riomus/runs/sfora-connected-control-serving-source-v1/qualify_connected_control_serving.py: OK
/home/riomus/runs/sfora-connected-control-serving-source-v1/connected_control_native_authority.py: OK
/home/riomus/runs/sfora-connected-control-serving-source-v1/test_connected_control_serving.py: OK
/home/riomus/runs/sfora-connected-control-serving-package-v1/src/sfora/cutile_int8.py: OK
/home/riomus/runs/sfora-connected-control-serving-source-v1/observe_connected_serving.py: OK
/home/riomus/runs/sfora-connected-control-serving-source-v1/test_observe_connected_serving.py: OK
/home/riomus/runs/sfora-connected-control-serving-package-v1/src/sfora/joint_relational_compaction.py: OK
/home/riomus/runs/sfora-connected-control-serving-source-v1/qualify_connected_serving_requests.py: OK
/home/riomus/runs/sfora-connected-control-serving-source-v1/test_connected_serving_requests.py: OK
/home/riomus/runs/sfora-connected-control-serving-source-v1/authority.json: OK
/home/riomus/runs/sfora-connected-control-serving-source-v1/observation.json: OK
/home/riomus/runs/sfora-connected-control-serving-package-v1/src/sfora/__init__.py: OK
/home/riomus/runs/sfora-connected-control-serving-package-v1/src/sfora/_native/factorized_residual_ann.c: OK
/home/riomus/runs/sfora-connected-control-serving-package-v1/src/sfora/ablation.py: OK
/home/riomus/runs/sfora-connected-control-serving-package-v1/src/sfora/additive_quantization.py: OK
/home/riomus/runs/sfora-connected-control-serving-package-v1/src/sfora/amortized_local_scale.py: OK
/home/riomus/runs/sfora-connected-control-serving-package-v1/src/sfora/api.py: OK
/home/riomus/runs/sfora-connected-control-serving-package-v1/src/sfora/arcg.py: OK
/home/riomus/runs/sfora-connected-control-serving-package-v1/src/sfora/asymmetric_cohort_residual.py: OK
/home/riomus/runs/sfora-connected-control-serving-package-v1/src/sfora/atomic_publication.py: OK
/home/riomus/runs/sfora-connected-control-serving-package-v1/src/sfora/benchmark.py: OK
/home/riomus/runs/sfora-connected-control-serving-package-v1/src/sfora/bn_inception.py: OK
/home/riomus/runs/sfora-connected-control-serving-package-v1/src/sfora/cadr.py: OK
/home/riomus/runs/sfora-connected-control-serving-package-v1/src/sfora/calibrated_tail_moment.py: OK
/home/riomus/runs/sfora-connected-control-serving-package-v1/src/sfora/calibrated_tail_moment_io.py: OK
/home/riomus/runs/sfora-connected-control-serving-package-v1/src/sfora/catalog.py: OK
/home/riomus/runs/sfora-connected-control-serving-package-v1/src/sfora/cea.py: OK
/home/riomus/runs/sfora-connected-control-serving-package-v1/src/sfora/cem.py: OK
/home/riomus/runs/sfora-connected-control-serving-package-v1/src/sfora/cli.py: OK
/home/riomus/runs/sfora-connected-control-serving-package-v1/src/sfora/compact_metric.py: OK
/home/riomus/runs/sfora-connected-control-serving-package-v1/src/sfora/compose.py: OK
/home/riomus/runs/sfora-connected-control-serving-package-v1/src/sfora/cuda_authority.py: OK
/home/riomus/runs/sfora-connected-control-serving-package-v1/src/sfora/dada_reproduction.py: OK
/home/riomus/runs/sfora-connected-control-serving-package-v1/src/sfora/data.py: OK
/home/riomus/runs/sfora-connected-control-serving-package-v1/src/sfora/deployed_code_rank.py: OK
/home/riomus/runs/sfora-connected-control-serving-package-v1/src/sfora/deterministic_similarity_runtime.py: OK
/home/riomus/runs/sfora-connected-control-serving-package-v1/src/sfora/encoder_ablation.py: OK
/home/riomus/runs/sfora-connected-control-serving-package-v1/src/sfora/encoder_training.py: OK
/home/riomus/runs/sfora-connected-control-serving-package-v1/src/sfora/evaluation.py: OK
/home/riomus/runs/sfora-connected-control-serving-package-v1/src/sfora/experiments.py: OK
/home/riomus/runs/sfora-connected-control-serving-package-v1/src/sfora/factorized_residual_ann.py: OK
/home/riomus/runs/sfora-connected-control-serving-package-v1/src/sfora/factorized_residual_index.py: OK
/home/riomus/runs/sfora-connected-control-serving-package-v1/src/sfora/factorized_residual_native.py: OK
/home/riomus/runs/sfora-connected-control-serving-package-v1/src/sfora/foldable_linear.py: OK
/home/riomus/runs/sfora-connected-control-serving-package-v1/src/sfora/foundation_adapter.py: OK
/home/riomus/runs/sfora-connected-control-serving-package-v1/src/sfora/foundation_finetune.py: OK
/home/riomus/runs/sfora-connected-control-serving-package-v1/src/sfora/foundation_oml.py: OK
/home/riomus/runs/sfora-connected-control-serving-package-v1/src/sfora/foundation_pareto.py: OK
/home/riomus/runs/sfora-connected-control-serving-package-v1/src/sfora/frozen_text_supervision.py: OK
/home/riomus/runs/sfora-connected-control-serving-package-v1/src/sfora/gallery_hubness.py: OK
/home/riomus/runs/sfora-connected-control-serving-package-v1/src/sfora/gallery_risk.py: OK
/home/riomus/runs/sfora-connected-control-serving-package-v1/src/sfora/idgp.py: OK
/home/riomus/runs/sfora-connected-control-serving-package-v1/src/sfora/image_benchmark.py: OK
/home/riomus/runs/sfora-connected-control-serving-package-v1/src/sfora/image_end_to_end.py: OK
/home/riomus/runs/sfora-connected-control-serving-package-v1/src/sfora/image_recipes.py: OK
/home/riomus/runs/sfora-connected-control-serving-package-v1/src/sfora/inference_head.py: OK
/home/riomus/runs/sfora-connected-control-serving-package-v1/src/sfora/ipsr.py: OK
/home/riomus/runs/sfora-connected-control-serving-package-v1/src/sfora/joint_pq_projection.py: OK
/home/riomus/runs/sfora-connected-control-serving-package-v1/src/sfora/live_head_bank.py: OK
/home/riomus/runs/sfora-connected-control-serving-package-v1/src/sfora/lops_pg.py: OK
/home/riomus/runs/sfora-connected-control-serving-package-v1/src/sfora/lorentz_rider.py: OK
/home/riomus/runs/sfora-connected-control-serving-package-v1/src/sfora/lorentz_rider_io.py: OK
/home/riomus/runs/sfora-connected-control-serving-package-v1/src/sfora/losses.py: OK
/home/riomus/runs/sfora-connected-control-serving-package-v1/src/sfora/mcps_study.py: OK
/home/riomus/runs/sfora-connected-control-serving-package-v1/src/sfora/method.py: OK
/home/riomus/runs/sfora-connected-control-serving-package-v1/src/sfora/model_artifacts/oml_vits16_sop_power_whitening_128.sfora: OK
/home/riomus/runs/sfora-connected-control-serving-package-v1/src/sfora/model_profiles.py: OK
/home/riomus/runs/sfora-connected-control-serving-package-v1/src/sfora/model_soup.py: OK
/home/riomus/runs/sfora-connected-control-serving-package-v1/src/sfora/nested_neighborhood_rank.py: OK
/home/riomus/runs/sfora-connected-control-serving-package-v1/src/sfora/nested_rank_evaluation.py: OK
/home/riomus/runs/sfora-connected-control-serving-package-v1/src/sfora/nested_rank_protocol.py: OK
/home/riomus/runs/sfora-connected-control-serving-package-v1/src/sfora/oapf.py: OK
/home/riomus/runs/sfora-connected-control-serving-package-v1/src/sfora/packed_int4.py: OK
/home/riomus/runs/sfora-connected-control-serving-package-v1/src/sfora/packed_int8_search.py: OK
/home/riomus/runs/sfora-connected-control-serving-package-v1/src/sfora/pq_candidate_reranking.py: OK
/home/riomus/runs/sfora-connected-control-serving-package-v1/src/sfora/pq_candidate_scoring.py: OK
/home/riomus/runs/sfora-connected-control-serving-package-v1/src/sfora/pq_lookup_distillation.py: OK
/home/riomus/runs/sfora-connected-control-serving-package-v1/src/sfora/product_pair_schedule.py: OK
/home/riomus/runs/sfora-connected-control-serving-package-v1/src/sfora/product_quantization.py: OK
/home/riomus/runs/sfora-connected-control-serving-package-v1/src/sfora/progressive_residual_quantization.py: OK
/home/riomus/runs/sfora-connected-control-serving-package-v1/src/sfora/progressive_residual_scoring.py: OK
/home/riomus/runs/sfora-connected-control-serving-package-v1/src/sfora/publication.py: OK
/home/riomus/runs/sfora-connected-control-serving-package-v1/src/sfora/py.typed: OK
/home/riomus/runs/sfora-connected-control-serving-package-v1/src/sfora/rate_matched_product_quantization.py: OK
/home/riomus/runs/sfora-connected-control-serving-package-v1/src/sfora/reciprocal_reranking.py: OK
/home/riomus/runs/sfora-connected-control-serving-package-v1/src/sfora/remote.py: OK
/home/riomus/runs/sfora-connected-control-serving-package-v1/src/sfora/report.py: OK
/home/riomus/runs/sfora-connected-control-serving-package-v1/src/sfora/representation_ceiling.py: OK
/home/riomus/runs/sfora-connected-control-serving-package-v1/src/sfora/residual_quantization.py: OK
/home/riomus/runs/sfora-connected-control-serving-package-v1/src/sfora/siglip2_compact_serving.py: OK
/home/riomus/runs/sfora-connected-control-serving-package-v1/src/sfora/sop_compact_training.py: OK
/home/riomus/runs/sfora-connected-control-serving-package-v1/src/sfora/sop_evaluation.py: OK
/home/riomus/runs/sfora-connected-control-serving-package-v1/src/sfora/sop_reference_recipe.py: OK
/home/riomus/runs/sfora-connected-control-serving-package-v1/src/sfora/sop_reference_selection.py: OK
/home/riomus/runs/sfora-connected-control-serving-package-v1/src/sfora/teacher_anchored_distillation.py: OK
/home/riomus/runs/sfora-connected-control-serving-package-v1/src/sfora/teacher_anchored_schedule_io.py: OK
/home/riomus/runs/sfora-connected-control-serving-package-v1/src/sfora/text_baselines.py: OK
/home/riomus/runs/sfora-connected-control-serving-package-v1/src/sfora/token_slot_readout.py: OK
/home/riomus/runs/sfora-connected-control-serving-package-v1/src/sfora/training.py: OK
/home/riomus/runs/sfora-connected-control-serving-package-v1/src/sfora/unicom_audit_io.py: OK
/home/riomus/runs/sfora-connected-control-serving-package-v1/src/sfora/unicom_cap.py: OK
/home/riomus/runs/sfora-connected-control-serving-package-v1/src/sfora/unicom_fepf.py: OK
/home/riomus/runs/sfora-connected-control-serving-package-v1/src/sfora/unicom_finish_evidence.py: OK
/home/riomus/runs/sfora-connected-control-serving-package-v1/src/sfora/unicom_finish_protocol.py: OK
/home/riomus/runs/sfora-connected-control-serving-package-v1/src/sfora/unicom_inshop.py: OK
/home/riomus/runs/sfora-connected-control-serving-package-v1/src/sfora/unicom_probe.py: OK
/home/riomus/runs/sfora-connected-control-serving-package-v1/src/sfora/unicom_proxy_muon.py: OK
/home/riomus/runs/sfora-connected-control-serving-package-v1/src/sfora/unicom_rank_finish.py: OK
/home/riomus/runs/sfora-connected-control-serving-package-v1/src/sfora/unicom_resolution_adapter.py: OK
/home/riomus/runs/sfora-connected-control-serving-package-v1/src/sfora/unicom_retrieval_audit.py: OK
/home/riomus/runs/sfora-connected-control-serving-package-v1/src/sfora/unicom_runtime_authority.py: OK
/home/riomus/runs/sfora-connected-control-serving-package-v1/src/sfora/unicom_shard_audit.py: OK
/home/riomus/runs/sfora-connected-control-serving-package-v1/src/sfora/unicom_tail_adapter.py: OK
/home/riomus/runs/sfora-connected-control-serving-package-v1/src/sfora/unicom_training.py: OK
/home/riomus/runs/sfora-connected-control-serving-package-v1/src/sfora/vector_store.py: OK
/home/riomus/runs/sfora-connected-control-serving-package-v1/source-manifest.json: OK
/home/riomus/runs/sfora-connected-control-serving-native-authority-v2/native-authority.json: OK
/home/riomus/.local/share/uv/python/cpython-3.13.9-linux-aarch64-gnu/bin/python3.13: OK
/home/riomus/runs/sfora-native256-initialized-cpu-final-footer-v1.py: OK
/home/riomus/runs/sfora-native256-stop-cgroup-footer-v1.py: OK
{"event": "COMPACT_PHASE", "phase": "shared_source_preparation", "boundary": "begin", "seconds": 401.82517544800066}
{"event": "COMPACT_PHASE", "phase": "shared_source_preparation", "boundary": "end", "delta_seconds": 20.60419097499107, "seconds": 422.42936863098294}
{"event": "COMPACT_PHASE", "phase": "cache_target_preparation", "boundary": "begin", "seconds": 422.42940047101}
{"event": "COMPACT_PHASE", "phase": "cache_target_preparation", "boundary": "end", "delta_seconds": 2.3134016139956657, "seconds": 424.7428051730094}
{"event": "INITIAL_NATIVE_ORIGIN_DIAGNOSTICS_V1", "expected": {"/home/riomus/group-learning/.venv/lib/python3.13/site-packages/nvidia/cudnn/lib/libcudnn_engines_precompiled.so.9": "3b765736f63d724a0de67b7ce915b0d0a780154fe4a2d515ab14040224aa7db4", "/home/riomus/group-learning/.venv/lib/python3.13/site-packages/nvidia/cudnn/lib/libcudnn_engines_runtime_compiled.so.9": "7b8f371a7718c29549317efdbdeb8d7c301874f9471762a04830846ac4e83510", "/home/riomus/group-learning/.venv/lib/python3.13/site-packages/nvidia/cudnn/lib/libcudnn_graph.so.9": "b601fddd333d84ced4a3d833e75bb412c204e39b21755d79cb890335dce660b8", "/home/riomus/group-learning/.venv/lib/python3.13/site-packages/nvidia/cudnn/lib/libcudnn_heuristic.so.9": "368687b9b5c2c01b55c21f74bd930cb05d3654b4e901e998b7bfb33cebac6ae8"}, "observed_difference": {}, "missing": ["/home/riomus/group-learning/.venv/lib/python3.13/site-packages/nvidia/cudnn/lib/libcudnn_engines_precompiled.so.9", "/home/riomus/group-learning/.venv/lib/python3.13/site-packages/nvidia/cudnn/lib/libcudnn_engines_runtime_compiled.so.9", "/home/riomus/group-learning/.venv/lib/python3.13/site-packages/nvidia/cudnn/lib/libcudnn_graph.so.9", "/home/riomus/group-learning/.venv/lib/python3.13/site-packages/nvidia/cudnn/lib/libcudnn_heuristic.so.9"], "extra": [], "missing_native": ["/home/riomus/group-learning/.venv/lib/python3.13/site-packages/nvidia/cudnn/lib/libcudnn_engines_precompiled.so.9", "/home/riomus/group-learning/.venv/lib/python3.13/site-packages/nvidia/cudnn/lib/libcudnn_engines_runtime_compiled.so.9", "/home/riomus/group-learning/.venv/lib/python3.13/site-packages/nvidia/cudnn/lib/libcudnn_graph.so.9", "/home/riomus/group-learning/.venv/lib/python3.13/site-packages/nvidia/cudnn/lib/libcudnn_heuristic.so.9"]}

thread '<unnamed>' (1430751) panicked at /home/riomus/.cargo/registry/src/index.crates.io-1949cf8c6b5b557f/cutile-compiler-0.1.1/src/cuda_tile_runtime_utils.rs:87:13:
Failed to launch tileiras for /tmp/3dc90e9d-398b-4de2-9fae-f99e24463025.bc: No such file or directory (os error 2)
note: run with `RUST_BACKTRACE=1` environment variable to display a backtrace
  | ExceptionGroup: other request driver failures (1 sub-exception)
  +-+---------------- 1 ----------------
    | Traceback (most recent call last):
    |   File "/home/riomus/runs/sfora-connected-control-serving-source-v1/qualify_connected_control_serving.py", line 465, in run
    |     else: api.evaluator_exit(context,exit_guard)
    |           ~~~~~~~~~~~~~~~~~~^^^^^^^^^^^^^^^^^^^^
    |   File "/home/riomus/runs/sfora-connected-control-serving-source-v1/connected_control_native_authority.py", line 346, in evaluator_exit
    |     return evaluator(value,guard)
    |   File "/home/riomus/runs/sfora-connected-mlp-evaluation-source-v9/evaluate_siglip2_connected_mlp.py", line 1778, in exit_rehash
    |     api.audit_origins(t['legacy'],require_exact=context['args'].phase == 'export')
    |     ~~~~~~~~~~~~~~~~~^^^^^^^^^^^^^^^^^^^^^^^^^^^^^^^^^^^^^^^^^^^^^^^^^^^^^^^^^^^^^
    |   File "/home/riomus/runs/sfora-so400-nearest-ranking-train-source-v5/train_siglip2_nearest_ranking.py", line 506, in audit_origins
    |     private_audit(value, initial=initial, admission=admission)
    |     ~~~~~~~~~~~~~^^^^^^^^^^^^^^^^^^^^^^^^^^^^^^^^^^^^^^^^^^^^^
    |   File "/home/riomus/runs/sfora-so400-quadratic-readout-source-v7/train_siglip2_quadratic_readout.py", line 354, in audit_origins
    |     origins = source.imported_origins(context['extract'], context['selected']['packages'])
    |   File "/home/riomus/runs/sfora-connected-control-serving-source-v1/connected_control_native_authority.py", line 244, in collect
    |     require(all(union.get(p) == h for p,h in origins['files'].items()), 'unknown or changed combined native origin')
    |     ~~~~~~~^^^^^^^^^^^^^^^^^^^^^^^^^^^^^^^^^^^^^^^^^^^^^^^^^^^^^^^^^^^^^^^^^^^^^^^^^^^^^^^^^^^^^^^^^^^^^^^^^^^^^^^^^
    |   File "/home/riomus/runs/sfora-connected-control-serving-source-v1/connected_control_native_authority.py", line 37, in require
    |     raise ValueError(message)
    | ValueError: unknown or changed combined native origin
    +------------------------------------

The above exception was the direct cause of the following exception:

Traceback (most recent call last):
  File "/home/riomus/runs/sfora-connected-control-serving-source-v1/qualify_connected_control_serving.py", line 503, in <module>
    main()
    ~~~~^^
  File "/home/riomus/runs/sfora-connected-control-serving-source-v1/qualify_connected_control_serving.py", line 499, in main
    return run(parser.parse_args(argv))
  File "/home/riomus/runs/sfora-connected-control-serving-source-v1/qualify_connected_control_serving.py", line 490, in run
    if failures: requests.raise_failures(failures)
                 ~~~~~~~~~~~~~~~~~~~~~~~^^^^^^^^^^
  File "/home/riomus/runs/sfora-connected-control-serving-source-v1/qualify_connected_serving_requests.py", line 185, in raise_failures
    raise primary from BaseExceptionGroup('other request driver failures', others)
  File "/home/riomus/runs/sfora-connected-control-serving-source-v1/qualify_connected_control_serving.py", line 418, in run
    ties = requests.native_ties(joint_relational_compaction.PackedInt8Embeddings,
        cutile_int8.CutilePackedInt8Gallery,observation['native'],observer)
  File "/home/riomus/runs/sfora-connected-control-serving-source-v1/qualify_connected_serving_requests.py", line 352, in native_ties
    if failures: raise_failures(failures)
                 ~~~~~~~~~~~~~~^^^^^^^^^^
  File "/home/riomus/runs/sfora-connected-control-serving-source-v1/qualify_connected_serving_requests.py", line 186, in raise_failures
    raise primary
  File "/home/riomus/runs/sfora-connected-control-serving-source-v1/qualify_connected_serving_requests.py", line 339, in native_ties
    result = gallery.search_packed(packed.from_bytes(row*count,count=count,dimensions=128),k=10)
  File "/home/riomus/runs/sfora-connected-control-serving-package-v1/src/sfora/cutile_int8.py", line 200, in search_packed
    return self.search(
           ~~~~~~~~~~~^
        embeddings.codes.numpy(),
        ^^^^^^^^^^^^^^^^^^^^^^^^^
        embeddings.inverse_norms.numpy(),
        ^^^^^^^^^^^^^^^^^^^^^^^^^^^^^^^^^
        k=k,
        ^^^^
    )
    ^
  File "/home/riomus/runs/sfora-connected-control-serving-package-v1/src/sfora/cutile_int8.py", line 181, in search
    raise RuntimeError(f"{_ERROR}: search status {status}")
RuntimeError: cuTile packed-int8 scorer failed: search status 3
request driver also failed: ValueError('unknown or changed combined native origin')
FINAL_CGROUP {"command_exit_status": 1, "invocation_id": "2d26e44d1aac4b5ea3c472274a2b6ec7", "path": "/sys/fs/cgroup/user.slice/user-1000.slice/user@1000.service/app.slice/sfora-connected-control-serving-diagnostic-v1.service", "values": {"memory.current": "685842432", "memory.events": "low 0\nhigh 0\nmax 0\noom 0\noom_kill 0\noom_group_kill 0", "memory.max": "8589934592", "memory.peak": "1733210112", "memory.stat": "anon 5914624\nfile 675426304\nkernel 2691072\nkernel_stack 32768\npagetables 204800\nsec_pagetables 0\npercpu 1408\nsock 0\nvmalloc 0\nshmem 0\nzswap 0\nzswapped 0\nfile_mapped 0\nfile_dirty 16384\nfile_writeback 0\nswapcached 0\nanon_thp 0\nfile_thp 0\nshmem_thp 0\ninactive_anon 0\nactive_anon 5787648\ninactive_file 45285376\nactive_file 630140928\nunevictable 0\nslab_reclaimable 2355696\nslab_unreclaimable 89200\nslab 2444896\nworkingset_refault_anon 0\nworkingset_refault_file 169730\nworkingset_activate_anon 0\nworkingset_activate_file 0\nworkingset_restore_anon 0\nworkingset_restore_file 2\nworkingset_nodereclaim 0\npgdemote_kswapd 0\npgdemote_direct 0\npgdemote_khugepaged 0\npgdemote_proactive 0\npgpromote_success 0\npgscan 0\npgsteal 0\npswpin 0\npswpout 0\npgscan_kswapd 0\npgscan_direct 0\npgscan_khugepaged 0\npgscan_proactive 0\npgsteal_kswapd 0\npgsteal_direct 0\npgsteal_khugepaged 0\npgsteal_proactive 0\npgfault 445593\npgmajfault 5931\npgrefill 0\npgactivate 0\npgdeactivate 0\npglazyfree 0\npglazyfreed 0\nswpin_zero 0\nswpout_zero 0\nzswpin 0\nzswpout 0\nzswpwb 0\nthp_fault_alloc 130\nthp_collapse_alloc 0\nthp_swpout 0\nthp_swpout_fallback 0\nnuma_pages_migrated 0\nnuma_pte_updates 0\nnuma_hint_faults 0", "memory.swap.current": "0", "memory.swap.max": "0", "memory.swap.peak": "0"}}
Command exited with non-zero status 1
	Command being timed: "/bin/bash /home/riomus/runs/sfora-connected-control-serving-source-v1/command.sh"
	User time (seconds): 316.58
	System time (seconds): 82.10
	Percent of CPU this job got: 89%
	Elapsed (wall clock) time (h:mm:ss or m:ss): 7:24.18
	Average shared text size (kbytes): 0
	Average unshared data size (kbytes): 0
	Average stack size (kbytes): 0
	Average total size (kbytes): 0
	Maximum resident set size (kbytes): 1514392
	Average resident set size (kbytes): 0
	Major (requiring I/O) page faults: 5931
	Minor (reclaiming a frame) page faults: 439632
	Voluntary context switches: 8541994
	Involuntary context switches: 2554
	Swaps: 0
	File system inputs: 781517768
	File system outputs: 24
	Socket messages sent: 0
	Socket messages received: 0
	Signals delivered: 0
	Page size (bytes): 4096
	Exit status: 1
STOP_CGROUP {"exit_code": "exited", "exit_status": "1", "invocation_id": "2d26e44d1aac4b5ea3c472274a2b6ec7", "path": "/sys/fs/cgroup/user.slice/user-1000.slice/user@1000.service/app.slice/sfora-connected-control-serving-diagnostic-v1.service", "service_result": "exit-code", "values": {"memory.current": "685162496", "memory.events": "low 0\nhigh 0\nmax 0\noom 0\noom_kill 0\noom_group_kill 0", "memory.max": "8589934592", "memory.peak": "1733210112", "memory.stat": "anon 5435392\nfile 675426304\nkernel 2478080\nkernel_stack 0\npagetables 94208\nsec_pagetables 0\npercpu 1056\nsock 0\nvmalloc 0\nshmem 0\nzswap 0\nzswapped 0\nfile_mapped 0\nfile_dirty 16384\nfile_writeback 0\nswapcached 0\nanon_thp 0\nfile_thp 0\nshmem_thp 0\ninactive_anon 0\nactive_anon 5394432\ninactive_file 45285376\nactive_file 630140928\nunevictable 0\nslab_reclaimable 2359208\nslab_unreclaimable 24480\nslab 2383688\nworkingset_refault_anon 0\nworkingset_refault_file 169730\nworkingset_activate_anon 0\nworkingset_activate_file 0\nworkingset_restore_anon 0\nworkingset_restore_file 2\nworkingset_nodereclaim 0\npgdemote_kswapd 0\npgdemote_direct 0\npgdemote_khugepaged 0\npgdemote_proactive 0\npgpromote_success 0\npgscan 0\npgsteal 0\npswpin 0\npswpout 0\npgscan_kswapd 0\npgscan_direct 0\npgscan_khugepaged 0\npgscan_proactive 0\npgsteal_kswapd 0\npgsteal_direct 0\npgsteal_khugepaged 0\npgsteal_proactive 0\npgfault 447091\npgmajfault 5931\npgrefill 0\npgactivate 0\npgdeactivate 0\npglazyfree 0\npglazyfreed 0\nswpin_zero 0\nswpout_zero 0\nzswpin 0\nzswpout 0\nzswpwb 0\nthp_fault_alloc 130\nthp_collapse_alloc 0\nthp_swpout 0\nthp_swpout_fallback 0\nnuma_pages_migrated 0\nnuma_pte_updates 0\nnuma_hint_faults 0", "memory.swap.current": "0", "memory.swap.max": "0", "memory.swap.peak": "0"}}
Finished with result: exit-code
Main processes terminated with: code=exited/status=1
Service runtime: 7min 24.229s
CPU time consumed: 6min 38.723s
Memory peak: 1.6G
Memory swap peak: 0B
