/home/riomus/runs/sfora-so400-identity-diversity-evaluation-source-v1/first-cpu-v1-command.sh: OK
Running as unit: sfora-so400-identity-diversity-evaluation-first-cpu-v1.service; invocation ID: 6a08919e06e3422f8ced09036f6f07bf
/home/riomus/runs/sfora-so400-nearest-ranking-train-source-v5/native-authority.json: OK
/home/riomus/runs/sfora-cudnn-wheel-provenance-v1/proof.json: OK
/home/riomus/runs/sfora-cudnn-wheel-provenance-source-v1/decision.json: OK
/home/riomus/runs/sfora-cudnn-wheel-provenance-source-v1/original.log: OK
/home/riomus/.local/share/uv/python/cpython-3.13.9-linux-aarch64-gnu/bin/python3.13: OK
/home/riomus/runs/sfora-native256-initialized-cpu-final-footer-v1.py: OK
/home/riomus/runs/sfora-native256-stop-cgroup-footer-v1.py: OK
/home/riomus/runs/sfora-so400-nearest-ranking-train-source-v5/authority-cpu-v5.json: OK
/home/riomus/runs/sfora-so400-nearest-ranking-train-source-v5/execution.json: OK
/home/riomus/runs/sfora-so400-nearest-ranking-train-source-v5/nearest_ranking_readout.py: OK
/home/riomus/runs/sfora-so400-nearest-ranking-train-source-v5/test_siglip2_nearest_ranking.py: OK
/home/riomus/runs/sfora-so400-nearest-ranking-train-source-v5/train_siglip2_nearest_ranking.py: OK
/home/riomus/runs/sfora-so400-signed-concat-fit-concat-v1/receipt.json: OK
/home/riomus/runs/sfora-so400-signed-concat-fit-concat-v1/resume.pt: OK
/home/riomus/runs/sfora-so400-signed-concat-fit-source-v2/authority-fit-concat-v1.json: OK
/home/riomus/runs/sfora-so400-signed-concat-fit-source-v2/execution.json: OK
/home/riomus/runs/sfora-so400-signed-concat-fit-source-v2/fit-concat-v1.log: OK
/home/riomus/runs/sfora-so400-signed-concat-fit-source-v2/fit_siglip2_prototype_residual.py: OK
/home/riomus/runs/sfora-so400-signed-concat-fit-source-v2/prototype_residual_readout.py: OK
/home/riomus/runs/sfora-so400-signed-concat-fit-source-v2/test_siglip2_prototype_residual.py: OK
/home/riomus/runs/sfora-so400-fullfeature-residual-train-source-v1/train_siglip2_compact_ranking.py: OK
/home/riomus/runs/sfora-so400-fullfeature-residual-train-source-v1/test_siglip2_compact_ranking.py: OK
/home/riomus/runs/sfora-so400-fullfeature-residual-train-source-v1/execution.json: OK
/home/riomus/runs/sfora-so400-fullfeature-residual-train-source-v1/authority-cpu-v1.json: OK
/home/riomus/runs/sfora-so400-smooth-ap-train-candidate-179061-v1/bundle/bundle.json: OK
/home/riomus/runs/sfora-so400-smooth-ap-train-candidate-179061-v1/receipt.json: OK
/home/riomus/runs/sfora-so400-smooth-ap-train-candidate-179061-v1/resume.pt: OK
/home/riomus/runs/sfora-so400-smooth-ap-train-source-v1/authority-train-candidate-179061-v1.json: OK
/home/riomus/runs/sfora-so400-smooth-ap-train-source-v1/execution.json: OK
/home/riomus/runs/sfora-so400-smooth-ap-train-source-v1/test_siglip2_compact_ranking.py: OK
/home/riomus/runs/sfora-so400-smooth-ap-train-source-v1/train-candidate-179061-v1.log: OK
/home/riomus/runs/sfora-so400-smooth-ap-train-source-v1/train_siglip2_compact_ranking.py: OK
/home/riomus/runs/sfora-so400-identity-diversity-train-source-v5/authority-train-control-179061-v1.json: OK
/home/riomus/runs/sfora-so400-identity-diversity-train-source-v5/execution.json: OK
/home/riomus/runs/sfora-so400-identity-diversity-train-source-v5/test_siglip2_identity_diversity.py: OK
/home/riomus/runs/sfora-so400-identity-diversity-train-source-v5/train_siglip2_identity_diversity.py: OK
/home/riomus/runs/sfora-so400-identity-diversity-view-export-candidate-v1/receipt.json: OK
/home/riomus/runs/sfora-so400-identity-diversity-view-source-v2/export-candidate-v1.log: OK
/home/riomus/runs/sfora-so400-identity-diversity-view-export-candidate-v1/augmented.npy: OK
/home/riomus/runs/sfora-so400-identity-diversity-view-export-candidate-v1/canonical.npy: OK
/home/riomus/runs/sfora-identity-diversity-metadata-v1/scope.json: OK
/home/riomus/runs/sfora-so400-identity-diversity-view-source-v2/authority.json: OK
/home/riomus/runs/sfora-so400-identity-diversity-cpu-v5/receipt.json: OK
/home/riomus/runs/sfora-so400-identity-diversity-train-source-v5/cpu-v5.log: OK
/home/riomus/runs/sfora-so400-identity-diversity-mechanics-control-179061-v2/receipt.json: OK
/home/riomus/runs/sfora-so400-identity-diversity-train-source-v5/mechanics-control-179061-v2.log: OK
/home/riomus/runs/sfora-so400-identity-diversity-mechanics-candidate-179061-v2/receipt.json: OK
/home/riomus/runs/sfora-so400-identity-diversity-train-source-v5/mechanics-candidate-179061-v2.log: OK
/home/riomus/runs/sfora-so400-identity-diversity-evaluation-source-v1/execution.json: OK
/home/riomus/runs/sfora-so400-identity-diversity-evaluation-source-v1/evaluate_siglip2_identity_diversity.py: OK
/home/riomus/runs/sfora-so400-identity-diversity-evaluation-source-v1/test_identity_diversity_evaluation.py: OK
/home/riomus/runs/sfora-so400-identity-diversity-evaluation-source-v1/authority-first-cpu-v1.json: OK
/home/riomus/runs/sfora-so400-identity-diversity-train-control-179061-v2/receipt.json: OK
/home/riomus/runs/sfora-so400-identity-diversity-train-source-v5/train-control-179061-v2.log: OK
/home/riomus/runs/sfora-so400-identity-diversity-train-control-179061-v2/resume.pt: OK
/home/riomus/runs/sfora-so400-identity-diversity-train-control-179061-v2/bundle/bundle.json: OK
/home/riomus/runs/sfora-so400-identity-diversity-train-source-v5/authority-train-candidate-179061-v1.json: OK
/home/riomus/runs/sfora-so400-identity-diversity-train-candidate-179061-v1/receipt.json: OK
/home/riomus/runs/sfora-so400-identity-diversity-train-source-v5/train-candidate-179061-v1.log: OK
/home/riomus/runs/sfora-so400-identity-diversity-train-candidate-179061-v1/resume.pt: OK
/home/riomus/runs/sfora-so400-identity-diversity-train-candidate-179061-v1/bundle/bundle.json: OK
{"event": "COMPACT_PHASE", "phase": "shared_source_preparation", "boundary": "begin", "seconds": 155.483641153}
{"event": "COMPACT_PHASE", "phase": "shared_source_preparation", "boundary": "end", "delta_seconds": 22.841365460000134, "seconds": 178.325008389}
{"event": "COMPACT_PHASE", "phase": "cache_target_preparation", "boundary": "begin", "seconds": 178.3250533800001}
{"event": "COMPACT_PHASE", "phase": "cache_target_preparation", "boundary": "end", "delta_seconds": 2.23414820999983, "seconds": 180.55920440599994}
{"event": "INITIAL_NATIVE_ORIGIN_DIAGNOSTICS_V1", "expected": {"/home/riomus/group-learning/.venv/lib/python3.13/site-packages/nvidia/cudnn/lib/libcudnn_engines_precompiled.so.9": "3b765736f63d724a0de67b7ce915b0d0a780154fe4a2d515ab14040224aa7db4", "/home/riomus/group-learning/.venv/lib/python3.13/site-packages/nvidia/cudnn/lib/libcudnn_engines_runtime_compiled.so.9": "7b8f371a7718c29549317efdbdeb8d7c301874f9471762a04830846ac4e83510", "/home/riomus/group-learning/.venv/lib/python3.13/site-packages/nvidia/cudnn/lib/libcudnn_graph.so.9": "b601fddd333d84ced4a3d833e75bb412c204e39b21755d79cb890335dce660b8", "/home/riomus/group-learning/.venv/lib/python3.13/site-packages/nvidia/cudnn/lib/libcudnn_heuristic.so.9": "368687b9b5c2c01b55c21f74bd930cb05d3654b4e901e998b7bfb33cebac6ae8"}, "observed_difference": {}, "missing": ["/home/riomus/group-learning/.venv/lib/python3.13/site-packages/nvidia/cudnn/lib/libcudnn_engines_precompiled.so.9", "/home/riomus/group-learning/.venv/lib/python3.13/site-packages/nvidia/cudnn/lib/libcudnn_engines_runtime_compiled.so.9", "/home/riomus/group-learning/.venv/lib/python3.13/site-packages/nvidia/cudnn/lib/libcudnn_graph.so.9", "/home/riomus/group-learning/.venv/lib/python3.13/site-packages/nvidia/cudnn/lib/libcudnn_heuristic.so.9"], "extra": [], "missing_native": ["/home/riomus/group-learning/.venv/lib/python3.13/site-packages/nvidia/cudnn/lib/libcudnn_engines_precompiled.so.9", "/home/riomus/group-learning/.venv/lib/python3.13/site-packages/nvidia/cudnn/lib/libcudnn_engines_runtime_compiled.so.9", "/home/riomus/group-learning/.venv/lib/python3.13/site-packages/nvidia/cudnn/lib/libcudnn_graph.so.9", "/home/riomus/group-learning/.venv/lib/python3.13/site-packages/nvidia/cudnn/lib/libcudnn_heuristic.so.9"]}
{"progress": "admitted", "phase": "cpu", "stage": "first", "seconds": 186.53287912399992}
{"event": "COMPACT_PHASE", "phase": "cache_target_preparation", "boundary": "begin", "seconds": 186.49519227600013}
{"event": "COMPACT_PHASE", "phase": "cache_target_preparation", "boundary": "end", "delta_seconds": 1.2016222909999215, "seconds": 187.69681616699995}
{"event": "COMPACT_PHASE", "phase": "cache_target_preparation", "boundary": "begin", "seconds": 199.39149758400004}
{"event": "COMPACT_PHASE", "phase": "cache_target_preparation", "boundary": "end", "delta_seconds": 1.4715966060000483, "seconds": 200.86309684599996}
{"progress": "exit_rehash", "seconds": 222.01250252299997}
{"event": "COMPACT_TIMING", "stage": "exit_rehash", "boundary": "begin", "phase": "cpu", "seconds": 222.01256805899993}
{"event": "PROTOTYPE_PHASE", "phase": "old_exit_begin", "seconds": 237.13475022600005}
{"event": "QUADRATIC_PHASE", "phase": "exit_rehash", "delta_seconds": 22.253121950999912, "cumulative_seconds": 22.253121950999912}
{"event": "PROTOTYPE_PHASE", "phase": "old_exit_end", "seconds": 259.38867415699997}
{"event": "PROTOTYPE_PHASE", "phase": "own_union_begin", "seconds": 259.38881569299997}
{"event": "PROTOTYPE_PHASE", "phase": "own_union_end", "seconds": 274.04477967899993}
{"event": "PROTOTYPE_PHASE", "phase": "closure_begin", "seconds": 274.0448328140001}
{"event": "PROTOTYPE_PHASE", "phase": "closure_end", "seconds": 274.046576406}
{"event": "COMPACT_TIMING", "stage": "exit_rehash", "boundary": "end", "phase": "cpu", "seconds": 320.91868304700006}
{"schema": "siglip2-identity-diversity-evaluation-v1", "phase": "cpu", "output": "/home/riomus/runs/sfora-so400-identity-diversity-evaluation-first-cpu-v1", "decision": null}
/home/riomus/runs/sfora-so400-nearest-ranking-train-source-v5/native-authority.json: OK
/home/riomus/runs/sfora-cudnn-wheel-provenance-v1/proof.json: OK
/home/riomus/runs/sfora-cudnn-wheel-provenance-source-v1/decision.json: OK
/home/riomus/runs/sfora-cudnn-wheel-provenance-source-v1/original.log: OK
/home/riomus/.local/share/uv/python/cpython-3.13.9-linux-aarch64-gnu/bin/python3.13: OK
/home/riomus/runs/sfora-native256-initialized-cpu-final-footer-v1.py: OK
/home/riomus/runs/sfora-native256-stop-cgroup-footer-v1.py: OK
/home/riomus/runs/sfora-so400-nearest-ranking-train-source-v5/authority-cpu-v5.json: OK
/home/riomus/runs/sfora-so400-nearest-ranking-train-source-v5/execution.json: OK
/home/riomus/runs/sfora-so400-nearest-ranking-train-source-v5/nearest_ranking_readout.py: OK
/home/riomus/runs/sfora-so400-nearest-ranking-train-source-v5/test_siglip2_nearest_ranking.py: OK
/home/riomus/runs/sfora-so400-nearest-ranking-train-source-v5/train_siglip2_nearest_ranking.py: OK
/home/riomus/runs/sfora-so400-signed-concat-fit-concat-v1/receipt.json: OK
/home/riomus/runs/sfora-so400-signed-concat-fit-concat-v1/resume.pt: OK
/home/riomus/runs/sfora-so400-signed-concat-fit-source-v2/authority-fit-concat-v1.json: OK
/home/riomus/runs/sfora-so400-signed-concat-fit-source-v2/execution.json: OK
/home/riomus/runs/sfora-so400-signed-concat-fit-source-v2/fit-concat-v1.log: OK
/home/riomus/runs/sfora-so400-signed-concat-fit-source-v2/fit_siglip2_prototype_residual.py: OK
/home/riomus/runs/sfora-so400-signed-concat-fit-source-v2/prototype_residual_readout.py: OK
/home/riomus/runs/sfora-so400-signed-concat-fit-source-v2/test_siglip2_prototype_residual.py: OK
/home/riomus/runs/sfora-so400-fullfeature-residual-train-source-v1/train_siglip2_compact_ranking.py: OK
/home/riomus/runs/sfora-so400-fullfeature-residual-train-source-v1/test_siglip2_compact_ranking.py: OK
/home/riomus/runs/sfora-so400-fullfeature-residual-train-source-v1/execution.json: OK
/home/riomus/runs/sfora-so400-fullfeature-residual-train-source-v1/authority-cpu-v1.json: OK
/home/riomus/runs/sfora-so400-smooth-ap-train-candidate-179061-v1/bundle/bundle.json: OK
/home/riomus/runs/sfora-so400-smooth-ap-train-candidate-179061-v1/receipt.json: OK
/home/riomus/runs/sfora-so400-smooth-ap-train-candidate-179061-v1/resume.pt: OK
/home/riomus/runs/sfora-so400-smooth-ap-train-source-v1/authority-train-candidate-179061-v1.json: OK
/home/riomus/runs/sfora-so400-smooth-ap-train-source-v1/execution.json: OK
/home/riomus/runs/sfora-so400-smooth-ap-train-source-v1/test_siglip2_compact_ranking.py: OK
/home/riomus/runs/sfora-so400-smooth-ap-train-source-v1/train-candidate-179061-v1.log: OK
/home/riomus/runs/sfora-so400-smooth-ap-train-source-v1/train_siglip2_compact_ranking.py: OK
/home/riomus/runs/sfora-so400-identity-diversity-train-source-v5/authority-train-control-179061-v1.json: OK
/home/riomus/runs/sfora-so400-identity-diversity-train-source-v5/execution.json: OK
/home/riomus/runs/sfora-so400-identity-diversity-train-source-v5/test_siglip2_identity_diversity.py: OK
/home/riomus/runs/sfora-so400-identity-diversity-train-source-v5/train_siglip2_identity_diversity.py: OK
/home/riomus/runs/sfora-so400-identity-diversity-view-export-candidate-v1/receipt.json: OK
/home/riomus/runs/sfora-so400-identity-diversity-view-source-v2/export-candidate-v1.log: OK
/home/riomus/runs/sfora-so400-identity-diversity-view-export-candidate-v1/augmented.npy: OK
/home/riomus/runs/sfora-so400-identity-diversity-view-export-candidate-v1/canonical.npy: OK
/home/riomus/runs/sfora-identity-diversity-metadata-v1/scope.json: OK
/home/riomus/runs/sfora-so400-identity-diversity-view-source-v2/authority.json: OK
/home/riomus/runs/sfora-so400-identity-diversity-cpu-v5/receipt.json: OK
/home/riomus/runs/sfora-so400-identity-diversity-train-source-v5/cpu-v5.log: OK
/home/riomus/runs/sfora-so400-identity-diversity-mechanics-control-179061-v2/receipt.json: OK
/home/riomus/runs/sfora-so400-identity-diversity-train-source-v5/mechanics-control-179061-v2.log: OK
/home/riomus/runs/sfora-so400-identity-diversity-mechanics-candidate-179061-v2/receipt.json: OK
/home/riomus/runs/sfora-so400-identity-diversity-train-source-v5/mechanics-candidate-179061-v2.log: OK
/home/riomus/runs/sfora-so400-identity-diversity-evaluation-source-v1/execution.json: OK
/home/riomus/runs/sfora-so400-identity-diversity-evaluation-source-v1/evaluate_siglip2_identity_diversity.py: OK
/home/riomus/runs/sfora-so400-identity-diversity-evaluation-source-v1/test_identity_diversity_evaluation.py: OK
/home/riomus/runs/sfora-so400-identity-diversity-evaluation-source-v1/authority-first-cpu-v1.json: OK
/home/riomus/runs/sfora-so400-identity-diversity-train-control-179061-v2/receipt.json: OK
/home/riomus/runs/sfora-so400-identity-diversity-train-source-v5/train-control-179061-v2.log: OK
/home/riomus/runs/sfora-so400-identity-diversity-train-control-179061-v2/resume.pt: OK
/home/riomus/runs/sfora-so400-identity-diversity-train-control-179061-v2/bundle/bundle.json: OK
/home/riomus/runs/sfora-so400-identity-diversity-train-source-v5/authority-train-candidate-179061-v1.json: OK
/home/riomus/runs/sfora-so400-identity-diversity-train-candidate-179061-v1/receipt.json: OK
/home/riomus/runs/sfora-so400-identity-diversity-train-source-v5/train-candidate-179061-v1.log: OK
/home/riomus/runs/sfora-so400-identity-diversity-train-candidate-179061-v1/resume.pt: OK
/home/riomus/runs/sfora-so400-identity-diversity-train-candidate-179061-v1/bundle/bundle.json: OK
FINAL_CGROUP {"command_exit_status": 0, "invocation_id": "6a08919e06e3422f8ced09036f6f07bf", "path": "/sys/fs/cgroup/user.slice/user-1000.slice/user@1000.service/app.slice/sfora-so400-identity-diversity-evaluation-first-cpu-v1.service", "values": {"memory.current": "1144614912", "memory.events": "low 0\nhigh 0\nmax 0\noom 0\noom_kill 0\noom_group_kill 0", "memory.max": "8589934592", "memory.peak": "1916411904", "memory.stat": "anon 6025216\nfile 1035984896\nkernel 100405248\nkernel_stack 65536\npagetables 385024\nsec_pagetables 0\npercpu 2112\nsock 0\nvmalloc 0\nshmem 0\nzswap 0\nzswapped 0\nfile_mapped 0\nfile_dirty 20480\nfile_writeback 0\nswapcached 0\nanon_thp 0\nfile_thp 2097152\nshmem_thp 0\ninactive_anon 0\nactive_anon 5894144\ninactive_file 594001920\nactive_file 441982976\nunevictable 0\nslab_reclaimable 99835784\nslab_unreclaimable 120632\nslab 99956416\nworkingset_refault_anon 0\nworkingset_refault_file 0\nworkingset_activate_anon 0\nworkingset_activate_file 0\nworkingset_restore_anon 0\nworkingset_restore_file 0\nworkingset_nodereclaim 0\npgdemote_kswapd 0\npgdemote_direct 0\npgdemote_khugepaged 0\npgdemote_proactive 0\npgpromote_success 0\npgscan 0\npgsteal 0\npswpin 0\npswpout 0\npgscan_kswapd 0\npgscan_direct 0\npgscan_khugepaged 0\npgscan_proactive 0\npgsteal_kswapd 0\npgsteal_direct 0\npgsteal_khugepaged 0\npgsteal_proactive 0\npgfault 357447\npgmajfault 5135\npgrefill 0\npgactivate 0\npgdeactivate 0\npglazyfree 0\npglazyfreed 0\nswpin_zero 0\nswpout_zero 0\nzswpin 0\nzswpout 0\nzswpwb 0\nthp_fault_alloc 205\nthp_collapse_alloc 3\nthp_swpout 0\nthp_swpout_fallback 0\nnuma_pages_migrated 0\nnuma_pte_updates 0\nnuma_hint_faults 0", "memory.swap.current": "0", "memory.swap.max": "0", "memory.swap.peak": "0"}}
	Command being timed: "/bin/bash -c set -e; sudo -n /bin/sync; sudo -n /bin/sh -c "echo 3 > /proc/sys/vm/drop_caches"; exec /bin/bash /home/riomus/runs/sfora-so400-identity-diversity-evaluation-source-v1/first-cpu-v1-command.sh"
	User time (seconds): 140.54
	System time (seconds): 25.77
	Percent of CPU this job got: 51%
	Elapsed (wall clock) time (h:mm:ss or m:ss): 5:22.96
	Average shared text size (kbytes): 0
	Average unshared data size (kbytes): 0
	Average stack size (kbytes): 0
	Average total size (kbytes): 0
	Maximum resident set size (kbytes): 1287104
	Average resident set size (kbytes): 0
	Major (requiring I/O) page faults: 5135
	Minor (reclaiming a frame) page faults: 352145
	Voluntary context switches: 976279
	Involuntary context switches: 1413
	Swaps: 0
	File system inputs: 353189848
	File system outputs: 7456
	Socket messages sent: 0
	Socket messages received: 0
	Signals delivered: 0
	Page size (bytes): 4096
	Exit status: 0
STOP_CGROUP {"exit_code": "exited", "exit_status": "0", "invocation_id": "6a08919e06e3422f8ced09036f6f07bf", "path": "/sys/fs/cgroup/user.slice/user-1000.slice/user@1000.service/app.slice/sfora-so400-identity-diversity-evaluation-first-cpu-v1.service", "service_result": "success", "values": {"memory.current": "1143689216", "memory.events": "low 0\nhigh 0\nmax 0\noom 0\noom_kill 0\noom_group_kill 0", "memory.max": "8589934592", "memory.peak": "1916411904", "memory.stat": "anon 5427200\nfile 1035988992\nkernel 99962880\nkernel_stack 0\npagetables 102400\nsec_pagetables 0\npercpu 1408\nsock 0\nvmalloc 0\nshmem 0\nzswap 0\nzswapped 0\nfile_mapped 0\nfile_dirty 28672\nfile_writeback 0\nswapcached 0\nanon_thp 0\nfile_thp 2097152\nshmem_thp 0\ninactive_anon 0\nactive_anon 5390336\ninactive_file 594001920\nactive_file 441982976\nunevictable 0\nslab_reclaimable 99828864\nslab_unreclaimable 39064\nslab 99867928\nworkingset_refault_anon 0\nworkingset_refault_file 0\nworkingset_activate_anon 0\nworkingset_activate_file 0\nworkingset_restore_anon 0\nworkingset_restore_file 0\nworkingset_nodereclaim 0\npgdemote_kswapd 0\npgdemote_direct 0\npgdemote_khugepaged 0\npgdemote_proactive 0\npgpromote_success 0\npgscan 0\npgsteal 0\npswpin 0\npswpout 0\npgscan_kswapd 0\npgscan_direct 0\npgscan_khugepaged 0\npgscan_proactive 0\npgsteal_kswapd 0\npgsteal_direct 0\npgsteal_khugepaged 0\npgsteal_proactive 0\npgfault 358967\npgmajfault 5135\npgrefill 0\npgactivate 0\npgdeactivate 0\npglazyfree 0\npglazyfreed 0\nswpin_zero 0\nswpout_zero 0\nzswpin 0\nzswpout 0\nzswpwb 0\nthp_fault_alloc 205\nthp_collapse_alloc 3\nthp_swpout 0\nthp_swpout_fallback 0\nnuma_pages_migrated 0\nnuma_pte_updates 0\nnuma_hint_faults 0", "memory.swap.current": "0", "memory.swap.max": "0", "memory.swap.peak": "0"}}
Finished with result: success
Main processes terminated with: code=exited/status=0
Service runtime: 5min 23.007s
CPU time consumed: 2min 46.350s
Memory peak: 1.7G
Memory swap peak: 0B
