Running as unit: sfora-so400-identity-mix-cpu-v2.service; invocation ID: 4f95b6fc5a1641d2a5a512e28e89534c
authority-cpu-v2.json: OK
execution.json: OK
partition.json: OK
test_siglip2_identity_mix.py: OK
train_siglip2_identity_mix.py: OK
/home/riomus/runs/sfora-native256-initialized-cpu-final-footer-v1.py: OK
/home/riomus/runs/sfora-native256-stop-cgroup-footer-v1.py: OK
{"batch": [185, 419, 3802, 1536, 5675, 3633, 5030, 3737, 5622, 1070, 6090, 343, 1312, 4889, 5235, 1321, 3024, 669, 3387, 2180, 4276, 1577, 1393, 2469, 5116, 5843, 3925, 4775, 6105, 1374, 6211, 6342, 1670, 3789, 4878, 4751, 4682, 0, 5563, 1939, 1128, 1997, 1792, 5558, 5172, 1902, 2862, 3766, 5306, 2704, 2617, 5024, 4845, 2339, 3593, 1873, 5759, 2475, 1255, 1324, 292, 3595, 5093, 6215], "ce": 1.0433785244822502, "clean_bank_sha256": "fabc987fcdf3b6d9a92e9e0d01a01ee2dcc544ab32feeb550619c7ccf8b79226", "feature_rows_sha256": "9ff2ded0e0cf601c3a38d90b24f080c45d9714d90dd0e89932318c7eaae28a09", "gradient_norms": {"classifier": 3.120975149860962, "compact_head.down.weight": 0.0, "compact_head.primary.bias": 6.067050284719712, "compact_head.primary.weight": 6.132401211212126, "compact_head.up.weight": 16.873688880875804}, "loss": 2.970601849257946, "mixing_sha256": "a73a2ff90f2c14ac1eedd1a7bf8dcd941147ac401212259e67af87d9a658181c", "preclip_norm": 19.206167221069336, "rank": 0.24090291559696198, "scale": 128.0, "schedule_sha256": "662a9122d12c50930f6f7df42e83d0e593078af8e124af13cff261a59a942041", "seconds": 0.2737578721717, "state_sha256": "a0ce7772b1af2e5505b1e7a0c00f0e917d632aa38f8963bfe7e0bb3698a2a7c6", "step": 1}
{"batch": [2295, 6349, 470, 5135, 546, 506, 619, 6120, 3515, 3064, 2100, 2142, 2343, 207, 1006, 1025, 3003, 1757, 4085, 490, 5091, 4652, 3727, 2457, 902, 1527, 534, 173, 3200, 2047, 6089, 1889, 220, 5263, 5041, 1414, 3266, 3373, 5348, 2636, 5541, 2135, 6082, 3932, 5383, 5722, 69, 828, 1142, 1838, 3101, 3914, 5976, 2512, 4702, 4041, 2492, 566, 908, 4568, 5765, 5856, 689, 844], "ce": 1.9620593339204788, "clean_bank_sha256": "97e8f8ad139103b44143338a5ac65273dd6ac75cba006b845a4916ec49d8d1fe", "feature_rows_sha256": "5d85fd289a658463816031a815aa4c40384dfb18019bd0a675ced845c9701825", "gradient_norms": {"classifier": 4.033371435841185, "compact_head.down.weight": 0.0016586994650750002, "compact_head.primary.bias": 9.80820913799001, "compact_head.primary.weight": 9.554438855796386, "compact_head.up.weight": 27.205121887803593}, "loss": 4.404546692967415, "mixing_sha256": "362e72cd5770551dfe625b059875c4d42acd931373760a6dde8a5fb4fd6c3dfa", "preclip_norm": 30.722536087036133, "rank": 0.305310919880867, "scale": 128.0, "schedule_sha256": "662a9122d12c50930f6f7df42e83d0e593078af8e124af13cff261a59a942041", "seconds": 0.1452567051164806, "state_sha256": "c76d224f9aa7bd53450c5a8c33f3be5017cab2a8ae2478e2c24d5b1261aa41cd", "step": 2}
{"batch": [2295, 6349, 470, 5135, 546, 506, 619, 6120, 3515, 3064, 2100, 2142, 2343, 207, 1006, 1025, 3003, 1757, 4085, 490, 5091, 4652, 3727, 2457, 902, 1527, 534, 173, 3200, 2047, 6089, 1889, 220, 5263, 5041, 1414, 3266, 3373, 5348, 2636, 5541, 2135, 6082, 3932, 5383, 5722, 69, 828, 1142, 1838, 3101, 3914, 5976, 2512, 4702, 4041, 2492, 566, 908, 4568, 5765, 5856, 689, 844], "ce": 1.9620593339204788, "clean_bank_sha256": "97e8f8ad139103b44143338a5ac65273dd6ac75cba006b845a4916ec49d8d1fe", "feature_rows_sha256": "5d85fd289a658463816031a815aa4c40384dfb18019bd0a675ced845c9701825", "gradient_norms": {"classifier": 4.033371435841185, "compact_head.down.weight": 0.0016586994650750002, "compact_head.primary.bias": 9.80820913799001, "compact_head.primary.weight": 9.554438855796386, "compact_head.up.weight": 27.205121887803593}, "loss": 4.404546692967415, "mixing_sha256": "362e72cd5770551dfe625b059875c4d42acd931373760a6dde8a5fb4fd6c3dfa", "preclip_norm": 30.722536087036133, "rank": 0.305310919880867, "scale": 128.0, "schedule_sha256": "662a9122d12c50930f6f7df42e83d0e593078af8e124af13cff261a59a942041", "seconds": 0.13430554093793035, "state_sha256": "c76d224f9aa7bd53450c5a8c33f3be5017cab2a8ae2478e2c24d5b1261aa41cd", "step": 2}
{"batch": [185, 419, 3802, 1536, 5675, 3633, 5030, 3737, 5622, 1070, 6090, 343, 1312, 4889, 5235, 1321, 3024, 669, 3387, 2180, 4276, 1577, 1393, 2469, 5116, 5843, 3925, 4775, 6105, 1374, 6211, 6342, 1670, 3789, 4878, 4751, 4682, 0, 5563, 1939, 1128, 1997, 1792, 5558, 5172, 1902, 2862, 3766, 5306, 2704, 2617, 5024, 4845, 2339, 3593, 1873, 5759, 2475, 1255, 1324, 292, 3595, 5093, 6215], "ce": 0.9665955528616905, "clean_bank_sha256": "fabc987fcdf3b6d9a92e9e0d01a01ee2dcc544ab32feeb550619c7ccf8b79226", "feature_rows_sha256": "9ff2ded0e0cf601c3a38d90b24f080c45d9714d90dd0e89932318c7eaae28a09", "gradient_norms": {"classifier": 2.795030640928869, "compact_head.down.weight": 0.0, "compact_head.primary.bias": 6.3484533561429215, "compact_head.primary.weight": 6.339146632626271, "compact_head.up.weight": 16.329364682153777}, "loss": 2.598222516477108, "mixing_sha256": "a73a2ff90f2c14ac1eedd1a7bf8dcd941147ac401212259e67af87d9a658181c", "preclip_norm": 18.840049743652344, "rank": 0.20395337045192719, "scale": 128.0, "schedule_sha256": "662a9122d12c50930f6f7df42e83d0e593078af8e124af13cff261a59a942041", "seconds": 0.19477186584845185, "state_sha256": "6299a77b02f12360895551325f4f9f70fef02e7cd9d13bc1c45652f8543626ee", "step": 1}
{"batch": [2295, 6349, 470, 5135, 546, 506, 619, 6120, 3515, 3064, 2100, 2142, 2343, 207, 1006, 1025, 3003, 1757, 4085, 490, 5091, 4652, 3727, 2457, 902, 1527, 534, 173, 3200, 2047, 6089, 1889, 220, 5263, 5041, 1414, 3266, 3373, 5348, 2636, 5541, 2135, 6082, 3932, 5383, 5722, 69, 828, 1142, 1838, 3101, 3914, 5976, 2512, 4702, 4041, 2492, 566, 908, 4568, 5765, 5856, 689, 844], "ce": 1.549178995192051, "clean_bank_sha256": "d9ab8ae532754b935590418719be174bca215e473c9ccf7b309987c9f55db407", "feature_rows_sha256": "5d85fd289a658463816031a815aa4c40384dfb18019bd0a675ced845c9701825", "gradient_norms": {"classifier": 3.670777878142442, "compact_head.down.weight": 0.0013956927606064554, "compact_head.primary.bias": 7.492381713281268, "compact_head.primary.weight": 7.750065469594747, "compact_head.up.weight": 23.480268180615077}, "loss": 3.4639770165085793, "mixing_sha256": "362e72cd5770551dfe625b059875c4d42acd931373760a6dde8a5fb4fd6c3dfa", "preclip_norm": 26.09589958190918, "rank": 0.23934975266456604, "scale": 128.0, "schedule_sha256": "662a9122d12c50930f6f7df42e83d0e593078af8e124af13cff261a59a942041", "seconds": 0.18097644997760653, "state_sha256": "6dd3c19c00da829be1c1a3590fa07d0906cdefcaf88e075c2d429bfb1dec1361", "step": 2}
{"batch": [2295, 6349, 470, 5135, 546, 506, 619, 6120, 3515, 3064, 2100, 2142, 2343, 207, 1006, 1025, 3003, 1757, 4085, 490, 5091, 4652, 3727, 2457, 902, 1527, 534, 173, 3200, 2047, 6089, 1889, 220, 5263, 5041, 1414, 3266, 3373, 5348, 2636, 5541, 2135, 6082, 3932, 5383, 5722, 69, 828, 1142, 1838, 3101, 3914, 5976, 2512, 4702, 4041, 2492, 566, 908, 4568, 5765, 5856, 689, 844], "ce": 1.549178995192051, "clean_bank_sha256": "d9ab8ae532754b935590418719be174bca215e473c9ccf7b309987c9f55db407", "feature_rows_sha256": "5d85fd289a658463816031a815aa4c40384dfb18019bd0a675ced845c9701825", "gradient_norms": {"classifier": 3.670777878142442, "compact_head.down.weight": 0.0013956927606064554, "compact_head.primary.bias": 7.492381713281268, "compact_head.primary.weight": 7.750065469594747, "compact_head.up.weight": 23.480268180615077}, "loss": 3.4639770165085793, "mixing_sha256": "362e72cd5770551dfe625b059875c4d42acd931373760a6dde8a5fb4fd6c3dfa", "preclip_norm": 26.09589958190918, "rank": 0.23934975266456604, "scale": 128.0, "schedule_sha256": "662a9122d12c50930f6f7df42e83d0e593078af8e124af13cff261a59a942041", "seconds": 0.19646647106856108, "state_sha256": "6dd3c19c00da829be1c1a3590fa07d0906cdefcaf88e075c2d429bfb1dec1361", "step": 2}
{"schema": "siglip2-identity-mix-v1", "phase": "cpu", "output": "/home/riomus/runs/sfora-so400-identity-mix-cpu-v2"}
authority-cpu-v2.json: OK
execution.json: OK
partition.json: OK
test_siglip2_identity_mix.py: OK
train_siglip2_identity_mix.py: OK
/home/riomus/runs/sfora-native256-initialized-cpu-final-footer-v1.py: OK
/home/riomus/runs/sfora-native256-stop-cgroup-footer-v1.py: OK
FINAL_CGROUP {"command_exit_status": 0, "invocation_id": "4f95b6fc5a1641d2a5a512e28e89534c", "path": "/sys/fs/cgroup/user.slice/user-1000.slice/user@1000.service/app.slice/sfora-so400-identity-mix-cpu-v2.service", "values": {"memory.current": "626376704", "memory.events": "low 0\nhigh 0\nmax 0\noom 0\noom_kill 0\noom_group_kill 0", "memory.max": "8589934592", "memory.peak": "1448558592", "memory.stat": "anon 5865472\nfile 584220672\nkernel 34996224\nkernel_stack 65536\npagetables 331776\nsec_pagetables 0\npercpu 2112\nsock 0\nvmalloc 0\nshmem 0\nzswap 0\nzswapped 0\nfile_mapped 1114112\nfile_dirty 12288\nfile_writeback 0\nswapcached 0\nanon_thp 0\nfile_thp 6291456\nshmem_thp 0\ninactive_anon 0\nactive_anon 5697536\ninactive_file 120172544\nactive_file 464048128\nunevictable 0\nslab_reclaimable 34457760\nslab_unreclaimable 112744\nslab 34570504\nworkingset_refault_anon 0\nworkingset_refault_file 0\nworkingset_activate_anon 0\nworkingset_activate_file 0\nworkingset_restore_anon 0\nworkingset_restore_file 0\nworkingset_nodereclaim 0\npgdemote_kswapd 0\npgdemote_direct 0\npgdemote_khugepaged 0\npgdemote_proactive 0\npgpromote_success 0\npgscan 0\npgsteal 0\npswpin 0\npswpout 0\npgscan_kswapd 0\npgscan_direct 0\npgscan_khugepaged 0\npgscan_proactive 0\npgsteal_kswapd 0\npgsteal_direct 0\npgsteal_khugepaged 0\npgsteal_proactive 0\npgfault 168310\npgmajfault 5347\npgrefill 0\npgactivate 0\npgdeactivate 0\npglazyfree 0\npglazyfreed 0\nswpin_zero 0\nswpout_zero 0\nzswpin 0\nzswpout 0\nzswpwb 0\nthp_fault_alloc 239\nthp_collapse_alloc 6\nthp_swpout 0\nthp_swpout_fallback 0\nnuma_pages_migrated 0\nnuma_pte_updates 0\nnuma_hint_faults 0", "memory.swap.current": "0", "memory.swap.max": "0", "memory.swap.peak": "0"}}
	Command being timed: "/bin/bash /home/riomus/runs/sfora-so400-identity-mix-source-v2/cpu-command.sh"
	User time (seconds): 23.36
	System time (seconds): 3.92
	Percent of CPU this job got: 52%
	Elapsed (wall clock) time (h:mm:ss or m:ss): 0:51.92
	Average shared text size (kbytes): 0
	Average unshared data size (kbytes): 0
	Average stack size (kbytes): 0
	Average total size (kbytes): 0
	Maximum resident set size (kbytes): 1142072
	Average resident set size (kbytes): 0
	Major (requiring I/O) page faults: 5347
	Minor (reclaiming a frame) page faults: 162786
	Voluntary context switches: 146903
	Involuntary context switches: 192
	Swaps: 0
	File system inputs: 44488744
	File system outputs: 140160
	Socket messages sent: 0
	Socket messages received: 0
	Signals delivered: 0
	Page size (bytes): 4096
	Exit status: 0
STOP_CGROUP {"exit_code": "exited", "exit_status": "0", "invocation_id": "4f95b6fc5a1641d2a5a512e28e89534c", "path": "/sys/fs/cgroup/user.slice/user-1000.slice/user@1000.service/app.slice/sfora-so400-identity-mix-cpu-v2.service", "service_result": "success", "values": {"memory.current": "625229824", "memory.events": "low 0\nhigh 0\nmax 0\noom 0\noom_kill 0\noom_group_kill 0", "memory.max": "8589934592", "memory.peak": "1448558592", "memory.stat": "anon 5296128\nfile 584220672\nkernel 34615296\nkernel_stack 0\npagetables 102400\nsec_pagetables 0\npercpu 1760\nsock 0\nvmalloc 0\nshmem 0\nzswap 0\nzswapped 0\nfile_mapped 1118208\nfile_dirty 12288\nfile_writeback 0\nswapcached 0\nanon_thp 0\nfile_thp 6291456\nshmem_thp 0\ninactive_anon 0\nactive_anon 5242880\ninactive_file 120172544\nactive_file 464048128\nunevictable 0\nslab_reclaimable 34457760\nslab_unreclaimable 26784\nslab 34484544\nworkingset_refault_anon 0\nworkingset_refault_file 0\nworkingset_activate_anon 0\nworkingset_activate_file 0\nworkingset_restore_anon 0\nworkingset_restore_file 0\nworkingset_nodereclaim 0\npgdemote_kswapd 0\npgdemote_direct 0\npgdemote_khugepaged 0\npgdemote_proactive 0\npgpromote_success 0\npgscan 0\npgsteal 0\npswpin 0\npswpout 0\npgscan_kswapd 0\npgscan_direct 0\npgscan_khugepaged 0\npgscan_proactive 0\npgsteal_kswapd 0\npgsteal_direct 0\npgsteal_khugepaged 0\npgsteal_proactive 0\npgfault 169794\npgmajfault 5347\npgrefill 0\npgactivate 0\npgdeactivate 0\npglazyfree 0\npglazyfreed 0\nswpin_zero 0\nswpout_zero 0\nzswpin 0\nzswpout 0\nzswpwb 0\nthp_fault_alloc 239\nthp_collapse_alloc 6\nthp_swpout 0\nthp_swpout_fallback 0\nnuma_pages_migrated 0\nnuma_pte_updates 0\nnuma_hint_faults 0", "memory.swap.current": "0", "memory.swap.max": "0", "memory.swap.peak": "0"}}
Finished with result: success
Main processes terminated with: code=exited/status=0
Service runtime: 51.972s
CPU time consumed: 27.318s
Memory peak: 1.3G
Memory swap peak: 0B
