/home/riomus/runs/sfora-connected-mlp-train-source-v1/cpu-v1-command.sh: OK
Running as unit: sfora-connected-mlp-cpu-v1.service; invocation ID: bb543d921b4448ecb1c255ebf8a1e257
/home/riomus/.local/share/uv/python/cpython-3.13.9-linux-aarch64-gnu/bin/python3.13: OK
/home/riomus/runs/sfora-connected-mlp-train-source-v1/authority-cpu-v1.json: OK
/home/riomus/runs/sfora-connected-mlp-train-source-v1/execution.json: OK
/home/riomus/runs/sfora-connected-mlp-train-source-v1/test_siglip2_connected_mlp.py: OK
/home/riomus/runs/sfora-connected-mlp-train-source-v1/train_siglip2_connected_mlp.py: OK
/usr/lib/aarch64-linux-gnu/ld-linux-aarch64.so.1: OK
/usr/lib/aarch64-linux-gnu/libc.so.6: OK
/usr/lib/aarch64-linux-gnu/libcuda.so.580.159.03: OK
/usr/lib/aarch64-linux-gnu/libdl.so.2: OK
/usr/lib/aarch64-linux-gnu/libfribidi.so.0.4.0: OK
/usr/lib/aarch64-linux-gnu/libgcc_s.so.1: OK
/usr/lib/aarch64-linux-gnu/libm.so.6: OK
/usr/lib/aarch64-linux-gnu/libnvidia-ml.so.580.159.03: OK
/usr/lib/aarch64-linux-gnu/libpthread.so.0: OK
/usr/lib/aarch64-linux-gnu/librt.so.1: OK
/usr/lib/aarch64-linux-gnu/libstdc++.so.6.0.33: OK
/usr/lib/aarch64-linux-gnu/libutil.so.1: OK
/usr/lib/aarch64-linux-gnu/libz.so.1.3: OK
Traceback (most recent call last):
  File "/home/riomus/runs/sfora-connected-mlp-train-source-v1/train_siglip2_connected_mlp.py", line 1739, in <module>
    run(parser().parse_args())
    ~~~^^^^^^^^^^^^^^^^^^^^^^^
  File "/home/riomus/runs/sfora-connected-mlp-train-source-v1/train_siglip2_connected_mlp.py", line 1641, in run
    context = authority(args)
  File "/home/riomus/runs/sfora-connected-mlp-train-source-v1/train_siglip2_connected_mlp.py", line 251, in authority
    admit_actual_gradient(context)
    ~~~~~~~~~~~~~~~~~~~~~^^^^^^^^^
  File "/home/riomus/runs/sfora-connected-mlp-train-source-v1/train_siglip2_connected_mlp.py", line 298, in admit_actual_gradient
    final = context['fitter'].original_terminal_reader(context['fit_context'])(
        context['legacy']['original'].FlatAdmission(),projected,selected['terminal'],context['witness'].POLICY['seconds'],context['guards'])
  File "<signed prototype original log reader>", line 516, in admit_terminal
AttributeError: 'FlatAdmission' object has no attribute 'init'
FINAL_CGROUP {"command_exit_status": 1, "invocation_id": "bb543d921b4448ecb1c255ebf8a1e257", "path": "/sys/fs/cgroup/user.slice/user-1000.slice/user@1000.service/app.slice/sfora-connected-mlp-cpu-v1.service", "values": {"memory.current": "200802304", "memory.events": "low 0\nhigh 0\nmax 0\noom 0\noom_kill 0\noom_group_kill 0", "memory.max": "8589934592", "memory.peak": "596615168", "memory.stat": "anon 5976064\nfile 99979264\nkernel 93872128\nkernel_stack 65536\npagetables 348160\nsec_pagetables 0\npercpu 2112\nsock 0\nvmalloc 0\nshmem 0\nzswap 0\nzswapped 0\nfile_mapped 0\nfile_dirty 0\nfile_writeback 0\nswapcached 0\nanon_thp 0\nfile_thp 0\nshmem_thp 0\ninactive_anon 0\nactive_anon 5844992\ninactive_file 98983936\nactive_file 991232\nunevictable 0\nslab_reclaimable 93320512\nslab_unreclaimable 123288\nslab 93443800\nworkingset_refault_anon 0\nworkingset_refault_file 0\nworkingset_activate_anon 0\nworkingset_activate_file 0\nworkingset_restore_anon 0\nworkingset_restore_file 0\nworkingset_nodereclaim 0\npgdemote_kswapd 0\npgdemote_direct 0\npgdemote_khugepaged 0\npgdemote_proactive 0\npgpromote_success 0\npgscan 0\npgsteal 0\npswpin 0\npswpout 0\npgscan_kswapd 0\npgscan_direct 0\npgscan_khugepaged 0\npgscan_proactive 0\npgsteal_kswapd 0\npgsteal_direct 0\npgsteal_khugepaged 0\npgsteal_proactive 0\npgfault 171264\npgmajfault 19\npgrefill 0\npgactivate 0\npgdeactivate 0\npglazyfree 0\npglazyfreed 0\nswpin_zero 0\nswpout_zero 0\nzswpin 0\nzswpout 0\nzswpwb 0\nthp_fault_alloc 0\nthp_collapse_alloc 0\nthp_swpout 0\nthp_swpout_fallback 0\nnuma_pages_migrated 0\nnuma_pte_updates 0\nnuma_hint_faults 0", "memory.swap.current": "0", "memory.swap.max": "0", "memory.swap.peak": "0"}}
Command exited with non-zero status 1
	Command being timed: "/bin/bash -c set -e; sudo -n /bin/sync; sudo -n /bin/sh -c "echo 3 > /proc/sys/vm/drop_caches"; exec /bin/bash /home/riomus/runs/sfora-connected-mlp-train-source-v1/cpu-v1-command.sh"
	User time (seconds): 35.02
	System time (seconds): 9.23
	Percent of CPU this job got: 40%
	Elapsed (wall clock) time (h:mm:ss or m:ss): 1:50.47
	Average shared text size (kbytes): 0
	Average unshared data size (kbytes): 0
	Average stack size (kbytes): 0
	Average total size (kbytes): 0
	Maximum resident set size (kbytes): 344464
	Average resident set size (kbytes): 0
	Major (requiring I/O) page faults: 18
	Minor (reclaiming a frame) page faults: 171082
	Voluntary context switches: 328806
	Involuntary context switches: 351
	Swaps: 0
	File system inputs: 117168576
	File system outputs: 0
	Socket messages sent: 0
	Socket messages received: 0
	Signals delivered: 0
	Page size (bytes): 4096
	Exit status: 1
STOP_CGROUP {"exit_code": "exited", "exit_status": "1", "invocation_id": "bb543d921b4448ecb1c255ebf8a1e257", "path": "/sys/fs/cgroup/user.slice/user-1000.slice/user@1000.service/app.slice/sfora-connected-mlp-cpu-v1.service", "service_result": "exit-code", "values": {"memory.current": "199790592", "memory.events": "low 0\nhigh 0\nmax 0\noom 0\noom_kill 0\noom_group_kill 0", "memory.max": "8589934592", "memory.peak": "596615168", "memory.stat": "anon 5427200\nfile 99983360\nkernel 93487104\nkernel_stack 0\npagetables 102400\nsec_pagetables 0\npercpu 1056\nsock 0\nvmalloc 0\nshmem 0\nzswap 0\nzswapped 0\nfile_mapped 0\nfile_dirty 4096\nfile_writeback 0\nswapcached 0\nanon_thp 0\nfile_thp 0\nshmem_thp 0\ninactive_anon 0\nactive_anon 5382144\ninactive_file 98988032\nactive_file 991232\nunevictable 0\nslab_reclaimable 93327264\nslab_unreclaimable 45416\nslab 93372680\nworkingset_refault_anon 0\nworkingset_refault_file 0\nworkingset_activate_anon 0\nworkingset_activate_file 0\nworkingset_restore_anon 0\nworkingset_restore_file 0\nworkingset_nodereclaim 0\npgdemote_kswapd 0\npgdemote_direct 0\npgdemote_khugepaged 0\npgdemote_proactive 0\npgpromote_success 0\npgscan 0\npgsteal 0\npswpin 0\npswpout 0\npgscan_kswapd 0\npgscan_direct 0\npgscan_khugepaged 0\npgscan_proactive 0\npgsteal_kswapd 0\npgsteal_direct 0\npgsteal_khugepaged 0\npgsteal_proactive 0\npgfault 172784\npgmajfault 19\npgrefill 0\npgactivate 0\npgdeactivate 0\npglazyfree 0\npglazyfreed 0\nswpin_zero 0\nswpout_zero 0\nzswpin 0\nzswpout 0\nzswpwb 0\nthp_fault_alloc 0\nthp_collapse_alloc 0\nthp_swpout 0\nthp_swpout_fallback 0\nnuma_pages_migrated 0\nnuma_pte_updates 0\nnuma_hint_faults 0", "memory.swap.current": "0", "memory.swap.max": "0", "memory.swap.peak": "0"}}
Finished with result: exit-code
Main processes terminated with: code=exited/status=1
Service runtime: 1min 50.523s
CPU time consumed: 44.283s
Memory peak: 568.9M
Memory swap peak: 0B
