/home/riomus/runs/sfora-connected-all-query-margin-source-v1/command.sh: OK
/home/riomus/runs/sfora-connected-all-query-margin-source-v1/authority.json: OK
Running as unit: sfora-connected-all-query-margin-v1.service
/home/riomus/runs/sfora-connected-all-query-margin-source-v1/census_connected_core_errors.py: OK
/home/riomus/runs/sfora-connected-all-query-margin-source-v1/census_connected_core_errors_torch.py: OK
/home/riomus/runs/sfora-connected-all-query-margin-source-v1/compare_inshop_sop_warmstart_100.py: OK
/home/riomus/runs/sfora-connected-all-query-margin-source-v1/evaluate_siglip2_prototype_residual.py: OK
/home/riomus/runs/sfora-connected-all-query-margin-source-v1/export_siglip2_substrate_fit.py: OK
/home/riomus/runs/sfora-connected-all-query-margin-source-v1/extract_siglip2_vision_source.py: OK
/home/riomus/runs/sfora-connected-all-query-margin-source-v1/qualify_connected_serving_requests.py: OK
/home/riomus/runs/sfora-connected-all-query-margin-source-v1/qualify_siglip2_substrate_cpu.py: OK
/home/riomus/runs/sfora-connected-all-query-margin-source-v1/test_connected_core_errors_torch.py: OK
/home/riomus/runs/sfora-connected-all-query-margin-source-v1/train_siglip2_quadratic_readout.py: OK
/home/riomus/runs/sfora-connected-all-query-margin-source-v1/train_siglip2_substrate_adaptation.py: OK
/home/riomus/runs/sfora-connected-all-query-margin-source-v1/inputs.json: OK
/home/riomus/runs/sfora-connected-exact-torch-census-source-v2/accepted-selection-receipt.json: OK
/home/riomus/runs/sfora-connected-exact-torch-census-source-v2/source-cpu-proof.json: OK
/home/riomus/runs/sfora-connected-exact-torch-census-source-v2/source-cpu-original.log: OK
/home/riomus/runs/sfora-native256-source-cpu-v4/sources.json: OK
/home/riomus/.local/share/uv/python/cpython-3.13.9-linux-aarch64-gnu/bin/python3.13: OK
/home/riomus/runs/sfora-native256-initialized-cpu-final-footer-v1.py: OK
/home/riomus/runs/sfora-native256-stop-cgroup-footer-v1.py: OK
/home/riomus/runs/sfora-connected-exact-torch-census-v1.json: OK
{"output": "/home/riomus/runs/sfora-connected-all-query-margin-v1.json", "sha256": "ff2b5ba7394ecfd053f624b74985780316bd8f87cf9aefed4de504e416e6b3e2", "wall_seconds": 14.088081542024156, "exact_replay_pairs": 6936}
FINAL_CGROUP {"command_exit_status": 0, "invocation_id": "a04bb0db5fc7432ca36eefea77a4b2ab", "path": "/sys/fs/cgroup/user.slice/user-1000.slice/user@1000.service/app.slice/sfora-connected-all-query-margin-v1.service", "values": {"memory.current": "2981421056", "memory.events": "low 0\nhigh 0\nmax 0\noom 0\noom_kill 0\noom_group_kill 0", "memory.max": "8589934592", "memory.peak": "3826028544", "memory.stat": "anon 5820416\nfile 2967130112\nkernel 7434240\nkernel_stack 32768\npagetables 258048\nsec_pagetables 0\npercpu 1408\nsock 0\nvmalloc 0\nshmem 0\nzswap 0\nzswapped 0\nfile_mapped 0\nfile_dirty 8192\nfile_writeback 0\nswapcached 0\nanon_thp 0\nfile_thp 0\nshmem_thp 0\ninactive_anon 0\nactive_anon 5718016\ninactive_file 2910617600\nactive_file 56512512\nunevictable 0\nslab_reclaimable 7021832\nslab_unreclaimable 87072\nslab 7108904\nworkingset_refault_anon 0\nworkingset_refault_file 0\nworkingset_activate_anon 0\nworkingset_activate_file 0\nworkingset_restore_anon 0\nworkingset_restore_file 0\nworkingset_nodereclaim 0\npgdemote_kswapd 0\npgdemote_direct 0\npgdemote_khugepaged 0\npgdemote_proactive 0\npgpromote_success 0\npgscan 0\npgsteal 0\npswpin 0\npswpout 0\npgscan_kswapd 0\npgscan_direct 0\npgscan_khugepaged 0\npgscan_proactive 0\npgsteal_kswapd 0\npgsteal_direct 0\npgsteal_khugepaged 0\npgsteal_proactive 0\npgfault 223281\npgmajfault 546\npgrefill 0\npgactivate 0\npgdeactivate 0\npglazyfree 0\npglazyfreed 0\nswpin_zero 0\nswpout_zero 0\nzswpin 0\nzswpout 0\nzswpwb 0\nthp_fault_alloc 15\nthp_collapse_alloc 0\nthp_swpout 0\nthp_swpout_fallback 0\nnuma_pages_migrated 0\nnuma_pte_updates 0\nnuma_hint_faults 0", "memory.swap.current": "0", "memory.swap.max": "0", "memory.swap.peak": "0"}}
	Command being timed: "/bin/bash /home/riomus/runs/sfora-connected-all-query-margin-source-v1/command.sh 93ff9343e954de467c24d1e6024f6e8d15a8df55744b787ce118878135330039"
	User time (seconds): 8.07
	System time (seconds): 1.51
	Percent of CPU this job got: 66%
	Elapsed (wall clock) time (h:mm:ss or m:ss): 0:14.52
	Average shared text size (kbytes): 0
	Average unshared data size (kbytes): 0
	Average stack size (kbytes): 0
	Average total size (kbytes): 0
	Maximum resident set size (kbytes): 1067980
	Average resident set size (kbytes): 0
	Major (requiring I/O) page faults: 547
	Minor (reclaiming a frame) page faults: 222704
	Voluntary context switches: 32663
	Involuntary context switches: 113
	Swaps: 0
	File system inputs: 11904200
	File system outputs: 9856
	Socket messages sent: 0
	Socket messages received: 0
	Signals delivered: 0
	Page size (bytes): 4096
	Exit status: 0
STOP_CGROUP {"exit_code": "exited", "exit_status": "0", "invocation_id": "a04bb0db5fc7432ca36eefea77a4b2ab", "path": "/sys/fs/cgroup/user.slice/user-1000.slice/user@1000.service/app.slice/sfora-connected-all-query-margin-v1.service", "service_result": "success", "values": {"memory.current": "2981171200", "memory.events": "low 0\nhigh 0\nmax 0\noom 0\noom_kill 0\noom_group_kill 0", "memory.max": "8589934592", "memory.peak": "3826028544", "memory.stat": "anon 5447680\nfile 2967130112\nkernel 7184384\nkernel_stack 0\npagetables 94208\nsec_pagetables 0\npercpu 1056\nsock 0\nvmalloc 0\nshmem 0\nzswap 0\nzswapped 0\nfile_mapped 0\nfile_dirty 8192\nfile_writeback 0\nswapcached 0\nanon_thp 0\nfile_thp 0\nshmem_thp 0\ninactive_anon 0\nactive_anon 5357568\ninactive_file 2910617600\nactive_file 56512512\nunevictable 0\nslab_reclaimable 7017200\nslab_unreclaimable 44352\nslab 7061552\nworkingset_refault_anon 0\nworkingset_refault_file 0\nworkingset_activate_anon 0\nworkingset_activate_file 0\nworkingset_restore_anon 0\nworkingset_restore_file 0\nworkingset_nodereclaim 0\npgdemote_kswapd 0\npgdemote_direct 0\npgdemote_khugepaged 0\npgdemote_proactive 0\npgpromote_success 0\npgscan 0\npgsteal 0\npswpin 0\npswpout 0\npgscan_kswapd 0\npgscan_direct 0\npgscan_khugepaged 0\npgscan_proactive 0\npgsteal_kswapd 0\npgsteal_direct 0\npgsteal_khugepaged 0\npgsteal_proactive 0\npgfault 224781\npgmajfault 546\npgrefill 0\npgactivate 0\npgdeactivate 0\npglazyfree 0\npglazyfreed 0\nswpin_zero 0\nswpout_zero 0\nzswpin 0\nzswpout 0\nzswpwb 0\nthp_fault_alloc 15\nthp_collapse_alloc 0\nthp_swpout 0\nthp_swpout_fallback 0\nnuma_pages_migrated 0\nnuma_pte_updates 0\nnuma_hint_faults 0", "memory.swap.current": "0", "memory.swap.max": "0", "memory.swap.peak": "0"}}
Finished with result: success
Main processes terminated with: code=exited/status=0
Service runtime: 14.552s
CPU time consumed: 9.603s
Memory peak: 3.5G
Memory swap peak: 0B
