Running as unit: sfora-dense-retained-serving-cpu-v2.service; invocation ID: 56c8ce481bbc4d0f9c49909c614ff693
PASS retained source/decision/startup authority; no model/images/quality
Finished with result: success
Main processes terminated with: code=exited/status=0
Service runtime: 1min 4.657s
CPU time consumed: 1min 2.894s
Memory peak: 3.3G
Memory swap peak: 0B
	Command being timed: "systemd-run --user --wait --collect --pipe --unit=sfora-dense-retained-serving-cpu-v2 -p WorkingDirectory=/home/riomus/runs/sfora-dense-retained-serving-source-v2 -p RuntimeMaxSec=120 -p MemoryMax=8G -p MemorySwapMax=0 -p KillMode=control-group -p OOMPolicy=stop --setenv=CUDA_VISIBLE_DEVICES= --setenv=CUTILE_TILEIRAS_PATH=/home/riomus/toolchains/cuda-13.4-wheel-env/lib/python3.12/site-packages/nvidia/cu13/bin/tileiras --setenv=PATH=/home/riomus/toolchains/cuda-13.4-wheel-env/lib/python3.12/site-packages/nvidia/cu13/bin:/usr/local/bin:/usr/bin:/bin --setenv=OMP_NUM_THREADS=8 --setenv=OPENBLAS_NUM_THREADS=1 --setenv=TOKENIZERS_PARALLELISM=false --setenv=PYTHONPATH=/home/riomus/runs/sfora-dense-retained-serving-source-v2:/home/riomus/runs/sfora-dense-retained-serving-source-v2/src:/home/riomus/runs/sfora-dense-retained-serving-source-v2/isolated-deps flock -n /home/riomus/runs/.sfora-siglip2-gpu.lock flock -n /home/riomus/.sfora-siglip2-gpu.lock /home/riomus/group-learning/.venv/bin/python qualify_large_dense_retained_serving.py --execution-sha256 820ab1d8eca8e97e4dc2edb08a6500b52056bd58c21f4416e2c3fa5ae3495fe2 --check-startup-only --output /home/riomus/runs/sfora-dense-retained-serving-source-v2/startup.json"
	User time (seconds): 0.00
	System time (seconds): 0.00
	Percent of CPU this job got: 0%
	Elapsed (wall clock) time (h:mm:ss or m:ss): 1:04.67
	Average shared text size (kbytes): 0
	Average unshared data size (kbytes): 0
	Average stack size (kbytes): 0
	Average total size (kbytes): 0
	Maximum resident set size (kbytes): 7204
	Average resident set size (kbytes): 0
	Major (requiring I/O) page faults: 0
	Minor (reclaiming a frame) page faults: 376
	Voluntary context switches: 10
	Involuntary context switches: 0
	Swaps: 0
	File system inputs: 0
	File system outputs: 0
	Socket messages sent: 0
	Socket messages received: 0
	Signals delivered: 0
	Page size (bytes): 4096
	Exit status: 0
