Running as unit: sfora-large-lower-mechanics-v2.service; invocation ID: 676871245efd4041b68b964b0effae79
[transformers] Model config: bos_token_id must be `None` or an integer within the vocabulary (between 0 and 31999), got 49406. This may result in unexpected behavior.
[transformers] Model config: eos_token_id must be `None` or an integer within the vocabulary (between 0 and 31999), got 49407. This may result in unexpected behavior.
Loading weights:   0%|          | 0/792 [00:00<?, ?it/s]Loading weights: 100%|██████████| 792/792 [00:00<00:00, 10077.45it/s]
Loading weights:   0%|          | 0/792 [00:00<?, ?it/s]Loading weights:  84%|████████▍ | 668/792 [00:00<00:00, 6678.89it/s]Loading weights: 100%|██████████| 792/792 [00:00<00:00, 6913.04it/s]
Traceback (most recent call last):
  File "/home/riomus/runs/sfora-large-lower-adapter-mechanics-v2/train_large_lower_mechanics.py", line 164, in <module>
    main()
    ~~~~^^
  File "/home/riomus/runs/sfora-large-lower-adapter-mechanics-v2/train_large_lower_mechanics.py", line 148, in main
    packed_a, packed_b = pack_int8_unit_embeddings(a.cpu()), pack_int8_unit_embeddings(b.cpu())
                         ~~~~~~~~~~~~~~~~~~~~~~~~~^^^^^^^^^
  File "/home/riomus/runs/sfora-large-lower-adapter-mechanics-v2/src/sfora/joint_relational_compaction.py", line 484, in pack_int8_unit_embeddings
    codes, _restored = fixed_int8_unit_codes(value)
                       ~~~~~~~~~~~~~~~~~~~~~^^^^^^^
  File "/home/riomus/runs/sfora-large-lower-adapter-mechanics-v2/src/sfora/joint_relational_compaction.py", line 473, in fixed_int8_unit_codes
    raise ValueError("joint relational quantization authority differs")
ValueError: joint relational quantization authority differs
Finished with result: exit-code
Main processes terminated with: code=exited/status=1
Service runtime: 39.273s
CPU time consumed: 46.055s
Memory peak: 512.0K
Memory swap peak: 0B
