Running as unit: sfora-dense-pilot-export-179041-candidate-v2.service; invocation ID: 318d9ae922bf4949857f95948c26b8ee
{"authority_seconds": 26.488200835883617}
[transformers] Model config: bos_token_id must be `None` or an integer within the vocabulary (between 0 and 31999), got 49406. This may result in unexpected behavior.
[transformers] Model config: eos_token_id must be `None` or an integer within the vocabulary (between 0 and 31999), got 49407. This may result in unexpected behavior.
Loading weights:   0%|          | 0/792 [00:00<?, ?it/s]Loading weights:  95%|█████████▍| 749/792 [00:00<00:00, 7485.30it/s]Loading weights: 100%|██████████| 792/792 [00:00<00:00, 7535.74it/s]
{"full_whole_held_images_verified": 2048}
{"full_whole_held_images_verified": 4096}
{"full_whole_held_images_verified": 6144}
{"full_whole_held_images_verified": 8192}
{"full_whole_held_images_verified": 10240}
{"full_whole_held_images_verified": 12288}
{"full_whole_held_images_verified": 12599}
{"full_held_forward_seconds": 247.08000880479813}
Finished with result: success
Main processes terminated with: code=exited/status=0
Service runtime: 4min 51.073s
CPU time consumed: 5min 7.341s
Memory peak: 3.1G
Memory swap peak: 0B
	Command being timed: "systemd-run --user --wait --collect --pipe --unit=sfora-dense-pilot-export-179041-candidate-v2 -p WorkingDirectory=/home/riomus/runs/sfora-dense-pilot-export-source-v2 -p RuntimeMaxSec=300 -p MemoryMax=8G -p MemorySwapMax=0 -p KillMode=control-group -p OOMPolicy=stop --setenv=CUBLAS_WORKSPACE_CONFIG=:4096:8 --setenv=OMP_NUM_THREADS=8 --setenv=OPENBLAS_NUM_THREADS=1 --setenv=TOKENIZERS_PARALLELISM=false --setenv=PYTHONPATH=/home/riomus/runs/sfora-dense-pilot-export-source-v2:/home/riomus/runs/sfora-dense-pilot-export-source-v2/src:/home/riomus/runs/sfora-dense-pilot-export-source-v2/isolated-deps flock -n /home/riomus/runs/.sfora-siglip2-gpu.lock flock -n /home/riomus/.sfora-siglip2-gpu.lock /home/riomus/group-learning/.venv/bin/python /home/riomus/runs/sfora-dense-pilot-export-source-v2/export_large_dense_pilot.py --execution-sha256 e268cbf54e7b203e6ed9b959ef6833d310d536e465e74d1bfc3473f903131f22 --seed 179041 --arm candidate --output /home/riomus/runs/sfora-dense-pilot-wires-179041-candidate-v2 --cpu-proof /home/riomus/runs/sfora-dense-pilot-source-179041-candidate-v2/proof.json --cpu-sha256 411ca65913ec1980b06594f2c16b99d846a806f9829eb5d4ddace7948832e2c6"
	User time (seconds): 0.00
	System time (seconds): 0.00
	Percent of CPU this job got: 0%
	Elapsed (wall clock) time (h:mm:ss or m:ss): 4:51.09
	Average shared text size (kbytes): 0
	Average unshared data size (kbytes): 0
	Average stack size (kbytes): 0
	Average total size (kbytes): 0
	Maximum resident set size (kbytes): 7284
	Average resident set size (kbytes): 0
	Major (requiring I/O) page faults: 0
	Minor (reclaiming a frame) page faults: 377
	Voluntary context switches: 9
	Involuntary context switches: 0
	Swaps: 0
	File system inputs: 0
	File system outputs: 0
	Socket messages sent: 0
	Socket messages received: 0
	Signals delivered: 0
	Page size (bytes): 4096
	Exit status: 0
