/home/riomus/runs/sfora-connected-asymmetric-cache-source-v2/command.sh: OK
Running as unit: sfora-connected-asymmetric-cache-first-179061-v1.service; invocation ID: f2dc68adb6204eb68020f904baa98af5
/home/riomus/.local/share/uv/python/cpython-3.13.9-linux-aarch64-gnu/bin/python3.13: OK
/home/riomus/runs/sfora-connected-asymmetric-cache-source-v2/authority.json: OK
/home/riomus/runs/sfora-connected-asymmetric-cache-source-v2/diagnose_connected_asymmetric_cache.py: OK
/home/riomus/runs/sfora-connected-asymmetric-cache-source-v2/execution.json: OK
/home/riomus/runs/sfora-connected-asymmetric-cache-source-v2/test_connected_asymmetric_cache.py: OK
/home/riomus/runs/sfora-connected-control-batch-execution-source-v5/execution.json: OK
/home/riomus/runs/sfora-connected-control-batch-execution-source-v5/observe_connected_control_batch_execution.py: OK
/home/riomus/runs/sfora-connected-control-batch-execution-source-v5/test_connected_control_batch_execution.py: OK
/home/riomus/runs/sfora-connected-control-serving-native-authority-v5/native-authority.json: OK
/home/riomus/runs/sfora-connected-gallery-freshness-source-v3/authority.json: OK
/home/riomus/runs/sfora-connected-gallery-freshness-source-v3/diagnose_connected_gallery_freshness.py: OK
/home/riomus/runs/sfora-connected-gallery-freshness-source-v3/execution.json: OK
/home/riomus/runs/sfora-connected-mlp-evaluation-full-export-control-179061-v2/receipt.json: OK
/home/riomus/runs/sfora-connected-mlp-evaluation-source-v9/authority-full-export-control-179061-v2.json: OK
/home/riomus/runs/sfora-connected-mlp-evaluation-source-v9/evaluate_siglip2_connected_mlp.py: OK
/home/riomus/runs/sfora-connected-mlp-evaluation-source-v9/execution.json: OK
/home/riomus/runs/sfora-connected-mlp-evaluation-source-v9/test_connected_mlp_evaluation.py: OK
/home/riomus/runs/sfora-connected-mlp-train-control-179061-v1/control-179061-bundle/bundle.json: OK
/home/riomus/runs/sfora-connected-probe-installed-control-serving-source-v5/connected_control_native_authority.py: OK
/home/riomus/runs/sfora-connected-probe-installed-control-serving-source-v5/observe_connected_serving.py: OK
/home/riomus/runs/sfora-connected-probe-installed-control-serving-source-v5/qualify_connected_serving_requests.py: OK
/home/riomus/runs/sfora-connected-probe-installed-serving-wheel-v1/site-packages/sfora/cutile_int8.py: OK
/home/riomus/runs/sfora-connected-probe-installed-serving-wheel-v1/site-packages/sfora/packed_int8.py: OK
/home/riomus/runs/sfora-cutile-threads-v1/candidate.so: OK
/home/riomus/runs/sfora-native256-initialized-cpu-final-footer-v1.py: OK
/home/riomus/runs/sfora-native256-stop-cgroup-footer-v1.py: OK
/home/riomus/toolchains/cuda-13.4-wheel-env/lib/python3.12/site-packages/nvidia/cu13/bin/tileiras: OK
{"event": "COMPACT_PHASE", "phase": "shared_source_preparation", "boundary": "begin", "seconds": 380.6359302700148}
{"event": "COMPACT_PHASE", "phase": "shared_source_preparation", "boundary": "end", "delta_seconds": 18.49069908200181, "seconds": 399.1266309519997}
{"event": "COMPACT_PHASE", "phase": "cache_target_preparation", "boundary": "begin", "seconds": 399.12666687200544}
{"event": "COMPACT_PHASE", "phase": "cache_target_preparation", "boundary": "end", "delta_seconds": 2.386235887010116, "seconds": 401.5129055750149}
{"event": "INITIAL_NATIVE_ORIGIN_DIAGNOSTICS_V1", "expected": {"/home/riomus/group-learning/.venv/lib/python3.13/site-packages/nvidia/cudnn/lib/libcudnn_engines_precompiled.so.9": "3b765736f63d724a0de67b7ce915b0d0a780154fe4a2d515ab14040224aa7db4", "/home/riomus/group-learning/.venv/lib/python3.13/site-packages/nvidia/cudnn/lib/libcudnn_engines_runtime_compiled.so.9": "7b8f371a7718c29549317efdbdeb8d7c301874f9471762a04830846ac4e83510", "/home/riomus/group-learning/.venv/lib/python3.13/site-packages/nvidia/cudnn/lib/libcudnn_graph.so.9": "b601fddd333d84ced4a3d833e75bb412c204e39b21755d79cb890335dce660b8", "/home/riomus/group-learning/.venv/lib/python3.13/site-packages/nvidia/cudnn/lib/libcudnn_heuristic.so.9": "368687b9b5c2c01b55c21f74bd930cb05d3654b4e901e998b7bfb33cebac6ae8"}, "observed_difference": {}, "missing": ["/home/riomus/group-learning/.venv/lib/python3.13/site-packages/nvidia/cudnn/lib/libcudnn_engines_precompiled.so.9", "/home/riomus/group-learning/.venv/lib/python3.13/site-packages/nvidia/cudnn/lib/libcudnn_engines_runtime_compiled.so.9", "/home/riomus/group-learning/.venv/lib/python3.13/site-packages/nvidia/cudnn/lib/libcudnn_graph.so.9", "/home/riomus/group-learning/.venv/lib/python3.13/site-packages/nvidia/cudnn/lib/libcudnn_heuristic.so.9"], "extra": [], "missing_native": ["/home/riomus/group-learning/.venv/lib/python3.13/site-packages/nvidia/cudnn/lib/libcudnn_engines_precompiled.so.9", "/home/riomus/group-learning/.venv/lib/python3.13/site-packages/nvidia/cudnn/lib/libcudnn_engines_runtime_compiled.so.9", "/home/riomus/group-learning/.venv/lib/python3.13/site-packages/nvidia/cudnn/lib/libcudnn_graph.so.9", "/home/riomus/group-learning/.venv/lib/python3.13/site-packages/nvidia/cudnn/lib/libcudnn_heuristic.so.9"]}
{"phase": "driver_rehash", "boundary": "entry", "monotonic_seconds": 228812.641873}
{"phase": "driver_rehash", "boundary": "exit", "monotonic_seconds": 228812.651264695}
{"diagnostic": "memory_snapshot", "memory.current": 1533501440, "memory.events.high": 0, "memory.events.low": 0, "memory.events.max": 0, "memory.events.oom": 0, "memory.events.oom_group_kill": 0, "memory.events.oom_kill": 0, "memory.peak": 1556840448, "memory.stat.anon": 1037791232, "memory.stat.file": 481316864, "memory.stat.kernel": 6348800, "memory.swap.current": 0, "memory.swap.peak": 0, "path": "/sys/fs/cgroup/user.slice/user-1000.slice/user@1000.service/app.slice/sfora-connected-asymmetric-cache-first-179061-v1.service", "phase": "after_admission"}
{"phase": "driver_rehash", "boundary": "entry", "monotonic_seconds": 228822.847453452}
{"phase": "driver_rehash", "boundary": "exit", "monotonic_seconds": 228822.856254524}
{"diagnostic": "memory_snapshot", "memory.current": 4606976000, "memory.events.high": 0, "memory.events.low": 0, "memory.events.max": 0, "memory.events.oom": 0, "memory.events.oom_group_kill": 0, "memory.events.oom_kill": 0, "memory.peak": 4628209664, "memory.stat.anon": 3753664512, "memory.stat.file": 818024448, "memory.stat.kernel": 17682432, "memory.swap.current": 0, "memory.swap.peak": 0, "path": "/sys/fs/cgroup/user.slice/user-1000.slice/user@1000.service/app.slice/sfora-connected-asymmetric-cache-first-179061-v1.service", "phase": "after_tail_replay"}
{"phase": "driver_rehash", "boundary": "entry", "monotonic_seconds": 228874.313012106}
{"phase": "driver_rehash", "boundary": "exit", "monotonic_seconds": 228874.321641627}
{"diagnostic": "memory_snapshot", "memory.current": 4676247552, "memory.events.high": 0, "memory.events.low": 0, "memory.events.max": 0, "memory.events.oom": 0, "memory.events.oom_group_kill": 0, "memory.events.oom_kill": 0, "memory.peak": 4732317696, "memory.stat.anon": 3831070720, "memory.stat.file": 811298816, "memory.stat.kernel": 17907712, "memory.swap.current": 0, "memory.swap.peak": 0, "path": "/sys/fs/cgroup/user.slice/user-1000.slice/user@1000.service/app.slice/sfora-connected-asymmetric-cache-first-179061-v1.service", "phase": "before_native"}
{"phase": "driver_rehash", "boundary": "entry", "monotonic_seconds": 228909.567338776}
{"phase": "driver_rehash", "boundary": "exit", "monotonic_seconds": 228909.576205864}
{"phase": "cleanup.snapshot", "boundary": "entry", "monotonic_seconds": 228909.779477707}
{"diagnostic": "memory_snapshot", "memory.current": 4785192960, "memory.events.high": 0, "memory.events.low": 0, "memory.events.max": 0, "memory.events.oom": 0, "memory.events.oom_group_kill": 0, "memory.events.oom_kill": 0, "memory.peak": 4826443776, "memory.stat.anon": 3890270208, "memory.stat.file": 861708288, "memory.stat.kernel": 18333696, "memory.swap.current": 0, "memory.swap.peak": 0, "path": "/sys/fs/cgroup/user.slice/user-1000.slice/user@1000.service/app.slice/sfora-connected-asymmetric-cache-first-179061-v1.service", "phase": "before_exit"}
{"phase": "cleanup.snapshot", "boundary": "exit", "monotonic_seconds": 228909.799436163}
{"phase": "cleanup.maps", "boundary": "entry", "monotonic_seconds": 228909.799444195}
{"phase": "cleanup.maps", "boundary": "exit", "monotonic_seconds": 228909.825422598}
{"phase": "combined.evaluator_exit", "boundary": "entry", "monotonic_seconds": 228909.825447221}
{"event": "PROTOTYPE_PHASE", "phase": "old_exit_begin", "seconds": 529.953248662001}
{"event": "QUADRATIC_PHASE", "phase": "exit_rehash", "delta_seconds": 16.211712221993366, "cumulative_seconds": 16.211712221993366}
{"event": "PROTOTYPE_PHASE", "phase": "old_exit_end", "seconds": 546.165920976986}
{"event": "PROTOTYPE_PHASE", "phase": "own_union_begin", "seconds": 546.165940640989}
{"event": "PROTOTYPE_PHASE", "phase": "own_union_end", "seconds": 560.6148959409911}
{"event": "PROTOTYPE_PHASE", "phase": "closure_begin", "seconds": 560.6149355410016}
{"event": "PROTOTYPE_PHASE", "phase": "closure_end", "seconds": 560.616843885975}
{"phase": "combined.evaluator_exit", "boundary": "exit", "monotonic_seconds": 229008.695012154}
{"phase": "combined.evidence", "boundary": "entry", "monotonic_seconds": 229008.695049242}
{"phase": "combined.evidence", "boundary": "exit", "monotonic_seconds": 229023.520594753}
{"phase": "rehash.context", "boundary": "entry", "monotonic_seconds": 229023.520637569}
{"phase": "rehash.context", "boundary": "exit", "monotonic_seconds": 229032.209645583}
{"phase": "rehash.prospective", "boundary": "entry", "monotonic_seconds": 229032.209693599}
{"phase": "rehash.prospective", "boundary": "exit", "monotonic_seconds": 229032.23156368}
{"phase": "final_guard", "boundary": "entry", "monotonic_seconds": 229032.231594736}
{"phase": "final_guard.authenticate", "boundary": "entry", "monotonic_seconds": 229032.239921154}
{"phase": "final_guard.authenticate", "boundary": "exit", "monotonic_seconds": 229033.033623607}
{"phase": "final_guard.helpers", "boundary": "entry", "monotonic_seconds": 229033.033658551}
{"phase": "final_guard.helpers", "boundary": "exit", "monotonic_seconds": 229033.037898519}
{"phase": "final_guard.resources", "boundary": "entry", "monotonic_seconds": 229033.037925399}
{"phase": "final_guard.resources", "boundary": "error", "monotonic_seconds": 229033.038134615}
{"phase": "final_guard", "boundary": "error", "monotonic_seconds": 229033.038141351}
{"phase": "cleanup.sources_close", "boundary": "entry", "monotonic_seconds": 229033.038148231}
{"phase": "cleanup.sources_close", "boundary": "exit", "monotonic_seconds": 229033.221719617}
{"phase": "cleanup.final_resources", "boundary": "entry", "monotonic_seconds": 229033.221785217}
{"phase": "cleanup.workspace_dispose", "boundary": "entry", "monotonic_seconds": 229033.22245019}
{"after": {"allocated_bytes": 0, "reserved_bytes": 60817408}, "before": {"allocated_bytes": 33554432, "reserved_bytes": 60817408}, "diagnostic": "cuda_workspace_disposal", "native_causality_established": false, "ownership_limit": "captured admitted builtin binding; C function pointer not authenticated", "status": "UNACCEPTED"}
{"phase": "cleanup.workspace_dispose", "boundary": "exit", "monotonic_seconds": 229033.236623947}
{"phase": "cleanup.final_state", "boundary": "entry", "monotonic_seconds": 229033.236630619}
{"phase": "cleanup.final_state", "boundary": "error", "monotonic_seconds": 229033.237066842}
{"phase": "cleanup.final_resources", "boundary": "error", "monotonic_seconds": 229033.237077194}
{"phase": "cleanup.terminal_checks", "boundary": "entry", "monotonic_seconds": 229033.23708361}
{"phase": "cleanup.terminal_checks", "boundary": "error", "monotonic_seconds": 229033.237368809}
{"phase": "cleanup.registry_dispose", "boundary": "entry", "monotonic_seconds": 229033.237376441}
{"phase": "cleanup.registry_dispose", "boundary": "exit", "monotonic_seconds": 229033.299383257}
Traceback (most recent call last):
  File "/home/riomus/runs/sfora-connected-asymmetric-cache-source-v2/diagnose_connected_asymmetric_cache.py", line 1318, in <module>
    published = run(parser().parse_args())
  File "/home/riomus/runs/sfora-connected-asymmetric-cache-source-v2/diagnose_connected_asymmetric_cache.py", line 1204, in run
    cleanup(S, error)
    ~~~~~~~^^^^^^^^^^
  File "/home/riomus/runs/sfora-connected-asymmetric-cache-source-v2/diagnose_connected_asymmetric_cache.py", line 1305, in cleanup
    raise_primary(error, failures)
    ~~~~~~~~~~~~~^^^^^^^^^^^^^^^^^
  File "/home/riomus/runs/sfora-connected-asymmetric-cache-source-v2/diagnose_connected_asymmetric_cache.py", line 420, in raise_primary
    raise failures[0]
  File "/home/riomus/runs/sfora-connected-asymmetric-cache-source-v2/diagnose_connected_asymmetric_cache.py", line 404, in attempt
    callback()
    ~~~~~~~~^^
  File "/home/riomus/runs/sfora-connected-asymmetric-cache-source-v2/diagnose_connected_asymmetric_cache.py", line 1271, in <lambda>
    actions.append(lambda: final_guard(S))      # full live guards while every registered module is still in place
                           ~~~~~~~~~~~^^^
  File "/home/riomus/runs/sfora-connected-asymmetric-cache-source-v2/diagnose_connected_asymmetric_cache.py", line 654, in final_guard
    S.evaluator.resources(S.context_e, S.before)
    ~~~~~~~~~~~~~~~~~~~~~^^^^^^^^^^^^^^^^^^^^^^^
  File "/home/riomus/runs/sfora-connected-mlp-evaluation-source-v9/evaluate_siglip2_connected_mlp.py", line 937, in resources
    after=source.cgroup_memory(); unit=Path(after['path']).name.removesuffix('.service')
  File "/home/riomus/runs/sfora-native256-source-cpu-v4/qualify_siglip2_substrate_cpu.py", line 519, in cgroup_memory
    require(all(int(events.get(key, '-1')) == 0 for key in ('oom', 'oom_kill', 'max')), 'cgroup memory failure event')
    ~~~~~~~^^^^^^^^^^^^^^^^^^^^^^^^^^^^^^^^^^^^^^^^^^^^^^^^^^^^^^^^^^^^^^^^^^^^^^^^^^^^^^^^^^^^^^^^^^^^^^^^^^^^^^^^^^^
  File "/home/riomus/runs/sfora-native256-source-cpu-v4/qualify_siglip2_substrate_cpu.py", line 46, in require
    raise ValueError(message)
ValueError: cgroup memory failure event
cleanup: ValueError('cgroup memory failure event')
cleanup: ValueError('cgroup memory failure event')
/home/riomus/.local/share/uv/python/cpython-3.13.9-linux-aarch64-gnu/bin/python3.13: OK
/home/riomus/runs/sfora-connected-asymmetric-cache-source-v2/authority.json: OK
/home/riomus/runs/sfora-connected-asymmetric-cache-source-v2/diagnose_connected_asymmetric_cache.py: OK
/home/riomus/runs/sfora-connected-asymmetric-cache-source-v2/execution.json: OK
/home/riomus/runs/sfora-connected-asymmetric-cache-source-v2/test_connected_asymmetric_cache.py: OK
/home/riomus/runs/sfora-connected-control-batch-execution-source-v5/execution.json: OK
/home/riomus/runs/sfora-connected-control-batch-execution-source-v5/observe_connected_control_batch_execution.py: OK
/home/riomus/runs/sfora-connected-control-batch-execution-source-v5/test_connected_control_batch_execution.py: OK
/home/riomus/runs/sfora-connected-control-serving-native-authority-v5/native-authority.json: OK
/home/riomus/runs/sfora-connected-gallery-freshness-source-v3/authority.json: OK
/home/riomus/runs/sfora-connected-gallery-freshness-source-v3/diagnose_connected_gallery_freshness.py: OK
/home/riomus/runs/sfora-connected-gallery-freshness-source-v3/execution.json: OK
/home/riomus/runs/sfora-connected-mlp-evaluation-full-export-control-179061-v2/receipt.json: OK
/home/riomus/runs/sfora-connected-mlp-evaluation-source-v9/authority-full-export-control-179061-v2.json: OK
/home/riomus/runs/sfora-connected-mlp-evaluation-source-v9/evaluate_siglip2_connected_mlp.py: OK
/home/riomus/runs/sfora-connected-mlp-evaluation-source-v9/execution.json: OK
/home/riomus/runs/sfora-connected-mlp-evaluation-source-v9/test_connected_mlp_evaluation.py: OK
/home/riomus/runs/sfora-connected-mlp-train-control-179061-v1/control-179061-bundle/bundle.json: OK
/home/riomus/runs/sfora-connected-probe-installed-control-serving-source-v5/connected_control_native_authority.py: OK
/home/riomus/runs/sfora-connected-probe-installed-control-serving-source-v5/observe_connected_serving.py: OK
/home/riomus/runs/sfora-connected-probe-installed-control-serving-source-v5/qualify_connected_serving_requests.py: OK
/home/riomus/runs/sfora-connected-probe-installed-serving-wheel-v1/site-packages/sfora/cutile_int8.py: OK
/home/riomus/runs/sfora-connected-probe-installed-serving-wheel-v1/site-packages/sfora/packed_int8.py: OK
/home/riomus/runs/sfora-cutile-threads-v1/candidate.so: OK
/home/riomus/runs/sfora-native256-initialized-cpu-final-footer-v1.py: OK
/home/riomus/runs/sfora-native256-stop-cgroup-footer-v1.py: OK
/home/riomus/toolchains/cuda-13.4-wheel-env/lib/python3.12/site-packages/nvidia/cu13/bin/tileiras: OK
FINAL_CGROUP {"command_exit_status": 1, "invocation_id": "f2dc68adb6204eb68020f904baa98af5", "path": "/sys/fs/cgroup/user.slice/user-1000.slice/user@1000.service/app.slice/sfora-connected-asymmetric-cache-first-179061-v1.service", "values": {"memory.current": "4724142080", "memory.events": "low 0\nhigh 0\nmax 1443\noom 0\noom_kill 0\noom_group_kill 0", "memory.max": "8589934592", "memory.peak": "8589934592", "memory.stat": "anon 5840896\nfile 4700778496\nkernel 15106048\nkernel_stack 32768\npagetables 282624\nsec_pagetables 0\npercpu 1408\nsock 0\nvmalloc 0\nshmem 0\nzswap 0\nzswapped 0\nfile_mapped 0\nfile_dirty 12288\nfile_writeback 0\nswapcached 0\nanon_thp 0\nfile_thp 0\nshmem_thp 0\ninactive_anon 0\nactive_anon 5697536\ninactive_file 4154859520\nactive_file 545918976\nunevictable 0\nslab_reclaimable 14699416\nslab_unreclaimable 77504\nslab 14776920\nworkingset_refault_anon 0\nworkingset_refault_file 181568\nworkingset_activate_anon 0\nworkingset_activate_file 21734\nworkingset_restore_anon 0\nworkingset_restore_file 0\nworkingset_nodereclaim 0\npgdemote_kswapd 0\npgdemote_direct 0\npgdemote_khugepaged 0\npgdemote_proactive 0\npgpromote_success 0\npgscan 464012\npgsteal 463152\npswpin 0\npswpout 0\npgscan_kswapd 0\npgscan_direct 464012\npgscan_khugepaged 0\npgscan_proactive 0\npgsteal_kswapd 0\npgsteal_direct 463152\npgsteal_khugepaged 0\npgsteal_proactive 0\npgfault 1007747\npgmajfault 9129\npgrefill 25877\npgactivate 2304\npgdeactivate 0\npglazyfree 0\npglazyfreed 0\nswpin_zero 0\nswpout_zero 0\nzswpin 0\nzswpout 0\nzswpwb 0\nthp_fault_alloc 1010\nthp_collapse_alloc 3\nthp_swpout 0\nthp_swpout_fallback 0\nnuma_pages_migrated 0\nnuma_pte_updates 0\nnuma_hint_faults 0", "memory.swap.current": "0", "memory.swap.max": "0", "memory.swap.peak": "0"}}
Command exited with non-zero status 1
	Command being timed: "/bin/bash /home/riomus/runs/sfora-connected-asymmetric-cache-source-v2/command.sh"
	User time (seconds): 411.83
	System time (seconds): 88.52
	Percent of CPU this job got: 78%
	Elapsed (wall clock) time (h:mm:ss or m:ss): 10:34.50
	Average shared text size (kbytes): 0
	Average unshared data size (kbytes): 0
	Average stack size (kbytes): 0
	Average total size (kbytes): 0
	Maximum resident set size (kbytes): 4370688
	Average resident set size (kbytes): 0
	Major (requiring I/O) page faults: 9129
	Minor (reclaiming a frame) page faults: 919739
	Voluntary context switches: 8859040
	Involuntary context switches: 3793
	Swaps: 0
	File system inputs: 979840280
	File system outputs: 2808
	Socket messages sent: 0
	Socket messages received: 0
	Signals delivered: 0
	Page size (bytes): 4096
	Exit status: 1
STOP_CGROUP {"exit_code": "exited", "exit_status": "1", "invocation_id": "f2dc68adb6204eb68020f904baa98af5", "path": "/sys/fs/cgroup/user.slice/user-1000.slice/user@1000.service/app.slice/sfora-connected-asymmetric-cache-first-179061-v1.service", "service_result": "exit-code", "values": {"memory.current": "4722892800", "memory.events": "low 0\nhigh 0\nmax 1443\noom 0\noom_kill 0\noom_group_kill 0", "memory.max": "8589934592", "memory.peak": "8589934592", "memory.stat": "anon 5439488\nfile 4700778496\nkernel 14835712\nkernel_stack 0\npagetables 102400\nsec_pagetables 0\npercpu 1056\nsock 0\nvmalloc 0\nshmem 0\nzswap 0\nzswapped 0\nfile_mapped 0\nfile_dirty 12288\nfile_writeback 0\nswapcached 0\nanon_thp 0\nfile_thp 0\nshmem_thp 0\ninactive_anon 0\nactive_anon 5402624\ninactive_file 4154859520\nactive_file 545918976\nunevictable 0\nslab_reclaimable 14697552\nslab_unreclaimable 29592\nslab 14727144\nworkingset_refault_anon 0\nworkingset_refault_file 181568\nworkingset_activate_anon 0\nworkingset_activate_file 21734\nworkingset_restore_anon 0\nworkingset_restore_file 0\nworkingset_nodereclaim 0\npgdemote_kswapd 0\npgdemote_direct 0\npgdemote_khugepaged 0\npgdemote_proactive 0\npgpromote_success 0\npgscan 464012\npgsteal 463152\npswpin 0\npswpout 0\npgscan_kswapd 0\npgscan_direct 464012\npgscan_khugepaged 0\npgscan_proactive 0\npgsteal_kswapd 0\npgsteal_direct 463152\npgsteal_khugepaged 0\npgsteal_proactive 0\npgfault 1009248\npgmajfault 9129\npgrefill 25877\npgactivate 2304\npgdeactivate 0\npglazyfree 0\npglazyfreed 0\nswpin_zero 0\nswpout_zero 0\nzswpin 0\nzswpout 0\nzswpwb 0\nthp_fault_alloc 1010\nthp_collapse_alloc 3\nthp_swpout 0\nthp_swpout_fallback 0\nnuma_pages_migrated 0\nnuma_pte_updates 0\nnuma_hint_faults 0", "memory.swap.current": "0", "memory.swap.max": "0", "memory.swap.peak": "0"}}
Finished with result: exit-code
Main processes terminated with: code=exited/status=1
Service runtime: 10min 34.541s
CPU time consumed: 8min 20.387s
Memory peak: 8.0G
Memory swap peak: 0B
