/home/riomus/runs/sfora-connected-full-authority-observation-source-v5/command.sh: OK
Running as unit: sfora-connected-full-authority-observation-v5.service; invocation ID: a1f724c7aedc4e36b7f10c60ee0656d3
/home/riomus/runs/sfora-connected-full-authority-observation-source-v5/observe_connected_full_authority.py: OK
/home/riomus/runs/sfora-connected-full-authority-observation-source-v5/test_connected_full_authority_observation.py: OK
/home/riomus/.local/share/uv/python/cpython-3.13.9-linux-aarch64-gnu/bin/python3.13: OK
/home/riomus/runs/sfora-connected-mlp-evaluation-source-v8/evaluate_siglip2_connected_mlp.py: OK
/home/riomus/runs/sfora-connected-mlp-evaluation-source-v8/execution.json: OK
/home/riomus/runs/sfora-connected-mlp-evaluation-source-v8/authority-full-cpu-v4.json: OK
/home/riomus/runs/sfora-connected-mlp-evaluation-source-v8/full-cpu-v4-command.sh: OK
/home/riomus/runs/sfora-connected-mlp-evaluation-source-v8/test_connected_mlp_evaluation.py: OK
/home/riomus/runs/sfora-connected-full-authority-observation-source-v5/manifest.json: OK
/home/riomus/runs/sfora-native256-initialized-cpu-final-footer-v1.py: OK
/home/riomus/runs/sfora-native256-stop-cgroup-footer-v1.py: OK
/home/riomus/runs/sfora-connected-full-authority-observation-source-v5/observe_connected_full_authority.py: OK
/home/riomus/runs/sfora-connected-full-authority-observation-source-v5/test_connected_full_authority_observation.py: OK
/home/riomus/.local/share/uv/python/cpython-3.13.9-linux-aarch64-gnu/bin/python3.13: OK
/home/riomus/runs/sfora-connected-mlp-evaluation-source-v8/evaluate_siglip2_connected_mlp.py: OK
/home/riomus/runs/sfora-connected-mlp-evaluation-source-v8/execution.json: OK
/home/riomus/runs/sfora-connected-mlp-evaluation-source-v8/authority-full-cpu-v4.json: OK
/home/riomus/runs/sfora-connected-mlp-evaluation-source-v8/full-cpu-v4-command.sh: OK
/home/riomus/runs/sfora-connected-mlp-evaluation-source-v8/test_connected_mlp_evaluation.py: OK
/home/riomus/runs/sfora-connected-full-authority-observation-source-v5/manifest.json: OK
/home/riomus/runs/sfora-native256-initialized-cpu-final-footer-v1.py: OK
/home/riomus/runs/sfora-native256-stop-cgroup-footer-v1.py: OK
FINAL_CGROUP {"command_exit_status": 0, "invocation_id": "a1f724c7aedc4e36b7f10c60ee0656d3", "path": "/sys/fs/cgroup/user.slice/user-1000.slice/user@1000.service/app.slice/sfora-connected-full-authority-observation-v5.service", "values": {"memory.current": "239611904", "memory.events": "low 0\nhigh 0\nmax 0\noom 0\noom_kill 0\noom_group_kill 0", "memory.max": "8589934592", "memory.peak": "663162880", "memory.stat": "anon 5996544\nfile 137269248\nkernel 94560256\nkernel_stack 65536\npagetables 458752\nsec_pagetables 0\npercpu 2112\nsock 0\nvmalloc 0\nshmem 0\nzswap 0\nzswapped 0\nfile_mapped 0\nfile_dirty 12288\nfile_writeback 0\nswapcached 0\nanon_thp 0\nfile_thp 0\nshmem_thp 0\ninactive_anon 0\nactive_anon 5824512\ninactive_file 136278016\nactive_file 991232\nunevictable 0\nslab_reclaimable 93916712\nslab_unreclaimable 120744\nslab 94037456\nworkingset_refault_anon 0\nworkingset_refault_file 0\nworkingset_activate_anon 0\nworkingset_activate_file 0\nworkingset_restore_anon 0\nworkingset_restore_file 0\nworkingset_nodereclaim 0\npgdemote_kswapd 0\npgdemote_direct 0\npgdemote_khugepaged 0\npgdemote_proactive 0\npgpromote_success 0\npgscan 0\npgsteal 0\npswpin 0\npswpout 0\npgscan_kswapd 0\npgscan_direct 0\npgscan_khugepaged 0\npgscan_proactive 0\npgsteal_kswapd 0\npgsteal_direct 0\npgsteal_khugepaged 0\npgsteal_proactive 0\npgfault 264057\npgmajfault 23\npgrefill 0\npgactivate 0\npgdeactivate 0\npglazyfree 0\npglazyfreed 0\nswpin_zero 0\nswpout_zero 0\nzswpin 0\nzswpout 0\nzswpwb 0\nthp_fault_alloc 0\nthp_collapse_alloc 0\nthp_swpout 0\nthp_swpout_fallback 0\nnuma_pages_migrated 0\nnuma_pte_updates 0\nnuma_hint_faults 0", "memory.swap.current": "0", "memory.swap.max": "0", "memory.swap.peak": "0"}}
	Command being timed: "/bin/bash -c set -e; sudo -n /bin/sync; sudo -n /bin/sh -c "echo 3 > /proc/sys/vm/drop_caches"; exec /bin/bash /home/riomus/runs/sfora-connected-full-authority-observation-source-v5/command.sh"
	User time (seconds): 266.99
	System time (seconds): 64.73
	Percent of CPU this job got: 89%
	Elapsed (wall clock) time (h:mm:ss or m:ss): 6:11.58
	Average shared text size (kbytes): 0
	Average unshared data size (kbytes): 0
	Average stack size (kbytes): 0
	Average total size (kbytes): 0
	Maximum resident set size (kbytes): 436592
	Average resident set size (kbytes): 0
	Major (requiring I/O) page faults: 23
	Minor (reclaiming a frame) page faults: 263865
	Voluntary context switches: 7449467
	Involuntary context switches: 1947
	Swaps: 0
	File system inputs: 613203168
	File system outputs: 2696
	Socket messages sent: 0
	Socket messages received: 0
	Signals delivered: 0
	Page size (bytes): 4096
	Exit status: 0
STOP_CGROUP {"exit_code": "exited", "exit_status": "0", "invocation_id": "a1f724c7aedc4e36b7f10c60ee0656d3", "path": "/sys/fs/cgroup/user.slice/user-1000.slice/user@1000.service/app.slice/sfora-connected-full-authority-observation-v5.service", "service_result": "success", "values": {"memory.current": "238321664", "memory.events": "low 0\nhigh 0\nmax 0\noom 0\noom_kill 0\noom_group_kill 0", "memory.max": "8589934592", "memory.peak": "663162880", "memory.stat": "anon 5439488\nfile 137273344\nkernel 94076928\nkernel_stack 0\npagetables 98304\nsec_pagetables 0\npercpu 1056\nsock 0\nvmalloc 0\nshmem 0\nzswap 0\nzswapped 0\nfile_mapped 0\nfile_dirty 16384\nfile_writeback 0\nswapcached 0\nanon_thp 0\nfile_thp 0\nshmem_thp 0\ninactive_anon 0\nactive_anon 5386240\ninactive_file 136278016\nactive_file 991232\nunevictable 0\nslab_reclaimable 93920632\nslab_unreclaimable 55888\nslab 93976520\nworkingset_refault_anon 0\nworkingset_refault_file 0\nworkingset_activate_anon 0\nworkingset_activate_file 0\nworkingset_restore_anon 0\nworkingset_restore_file 0\nworkingset_nodereclaim 0\npgdemote_kswapd 0\npgdemote_direct 0\npgdemote_khugepaged 0\npgdemote_proactive 0\npgpromote_success 0\npgscan 0\npgsteal 0\npswpin 0\npswpout 0\npgscan_kswapd 0\npgscan_direct 0\npgscan_khugepaged 0\npgscan_proactive 0\npgsteal_kswapd 0\npgsteal_direct 0\npgsteal_khugepaged 0\npgsteal_proactive 0\npgfault 265577\npgmajfault 23\npgrefill 0\npgactivate 0\npgdeactivate 0\npglazyfree 0\npglazyfreed 0\nswpin_zero 0\nswpout_zero 0\nzswpin 0\nzswpout 0\nzswpwb 0\nthp_fault_alloc 0\nthp_collapse_alloc 0\nthp_swpout 0\nthp_swpout_fallback 0\nnuma_pages_migrated 0\nnuma_pte_updates 0\nnuma_hint_faults 0", "memory.swap.current": "0", "memory.swap.max": "0", "memory.swap.peak": "0"}}
Finished with result: success
Main processes terminated with: code=exited/status=0
Service runtime: 6min 11.614s
CPU time consumed: 5min 31.750s
Memory peak: 632.4M
Memory swap peak: 0B
