Running as unit: sfora-connected-py313-assurance-v2.service; invocation ID: 5317310755d44363bdd6705ab141529c
PASS immutable import-time builtin baseline all cases
PASS builtin namespace/control primitive rejection all cases
PASS genuine transitive check_steps code/object capture/call/exit rejection
PASS actual UNIT mutation after preguard rejected by admission finally
PASS endpoint genuine source/class/callback/state/join/derivative and once-only first-CONTINUE owner
PASS actual authority loop: old overlap1 / new overlap2..4, exact fresh occurrences
PASS actual accept_unit loop: old overlap1 / new overlap2..4, exact fresh occurrences
PASS actual admission scans: mutation/symlink/roles/conflict/duplicates/errors, atomic owner and joined failures
PASS historical first-selection source/execution rejection retained; candidate full-stage requalification blocked
PASS exact original-owner closure/authority/context, unchanged original readers, CPU/payload/CLI/guard/UNIT/VAL and live snapshot falsifiers
PASS prospective score700/export1500 boundaries/caps; historical CPU launch/source binding rejected; fresh ownCPU500 required
PASS evaluator v6 origin, v3 CPU rejection, phase tampering, exact source/AST inverse
PASS initializer runtime: real restore/direct/canonical RED500 -> phase GREEN; unchanged predicates/origins
PASS witness scan: inverse source/AST, fresh occurrences, ordered owner, bounded/joined workers, negatives
PASS exact runtime/CPU/batch/historical source and historical test inverses
PASS executed producer-shaped full mechanics receipt: first17/steps/missing/tamper negatives
PASS real original terminal AST: connected/gradient/control seams and binding/log/cgroup falsifiers
PASS source-only connected MLP contracts/falsifiers; native UNRUN
PASS connected evaluator source-only affected suite
PINNED_INTERPRETER_SOURCE_ONLY_PASS
	Command being timed: "/usr/bin/prlimit --as=1073741824 /home/riomus/.local/share/uv/python/cpython-3.13.9-linux-aarch64-gnu/bin/python3.13 -B /home/riomus/runs/sfora-connected-py313-assurance-v2/run.py"
	User time (seconds): 12.60
	System time (seconds): 0.25
	Percent of CPU this job got: 94%
	Elapsed (wall clock) time (h:mm:ss or m:ss): 0:13.60
	Average shared text size (kbytes): 0
	Average unshared data size (kbytes): 0
	Average stack size (kbytes): 0
	Average total size (kbytes): 0
	Maximum resident set size (kbytes): 134260
	Average resident set size (kbytes): 0
	Major (requiring I/O) page faults: 0
	Minor (reclaiming a frame) page faults: 48755
	Voluntary context switches: 5401
	Involuntary context switches: 174
	Swaps: 0
	File system inputs: 205712
	File system outputs: 7720
	Socket messages sent: 0
	Socket messages received: 0
	Signals delivered: 0
	Page size (bytes): 4096
	Exit status: 0
STOP_CGROUP {"exit_code": "exited", "exit_status": "0", "invocation_id": "5317310755d44363bdd6705ab141529c", "path": "/sys/fs/cgroup/user.slice/user-1000.slice/user@1000.service/app.slice/sfora-connected-py313-assurance-v2.service", "service_result": "success", "values": {"memory.current": "10321920", "memory.events": "low 0\nhigh 0\nmax 0\noom 0\noom_kill 0\noom_group_kill 0", "memory.max": "1073741824", "memory.peak": "130703360", "memory.stat": "anon 5435392\nfile 3391488\nkernel 368640\nkernel_stack 0\npagetables 102400\nsec_pagetables 0\npercpu 1056\nsock 0\nvmalloc 0\nshmem 0\nzswap 0\nzswapped 0\nfile_mapped 0\nfile_dirty 36864\nfile_writeback 0\nswapcached 0\nanon_thp 0\nfile_thp 0\nshmem_thp 0\ninactive_anon 0\nactive_anon 5382144\ninactive_file 3391488\nactive_file 0\nunevictable 0\nslab_reclaimable 197080\nslab_unreclaimable 52832\nslab 249912\nworkingset_refault_anon 0\nworkingset_refault_file 0\nworkingset_activate_anon 0\nworkingset_activate_file 0\nworkingset_restore_anon 0\nworkingset_restore_file 0\nworkingset_nodereclaim 0\npgdemote_kswapd 0\npgdemote_direct 0\npgdemote_khugepaged 0\npgdemote_proactive 0\npgpromote_success 0\npgscan 0\npgsteal 0\npswpin 0\npswpout 0\npgscan_kswapd 0\npgscan_direct 0\npgscan_khugepaged 0\npgscan_proactive 0\npgsteal_kswapd 0\npgsteal_direct 0\npgsteal_khugepaged 0\npgsteal_proactive 0\npgfault 50445\npgmajfault 0\npgrefill 0\npgactivate 0\npgdeactivate 0\npglazyfree 0\npglazyfreed 0\nswpin_zero 0\nswpout_zero 0\nzswpin 0\nzswpout 0\nzswpwb 0\nthp_fault_alloc 0\nthp_collapse_alloc 0\nthp_swpout 0\nthp_swpout_fallback 0\nnuma_pages_migrated 0\nnuma_pte_updates 0\nnuma_hint_faults 0", "memory.swap.current": "0", "memory.swap.max": "0", "memory.swap.peak": "0"}}
Finished with result: success
Main processes terminated with: code=exited/status=0
Service runtime: 13.648s
CPU time consumed: 12.879s
Memory peak: 124.6M
Memory swap peak: 0B
