test_contract_constants (test_connected_core_errors_torch.AuthorityTests.test_contract_constants) ... ok
test_duplicate_and_nonfinite_json_rejected (test_connected_core_errors_torch.AuthorityTests.test_duplicate_and_nonfinite_json_rejected) ... ok
test_exact_authority_is_admitted_with_current_bytes (test_connected_core_errors_torch.AuthorityTests.test_exact_authority_is_admitted_with_current_bytes) ... ok
test_file_descriptor_rejects_unsafe_files (test_connected_core_errors_torch.AuthorityTests.test_file_descriptor_rejects_unsafe_files) ... ok
test_rejects_shape_policy_and_status (test_connected_core_errors_torch.AuthorityTests.test_rejects_shape_policy_and_status) ... ok
test_rejects_source_roles_names_pins_and_driver (test_connected_core_errors_torch.AuthorityTests.test_rejects_source_roles_names_pins_and_driver) ... ok
test_accepted_score_environment_is_inside_the_cpu_proof (test_connected_core_errors_torch.EvidenceTests.test_accepted_score_environment_is_inside_the_cpu_proof) ... ok
test_original_source_cpu_unit_is_admitted_without_input_rehash (test_connected_core_errors_torch.EvidenceTests.test_original_source_cpu_unit_is_admitted_without_input_rehash) ... ok
test_source_cpu_unit_rejects_descriptor_log_and_cgroup_drift (test_connected_core_errors_torch.EvidenceTests.test_source_cpu_unit_rejects_descriptor_log_and_cgroup_drift) ... ok
test_cleanup_runs_everything_and_keeps_the_first_error (test_connected_core_errors_torch.ExitTests.test_cleanup_runs_everything_and_keeps_the_first_error) ... ok
test_exit_runs_origins_every_guard_sources_and_disposal (test_connected_core_errors_torch.ExitTests.test_exit_runs_origins_every_guard_sources_and_disposal) ... ok
test_exit_state_requires_hidden_cuda_flags_cgroup_and_cap (test_connected_core_errors_torch.ExitTests.test_exit_state_requires_hidden_cuda_flags_cgroup_and_cap) ... ok
test_any_mismatch_or_missing_core_row_stops_before_geometry (test_connected_core_errors_torch.GatingTests.test_any_mismatch_or_missing_core_row_stops_before_geometry) ... ok
test_census_has_no_aggregate_or_raw_rows_and_is_finite_json (test_connected_core_errors_torch.GatingTests.test_census_has_no_aggregate_or_raw_rows_and_is_finite_json) ... ok
test_exact_replay_precedes_geometry_and_uses_original_batches (test_connected_core_errors_torch.GatingTests.test_exact_replay_precedes_geometry_and_uses_original_batches) ... ok
test_reserve_blocks_metric_work_and_width_is_checked (test_connected_core_errors_torch.GatingTests.test_reserve_blocks_metric_work_and_width_is_checked) ... ok
test_genuine_audit_origins_with_proof_as_sole_authority (test_connected_core_errors_torch.HelperTests.test_genuine_audit_origins_with_proof_as_sole_authority) ... ok
test_helpers_load_guard_and_close_without_native_imports (test_connected_core_errors_torch.HelperTests.test_helpers_load_guard_and_close_without_native_imports) ... ok
test_interpreter_must_be_the_original_proof_interpreter (test_connected_core_errors_torch.HelperTests.test_interpreter_must_be_the_original_proof_interpreter) ... ok
test_package_origins_call_shape_and_proof_binding (test_connected_core_errors_torch.HelperTests.test_package_origins_call_shape_and_proof_binding) ... ok
test_admit_authenticates_the_own_source_after_helpers_and_before_native_import (test_connected_core_errors_torch.OwnSourceTests.test_admit_authenticates_the_own_source_after_helpers_and_before_native_import) ... ok
test_guard_and_exit_check_the_own_source_and_never_remove_it (test_connected_core_errors_torch.OwnSourceTests.test_guard_and_exit_check_the_own_source_and_never_remove_it) ... ok
test_live_mutation_file_registry_and_policy_types_are_caught (test_connected_core_errors_torch.OwnSourceTests.test_live_mutation_file_registry_and_policy_types_are_caught) ... ok
test_original_failure_source_and_receipts_are_unchanged (test_connected_core_errors_torch.PreservedOriginalTests.test_original_failure_source_and_receipts_are_unchanged) ... ok
test_cli_rejects_without_output_and_before_any_authority_read (test_connected_core_errors_torch.ProcessTests.test_cli_rejects_without_output_and_before_any_authority_read) ... ok
test_import_and_help_never_touch_native_modules (test_connected_core_errors_torch.ProcessTests.test_import_and_help_never_touch_native_modules) ... ok
test_real_inputs_through_the_authenticated_loader_and_original_evidence (test_connected_core_errors_torch.RealInputTests.test_real_inputs_through_the_authenticated_loader_and_original_evidence) ... ok
test_budget_reserve_and_whole_process_boundaries (test_connected_core_errors_torch.ReplayTests.test_budget_reserve_and_whole_process_boundaries) ... ok
test_capture_keeps_only_core_rows_across_original_batches (test_connected_core_errors_torch.ReplayTests.test_capture_keeps_only_core_rows_across_original_batches) ... ok
test_exact_equality_is_required_everywhere (test_connected_core_errors_torch.ReplayTests.test_exact_equality_is_required_everywhere) ... ok
test_failure_lists_endpoint_query_and_both_values (test_connected_core_errors_torch.ReplayTests.test_failure_lists_endpoint_query_and_both_values) ... ok
test_geometry_rejects_disagreement_and_malformed_rows (test_connected_core_errors_torch.ReplayTests.test_geometry_rejects_disagreement_and_malformed_rows) ... ok
test_geometry_uses_stable_full_gallery_order_and_ties (test_connected_core_errors_torch.ReplayTests.test_geometry_uses_stable_full_gallery_order_and_ties) ... ok
test_adapted_scorer_resolves_only_torch_and_the_capture_hook (test_connected_core_errors_torch.ScorerTests.test_adapted_scorer_resolves_only_torch_and_the_capture_hook) ... ok
test_adapter_is_the_exact_inverse_and_only_touches_four_things (test_connected_core_errors_torch.ScorerTests.test_adapter_is_the_exact_inverse_and_only_touches_four_things) ... ok
test_any_computational_change_to_the_original_is_rejected (test_connected_core_errors_torch.ScorerTests.test_any_computational_change_to_the_original_is_rejected) ... ok
test_compile_scorer_defines_the_adapted_function_signature (test_connected_core_errors_torch.ScorerTests.test_compile_scorer_defines_the_adapted_function_signature) ... ok
test_in_place_adapter_declaration_mutation_is_rejected_before_execution (test_connected_core_errors_torch.ScorerTests.test_in_place_adapter_declaration_mutation_is_rejected_before_execution) ... ok
test_packed_input_keeps_original_dtypes_and_rejects_drift (test_connected_core_errors_torch.ScorerTests.test_packed_input_keeps_original_dtypes_and_rejects_drift) ... ok
test_pinned_scorer_bytes_and_function_ast (test_connected_core_errors_torch.ScorerTests.test_pinned_scorer_bytes_and_function_ast) ... ok
test_tampered_adaptation_is_not_the_inverse (test_connected_core_errors_torch.ScorerTests.test_tampered_adaptation_is_not_the_inverse) ... ok

----------------------------------------------------------------------
Ran 41 tests in 4.239s

OK
maxrss_kib=98324
