test_bundle_owned_files_and_forbidden_dependencies (test_siglip2_compact_ranking.ContractTests.test_bundle_owned_files_and_forbidden_dependencies) ... ok
test_complete_unit_and_resource_policy (test_siglip2_compact_ranking.ContractTests.test_complete_unit_and_resource_policy) ... ok
test_completion_timing_preserves_checks (test_siglip2_compact_ranking.ContractTests.test_completion_timing_preserves_checks) ... ok
test_current_file_bytes_symlink_fifo_and_restored_mtime (test_siglip2_compact_ranking.ContractTests.test_current_file_bytes_symlink_fifo_and_restored_mtime) ... ok
test_fixed_launch_and_seed_prerequisites (test_siglip2_compact_ranking.ContractTests.test_fixed_launch_and_seed_prerequisites) ... ok
test_global_both_view_denominators (test_siglip2_compact_ranking.ContractTests.test_global_both_view_denominators) ... ok
test_no_native_import_help_and_optimized_rejection (test_siglip2_compact_ranking.ContractTests.test_no_native_import_help_and_optimized_rejection) ... ok
test_original_miner_ties_singletons_and_nonfinite (test_siglip2_compact_ranking.ContractTests.test_original_miner_ties_singletons_and_nonfinite) ... ok
test_strict_json_and_exact_two_file_closure (test_siglip2_compact_ranking.ContractTests.test_strict_json_and_exact_two_file_closure) ... ok
test_terminal_rejects_partial_false_and_nonfinite_cpu_proof (test_siglip2_compact_ranking.ContractTests.test_terminal_rejects_partial_false_and_nonfinite_cpu_proof) ... ok
test_updated_A_current_bytes_binding (test_siglip2_compact_ranking.ContractTests.test_updated_A_current_bytes_binding) ... ok
test_active_objective_authentication_reads_source_only_and_rejects_substitution (test_siglip2_compact_ranking.CurrentGalleryTests.test_active_objective_authentication_reads_source_only_and_rejects_substitution) ... ok
test_candidate_rebuilds_gallery_from_current_same_A (test_siglip2_compact_ranking.CurrentGalleryTests.test_candidate_rebuilds_gallery_from_current_same_A) ... ok
test_precise_prospective_inverse_preserves_historical_source_and_test_guards (test_siglip2_compact_ranking.CurrentGalleryTests.test_precise_prospective_inverse_preserves_historical_source_and_test_guards) ... ok
test_real_loss_tied_gradient_and_detached_mutant (test_siglip2_compact_ranking.CurrentGalleryTests.test_real_loss_tied_gradient_and_detached_mutant) ... ok
test_exact_two_sites_original_bytes_and_predicate_correspondence (test_siglip2_compact_ranking.FreshFileBatchTests.test_exact_two_sites_original_bytes_and_predicate_correspondence) ... ok
test_four_workers_join_failure_no_publication_and_owner_order (test_siglip2_compact_ranking.FreshFileBatchTests.test_four_workers_join_failure_no_publication_and_owner_order) ... ok
test_fresh_same_size_restored_mtime_and_consumed_page_advice (test_siglip2_compact_ranking.FreshFileBatchTests.test_fresh_same_size_restored_mtime_and_consumed_page_advice) ... ok
test_serial_inventory_paths_errors_and_every_duplicate_read (test_siglip2_compact_ranking.FreshFileBatchTests.test_serial_inventory_paths_errors_and_every_duplicate_read) ... ok
test_current_bytes_tamper_and_collector_failures_propagate (test_siglip2_compact_ranking.FreshOriginAuditTests.test_current_bytes_tamper_and_collector_failures_propagate) ... ok
test_exit_adapter_releases_private_reader_cycles_on_rejection (test_siglip2_compact_ranking.FreshOriginAuditTests.test_exit_adapter_releases_private_reader_cycles_on_rejection) ... ok
test_fresh_original_reader_and_one_genuine_origin_hash_per_boundary (test_siglip2_compact_ranking.FreshOriginAuditTests.test_fresh_original_reader_and_one_genuine_origin_hash_per_boundary) ... ok
test_nested_exit_reader_composition_and_fail_closed_mutations (test_siglip2_compact_ranking.FreshOriginAuditTests.test_nested_exit_reader_composition_and_fail_closed_mutations) ... ok
test_post_run_promotion_reuses_only_its_fresh_origin_reader (test_siglip2_compact_ranking.FreshOriginAuditTests.test_post_run_promotion_reuses_only_its_fresh_origin_reader) ... ok
test_private_audit_predicates_and_guard_correspondence (test_siglip2_compact_ranking.FreshOriginAuditTests.test_private_audit_predicates_and_guard_correspondence) ... ok
test_both_arm_receipts_zero_and_target_difference_are_authenticated (test_siglip2_compact_ranking.ImageAnchorTests.test_both_arm_receipts_zero_and_target_difference_are_authenticated) ... ok
test_both_original_views_regress_to_canonical_image_with_common_e0 (test_siglip2_compact_ranking.ImageAnchorTests.test_both_original_views_regress_to_canonical_image_with_common_e0) ... ok
test_discarded_anchor_connected_identity_rejects_detached_and_wrong_target (test_siglip2_compact_ranking.ImageAnchorTests.test_discarded_anchor_connected_identity_rejects_detached_and_wrong_target) ... ok
test_exact_objective_boundary_rejects_witness_and_retained_node_mutations (test_siglip2_compact_ranking.ImageAnchorTests.test_exact_objective_boundary_rejects_witness_and_retained_node_mutations) ... ok
test_historical_admission_keeps_original_role_and_rejects_pin_substitution (test_siglip2_compact_ranking.ImageAnchorTests.test_historical_admission_keeps_original_role_and_rejects_pin_substitution) ... ok
test_historical_pin_matches_committed_training_evidence (test_siglip2_compact_ranking.ImageAnchorTests.test_historical_pin_matches_committed_training_evidence) ... skipped 'portable exact2 has no repository evidence; frozen pins remain source-bound'
test_native_identity_binding_rejects_every_field_and_json_type_substitution (test_siglip2_compact_ranking.ImageAnchorTests.test_native_identity_binding_rejects_every_field_and_json_type_substitution) ... ok
test_native_identity_json_binding_passes_unchanged_strict_payload (test_siglip2_compact_ranking.ImageAnchorTests.test_native_identity_json_binding_passes_unchanged_strict_payload) ... ok
test_native_identity_projection_cannot_replace_complete_typed_checkpoint_pin (test_siglip2_compact_ranking.ImageAnchorTests.test_native_identity_projection_cannot_replace_complete_typed_checkpoint_pin) ... ok
test_previous_stdlib_cases_preserved_by_exact_required_inverses (test_siglip2_compact_ranking.ImageAnchorTests.test_previous_stdlib_cases_preserved_by_exact_required_inverses) ... ok
test_prospective_schemas_and_both_arm_ranking (test_siglip2_compact_ranking.ImageAnchorTests.test_prospective_schemas_and_both_arm_ranking) ... ok
test_zero_regression_keeps_ranking_and_actual_update_predicates (test_siglip2_compact_ranking.ImageAnchorTests.test_zero_regression_keeps_ranking_and_actual_update_predicates) ... ok
test_complete_membership_rejects_nearest_only_self_and_dropped_guards (test_siglip2_compact_ranking.SmoothAPTests.test_complete_membership_rejects_nearest_only_self_and_dropped_guards) ... ok
test_cpu_witness_requires_positive_nonnearest_loss_and_total_difference (test_siglip2_compact_ranking.SmoothAPTests.test_cpu_witness_requires_positive_nonnearest_loss_and_total_difference) ... ok
test_nonnearest_positive_terms_have_distinct_nonzero_derivatives (test_siglip2_compact_ranking.SmoothAPTests.test_nonnearest_positive_terms_have_distinct_nonzero_derivatives) ... ok
test_old_hinge_payload_rejected_before_native_state_access (test_siglip2_compact_ranking.SmoothAPTests.test_old_hinge_payload_rejected_before_native_state_access) ... ok
test_original_image_masks_complete_positives_and_bank_digest (test_siglip2_compact_ranking.SmoothAPTests.test_original_image_masks_complete_positives_and_bank_digest) ... ok
test_rejects_hinge_authority_and_boolean_numeric_recipe (test_siglip2_compact_ranking.SmoothAPTests.test_rejects_hinge_authority_and_boolean_numeric_recipe) ... ok
test_sigmoid_rank_algebra_self_positive_exclusion_and_ties (test_siglip2_compact_ranking.SmoothAPTests.test_sigmoid_rank_algebra_self_positive_exclusion_and_ties) ... ok
test_source_inverse_retains_regression_optimizer_payload_inference_and_exit (test_siglip2_compact_ranking.SmoothAPTests.test_source_inverse_retains_regression_optimizer_payload_inference_and_exit) ... ok

----------------------------------------------------------------------
Ran 45 tests in 50.498s

OK (skipped=1)
