Running as unit: sfora-connected-py313-assurance-v1.service; invocation ID: 8fc6c7cb625d4e05b5f1c5fd6c447cc2
/home/riomus/.local/share/uv/python/cpython-3.13.9-linux-aarch64-gnu/bin/python3.13: can't open file '/home/riomus/run.py': [Errno 2] No such file or directory
Command exited with non-zero status 2
	Command being timed: "/usr/bin/prlimit --as=1073741824 /home/riomus/.local/share/uv/python/cpython-3.13.9-linux-aarch64-gnu/bin/python3.13 -B run.py"
	User time (seconds): 0.00
	System time (seconds): 0.00
	Percent of CPU this job got: 75%
	Elapsed (wall clock) time (h:mm:ss or m:ss): 0:00.00
	Average shared text size (kbytes): 0
	Average unshared data size (kbytes): 0
	Average stack size (kbytes): 0
	Average total size (kbytes): 0
	Maximum resident set size (kbytes): 12516
	Average resident set size (kbytes): 0
	Major (requiring I/O) page faults: 2
	Minor (reclaiming a frame) page faults: 1196
	Voluntary context switches: 7
	Involuntary context switches: 0
	Swaps: 0
	File system inputs: 408
	File system outputs: 0
	Socket messages sent: 0
	Socket messages received: 0
	Signals delivered: 0
	Page size (bytes): 4096
	Exit status: 2
STOP_CGROUP {"exit_code": "exited", "exit_status": "2", "invocation_id": "8fc6c7cb625d4e05b5f1c5fd6c447cc2", "path": "/sys/fs/cgroup/user.slice/user-1000.slice/user@1000.service/app.slice/sfora-connected-py313-assurance-v1.service", "service_result": "exit-code", "values": {"memory.current": "6586368", "memory.events": "low 0\nhigh 0\nmax 0\noom 0\noom_kill 0\noom_group_kill 0", "memory.max": "1073741824", "memory.peak": "6586368", "memory.stat": "anon 5431296\nfile 262144\nkernel 176128\nkernel_stack 0\npagetables 90112\nsec_pagetables 0\npercpu 704\nsock 0\nvmalloc 0\nshmem 0\nzswap 0\nzswapped 0\nfile_mapped 0\nfile_dirty 0\nfile_writeback 0\nswapcached 0\nanon_thp 0\nfile_thp 0\nshmem_thp 0\ninactive_anon 0\nactive_anon 5324800\ninactive_file 32768\nactive_file 225280\nunevictable 0\nslab_reclaimable 21048\nslab_unreclaimable 54320\nslab 75368\nworkingset_refault_anon 0\nworkingset_refault_file 0\nworkingset_activate_anon 0\nworkingset_activate_file 0\nworkingset_restore_anon 0\nworkingset_restore_file 0\nworkingset_nodereclaim 0\npgdemote_kswapd 0\npgdemote_direct 0\npgdemote_khugepaged 0\npgdemote_proactive 0\npgpromote_success 0\npgscan 0\npgsteal 0\npswpin 0\npswpout 0\npgscan_kswapd 0\npgscan_direct 0\npgscan_khugepaged 0\npgscan_proactive 0\npgsteal_kswapd 0\npgsteal_direct 0\npgsteal_khugepaged 0\npgsteal_proactive 0\npgfault 3314\npgmajfault 3\npgrefill 0\npgactivate 0\npgdeactivate 0\npglazyfree 0\npglazyfreed 0\nswpin_zero 0\nswpout_zero 0\nzswpin 0\nzswpout 0\nzswpwb 0\nthp_fault_alloc 0\nthp_collapse_alloc 0\nthp_swpout 0\nthp_swpout_fallback 0\nnuma_pages_migrated 0\nnuma_pte_updates 0\nnuma_hint_faults 0", "memory.swap.current": "0", "memory.swap.max": "0", "memory.swap.peak": "0"}}
Finished with result: exit-code
Main processes terminated with: code=exited/status=2
Service runtime: 27ms
CPU time consumed: 25ms
Memory peak: 5.2M
Memory swap peak: 0B
