test_actual_trainer_exact2_descriptor_and_public_apis (test_identity_diversity_evaluation.DiversityTests.test_actual_trainer_exact2_descriptor_and_public_apis) ... ok
test_launch_file_unit_scope_cache_and_prerequisite_mutants (test_identity_diversity_evaluation.DiversityTests.test_launch_file_unit_scope_cache_and_prerequisite_mutants) ... ok
test_complete_source_delta_and_unchanged_native_math_quality_seams (test_identity_diversity_evaluation.DiversityTests.test_complete_source_delta_and_unchanged_native_math_quality_seams) ... ok

----------------------------------------------------------------------
Ran 3 tests in 0.179s

OK
	Command being timed: "timeout 120 python3 -B -m unittest test_identity_diversity_evaluation.DiversityTests.test_actual_trainer_exact2_descriptor_and_public_apis test_identity_diversity_evaluation.DiversityTests.test_launch_file_unit_scope_cache_and_prerequisite_mutants test_identity_diversity_evaluation.DiversityTests.test_complete_source_delta_and_unchanged_native_math_quality_seams -v"
	User time (seconds): 0.41
	System time (seconds): 0.04
	Percent of CPU this job got: 91%
	Elapsed (wall clock) time (h:mm:ss or m:ss): 0:00.50
	Average shared text size (kbytes): 0
	Average unshared data size (kbytes): 0
	Average stack size (kbytes): 0
	Average total size (kbytes): 0
	Maximum resident set size (kbytes): 63908
	Average resident set size (kbytes): 0
	Major (requiring I/O) page faults: 0
	Minor (reclaiming a frame) page faults: 16218
	Voluntary context switches: 11
	Involuntary context switches: 63
	Swaps: 0
	File system inputs: 56
	File system outputs: 0
	Socket messages sent: 0
	Socket messages received: 0
	Signals delivered: 0
	Page size (bytes): 4096
	Exit status: 0
