/home/riomus/runs/sfora-connected-probe-installed-control-serving-source-v5/command.sh: OK
Running as unit: sfora-connected-probe-installed-control-serving-diagnostic-v5.service; invocation ID: b044dd93611947d2884db26bb5fc12a8
/home/riomus/.local/share/uv/python/cpython-3.13.9-linux-aarch64-gnu/bin/python3.13: OK
/home/riomus/runs/sfora-connected-control-serving-native-authority-v5/native-authority.json: OK
/home/riomus/runs/sfora-connected-probe-evaluation-source-v1/authority-export-control-179061-v1.json: OK
/home/riomus/runs/sfora-connected-probe-installed-control-serving-source-v5/authority.json: OK
/home/riomus/runs/sfora-connected-probe-installed-control-serving-source-v5/connected_control_native_authority.py: OK
/home/riomus/runs/sfora-connected-probe-installed-control-serving-source-v5/observe_connected_serving.py: OK
/home/riomus/runs/sfora-connected-probe-installed-control-serving-source-v5/qualify_connected_probe_serving.py: OK
/home/riomus/runs/sfora-connected-probe-installed-control-serving-source-v5/qualify_connected_serving_requests.py: OK
/home/riomus/runs/sfora-connected-probe-installed-control-serving-source-v5/test_connected_probe_serving.py: OK
/home/riomus/runs/sfora-connected-probe-installed-control-serving-source-v5/test_connected_serving_requests.py: OK
/home/riomus/runs/sfora-connected-probe-installed-control-serving-source-v5/test_observe_connected_serving.py: OK
/home/riomus/runs/sfora-connected-probe-installed-serving-wheel-v1/site-packages/sfora-0.3.0rc4.dist-info/INSTALLER: OK
/home/riomus/runs/sfora-connected-probe-installed-serving-wheel-v1/site-packages/sfora-0.3.0rc4.dist-info/METADATA: OK
/home/riomus/runs/sfora-connected-probe-installed-serving-wheel-v1/site-packages/sfora-0.3.0rc4.dist-info/RECORD: OK
/home/riomus/runs/sfora-connected-probe-installed-serving-wheel-v1/site-packages/sfora-0.3.0rc4.dist-info/REQUESTED: OK
/home/riomus/runs/sfora-connected-probe-installed-serving-wheel-v1/site-packages/sfora-0.3.0rc4.dist-info/WHEEL: OK
/home/riomus/runs/sfora-connected-probe-installed-serving-wheel-v1/site-packages/sfora-0.3.0rc4.dist-info/direct_url.json: OK
/home/riomus/runs/sfora-connected-probe-installed-serving-wheel-v1/site-packages/sfora-0.3.0rc4.dist-info/entry_points.txt: OK
/home/riomus/runs/sfora-connected-probe-installed-serving-wheel-v1/site-packages/sfora-0.3.0rc4.dist-info/uv_cache.json: OK
/home/riomus/runs/sfora-connected-probe-installed-serving-wheel-v1/site-packages/sfora/__init__.py: OK
/home/riomus/runs/sfora-connected-probe-installed-serving-wheel-v1/site-packages/sfora/_connected_inference_authority.py: OK
/home/riomus/runs/sfora-connected-probe-installed-serving-wheel-v1/site-packages/sfora/_connected_probe_inference_authority.py: OK
/home/riomus/runs/sfora-connected-probe-installed-serving-wheel-v1/site-packages/sfora/_native/factorized_residual_ann.c: OK
/home/riomus/runs/sfora-connected-probe-installed-serving-wheel-v1/site-packages/sfora/ablation.py: OK
/home/riomus/runs/sfora-connected-probe-installed-serving-wheel-v1/site-packages/sfora/additive_quantization.py: OK
/home/riomus/runs/sfora-connected-probe-installed-serving-wheel-v1/site-packages/sfora/amortized_local_scale.py: OK
/home/riomus/runs/sfora-connected-probe-installed-serving-wheel-v1/site-packages/sfora/api.py: OK
/home/riomus/runs/sfora-connected-probe-installed-serving-wheel-v1/site-packages/sfora/arcg.py: OK
/home/riomus/runs/sfora-connected-probe-installed-serving-wheel-v1/site-packages/sfora/asymmetric_cohort_residual.py: OK
/home/riomus/runs/sfora-connected-probe-installed-serving-wheel-v1/site-packages/sfora/atomic_publication.py: OK
/home/riomus/runs/sfora-connected-probe-installed-serving-wheel-v1/site-packages/sfora/benchmark.py: OK
/home/riomus/runs/sfora-connected-probe-installed-serving-wheel-v1/site-packages/sfora/bn_inception.py: OK
/home/riomus/runs/sfora-connected-probe-installed-serving-wheel-v1/site-packages/sfora/cadr.py: OK
/home/riomus/runs/sfora-connected-probe-installed-serving-wheel-v1/site-packages/sfora/calibrated_tail_moment.py: OK
/home/riomus/runs/sfora-connected-probe-installed-serving-wheel-v1/site-packages/sfora/calibrated_tail_moment_io.py: OK
/home/riomus/runs/sfora-connected-probe-installed-serving-wheel-v1/site-packages/sfora/catalog.py: OK
/home/riomus/runs/sfora-connected-probe-installed-serving-wheel-v1/site-packages/sfora/cea.py: OK
/home/riomus/runs/sfora-connected-probe-installed-serving-wheel-v1/site-packages/sfora/cem.py: OK
/home/riomus/runs/sfora-connected-probe-installed-serving-wheel-v1/site-packages/sfora/cli.py: OK
/home/riomus/runs/sfora-connected-probe-installed-serving-wheel-v1/site-packages/sfora/compact_metric.py: OK
/home/riomus/runs/sfora-connected-probe-installed-serving-wheel-v1/site-packages/sfora/compose.py: OK
/home/riomus/runs/sfora-connected-probe-installed-serving-wheel-v1/site-packages/sfora/connected_compact_serving.py: OK
/home/riomus/runs/sfora-connected-probe-installed-serving-wheel-v1/site-packages/sfora/connected_inference.py: OK
/home/riomus/runs/sfora-connected-probe-installed-serving-wheel-v1/site-packages/sfora/connected_probe_inference.py: OK
/home/riomus/runs/sfora-connected-probe-installed-serving-wheel-v1/site-packages/sfora/cuda_authority.py: OK
/home/riomus/runs/sfora-connected-probe-installed-serving-wheel-v1/site-packages/sfora/cutile_int8.py: OK
/home/riomus/runs/sfora-connected-probe-installed-serving-wheel-v1/site-packages/sfora/dada_reproduction.py: OK
/home/riomus/runs/sfora-connected-probe-installed-serving-wheel-v1/site-packages/sfora/data.py: OK
/home/riomus/runs/sfora-connected-probe-installed-serving-wheel-v1/site-packages/sfora/deployed_code_rank.py: OK
/home/riomus/runs/sfora-connected-probe-installed-serving-wheel-v1/site-packages/sfora/deterministic_similarity_runtime.py: OK
/home/riomus/runs/sfora-connected-probe-installed-serving-wheel-v1/site-packages/sfora/encoder_ablation.py: OK
/home/riomus/runs/sfora-connected-probe-installed-serving-wheel-v1/site-packages/sfora/encoder_training.py: OK
/home/riomus/runs/sfora-connected-probe-installed-serving-wheel-v1/site-packages/sfora/evaluation.py: OK
/home/riomus/runs/sfora-connected-probe-installed-serving-wheel-v1/site-packages/sfora/experiments.py: OK
/home/riomus/runs/sfora-connected-probe-installed-serving-wheel-v1/site-packages/sfora/factorized_residual_ann.py: OK
/home/riomus/runs/sfora-connected-probe-installed-serving-wheel-v1/site-packages/sfora/factorized_residual_index.py: OK
/home/riomus/runs/sfora-connected-probe-installed-serving-wheel-v1/site-packages/sfora/factorized_residual_native.py: OK
/home/riomus/runs/sfora-connected-probe-installed-serving-wheel-v1/site-packages/sfora/foldable_linear.py: OK
/home/riomus/runs/sfora-connected-probe-installed-serving-wheel-v1/site-packages/sfora/foundation_adapter.py: OK
/home/riomus/runs/sfora-connected-probe-installed-serving-wheel-v1/site-packages/sfora/foundation_finetune.py: OK
/home/riomus/runs/sfora-connected-probe-installed-serving-wheel-v1/site-packages/sfora/foundation_oml.py: OK
/home/riomus/runs/sfora-connected-probe-installed-serving-wheel-v1/site-packages/sfora/foundation_pareto.py: OK
/home/riomus/runs/sfora-connected-probe-installed-serving-wheel-v1/site-packages/sfora/frozen_text_supervision.py: OK
/home/riomus/runs/sfora-connected-probe-installed-serving-wheel-v1/site-packages/sfora/gallery_hubness.py: OK
/home/riomus/runs/sfora-connected-probe-installed-serving-wheel-v1/site-packages/sfora/gallery_risk.py: OK
/home/riomus/runs/sfora-connected-probe-installed-serving-wheel-v1/site-packages/sfora/idgp.py: OK
/home/riomus/runs/sfora-connected-probe-installed-serving-wheel-v1/site-packages/sfora/image_benchmark.py: OK
/home/riomus/runs/sfora-connected-probe-installed-serving-wheel-v1/site-packages/sfora/image_end_to_end.py: OK
/home/riomus/runs/sfora-connected-probe-installed-serving-wheel-v1/site-packages/sfora/image_recipes.py: OK
/home/riomus/runs/sfora-connected-probe-installed-serving-wheel-v1/site-packages/sfora/inference_head.py: OK
/home/riomus/runs/sfora-connected-probe-installed-serving-wheel-v1/site-packages/sfora/ipsr.py: OK
/home/riomus/runs/sfora-connected-probe-installed-serving-wheel-v1/site-packages/sfora/joint_pq_projection.py: OK
/home/riomus/runs/sfora-connected-probe-installed-serving-wheel-v1/site-packages/sfora/joint_relational_compaction.py: OK
/home/riomus/runs/sfora-connected-probe-installed-serving-wheel-v1/site-packages/sfora/live_head_bank.py: OK
/home/riomus/runs/sfora-connected-probe-installed-serving-wheel-v1/site-packages/sfora/lops_pg.py: OK
/home/riomus/runs/sfora-connected-probe-installed-serving-wheel-v1/site-packages/sfora/lorentz_rider.py: OK
/home/riomus/runs/sfora-connected-probe-installed-serving-wheel-v1/site-packages/sfora/lorentz_rider_io.py: OK
/home/riomus/runs/sfora-connected-probe-installed-serving-wheel-v1/site-packages/sfora/losses.py: OK
/home/riomus/runs/sfora-connected-probe-installed-serving-wheel-v1/site-packages/sfora/mcps_study.py: OK
/home/riomus/runs/sfora-connected-probe-installed-serving-wheel-v1/site-packages/sfora/method.py: OK
/home/riomus/runs/sfora-connected-probe-installed-serving-wheel-v1/site-packages/sfora/model_artifacts/oml_vits16_sop_power_whitening_128.sfora: OK
/home/riomus/runs/sfora-connected-probe-installed-serving-wheel-v1/site-packages/sfora/model_profiles.py: OK
/home/riomus/runs/sfora-connected-probe-installed-serving-wheel-v1/site-packages/sfora/model_soup.py: OK
/home/riomus/runs/sfora-connected-probe-installed-serving-wheel-v1/site-packages/sfora/nested_neighborhood_rank.py: OK
/home/riomus/runs/sfora-connected-probe-installed-serving-wheel-v1/site-packages/sfora/nested_rank_evaluation.py: OK
/home/riomus/runs/sfora-connected-probe-installed-serving-wheel-v1/site-packages/sfora/nested_rank_protocol.py: OK
/home/riomus/runs/sfora-connected-probe-installed-serving-wheel-v1/site-packages/sfora/oapf.py: OK
/home/riomus/runs/sfora-connected-probe-installed-serving-wheel-v1/site-packages/sfora/packed_int4.py: OK
/home/riomus/runs/sfora-connected-probe-installed-serving-wheel-v1/site-packages/sfora/packed_int8.py: OK
/home/riomus/runs/sfora-connected-probe-installed-serving-wheel-v1/site-packages/sfora/packed_int8_search.py: OK
/home/riomus/runs/sfora-connected-probe-installed-serving-wheel-v1/site-packages/sfora/pq_candidate_reranking.py: OK
/home/riomus/runs/sfora-connected-probe-installed-serving-wheel-v1/site-packages/sfora/pq_candidate_scoring.py: OK
/home/riomus/runs/sfora-connected-probe-installed-serving-wheel-v1/site-packages/sfora/pq_lookup_distillation.py: OK
/home/riomus/runs/sfora-connected-probe-installed-serving-wheel-v1/site-packages/sfora/product_pair_schedule.py: OK
/home/riomus/runs/sfora-connected-probe-installed-serving-wheel-v1/site-packages/sfora/product_quantization.py: OK
/home/riomus/runs/sfora-connected-probe-installed-serving-wheel-v1/site-packages/sfora/progressive_residual_quantization.py: OK
/home/riomus/runs/sfora-connected-probe-installed-serving-wheel-v1/site-packages/sfora/progressive_residual_scoring.py: OK
/home/riomus/runs/sfora-connected-probe-installed-serving-wheel-v1/site-packages/sfora/publication.py: OK
/home/riomus/runs/sfora-connected-probe-installed-serving-wheel-v1/site-packages/sfora/py.typed: OK
/home/riomus/runs/sfora-connected-probe-installed-serving-wheel-v1/site-packages/sfora/rate_matched_product_quantization.py: OK
/home/riomus/runs/sfora-connected-probe-installed-serving-wheel-v1/site-packages/sfora/reciprocal_reranking.py: OK
/home/riomus/runs/sfora-connected-probe-installed-serving-wheel-v1/site-packages/sfora/remote.py: OK
/home/riomus/runs/sfora-connected-probe-installed-serving-wheel-v1/site-packages/sfora/report.py: OK
/home/riomus/runs/sfora-connected-probe-installed-serving-wheel-v1/site-packages/sfora/representation_ceiling.py: OK
/home/riomus/runs/sfora-connected-probe-installed-serving-wheel-v1/site-packages/sfora/residual_quantization.py: OK
/home/riomus/runs/sfora-connected-probe-installed-serving-wheel-v1/site-packages/sfora/siglip2_compact_serving.py: OK
/home/riomus/runs/sfora-connected-probe-installed-serving-wheel-v1/site-packages/sfora/sop_compact_training.py: OK
/home/riomus/runs/sfora-connected-probe-installed-serving-wheel-v1/site-packages/sfora/sop_evaluation.py: OK
/home/riomus/runs/sfora-connected-probe-installed-serving-wheel-v1/site-packages/sfora/sop_reference_recipe.py: OK
/home/riomus/runs/sfora-connected-probe-installed-serving-wheel-v1/site-packages/sfora/sop_reference_selection.py: OK
/home/riomus/runs/sfora-connected-probe-installed-serving-wheel-v1/site-packages/sfora/teacher_anchored_distillation.py: OK
/home/riomus/runs/sfora-connected-probe-installed-serving-wheel-v1/site-packages/sfora/teacher_anchored_schedule_io.py: OK
/home/riomus/runs/sfora-connected-probe-installed-serving-wheel-v1/site-packages/sfora/text_baselines.py: OK
/home/riomus/runs/sfora-connected-probe-installed-serving-wheel-v1/site-packages/sfora/token_slot_readout.py: OK
/home/riomus/runs/sfora-connected-probe-installed-serving-wheel-v1/site-packages/sfora/training.py: OK
/home/riomus/runs/sfora-connected-probe-installed-serving-wheel-v1/site-packages/sfora/unicom_audit_io.py: OK
/home/riomus/runs/sfora-connected-probe-installed-serving-wheel-v1/site-packages/sfora/unicom_cap.py: OK
/home/riomus/runs/sfora-connected-probe-installed-serving-wheel-v1/site-packages/sfora/unicom_fepf.py: OK
/home/riomus/runs/sfora-connected-probe-installed-serving-wheel-v1/site-packages/sfora/unicom_finish_evidence.py: OK
/home/riomus/runs/sfora-connected-probe-installed-serving-wheel-v1/site-packages/sfora/unicom_finish_protocol.py: OK
/home/riomus/runs/sfora-connected-probe-installed-serving-wheel-v1/site-packages/sfora/unicom_inshop.py: OK
/home/riomus/runs/sfora-connected-probe-installed-serving-wheel-v1/site-packages/sfora/unicom_probe.py: OK
/home/riomus/runs/sfora-connected-probe-installed-serving-wheel-v1/site-packages/sfora/unicom_proxy_muon.py: OK
/home/riomus/runs/sfora-connected-probe-installed-serving-wheel-v1/site-packages/sfora/unicom_rank_finish.py: OK
/home/riomus/runs/sfora-connected-probe-installed-serving-wheel-v1/site-packages/sfora/unicom_resolution_adapter.py: OK
/home/riomus/runs/sfora-connected-probe-installed-serving-wheel-v1/site-packages/sfora/unicom_retrieval_audit.py: OK
/home/riomus/runs/sfora-connected-probe-installed-serving-wheel-v1/site-packages/sfora/unicom_runtime_authority.py: OK
/home/riomus/runs/sfora-connected-probe-installed-serving-wheel-v1/site-packages/sfora/unicom_shard_audit.py: OK
/home/riomus/runs/sfora-connected-probe-installed-serving-wheel-v1/site-packages/sfora/unicom_tail_adapter.py: OK
/home/riomus/runs/sfora-connected-probe-installed-serving-wheel-v1/site-packages/sfora/unicom_training.py: OK
/home/riomus/runs/sfora-connected-probe-installed-serving-wheel-v1/site-packages/sfora/vector_store.py: OK
/home/riomus/runs/sfora-native256-initialized-cpu-final-footer-v1.py: OK
/home/riomus/runs/sfora-native256-stop-cgroup-footer-v1.py: OK
/home/riomus/toolchains/cuda-13.4-wheel-env/lib/python3.12/site-packages/nvidia/cu13/bin/tileiras: OK
tileiras: NVIDIA (R) Cuda Tile IR optimizing assembler
Copyright (c) 2005-2026 NVIDIA Corporation
Built on Tue_Sep__1_09:45:49_PDT_2026
Cuda compilation tools, release 13.4, V13.4.92
Build local.local.38855100_
{"event": "COMPACT_PHASE", "phase": "shared_source_preparation", "boundary": "begin", "seconds": 243.17558598000323}
{"event": "COMPACT_PHASE", "phase": "shared_source_preparation", "boundary": "end", "delta_seconds": 21.90580164801213, "seconds": 265.081389916013}
{"event": "COMPACT_PHASE", "phase": "cache_target_preparation", "boundary": "begin", "seconds": 265.081433948013}
{"event": "COMPACT_PHASE", "phase": "cache_target_preparation", "boundary": "end", "delta_seconds": 2.3242244890134316, "seconds": 267.4056616529997}
{"event": "INITIAL_NATIVE_ORIGIN_DIAGNOSTICS_V1", "expected": {"/home/riomus/group-learning/.venv/lib/python3.13/site-packages/nvidia/cudnn/lib/libcudnn_engines_precompiled.so.9": "3b765736f63d724a0de67b7ce915b0d0a780154fe4a2d515ab14040224aa7db4", "/home/riomus/group-learning/.venv/lib/python3.13/site-packages/nvidia/cudnn/lib/libcudnn_engines_runtime_compiled.so.9": "7b8f371a7718c29549317efdbdeb8d7c301874f9471762a04830846ac4e83510", "/home/riomus/group-learning/.venv/lib/python3.13/site-packages/nvidia/cudnn/lib/libcudnn_graph.so.9": "b601fddd333d84ced4a3d833e75bb412c204e39b21755d79cb890335dce660b8", "/home/riomus/group-learning/.venv/lib/python3.13/site-packages/nvidia/cudnn/lib/libcudnn_heuristic.so.9": "368687b9b5c2c01b55c21f74bd930cb05d3654b4e901e998b7bfb33cebac6ae8"}, "observed_difference": {}, "missing": ["/home/riomus/group-learning/.venv/lib/python3.13/site-packages/nvidia/cudnn/lib/libcudnn_engines_precompiled.so.9", "/home/riomus/group-learning/.venv/lib/python3.13/site-packages/nvidia/cudnn/lib/libcudnn_engines_runtime_compiled.so.9", "/home/riomus/group-learning/.venv/lib/python3.13/site-packages/nvidia/cudnn/lib/libcudnn_graph.so.9", "/home/riomus/group-learning/.venv/lib/python3.13/site-packages/nvidia/cudnn/lib/libcudnn_heuristic.so.9"], "extra": [], "missing_native": ["/home/riomus/group-learning/.venv/lib/python3.13/site-packages/nvidia/cudnn/lib/libcudnn_engines_precompiled.so.9", "/home/riomus/group-learning/.venv/lib/python3.13/site-packages/nvidia/cudnn/lib/libcudnn_engines_runtime_compiled.so.9", "/home/riomus/group-learning/.venv/lib/python3.13/site-packages/nvidia/cudnn/lib/libcudnn_graph.so.9", "/home/riomus/group-learning/.venv/lib/python3.13/site-packages/nvidia/cudnn/lib/libcudnn_heuristic.so.9"]}
{"event": "COMPACT_PHASE", "phase": "independent_reload", "boundary": "begin", "seconds": 292.01525816501817}
{"event": "COMPACT_PHASE", "phase": "independent_reload", "boundary": "end", "delta_seconds": 1.4896854530088603, "seconds": 293.50494669002364}
{"event": "COMPACT_RUNTIME_HASH", "boundary": "begin", "elapsed_seconds": 0.0, "item_count": 1942}
{"event": "COMPACT_RUNTIME_HASH", "boundary": "end", "elapsed_seconds": 0.22076134500093758, "item_count": 1942}
LOADER_OBSERVATION {"event":"before_original_mapping_guard","function":"construct_encoder","source":"/home/riomus/runs/sfora-connected-probe-train-control-179061-v1/control-179061-bundle/train_siglip2_connected_probe.py","source_sha256":"e2496033a958cc83bf8d3204c87b4d3b8284528f03f44c1cb64517df04c8cc1e","line":754,"checkpoint":"/home/riomus/runs/sfora-connected-probe-train-control-179061-v1/control-179061-bundle/vision.pt","code_id":218073260252256,"globals_id":276630865059712,"errors":{"diagnostic_complete":true,"root":null,"nodes":[],"edges":[]},"diagnostic_complete":false,"binding_complete":true,"device":66306,"inode":21891394,"mappings":[],"locals_present":{"disk":false,"endpoint":false,"copied":false,"pages":false,"model":true,"head":false,"cache":true},"owners":{"diagnostic_complete":false,"candidates":[],"roots":["loader_local"],"limitations":["GC enumeration has no bounded streaming API; global snapshot not allocated","native/C++ ownership is not observable"],"owner":"unresolved","reason":"owner inspection or quota failure","edges_visited":513}}
LOADER_OBSERVATION {"event":"before_original_mapping_guard","function":"load_inference","source":"/home/riomus/runs/sfora-connected-probe-train-control-179061-v1/control-179061-bundle/train_siglip2_connected_probe.py","source_sha256":"e2496033a958cc83bf8d3204c87b4d3b8284528f03f44c1cb64517df04c8cc1e","line":1352,"checkpoint":"/home/riomus/runs/sfora-connected-probe-train-control-179061-v1/control-179061-bundle/endpoint.pt","code_id":218073283723968,"globals_id":276630865059712,"errors":{"diagnostic_complete":true,"root":null,"nodes":[],"edges":[]},"diagnostic_complete":false,"binding_complete":true,"device":66306,"inode":21891395,"mappings":[],"locals_present":{"disk":false,"endpoint":true,"copied":false,"pages":false,"model":false,"head":false,"cache":true},"owners":{"diagnostic_complete":false,"candidates":[],"roots":["loader_local"],"limitations":["GC enumeration has no bounded streaming API; global snapshot not allocated","native/C++ ownership is not observable","unsupported object type"],"owner":"unresolved","reason":"owner inspection or quota failure","edges_visited":513}}
{"event": "COMPACT_RUNTIME_HASH", "boundary": "begin", "elapsed_seconds": 0.0, "item_count": 1942}
{"event": "COMPACT_RUNTIME_HASH", "boundary": "end", "elapsed_seconds": 0.21343844101647846, "item_count": 1942}
{"event": "COMPACT_RUNTIME_HASH", "boundary": "begin", "elapsed_seconds": 0.0, "item_count": 1942}
{"event": "COMPACT_RUNTIME_HASH", "boundary": "end", "elapsed_seconds": 0.37883460300508887, "item_count": 1942}
{"event": "COMPACT_RUNTIME_HASH", "boundary": "begin", "elapsed_seconds": 0.0, "item_count": 1942}
{"event": "COMPACT_RUNTIME_HASH", "boundary": "end", "elapsed_seconds": 0.267751973005943, "item_count": 1942}
{"event": "COMPACT_RUNTIME_HASH", "boundary": "begin", "elapsed_seconds": 0.0, "item_count": 1942}
{"event": "COMPACT_RUNTIME_HASH", "boundary": "end", "elapsed_seconds": 0.322570207004901, "item_count": 1942}
{"event": "PROTOTYPE_PHASE", "phase": "old_exit_begin", "seconds": 412.7936931690201}
{"event": "QUADRATIC_PHASE", "phase": "exit_rehash", "delta_seconds": 16.061758454015944, "cumulative_seconds": 16.061758454015944}
{"event": "PROTOTYPE_PHASE", "phase": "old_exit_end", "seconds": 428.85633290201076}
{"event": "PROTOTYPE_PHASE", "phase": "own_union_begin", "seconds": 428.8563478300057}
{"event": "PROTOTYPE_PHASE", "phase": "own_union_end", "seconds": 441.55772126701777}
{"event": "PROTOTYPE_PHASE", "phase": "closure_begin", "seconds": 441.5577634270012}
{"event": "PROTOTYPE_PHASE", "phase": "closure_end", "seconds": 441.5591906090267}
Traceback (most recent call last):
  File "/home/riomus/runs/sfora-connected-probe-installed-control-serving-source-v5/qualify_connected_probe_serving.py", line 2022, in <module>
    main()
    ~~~~^^
  File "/home/riomus/runs/sfora-connected-probe-installed-control-serving-source-v5/qualify_connected_probe_serving.py", line 1216, in main
    return run(parser.parse_args(argv))
  File "/home/riomus/runs/sfora-connected-probe-installed-control-serving-source-v5/qualify_connected_probe_serving.py", line 1207, in run
    if failures: requests.raise_failures(failures)
                 ~~~~~~~~~~~~~~~~~~~~~~~^^^^^^^^^^
  File "/home/riomus/runs/sfora-connected-probe-installed-control-serving-source-v5/qualify_connected_serving_requests.py", line 226, in raise_failures
    raise primary
  File "/home/riomus/runs/sfora-connected-probe-installed-control-serving-source-v5/qualify_connected_probe_serving.py", line 1157, in run
    diagnostic = parity_body(batches=batches,ordinals=ordinals,persisted_tail=lambda w: w == tail_wire,
        reference=reference,native=native_search,factory=factory,decode=decode,rgb=rgb_digest,capture=capture,
        mutants=mutate,
        lifecycle_check=life,denial=denial,guard=guard,started=time.perf_counter(),
        mutant_factory=lambda deadline: factory_mutants(factory,deadline))
  File "/home/riomus/runs/sfora-connected-probe-installed-control-serving-source-v5/qualify_connected_probe_serving.py", line 789, in parity_body
    denial.check()
    ~~~~~~~~~~~~^^
  File "/home/riomus/runs/sfora-connected-probe-installed-control-serving-source-v5/qualify_connected_probe_serving.py", line 761, in check
    require(name.split('.')[0] not in self.names and
    ~~~~~~~^^^^^^^^^^^^^^^^^^^^^^^^^^^^^^^^^^^^^^^^^
        not (isinstance(file,str) and file in self.paths),'historical source module is live: '+name)
        ^^^^^^^^^^^^^^^^^^^^^^^^^^^^^^^^^^^^^^^^^^^^^^^^^^^^^^^^^^^^^^^^^^^^^^^^^^^^^^^^^^^^^^^^^^^^
  File "/home/riomus/runs/sfora-connected-probe-installed-control-serving-source-v5/qualify_connected_probe_serving.py", line 125, in require
    raise ValueError(message)
ValueError: historical source module is live: qualify_siglip2_substrate_cpu
/home/riomus/.local/share/uv/python/cpython-3.13.9-linux-aarch64-gnu/bin/python3.13: OK
/home/riomus/runs/sfora-connected-control-serving-native-authority-v5/native-authority.json: OK
/home/riomus/runs/sfora-connected-probe-evaluation-source-v1/authority-export-control-179061-v1.json: OK
/home/riomus/runs/sfora-connected-probe-installed-control-serving-source-v5/authority.json: OK
/home/riomus/runs/sfora-connected-probe-installed-control-serving-source-v5/connected_control_native_authority.py: OK
/home/riomus/runs/sfora-connected-probe-installed-control-serving-source-v5/observe_connected_serving.py: OK
/home/riomus/runs/sfora-connected-probe-installed-control-serving-source-v5/qualify_connected_probe_serving.py: OK
/home/riomus/runs/sfora-connected-probe-installed-control-serving-source-v5/qualify_connected_serving_requests.py: OK
/home/riomus/runs/sfora-connected-probe-installed-control-serving-source-v5/test_connected_probe_serving.py: OK
/home/riomus/runs/sfora-connected-probe-installed-control-serving-source-v5/test_connected_serving_requests.py: OK
/home/riomus/runs/sfora-connected-probe-installed-control-serving-source-v5/test_observe_connected_serving.py: OK
/home/riomus/runs/sfora-connected-probe-installed-serving-wheel-v1/site-packages/sfora-0.3.0rc4.dist-info/INSTALLER: OK
/home/riomus/runs/sfora-connected-probe-installed-serving-wheel-v1/site-packages/sfora-0.3.0rc4.dist-info/METADATA: OK
/home/riomus/runs/sfora-connected-probe-installed-serving-wheel-v1/site-packages/sfora-0.3.0rc4.dist-info/RECORD: OK
/home/riomus/runs/sfora-connected-probe-installed-serving-wheel-v1/site-packages/sfora-0.3.0rc4.dist-info/REQUESTED: OK
/home/riomus/runs/sfora-connected-probe-installed-serving-wheel-v1/site-packages/sfora-0.3.0rc4.dist-info/WHEEL: OK
/home/riomus/runs/sfora-connected-probe-installed-serving-wheel-v1/site-packages/sfora-0.3.0rc4.dist-info/direct_url.json: OK
/home/riomus/runs/sfora-connected-probe-installed-serving-wheel-v1/site-packages/sfora-0.3.0rc4.dist-info/entry_points.txt: OK
/home/riomus/runs/sfora-connected-probe-installed-serving-wheel-v1/site-packages/sfora-0.3.0rc4.dist-info/uv_cache.json: OK
/home/riomus/runs/sfora-connected-probe-installed-serving-wheel-v1/site-packages/sfora/__init__.py: OK
/home/riomus/runs/sfora-connected-probe-installed-serving-wheel-v1/site-packages/sfora/_connected_inference_authority.py: OK
/home/riomus/runs/sfora-connected-probe-installed-serving-wheel-v1/site-packages/sfora/_connected_probe_inference_authority.py: OK
/home/riomus/runs/sfora-connected-probe-installed-serving-wheel-v1/site-packages/sfora/_native/factorized_residual_ann.c: OK
/home/riomus/runs/sfora-connected-probe-installed-serving-wheel-v1/site-packages/sfora/ablation.py: OK
/home/riomus/runs/sfora-connected-probe-installed-serving-wheel-v1/site-packages/sfora/additive_quantization.py: OK
/home/riomus/runs/sfora-connected-probe-installed-serving-wheel-v1/site-packages/sfora/amortized_local_scale.py: OK
/home/riomus/runs/sfora-connected-probe-installed-serving-wheel-v1/site-packages/sfora/api.py: OK
/home/riomus/runs/sfora-connected-probe-installed-serving-wheel-v1/site-packages/sfora/arcg.py: OK
/home/riomus/runs/sfora-connected-probe-installed-serving-wheel-v1/site-packages/sfora/asymmetric_cohort_residual.py: OK
/home/riomus/runs/sfora-connected-probe-installed-serving-wheel-v1/site-packages/sfora/atomic_publication.py: OK
/home/riomus/runs/sfora-connected-probe-installed-serving-wheel-v1/site-packages/sfora/benchmark.py: OK
/home/riomus/runs/sfora-connected-probe-installed-serving-wheel-v1/site-packages/sfora/bn_inception.py: OK
/home/riomus/runs/sfora-connected-probe-installed-serving-wheel-v1/site-packages/sfora/cadr.py: OK
/home/riomus/runs/sfora-connected-probe-installed-serving-wheel-v1/site-packages/sfora/calibrated_tail_moment.py: OK
/home/riomus/runs/sfora-connected-probe-installed-serving-wheel-v1/site-packages/sfora/calibrated_tail_moment_io.py: OK
/home/riomus/runs/sfora-connected-probe-installed-serving-wheel-v1/site-packages/sfora/catalog.py: OK
/home/riomus/runs/sfora-connected-probe-installed-serving-wheel-v1/site-packages/sfora/cea.py: OK
/home/riomus/runs/sfora-connected-probe-installed-serving-wheel-v1/site-packages/sfora/cem.py: OK
/home/riomus/runs/sfora-connected-probe-installed-serving-wheel-v1/site-packages/sfora/cli.py: OK
/home/riomus/runs/sfora-connected-probe-installed-serving-wheel-v1/site-packages/sfora/compact_metric.py: OK
/home/riomus/runs/sfora-connected-probe-installed-serving-wheel-v1/site-packages/sfora/compose.py: OK
/home/riomus/runs/sfora-connected-probe-installed-serving-wheel-v1/site-packages/sfora/connected_compact_serving.py: OK
/home/riomus/runs/sfora-connected-probe-installed-serving-wheel-v1/site-packages/sfora/connected_inference.py: OK
/home/riomus/runs/sfora-connected-probe-installed-serving-wheel-v1/site-packages/sfora/connected_probe_inference.py: OK
/home/riomus/runs/sfora-connected-probe-installed-serving-wheel-v1/site-packages/sfora/cuda_authority.py: OK
/home/riomus/runs/sfora-connected-probe-installed-serving-wheel-v1/site-packages/sfora/cutile_int8.py: OK
/home/riomus/runs/sfora-connected-probe-installed-serving-wheel-v1/site-packages/sfora/dada_reproduction.py: OK
/home/riomus/runs/sfora-connected-probe-installed-serving-wheel-v1/site-packages/sfora/data.py: OK
/home/riomus/runs/sfora-connected-probe-installed-serving-wheel-v1/site-packages/sfora/deployed_code_rank.py: OK
/home/riomus/runs/sfora-connected-probe-installed-serving-wheel-v1/site-packages/sfora/deterministic_similarity_runtime.py: OK
/home/riomus/runs/sfora-connected-probe-installed-serving-wheel-v1/site-packages/sfora/encoder_ablation.py: OK
/home/riomus/runs/sfora-connected-probe-installed-serving-wheel-v1/site-packages/sfora/encoder_training.py: OK
/home/riomus/runs/sfora-connected-probe-installed-serving-wheel-v1/site-packages/sfora/evaluation.py: OK
/home/riomus/runs/sfora-connected-probe-installed-serving-wheel-v1/site-packages/sfora/experiments.py: OK
/home/riomus/runs/sfora-connected-probe-installed-serving-wheel-v1/site-packages/sfora/factorized_residual_ann.py: OK
/home/riomus/runs/sfora-connected-probe-installed-serving-wheel-v1/site-packages/sfora/factorized_residual_index.py: OK
/home/riomus/runs/sfora-connected-probe-installed-serving-wheel-v1/site-packages/sfora/factorized_residual_native.py: OK
/home/riomus/runs/sfora-connected-probe-installed-serving-wheel-v1/site-packages/sfora/foldable_linear.py: OK
/home/riomus/runs/sfora-connected-probe-installed-serving-wheel-v1/site-packages/sfora/foundation_adapter.py: OK
/home/riomus/runs/sfora-connected-probe-installed-serving-wheel-v1/site-packages/sfora/foundation_finetune.py: OK
/home/riomus/runs/sfora-connected-probe-installed-serving-wheel-v1/site-packages/sfora/foundation_oml.py: OK
/home/riomus/runs/sfora-connected-probe-installed-serving-wheel-v1/site-packages/sfora/foundation_pareto.py: OK
/home/riomus/runs/sfora-connected-probe-installed-serving-wheel-v1/site-packages/sfora/frozen_text_supervision.py: OK
/home/riomus/runs/sfora-connected-probe-installed-serving-wheel-v1/site-packages/sfora/gallery_hubness.py: OK
/home/riomus/runs/sfora-connected-probe-installed-serving-wheel-v1/site-packages/sfora/gallery_risk.py: OK
/home/riomus/runs/sfora-connected-probe-installed-serving-wheel-v1/site-packages/sfora/idgp.py: OK
/home/riomus/runs/sfora-connected-probe-installed-serving-wheel-v1/site-packages/sfora/image_benchmark.py: OK
/home/riomus/runs/sfora-connected-probe-installed-serving-wheel-v1/site-packages/sfora/image_end_to_end.py: OK
/home/riomus/runs/sfora-connected-probe-installed-serving-wheel-v1/site-packages/sfora/image_recipes.py: OK
/home/riomus/runs/sfora-connected-probe-installed-serving-wheel-v1/site-packages/sfora/inference_head.py: OK
/home/riomus/runs/sfora-connected-probe-installed-serving-wheel-v1/site-packages/sfora/ipsr.py: OK
/home/riomus/runs/sfora-connected-probe-installed-serving-wheel-v1/site-packages/sfora/joint_pq_projection.py: OK
/home/riomus/runs/sfora-connected-probe-installed-serving-wheel-v1/site-packages/sfora/joint_relational_compaction.py: OK
/home/riomus/runs/sfora-connected-probe-installed-serving-wheel-v1/site-packages/sfora/live_head_bank.py: OK
/home/riomus/runs/sfora-connected-probe-installed-serving-wheel-v1/site-packages/sfora/lops_pg.py: OK
/home/riomus/runs/sfora-connected-probe-installed-serving-wheel-v1/site-packages/sfora/lorentz_rider.py: OK
/home/riomus/runs/sfora-connected-probe-installed-serving-wheel-v1/site-packages/sfora/lorentz_rider_io.py: OK
/home/riomus/runs/sfora-connected-probe-installed-serving-wheel-v1/site-packages/sfora/losses.py: OK
/home/riomus/runs/sfora-connected-probe-installed-serving-wheel-v1/site-packages/sfora/mcps_study.py: OK
/home/riomus/runs/sfora-connected-probe-installed-serving-wheel-v1/site-packages/sfora/method.py: OK
/home/riomus/runs/sfora-connected-probe-installed-serving-wheel-v1/site-packages/sfora/model_artifacts/oml_vits16_sop_power_whitening_128.sfora: OK
/home/riomus/runs/sfora-connected-probe-installed-serving-wheel-v1/site-packages/sfora/model_profiles.py: OK
/home/riomus/runs/sfora-connected-probe-installed-serving-wheel-v1/site-packages/sfora/model_soup.py: OK
/home/riomus/runs/sfora-connected-probe-installed-serving-wheel-v1/site-packages/sfora/nested_neighborhood_rank.py: OK
/home/riomus/runs/sfora-connected-probe-installed-serving-wheel-v1/site-packages/sfora/nested_rank_evaluation.py: OK
/home/riomus/runs/sfora-connected-probe-installed-serving-wheel-v1/site-packages/sfora/nested_rank_protocol.py: OK
/home/riomus/runs/sfora-connected-probe-installed-serving-wheel-v1/site-packages/sfora/oapf.py: OK
/home/riomus/runs/sfora-connected-probe-installed-serving-wheel-v1/site-packages/sfora/packed_int4.py: OK
/home/riomus/runs/sfora-connected-probe-installed-serving-wheel-v1/site-packages/sfora/packed_int8.py: OK
/home/riomus/runs/sfora-connected-probe-installed-serving-wheel-v1/site-packages/sfora/packed_int8_search.py: OK
/home/riomus/runs/sfora-connected-probe-installed-serving-wheel-v1/site-packages/sfora/pq_candidate_reranking.py: OK
/home/riomus/runs/sfora-connected-probe-installed-serving-wheel-v1/site-packages/sfora/pq_candidate_scoring.py: OK
/home/riomus/runs/sfora-connected-probe-installed-serving-wheel-v1/site-packages/sfora/pq_lookup_distillation.py: OK
/home/riomus/runs/sfora-connected-probe-installed-serving-wheel-v1/site-packages/sfora/product_pair_schedule.py: OK
/home/riomus/runs/sfora-connected-probe-installed-serving-wheel-v1/site-packages/sfora/product_quantization.py: OK
/home/riomus/runs/sfora-connected-probe-installed-serving-wheel-v1/site-packages/sfora/progressive_residual_quantization.py: OK
/home/riomus/runs/sfora-connected-probe-installed-serving-wheel-v1/site-packages/sfora/progressive_residual_scoring.py: OK
/home/riomus/runs/sfora-connected-probe-installed-serving-wheel-v1/site-packages/sfora/publication.py: OK
/home/riomus/runs/sfora-connected-probe-installed-serving-wheel-v1/site-packages/sfora/py.typed: OK
/home/riomus/runs/sfora-connected-probe-installed-serving-wheel-v1/site-packages/sfora/rate_matched_product_quantization.py: OK
/home/riomus/runs/sfora-connected-probe-installed-serving-wheel-v1/site-packages/sfora/reciprocal_reranking.py: OK
/home/riomus/runs/sfora-connected-probe-installed-serving-wheel-v1/site-packages/sfora/remote.py: OK
/home/riomus/runs/sfora-connected-probe-installed-serving-wheel-v1/site-packages/sfora/report.py: OK
/home/riomus/runs/sfora-connected-probe-installed-serving-wheel-v1/site-packages/sfora/representation_ceiling.py: OK
/home/riomus/runs/sfora-connected-probe-installed-serving-wheel-v1/site-packages/sfora/residual_quantization.py: OK
/home/riomus/runs/sfora-connected-probe-installed-serving-wheel-v1/site-packages/sfora/siglip2_compact_serving.py: OK
/home/riomus/runs/sfora-connected-probe-installed-serving-wheel-v1/site-packages/sfora/sop_compact_training.py: OK
/home/riomus/runs/sfora-connected-probe-installed-serving-wheel-v1/site-packages/sfora/sop_evaluation.py: OK
/home/riomus/runs/sfora-connected-probe-installed-serving-wheel-v1/site-packages/sfora/sop_reference_recipe.py: OK
/home/riomus/runs/sfora-connected-probe-installed-serving-wheel-v1/site-packages/sfora/sop_reference_selection.py: OK
/home/riomus/runs/sfora-connected-probe-installed-serving-wheel-v1/site-packages/sfora/teacher_anchored_distillation.py: OK
/home/riomus/runs/sfora-connected-probe-installed-serving-wheel-v1/site-packages/sfora/teacher_anchored_schedule_io.py: OK
/home/riomus/runs/sfora-connected-probe-installed-serving-wheel-v1/site-packages/sfora/text_baselines.py: OK
/home/riomus/runs/sfora-connected-probe-installed-serving-wheel-v1/site-packages/sfora/token_slot_readout.py: OK
/home/riomus/runs/sfora-connected-probe-installed-serving-wheel-v1/site-packages/sfora/training.py: OK
/home/riomus/runs/sfora-connected-probe-installed-serving-wheel-v1/site-packages/sfora/unicom_audit_io.py: OK
/home/riomus/runs/sfora-connected-probe-installed-serving-wheel-v1/site-packages/sfora/unicom_cap.py: OK
/home/riomus/runs/sfora-connected-probe-installed-serving-wheel-v1/site-packages/sfora/unicom_fepf.py: OK
/home/riomus/runs/sfora-connected-probe-installed-serving-wheel-v1/site-packages/sfora/unicom_finish_evidence.py: OK
/home/riomus/runs/sfora-connected-probe-installed-serving-wheel-v1/site-packages/sfora/unicom_finish_protocol.py: OK
/home/riomus/runs/sfora-connected-probe-installed-serving-wheel-v1/site-packages/sfora/unicom_inshop.py: OK
/home/riomus/runs/sfora-connected-probe-installed-serving-wheel-v1/site-packages/sfora/unicom_probe.py: OK
/home/riomus/runs/sfora-connected-probe-installed-serving-wheel-v1/site-packages/sfora/unicom_proxy_muon.py: OK
/home/riomus/runs/sfora-connected-probe-installed-serving-wheel-v1/site-packages/sfora/unicom_rank_finish.py: OK
/home/riomus/runs/sfora-connected-probe-installed-serving-wheel-v1/site-packages/sfora/unicom_resolution_adapter.py: OK
/home/riomus/runs/sfora-connected-probe-installed-serving-wheel-v1/site-packages/sfora/unicom_retrieval_audit.py: OK
/home/riomus/runs/sfora-connected-probe-installed-serving-wheel-v1/site-packages/sfora/unicom_runtime_authority.py: OK
/home/riomus/runs/sfora-connected-probe-installed-serving-wheel-v1/site-packages/sfora/unicom_shard_audit.py: OK
/home/riomus/runs/sfora-connected-probe-installed-serving-wheel-v1/site-packages/sfora/unicom_tail_adapter.py: OK
/home/riomus/runs/sfora-connected-probe-installed-serving-wheel-v1/site-packages/sfora/unicom_training.py: OK
/home/riomus/runs/sfora-connected-probe-installed-serving-wheel-v1/site-packages/sfora/vector_store.py: OK
/home/riomus/runs/sfora-native256-initialized-cpu-final-footer-v1.py: OK
/home/riomus/runs/sfora-native256-stop-cgroup-footer-v1.py: OK
/home/riomus/toolchains/cuda-13.4-wheel-env/lib/python3.12/site-packages/nvidia/cu13/bin/tileiras: OK
FINAL_CGROUP {"command_exit_status": 1, "invocation_id": "b044dd93611947d2884db26bb5fc12a8", "path": "/sys/fs/cgroup/user.slice/user-1000.slice/user@1000.service/app.slice/sfora-connected-probe-installed-control-serving-diagnostic-v5.service", "values": {"memory.current": "2482802688", "memory.events": "low 0\nhigh 0\nmax 0\noom 0\noom_kill 0\noom_group_kill 0", "memory.max": "8589934592", "memory.peak": "6232305664", "memory.stat": "anon 5955584\nfile 2468184064\nkernel 7020544\nkernel_stack 32768\npagetables 339968\nsec_pagetables 0\npercpu 1408\nsock 0\nvmalloc 0\nshmem 0\nzswap 0\nzswapped 0\nfile_mapped 0\nfile_dirty 20480\nfile_writeback 0\nswapcached 0\nanon_thp 0\nfile_thp 0\nshmem_thp 0\ninactive_anon 0\nactive_anon 5783552\ninactive_file 1887449088\nactive_file 580734976\nunevictable 0\nslab_reclaimable 6570728\nslab_unreclaimable 80512\nslab 6651240\nworkingset_refault_anon 0\nworkingset_refault_file 0\nworkingset_activate_anon 0\nworkingset_activate_file 0\nworkingset_restore_anon 0\nworkingset_restore_file 0\nworkingset_nodereclaim 0\npgdemote_kswapd 0\npgdemote_direct 0\npgdemote_khugepaged 0\npgdemote_proactive 0\npgpromote_success 0\npgscan 0\npgsteal 0\npswpin 0\npswpout 0\npgscan_kswapd 0\npgscan_direct 0\npgscan_khugepaged 0\npgscan_proactive 0\npgsteal_kswapd 0\npgsteal_direct 0\npgsteal_khugepaged 0\npgsteal_proactive 0\npgfault 2125161\npgmajfault 12352\npgrefill 0\npgactivate 0\npgdeactivate 0\npglazyfree 92397\npglazyfreed 0\nswpin_zero 0\nswpout_zero 0\nzswpin 0\nzswpout 0\nzswpwb 0\nthp_fault_alloc 1016\nthp_collapse_alloc 57\nthp_swpout 0\nthp_swpout_fallback 0\nnuma_pages_migrated 0\nnuma_pte_updates 0\nnuma_hint_faults 0", "memory.swap.current": "0", "memory.swap.max": "0", "memory.swap.peak": "0"}}
Command exited with non-zero status 1
	Command being timed: "/bin/bash /home/riomus/runs/sfora-connected-probe-installed-control-serving-source-v5/command.sh"
	User time (seconds): 323.32
	System time (seconds): 70.45
	Percent of CPU this job got: 81%
	Elapsed (wall clock) time (h:mm:ss or m:ss): 8:01.24
	Average shared text size (kbytes): 0
	Average unshared data size (kbytes): 0
	Average stack size (kbytes): 0
	Average total size (kbytes): 0
	Maximum resident set size (kbytes): 4278768
	Average resident set size (kbytes): 0
	Major (requiring I/O) page faults: 12352
	Minor (reclaiming a frame) page faults: 1011933
	Voluntary context switches: 6247406
	Involuntary context switches: 3288
	Swaps: 0
	File system inputs: 746172936
	File system outputs: 2280
	Socket messages sent: 0
	Socket messages received: 0
	Signals delivered: 0
	Page size (bytes): 4096
	Exit status: 1
STOP_CGROUP {"exit_code": "exited", "exit_status": "1", "invocation_id": "b044dd93611947d2884db26bb5fc12a8", "path": "/sys/fs/cgroup/user.slice/user-1000.slice/user@1000.service/app.slice/sfora-connected-probe-installed-control-serving-diagnostic-v5.service", "service_result": "exit-code", "values": {"memory.current": "2482241536", "memory.events": "low 0\nhigh 0\nmax 0\noom 0\noom_kill 0\noom_group_kill 0", "memory.max": "8589934592", "memory.peak": "6232305664", "memory.stat": "anon 5443584\nfile 2468188160\nkernel 6688768\nkernel_stack 0\npagetables 98304\nsec_pagetables 0\npercpu 1408\nsock 0\nvmalloc 0\nshmem 0\nzswap 0\nzswapped 0\nfile_mapped 0\nfile_dirty 24576\nfile_writeback 0\nswapcached 0\nanon_thp 0\nfile_thp 0\nshmem_thp 0\ninactive_anon 0\nactive_anon 5328896\ninactive_file 1887453184\nactive_file 580734976\nunevictable 0\nslab_reclaimable 6571432\nslab_unreclaimable 37896\nslab 6609328\nworkingset_refault_anon 0\nworkingset_refault_file 0\nworkingset_activate_anon 0\nworkingset_activate_file 0\nworkingset_restore_anon 0\nworkingset_restore_file 0\nworkingset_nodereclaim 0\npgdemote_kswapd 0\npgdemote_direct 0\npgdemote_khugepaged 0\npgdemote_proactive 0\npgpromote_success 0\npgscan 0\npgsteal 0\npswpin 0\npswpout 0\npgscan_kswapd 0\npgscan_direct 0\npgscan_khugepaged 0\npgscan_proactive 0\npgsteal_kswapd 0\npgsteal_direct 0\npgsteal_khugepaged 0\npgsteal_proactive 0\npgfault 2126661\npgmajfault 12352\npgrefill 0\npgactivate 0\npgdeactivate 0\npglazyfree 92397\npglazyfreed 0\nswpin_zero 0\nswpout_zero 0\nzswpin 0\nzswpout 0\nzswpwb 0\nthp_fault_alloc 1016\nthp_collapse_alloc 57\nthp_swpout 0\nthp_swpout_fallback 0\nnuma_pages_migrated 0\nnuma_pte_updates 0\nnuma_hint_faults 0", "memory.swap.current": "0", "memory.swap.max": "0", "memory.swap.peak": "0"}}
Finished with result: exit-code
Main processes terminated with: code=exited/status=1
Service runtime: 8min 1.282s
CPU time consumed: 6min 33.812s
Memory peak: 5.8G
Memory swap peak: 0B
